------------------------------------
Mon 11 May 2026 15:24:11 IDT
SLURM_JOBID:		17480365
SLURM_JOB_NODELIST:	ise-4090-03
SLURM_SCRATCH_DIR:	/scratch/malmatal/17480365
Allocated Resouces:	cpu - 4 / mem - 32768 MB / gpu - 1
SLURM_GPU_INDEX:	1
Running as malmatal from gilein account with normal QOS
------------------------------------
SLURM_JOB_ID=17480365
SLURM_ARRAY_TASK_ID=10
HOSTNAME=ise-4090-03.auth.ad.bgu.ac.il
DATE=2026-05-11T15:24:11+03:00
EXP_ROOT=NeighborCache/results/paper_normal_20260511_145721
COMMANDS_FILE=NeighborCache/results/paper_normal_20260511_145721/commands.txt
Running command:
/home/malmatal/.conda/envs/ec/bin/python -m NeighborCache.region_local_threshold.cli --data NeighborCache/data/h1h0_final.npz --region_key global_cluster --alpha 0.05 --tau_mode global --n_trials 20 --seed 42 --n_train 300 --n_calib 1200 --n_eval 1200 --hadamard_preprocess

[INFO] Using features key='emb' dim=1024
[INFO] Applied Hadamard preprocessing (strategy=centroid_nearest, use_delta_vec=False, use_abs_diff=False) to X_main

=== Region Threshold Benchmark ===
dataset_npz=NeighborCache/data/h1h0_final.npz
region_key=global_cluster (resolved=global_cluster, unique=1103)
features=emb+hadamard rows=200000 dim=1024
text_pairs=text+region_anchor[centroid_nearest]
alpha=0.05 tie_mode=ge trials=20 base_seed=42
tau_mode=global
hadamard_preprocess=True
abs_diff_only_preprocess=False
use_delta_vec=False
use_abs_diff=False
normalize_data=False
filter_policy=none
train_cosine_policy_active=False
caps: train=300 calib=1200 eval=1200
mins: min_h0_eval=20 min_h1_eval=20
run_dir=/home/malmatal/Projects/Multi_Dim_Threshold/NeighborCache/outputs/region_local_threshold/run_20260511_152421

[trial=0 seed=42] GLOBAL mode — total_samples=200000
  total: h0=82063 h1=15019
  pooled_train:  n0=300 n1=300
  pooled_calib:  n0=1200 n1=1200
  pooled_eval:   n0=1200 n1=1200
  regions (for macro stats only): 1103
[INFO] Cosine baseline routed to direct Hadamard sum (PrecomputedCosine)
[INFO] WeightedEnsemble Cosine judge routed to direct Hadamard sum
  [WeightedEnsemble] Judges routed to 'alt' input: PrecomputedCosine
[WeightedEnsemble] Fitted split-calibrated ensemble (alpha=0.0500, external calib split into META/RISK_CALIB, normalization=h0_cdf):
  tau=0.933771, META: TPR=0.5767, FPR=0.0500, RISK_CALIB: TPR=0.5150, FPR=0.0500
  PrecomputedCosine       : +0.050344
  PCAWhitenedCosine       : +0.023389
  XGBoost                 : +0.734351
  LDA                     : +0.191916

Method                   | TPR    | FPR    | TrTPR  | TrFPR  | MacroTPR | MacroFPR | Regions | TauMean | ms   | OK? 
--------------------------------------------------------------------------------------------------------------------
Cosine                   | 0.4233 | 0.0325 | 0.4333 | 0.0500 | 0.3684   | 0.0479   | 841     | 0.9690  | 28.8 | PASS
AndBox-HC                | 0.3692 | 0.0292 | 0.4133 | 0.0500 | 0.3138   | 0.0426   | 841     | 0.0000  | 39.1 | PASS
HadamardCosine           | 0.4233 | 0.0325 | 0.4333 | 0.0500 | 0.3684   | 0.0479   | 841     | 0.9690  | 40.8 | PASS
PCAWhitenedCosine        | 0.4975 | 0.0417 | 0.4958 | 0.0500 | 0.4111   | 0.0653   | 841     | 0.9918  | 32.1 | PASS
Vec (Wgt)                | 0.4800 | 0.0358 | 0.4983 | 0.0500 | 0.4156   | 0.0519   | 841     | 0.9442  | 32.2 | PASS
Log Reg                  | 0.2942 | 0.0342 | 0.3100 | 0.0500 | 0.2561   | 0.0495   | 841     | 0.5022  | 46.3 | PASS
LDA                      | 0.4308 | 0.0383 | 0.4375 | 0.0500 | 0.3568   | 0.0547   | 841     | 7.9272  | 34.8 | PASS
Tiny MLP                 | 0.5300 | 0.0400 | 0.5208 | 0.0500 | 0.4450   | 0.0553   | 841     | 0.7885  | 37.0 | PASS
MultiProtoCosine         | 0.0825 | 0.0467 | 0.0883 | 0.0500 | 0.0728   | 0.0540   | 841     | 0.9221  | 41.5 | PASS
WeightedEnsemble         | 0.5333 | 0.0492 | 0.5350 | 0.0500 | 0.4556   | 0.0695   | 841     | 0.9274  | 61.5 | PASS
XGBoost                  | 0.4725 | 0.0383 | 0.4867 | 0.0500 | 0.3969   | 0.0550   | 841     | 0.7353  | 53.8 | PASS
StabilizedWhitenedCosine | 0.4933 | 0.0392 | 0.4908 | 0.0500 | 0.4067   | 0.0608   | 841     | 0.9778  | 43.5 | PASS

[trial=1 seed=43] GLOBAL mode — total_samples=200000
  total: h0=82063 h1=15019
  pooled_train:  n0=300 n1=300
  pooled_calib:  n0=1200 n1=1200
  pooled_eval:   n0=1200 n1=1200
  regions (for macro stats only): 1103
[INFO] Cosine baseline routed to direct Hadamard sum (PrecomputedCosine)
[INFO] WeightedEnsemble Cosine judge routed to direct Hadamard sum
  [WeightedEnsemble] Judges routed to 'alt' input: PrecomputedCosine
[WeightedEnsemble] Fitted split-calibrated ensemble (alpha=0.0500, external calib split into META/RISK_CALIB, normalization=h0_cdf):
  tau=0.913544, META: TPR=0.5383, FPR=0.0500, RISK_CALIB: TPR=0.5167, FPR=0.0500
  PrecomputedCosine       : +0.078522
  PCAWhitenedCosine       : +0.192909
  XGBoost                 : +0.325358
  LDA                     : +0.403210

Method                   | TPR    | FPR    | TrTPR  | TrFPR  | MacroTPR | MacroFPR | Regions | TauMean | ms   | OK? 
--------------------------------------------------------------------------------------------------------------------
Cosine                   | 0.4742 | 0.0525 | 0.4475 | 0.0500 | 0.4238   | 0.0765   | 836     | 0.9601  | 56.7 | FAIL
AndBox-HC                | 0.4542 | 0.0500 | 0.4217 | 0.0500 | 0.4142   | 0.0707   | 836     | 0.0000  | 42.0 | PASS
HadamardCosine           | 0.4742 | 0.0525 | 0.4475 | 0.0500 | 0.4238   | 0.0765   | 836     | 0.9601  | 41.3 | FAIL
PCAWhitenedCosine        | 0.5242 | 0.0600 | 0.5258 | 0.0500 | 0.4271   | 0.0799   | 836     | 1.0360  | 32.1 | FAIL
Vec (Wgt)                | 0.5258 | 0.0567 | 0.5108 | 0.0500 | 0.4739   | 0.0841   | 836     | 0.9288  | 32.0 | FAIL
Log Reg                  | 0.2783 | 0.0608 | 0.2808 | 0.0500 | 0.2457   | 0.0742   | 836     | 0.5027  | 46.4 | FAIL
LDA                      | 0.4925 | 0.0542 | 0.4867 | 0.0500 | 0.4091   | 0.0660   | 836     | 8.3947  | 34.6 | FAIL
Tiny MLP                 | 0.5750 | 0.0617 | 0.5425 | 0.0500 | 0.4723   | 0.0812   | 836     | 0.7993  | 36.4 | FAIL
MultiProtoCosine         | 0.0792 | 0.0525 | 0.0725 | 0.0500 | 0.0631   | 0.0522   | 836     | 0.9222  | 41.6 | FAIL
WeightedEnsemble         | 0.5508 | 0.0608 | 0.5258 | 0.0500 | 0.4596   | 0.0850   | 836     | 0.9116  | 61.6 | FAIL
XGBoost                  | 0.4708 | 0.0558 | 0.4592 | 0.0500 | 0.4122   | 0.0761   | 836     | 0.7389  | 54.0 | FAIL
StabilizedWhitenedCosine | 0.5733 | 0.0658 | 0.5592 | 0.0500 | 0.4769   | 0.0864   | 836     | 0.9231  | 44.0 | FAIL

[trial=2 seed=44] GLOBAL mode — total_samples=200000
  total: h0=82063 h1=15019
  pooled_train:  n0=300 n1=300
  pooled_calib:  n0=1200 n1=1200
  pooled_eval:   n0=1200 n1=1200
  regions (for macro stats only): 1103
[INFO] Cosine baseline routed to direct Hadamard sum (PrecomputedCosine)
[INFO] WeightedEnsemble Cosine judge routed to direct Hadamard sum
  [WeightedEnsemble] Judges routed to 'alt' input: PrecomputedCosine
[WeightedEnsemble] Fitted split-calibrated ensemble (alpha=0.0500, external calib split into META/RISK_CALIB, normalization=h0_cdf):
  tau=0.945715, META: TPR=0.5033, FPR=0.0500, RISK_CALIB: TPR=0.4367, FPR=0.0500
  PrecomputedCosine       : +0.228005
  PCAWhitenedCosine       : +0.503391
  XGBoost                 : +0.041466
  LDA                     : +0.227138

Method                   | TPR    | FPR    | TrTPR  | TrFPR  | MacroTPR | MacroFPR | Regions | TauMean | ms   | OK? 
--------------------------------------------------------------------------------------------------------------------
Cosine                   | 0.4675 | 0.0525 | 0.4583 | 0.0500 | 0.4350   | 0.0803   | 845     | 0.9608  | 28.7 | FAIL
AndBox-HC                | 0.4617 | 0.0508 | 0.4392 | 0.0500 | 0.4274   | 0.0753   | 845     | 0.0000  | 39.3 | FAIL
HadamardCosine           | 0.4675 | 0.0525 | 0.4583 | 0.0500 | 0.4350   | 0.0803   | 845     | 0.9608  | 42.0 | FAIL
PCAWhitenedCosine        | 0.4325 | 0.0450 | 0.4217 | 0.0500 | 0.3485   | 0.0727   | 845     | 1.0994  | 32.4 | PASS
Vec (Wgt)                | 0.4825 | 0.0442 | 0.4833 | 0.0500 | 0.4324   | 0.0703   | 845     | 0.9537  | 32.3 | PASS
Log Reg                  | 0.2217 | 0.0517 | 0.2158 | 0.0500 | 0.2082   | 0.0727   | 845     | 0.5036  | 45.8 | FAIL
LDA                      | 0.4267 | 0.0375 | 0.4017 | 0.0500 | 0.3401   | 0.0604   | 845     | 7.6047  | 34.8 | PASS
Tiny MLP                 | 0.4617 | 0.0425 | 0.4400 | 0.0500 | 0.3746   | 0.0715   | 845     | 0.8339  | 36.6 | PASS
MultiProtoCosine         | 0.1142 | 0.0492 | 0.1075 | 0.0500 | 0.0790   | 0.0560   | 845     | 0.9213  | 41.5 | PASS
WeightedEnsemble         | 0.4617 | 0.0400 | 0.4483 | 0.0500 | 0.3859   | 0.0613   | 845     | 0.9405  | 61.7 | PASS
XGBoost                  | 0.4608 | 0.0492 | 0.4483 | 0.0500 | 0.4081   | 0.0716   | 845     | 0.7203  | 54.1 | PASS
StabilizedWhitenedCosine | 0.4775 | 0.0483 | 0.4567 | 0.0500 | 0.3813   | 0.0755   | 845     | 0.9354  | 42.7 | PASS

[trial=3 seed=45] GLOBAL mode — total_samples=200000
  total: h0=82063 h1=15019
  pooled_train:  n0=300 n1=300
  pooled_calib:  n0=1200 n1=1200
  pooled_eval:   n0=1200 n1=1200
  regions (for macro stats only): 1103
[INFO] Cosine baseline routed to direct Hadamard sum (PrecomputedCosine)
[INFO] WeightedEnsemble Cosine judge routed to direct Hadamard sum
  [WeightedEnsemble] Judges routed to 'alt' input: PrecomputedCosine
[WeightedEnsemble] Fitted split-calibrated ensemble (alpha=0.0500, external calib split into META/RISK_CALIB, normalization=h0_cdf):
  tau=0.941224, META: TPR=0.5517, FPR=0.0500, RISK_CALIB: TPR=0.5017, FPR=0.0500
  PrecomputedCosine       : +0.028690
  PCAWhitenedCosine       : +0.494993
  XGBoost                 : +0.382507
  LDA                     : +0.093811

Method                   | TPR    | FPR    | TrTPR  | TrFPR  | MacroTPR | MacroFPR | Regions | TauMean | ms   | OK? 
--------------------------------------------------------------------------------------------------------------------
Cosine                   | 0.4142 | 0.0358 | 0.4167 | 0.0500 | 0.3653   | 0.0526   | 837     | 0.9793  | 28.6 | PASS
AndBox-HC                | 0.3692 | 0.0325 | 0.3533 | 0.0500 | 0.3289   | 0.0450   | 837     | 0.0001  | 39.0 | PASS
HadamardCosine           | 0.4142 | 0.0358 | 0.4167 | 0.0500 | 0.3653   | 0.0526   | 837     | 0.9793  | 43.1 | PASS
PCAWhitenedCosine        | 0.4908 | 0.0467 | 0.4950 | 0.0500 | 0.4126   | 0.0584   | 837     | 1.1487  | 31.8 | PASS
Vec (Wgt)                | 0.4692 | 0.0417 | 0.4817 | 0.0500 | 0.4091   | 0.0613   | 837     | 0.9562  | 31.9 | PASS
Log Reg                  | 0.2175 | 0.0375 | 0.2383 | 0.0500 | 0.1972   | 0.0510   | 837     | 0.5033  | 46.5 | PASS
LDA                      | 0.4667 | 0.0575 | 0.4567 | 0.0492 | 0.3933   | 0.0714   | 837     | 8.1010  | 34.4 | FAIL
Tiny MLP                 | 0.5142 | 0.0417 | 0.5167 | 0.0500 | 0.4402   | 0.0563   | 837     | 0.8375  | 36.8 | PASS
MultiProtoCosine         | 0.0800 | 0.0425 | 0.0883 | 0.0500 | 0.0642   | 0.0485   | 837     | 0.9226  | 41.9 | PASS
WeightedEnsemble         | 0.5108 | 0.0367 | 0.5300 | 0.0500 | 0.4354   | 0.0542   | 837     | 0.9327  | 61.0 | PASS
XGBoost                  | 0.4500 | 0.0383 | 0.4625 | 0.0500 | 0.3908   | 0.0510   | 837     | 0.7579  | 54.2 | PASS
StabilizedWhitenedCosine | 0.5225 | 0.0533 | 0.5167 | 0.0500 | 0.4426   | 0.0663   | 837     | 1.0151  | 42.2 | FAIL

[trial=4 seed=46] GLOBAL mode — total_samples=200000
  total: h0=82063 h1=15019
  pooled_train:  n0=300 n1=300
  pooled_calib:  n0=1200 n1=1200
  pooled_eval:   n0=1200 n1=1200
  regions (for macro stats only): 1103
[INFO] Cosine baseline routed to direct Hadamard sum (PrecomputedCosine)
[INFO] WeightedEnsemble Cosine judge routed to direct Hadamard sum
  [WeightedEnsemble] Judges routed to 'alt' input: PrecomputedCosine
[WeightedEnsemble] Fitted split-calibrated ensemble (alpha=0.0500, external calib split into META/RISK_CALIB, normalization=h0_cdf):
  tau=0.919300, META: TPR=0.5950, FPR=0.0500, RISK_CALIB: TPR=0.5183, FPR=0.0500
  PrecomputedCosine       : +0.564169
  PCAWhitenedCosine       : +0.034590
  XGBoost                 : +0.070985
  LDA                     : +0.330257

Method                   | TPR    | FPR    | TrTPR  | TrFPR  | MacroTPR | MacroFPR | Regions | TauMean | ms   | OK? 
--------------------------------------------------------------------------------------------------------------------
Cosine                   | 0.5108 | 0.0625 | 0.5042 | 0.0500 | 0.4764   | 0.0985   | 851     | 0.9386  | 28.9 | FAIL
AndBox-HC                | 0.4642 | 0.0600 | 0.4442 | 0.0500 | 0.4396   | 0.0890   | 851     | -0.0000 | 53.4 | FAIL
HadamardCosine           | 0.5108 | 0.0625 | 0.5042 | 0.0500 | 0.4764   | 0.0985   | 851     | 0.9386  | 41.3 | FAIL
PCAWhitenedCosine        | 0.4467 | 0.0633 | 0.4617 | 0.0500 | 0.3839   | 0.0893   | 851     | 0.9940  | 32.2 | FAIL
Vec (Wgt)                | 0.5433 | 0.0567 | 0.5467 | 0.0500 | 0.5087   | 0.0920   | 851     | 0.9118  | 31.9 | FAIL
Log Reg                  | 0.2058 | 0.0458 | 0.2158 | 0.0500 | 0.2030   | 0.0630   | 851     | 0.5030  | 46.2 | PASS
LDA                      | 0.4742 | 0.0692 | 0.4917 | 0.0500 | 0.4042   | 0.0836   | 851     | 5.6608  | 34.9 | FAIL
Tiny MLP                 | 0.4875 | 0.0700 | 0.4992 | 0.0500 | 0.4310   | 0.0952   | 851     | 0.8329  | 37.0 | FAIL
MultiProtoCosine         | 0.0858 | 0.0242 | 0.0742 | 0.0500 | 0.0603   | 0.0311   | 851     | 0.9262  | 42.1 | PASS
WeightedEnsemble         | 0.5200 | 0.0475 | 0.5433 | 0.0500 | 0.4791   | 0.0711   | 851     | 0.9139  | 61.8 | PASS
XGBoost                  | 0.5017 | 0.0617 | 0.4967 | 0.0500 | 0.4503   | 0.0890   | 851     | 0.6890  | 54.3 | FAIL
StabilizedWhitenedCosine | 0.4875 | 0.0692 | 0.4908 | 0.0500 | 0.4317   | 0.1001   | 851     | 0.8369  | 43.0 | FAIL

[trial=5 seed=47] GLOBAL mode — total_samples=200000
  total: h0=82063 h1=15019
  pooled_train:  n0=300 n1=300
  pooled_calib:  n0=1200 n1=1200
  pooled_eval:   n0=1200 n1=1200
  regions (for macro stats only): 1103
[INFO] Cosine baseline routed to direct Hadamard sum (PrecomputedCosine)
[INFO] WeightedEnsemble Cosine judge routed to direct Hadamard sum
  [WeightedEnsemble] Judges routed to 'alt' input: PrecomputedCosine
[WeightedEnsemble] Fitted split-calibrated ensemble (alpha=0.0500, external calib split into META/RISK_CALIB, normalization=h0_cdf):
  tau=0.921195, META: TPR=0.5467, FPR=0.0500, RISK_CALIB: TPR=0.5350, FPR=0.0500
  PrecomputedCosine       : +0.494159
  PCAWhitenedCosine       : +0.110428
  XGBoost                 : +0.351522
  LDA                     : +0.043890

Method                   | TPR    | FPR    | TrTPR  | TrFPR  | MacroTPR | MacroFPR | Regions | TauMean | ms   | OK? 
--------------------------------------------------------------------------------------------------------------------
Cosine                   | 0.4625 | 0.0492 | 0.4792 | 0.0500 | 0.4212   | 0.0766   | 827     | 0.9586  | 41.9 | PASS
AndBox-HC                | 0.4475 | 0.0500 | 0.4658 | 0.0500 | 0.4043   | 0.0677   | 827     | 0.0000  | 47.7 | PASS
HadamardCosine           | 0.4625 | 0.0492 | 0.4792 | 0.0500 | 0.4212   | 0.0766   | 827     | 0.9586  | 41.2 | PASS
PCAWhitenedCosine        | 0.5275 | 0.0692 | 0.5017 | 0.0500 | 0.4151   | 0.0881   | 827     | 0.9323  | 32.0 | FAIL
Vec (Wgt)                | 0.5042 | 0.0483 | 0.5183 | 0.0500 | 0.4514   | 0.0733   | 827     | 0.9451  | 31.9 | PASS
Log Reg                  | 0.2308 | 0.0667 | 0.2283 | 0.0500 | 0.1996   | 0.0817   | 827     | 0.5036  | 46.0 | FAIL
LDA                      | 0.4892 | 0.0625 | 0.4867 | 0.0500 | 0.4034   | 0.0904   | 827     | 7.2493  | 34.2 | FAIL
Tiny MLP                 | 0.5575 | 0.0583 | 0.5292 | 0.0500 | 0.4549   | 0.0852   | 827     | 0.7946  | 36.3 | FAIL
MultiProtoCosine         | 0.1067 | 0.0683 | 0.0983 | 0.0500 | 0.0777   | 0.0673   | 827     | 0.9208  | 41.2 | FAIL
WeightedEnsemble         | 0.5433 | 0.0500 | 0.5408 | 0.0500 | 0.4776   | 0.0776   | 827     | 0.9210  | 61.1 | PASS
XGBoost                  | 0.4858 | 0.0408 | 0.4792 | 0.0500 | 0.4246   | 0.0603   | 827     | 0.7351  | 54.0 | PASS
StabilizedWhitenedCosine | 0.5225 | 0.0575 | 0.5033 | 0.0500 | 0.4138   | 0.0836   | 827     | 0.9418  | 42.5 | FAIL

[trial=6 seed=48] GLOBAL mode — total_samples=200000
  total: h0=82063 h1=15019
  pooled_train:  n0=300 n1=300
  pooled_calib:  n0=1200 n1=1200
  pooled_eval:   n0=1200 n1=1200
  regions (for macro stats only): 1103
[INFO] Cosine baseline routed to direct Hadamard sum (PrecomputedCosine)
[INFO] WeightedEnsemble Cosine judge routed to direct Hadamard sum
  [WeightedEnsemble] Judges routed to 'alt' input: PrecomputedCosine
[WeightedEnsemble] Fitted split-calibrated ensemble (alpha=0.0500, external calib split into META/RISK_CALIB, normalization=h0_cdf):
  tau=0.952936, META: TPR=0.5100, FPR=0.0500, RISK_CALIB: TPR=0.4233, FPR=0.0500
  PrecomputedCosine       : +0.266399
  PCAWhitenedCosine       : +0.017126
  XGBoost                 : +0.612206
  LDA                     : +0.104270

Method                   | TPR    | FPR    | TrTPR  | TrFPR  | MacroTPR | MacroFPR | Regions | TauMean | ms   | OK? 
--------------------------------------------------------------------------------------------------------------------
Cosine                   | 0.4558 | 0.0425 | 0.4667 | 0.0500 | 0.4195   | 0.0570   | 844     | 0.9613  | 28.5 | PASS
AndBox-HC                | 0.4467 | 0.0450 | 0.4283 | 0.0500 | 0.4107   | 0.0585   | 844     | 0.0000  | 53.9 | PASS
HadamardCosine           | 0.4558 | 0.0425 | 0.4667 | 0.0500 | 0.4195   | 0.0570   | 844     | 0.9613  | 41.6 | PASS
PCAWhitenedCosine        | 0.4050 | 0.0417 | 0.3950 | 0.0500 | 0.3538   | 0.0608   | 844     | 1.1970  | 32.0 | PASS
Vec (Wgt)                | 0.4867 | 0.0325 | 0.4867 | 0.0500 | 0.4386   | 0.0486   | 844     | 0.9498  | 32.3 | PASS
Log Reg                  | 0.2108 | 0.0383 | 0.1800 | 0.0500 | 0.1908   | 0.0513   | 844     | 0.5041  | 46.4 | PASS
LDA                      | 0.4183 | 0.0517 | 0.4375 | 0.0500 | 0.3514   | 0.0701   | 844     | 7.3230  | 34.5 | FAIL
Tiny MLP                 | 0.4933 | 0.0500 | 0.5033 | 0.0500 | 0.4286   | 0.0742   | 844     | 0.7847  | 36.7 | PASS
MultiProtoCosine         | 0.0725 | 0.0342 | 0.0567 | 0.0500 | 0.0599   | 0.0351   | 844     | 0.9253  | 42.3 | PASS
WeightedEnsemble         | 0.4733 | 0.0492 | 0.4650 | 0.0500 | 0.4232   | 0.0666   | 844     | 0.9365  | 61.4 | PASS
XGBoost                  | 0.4250 | 0.0450 | 0.4292 | 0.0500 | 0.3788   | 0.0618   | 844     | 0.7524  | 54.3 | PASS
StabilizedWhitenedCosine | 0.4392 | 0.0383 | 0.4392 | 0.0500 | 0.3751   | 0.0512   | 844     | 1.0232  | 43.0 | PASS

[trial=7 seed=49] GLOBAL mode — total_samples=200000
  total: h0=82063 h1=15019
  pooled_train:  n0=300 n1=300
  pooled_calib:  n0=1200 n1=1200
  pooled_eval:   n0=1200 n1=1200
  regions (for macro stats only): 1103
[INFO] Cosine baseline routed to direct Hadamard sum (PrecomputedCosine)
[INFO] WeightedEnsemble Cosine judge routed to direct Hadamard sum
  [WeightedEnsemble] Judges routed to 'alt' input: PrecomputedCosine
[WeightedEnsemble] Fitted split-calibrated ensemble (alpha=0.0500, external calib split into META/RISK_CALIB, normalization=h0_cdf):
  tau=0.917641, META: TPR=0.5833, FPR=0.0500, RISK_CALIB: TPR=0.5300, FPR=0.0500
  PrecomputedCosine       : +0.139045
  PCAWhitenedCosine       : +0.424833
  XGBoost                 : +0.282049
  LDA                     : +0.154073

Method                   | TPR    | FPR    | TrTPR  | TrFPR  | MacroTPR | MacroFPR | Regions | TauMean | ms   | OK? 
--------------------------------------------------------------------------------------------------------------------
Cosine                   | 0.4525 | 0.0458 | 0.4725 | 0.0500 | 0.4193   | 0.0645   | 831     | 0.9576  | 28.8 | PASS
AndBox-HC                | 0.4317 | 0.0475 | 0.4375 | 0.0500 | 0.3975   | 0.0643   | 831     | 0.0000  | 39.0 | PASS
HadamardCosine           | 0.4525 | 0.0458 | 0.4725 | 0.0500 | 0.4193   | 0.0645   | 831     | 0.9576  | 41.1 | PASS
PCAWhitenedCosine        | 0.4942 | 0.0425 | 0.5033 | 0.0500 | 0.4185   | 0.0613   | 831     | 0.9673  | 31.9 | PASS
Vec (Wgt)                | 0.4858 | 0.0417 | 0.5058 | 0.0500 | 0.4393   | 0.0579   | 831     | 0.9459  | 32.0 | PASS
Log Reg                  | 0.2325 | 0.0517 | 0.2558 | 0.0500 | 0.2097   | 0.0718   | 831     | 0.5026  | 46.4 | FAIL
LDA                      | 0.5383 | 0.0550 | 0.5450 | 0.0500 | 0.4379   | 0.0744   | 831     | 6.3029  | 34.6 | FAIL
Tiny MLP                 | 0.5617 | 0.0483 | 0.5592 | 0.0500 | 0.4767   | 0.0738   | 831     | 0.7478  | 36.1 | PASS
MultiProtoCosine         | 0.0783 | 0.0325 | 0.0775 | 0.0500 | 0.0503   | 0.0395   | 831     | 0.9250  | 41.8 | PASS
WeightedEnsemble         | 0.5567 | 0.0467 | 0.5442 | 0.0500 | 0.4793   | 0.0664   | 831     | 0.9173  | 61.5 | PASS
XGBoost                  | 0.4567 | 0.0367 | 0.4567 | 0.0500 | 0.4037   | 0.0543   | 831     | 0.7272  | 54.5 | PASS
StabilizedWhitenedCosine | 0.4892 | 0.0375 | 0.5033 | 0.0500 | 0.4029   | 0.0545   | 831     | 0.9447  | 42.9 | PASS

[trial=8 seed=50] GLOBAL mode — total_samples=200000
  total: h0=82063 h1=15019
  pooled_train:  n0=300 n1=300
  pooled_calib:  n0=1200 n1=1200
  pooled_eval:   n0=1200 n1=1200
  regions (for macro stats only): 1103
[INFO] Cosine baseline routed to direct Hadamard sum (PrecomputedCosine)
[INFO] WeightedEnsemble Cosine judge routed to direct Hadamard sum
  [WeightedEnsemble] Judges routed to 'alt' input: PrecomputedCosine
[WeightedEnsemble] Fitted split-calibrated ensemble (alpha=0.0500, external calib split into META/RISK_CALIB, normalization=h0_cdf):
  tau=0.929050, META: TPR=0.5617, FPR=0.0500, RISK_CALIB: TPR=0.5350, FPR=0.0500
  PrecomputedCosine       : +0.139045
  PCAWhitenedCosine       : +0.424833
  XGBoost                 : +0.282049
  LDA                     : +0.154073

Method                   | TPR    | FPR    | TrTPR  | TrFPR  | MacroTPR | MacroFPR | Regions | TauMean | ms   | OK? 
--------------------------------------------------------------------------------------------------------------------
Cosine                   | 0.4775 | 0.0508 | 0.4642 | 0.0500 | 0.4317   | 0.0783   | 837     | 0.9604  | 54.9 | FAIL
AndBox-HC                | 0.4208 | 0.0517 | 0.4233 | 0.0500 | 0.3943   | 0.0776   | 837     | 0.0000  | 38.3 | FAIL
HadamardCosine           | 0.4775 | 0.0508 | 0.4642 | 0.0500 | 0.4317   | 0.0783   | 837     | 0.9604  | 41.3 | FAIL
PCAWhitenedCosine        | 0.4817 | 0.0508 | 0.4608 | 0.0500 | 0.3820   | 0.0767   | 837     | 1.1696  | 31.7 | FAIL
Vec (Wgt)                | 0.5058 | 0.0575 | 0.5183 | 0.0500 | 0.4647   | 0.0853   | 837     | 0.9374  | 31.7 | FAIL
Log Reg                  | 0.3442 | 0.0525 | 0.3075 | 0.0500 | 0.2793   | 0.0726   | 837     | 0.5019  | 45.9 | FAIL
LDA                      | 0.4575 | 0.0475 | 0.4633 | 0.0500 | 0.3710   | 0.0760   | 837     | 8.3471  | 34.3 | PASS
Tiny MLP                 | 0.4800 | 0.0425 | 0.4833 | 0.0500 | 0.3926   | 0.0688   | 837     | 0.8911  | 36.3 | PASS
MultiProtoCosine         | 0.0925 | 0.0500 | 0.0825 | 0.0500 | 0.0686   | 0.0558   | 837     | 0.9214  | 42.0 | PASS
WeightedEnsemble         | 0.5050 | 0.0517 | 0.5325 | 0.0500 | 0.4371   | 0.0820   | 837     | 0.9253  | 60.9 | FAIL
XGBoost                  | 0.4308 | 0.0358 | 0.4467 | 0.0500 | 0.3780   | 0.0519   | 837     | 0.7613  | 53.9 | PASS
StabilizedWhitenedCosine | 0.4642 | 0.0533 | 0.4683 | 0.0500 | 0.3821   | 0.0783   | 837     | 1.1085  | 42.4 | FAIL

[trial=9 seed=51] GLOBAL mode — total_samples=200000
  total: h0=82063 h1=15019
  pooled_train:  n0=300 n1=300
  pooled_calib:  n0=1200 n1=1200
  pooled_eval:   n0=1200 n1=1200
  regions (for macro stats only): 1103
[INFO] Cosine baseline routed to direct Hadamard sum (PrecomputedCosine)
[INFO] WeightedEnsemble Cosine judge routed to direct Hadamard sum
  [WeightedEnsemble] Judges routed to 'alt' input: PrecomputedCosine
[WeightedEnsemble] Fitted split-calibrated ensemble (alpha=0.0500, external calib split into META/RISK_CALIB, normalization=h0_cdf):
  tau=0.940683, META: TPR=0.5950, FPR=0.0500, RISK_CALIB: TPR=0.4767, FPR=0.0500
  PrecomputedCosine       : +0.228364
  PCAWhitenedCosine       : +0.374205
  XGBoost                 : +0.382656
  LDA                     : +0.014775

Method                   | TPR    | FPR    | TrTPR  | TrFPR  | MacroTPR | MacroFPR | Regions | TauMean | ms   | OK? 
--------------------------------------------------------------------------------------------------------------------
Cosine                   | 0.4942 | 0.0658 | 0.4700 | 0.0500 | 0.4584   | 0.0968   | 835     | 0.9488  | 31.2 | FAIL
AndBox-HC                | 0.4767 | 0.0642 | 0.4533 | 0.0500 | 0.4375   | 0.0940   | 835     | 0.0000  | 39.7 | FAIL
HadamardCosine           | 0.4942 | 0.0658 | 0.4700 | 0.0500 | 0.4584   | 0.0968   | 835     | 0.9488  | 53.0 | FAIL
PCAWhitenedCosine        | 0.4833 | 0.0475 | 0.4633 | 0.0500 | 0.4039   | 0.0685   | 835     | 1.2884  | 33.0 | PASS
Vec (Wgt)                | 0.5350 | 0.0683 | 0.5058 | 0.0500 | 0.4878   | 0.1033   | 835     | 0.9323  | 32.0 | FAIL
Log Reg                  | 0.2558 | 0.0442 | 0.2283 | 0.0492 | 0.2068   | 0.0699   | 835     | 0.5028  | 47.7 | PASS
LDA                      | 0.4692 | 0.0433 | 0.4675 | 0.0500 | 0.3914   | 0.0633   | 835     | 8.8430  | 34.7 | PASS
Tiny MLP                 | 0.5308 | 0.0517 | 0.5433 | 0.0500 | 0.4599   | 0.0755   | 835     | 0.8509  | 36.5 | FAIL
MultiProtoCosine         | 0.0833 | 0.0525 | 0.0642 | 0.0500 | 0.0681   | 0.0633   | 835     | 0.9217  | 41.4 | FAIL
WeightedEnsemble         | 0.5342 | 0.0592 | 0.5267 | 0.0500 | 0.4694   | 0.0835   | 835     | 0.9276  | 61.7 | FAIL
XGBoost                  | 0.4808 | 0.0525 | 0.4508 | 0.0500 | 0.4120   | 0.0773   | 835     | 0.7501  | 54.0 | FAIL
StabilizedWhitenedCosine | 0.5567 | 0.0500 | 0.5600 | 0.0500 | 0.4627   | 0.0690   | 835     | 1.1334  | 43.0 | PASS

[trial=10 seed=52] GLOBAL mode — total_samples=200000
  total: h0=82063 h1=15019
  pooled_train:  n0=300 n1=300
  pooled_calib:  n0=1200 n1=1200
  pooled_eval:   n0=1200 n1=1200
  regions (for macro stats only): 1103
[INFO] Cosine baseline routed to direct Hadamard sum (PrecomputedCosine)
[INFO] WeightedEnsemble Cosine judge routed to direct Hadamard sum
  [WeightedEnsemble] Judges routed to 'alt' input: PrecomputedCosine
[WeightedEnsemble] Fitted split-calibrated ensemble (alpha=0.0500, external calib split into META/RISK_CALIB, normalization=h0_cdf):
  tau=0.935707, META: TPR=0.5417, FPR=0.0500, RISK_CALIB: TPR=0.4917, FPR=0.0500
  PrecomputedCosine       : +0.579197
  PCAWhitenedCosine       : +0.038842
  XGBoost                 : +0.194400
  LDA                     : +0.187561

Method                   | TPR    | FPR    | TrTPR  | TrFPR  | MacroTPR | MacroFPR | Regions | TauMean | ms   | OK? 
--------------------------------------------------------------------------------------------------------------------
Cosine                   | 0.4258 | 0.0508 | 0.4600 | 0.0500 | 0.4142   | 0.0694   | 849     | 0.9634  | 55.6 | FAIL
AndBox-HC                | 0.3825 | 0.0558 | 0.4050 | 0.0500 | 0.3761   | 0.0719   | 849     | 0.0000  | 48.3 | FAIL
HadamardCosine           | 0.4258 | 0.0508 | 0.4600 | 0.0500 | 0.4142   | 0.0694   | 849     | 0.9634  | 41.5 | FAIL
PCAWhitenedCosine        | 0.4192 | 0.0458 | 0.4692 | 0.0500 | 0.3732   | 0.0647   | 849     | 1.1511  | 32.7 | PASS
Vec (Wgt)                | 0.4542 | 0.0500 | 0.5083 | 0.0500 | 0.4317   | 0.0757   | 849     | 0.9444  | 32.4 | PASS
Log Reg                  | 0.1917 | 0.0367 | 0.2175 | 0.0500 | 0.1747   | 0.0522   | 849     | 0.5030  | 46.6 | PASS
LDA                      | 0.4017 | 0.0425 | 0.4333 | 0.0500 | 0.3581   | 0.0609   | 849     | 7.7145  | 34.4 | PASS
Tiny MLP                 | 0.4575 | 0.0467 | 0.5033 | 0.0500 | 0.3969   | 0.0667   | 849     | 0.8574  | 36.9 | PASS
MultiProtoCosine         | 0.0700 | 0.0608 | 0.0975 | 0.0500 | 0.0660   | 0.0648   | 849     | 0.9222  | 41.6 | FAIL
WeightedEnsemble         | 0.4583 | 0.0500 | 0.5242 | 0.0500 | 0.4375   | 0.0697   | 849     | 0.9233  | 61.8 | PASS
XGBoost                  | 0.4117 | 0.0508 | 0.4842 | 0.0500 | 0.3696   | 0.0692   | 849     | 0.7365  | 54.8 | FAIL
StabilizedWhitenedCosine | 0.4617 | 0.0517 | 0.5183 | 0.0500 | 0.4235   | 0.0716   | 849     | 1.0276  | 43.3 | FAIL

[trial=11 seed=53] GLOBAL mode — total_samples=200000
  total: h0=82063 h1=15019
  pooled_train:  n0=300 n1=300
  pooled_calib:  n0=1200 n1=1200
  pooled_eval:   n0=1200 n1=1200
  regions (for macro stats only): 1103
[INFO] Cosine baseline routed to direct Hadamard sum (PrecomputedCosine)
[INFO] WeightedEnsemble Cosine judge routed to direct Hadamard sum
  [WeightedEnsemble] Judges routed to 'alt' input: PrecomputedCosine
[WeightedEnsemble] Fitted split-calibrated ensemble (alpha=0.0500, external calib split into META/RISK_CALIB, normalization=h0_cdf):
  tau=0.891161, META: TPR=0.4633, FPR=0.0500, RISK_CALIB: TPR=0.5700, FPR=0.0500
  PrecomputedCosine       : +0.628406
  PCAWhitenedCosine       : +0.114103
  XGBoost                 : +0.004692
  LDA                     : +0.252799

Method                   | TPR    | FPR    | TrTPR  | TrFPR  | MacroTPR | MacroFPR | Regions | TauMean | ms   | OK? 
--------------------------------------------------------------------------------------------------------------------
Cosine                   | 0.4950 | 0.0625 | 0.4650 | 0.0500 | 0.4393   | 0.0900   | 842     | 0.9575  | 30.2 | FAIL
AndBox-HC                | 0.4183 | 0.0592 | 0.3850 | 0.0500 | 0.3661   | 0.0783   | 842     | 0.0000  | 40.3 | FAIL
HadamardCosine           | 0.4950 | 0.0625 | 0.4650 | 0.0500 | 0.4393   | 0.0900   | 842     | 0.9575  | 43.5 | FAIL
PCAWhitenedCosine        | 0.4992 | 0.0625 | 0.5050 | 0.0500 | 0.4352   | 0.0855   | 842     | 0.8314  | 32.1 | FAIL
Vec (Wgt)                | 0.5192 | 0.0533 | 0.5100 | 0.0500 | 0.4608   | 0.0825   | 842     | 0.9486  | 32.1 | FAIL
Log Reg                  | 0.2867 | 0.0692 | 0.2842 | 0.0500 | 0.2513   | 0.0801   | 842     | 0.5028  | 46.3 | FAIL
LDA                      | 0.4800 | 0.0500 | 0.4425 | 0.0500 | 0.4029   | 0.0765   | 842     | 6.7792  | 34.7 | PASS
Tiny MLP                 | 0.5242 | 0.0542 | 0.4967 | 0.0500 | 0.4401   | 0.0844   | 842     | 0.8069  | 36.8 | FAIL
MultiProtoCosine         | 0.0900 | 0.0717 | 0.0917 | 0.0500 | 0.0697   | 0.0826   | 842     | 0.9212  | 41.4 | FAIL
WeightedEnsemble         | 0.5425 | 0.0517 | 0.5125 | 0.0500 | 0.4749   | 0.0749   | 842     | 0.9080  | 61.5 | FAIL
XGBoost                  | 0.5025 | 0.0550 | 0.4717 | 0.0500 | 0.4370   | 0.0804   | 842     | 0.7083  | 53.7 | FAIL
StabilizedWhitenedCosine | 0.5467 | 0.0550 | 0.5342 | 0.0500 | 0.4638   | 0.0840   | 842     | 0.7859  | 42.8 | FAIL

[trial=12 seed=54] GLOBAL mode — total_samples=200000
  total: h0=82063 h1=15019
  pooled_train:  n0=300 n1=300
  pooled_calib:  n0=1200 n1=1200
  pooled_eval:   n0=1200 n1=1200
  regions (for macro stats only): 1103
[INFO] Cosine baseline routed to direct Hadamard sum (PrecomputedCosine)
[INFO] WeightedEnsemble Cosine judge routed to direct Hadamard sum
  [WeightedEnsemble] Judges routed to 'alt' input: PrecomputedCosine
[WeightedEnsemble] Fitted split-calibrated ensemble (alpha=0.0500, external calib split into META/RISK_CALIB, normalization=h0_cdf):
  tau=0.919919, META: TPR=0.5467, FPR=0.0500, RISK_CALIB: TPR=0.5317, FPR=0.0500
  PrecomputedCosine       : +0.409034
  PCAWhitenedCosine       : +0.260146
  XGBoost                 : +0.282745
  LDA                     : +0.048075

Method                   | TPR    | FPR    | TrTPR  | TrFPR  | MacroTPR | MacroFPR | Regions | TauMean | ms   | OK? 
--------------------------------------------------------------------------------------------------------------------
Cosine                   | 0.4500 | 0.0475 | 0.4817 | 0.0500 | 0.4198   | 0.0710   | 851     | 0.9590  | 28.6 | PASS
AndBox-HC                | 0.4575 | 0.0600 | 0.4917 | 0.0500 | 0.4325   | 0.0847   | 851     | 0.0000  | 53.1 | FAIL
HadamardCosine           | 0.4500 | 0.0475 | 0.4817 | 0.0500 | 0.4198   | 0.0710   | 851     | 0.9590  | 43.9 | PASS
PCAWhitenedCosine        | 0.5117 | 0.0533 | 0.5175 | 0.0500 | 0.4145   | 0.0723   | 851     | 1.0955  | 34.0 | FAIL
Vec (Wgt)                | 0.5033 | 0.0567 | 0.5375 | 0.0500 | 0.4645   | 0.0858   | 851     | 0.9370  | 32.7 | FAIL
Log Reg                  | 0.2742 | 0.0508 | 0.3058 | 0.0500 | 0.2486   | 0.0710   | 851     | 0.5022  | 46.6 | FAIL
LDA                      | 0.4967 | 0.0633 | 0.4967 | 0.0500 | 0.4169   | 0.0897   | 851     | 7.2513  | 35.0 | FAIL
Tiny MLP                 | 0.5375 | 0.0617 | 0.5325 | 0.0500 | 0.4582   | 0.0836   | 851     | 0.8393  | 36.6 | FAIL
MultiProtoCosine         | 0.0958 | 0.0433 | 0.1292 | 0.0500 | 0.0841   | 0.0503   | 851     | 0.9201  | 41.7 | PASS
WeightedEnsemble         | 0.5158 | 0.0517 | 0.5375 | 0.0500 | 0.4619   | 0.0790   | 851     | 0.9174  | 61.7 | FAIL
XGBoost                  | 0.4733 | 0.0483 | 0.4792 | 0.0500 | 0.4135   | 0.0730   | 851     | 0.7383  | 53.9 | PASS
StabilizedWhitenedCosine | 0.5242 | 0.0542 | 0.5400 | 0.0500 | 0.4403   | 0.0748   | 851     | 0.9312  | 43.2 | FAIL

[trial=13 seed=55] GLOBAL mode — total_samples=200000
  total: h0=82063 h1=15019
  pooled_train:  n0=300 n1=300
  pooled_calib:  n0=1200 n1=1200
  pooled_eval:   n0=1200 n1=1200
  regions (for macro stats only): 1103
[INFO] Cosine baseline routed to direct Hadamard sum (PrecomputedCosine)
[INFO] WeightedEnsemble Cosine judge routed to direct Hadamard sum
  [WeightedEnsemble] Judges routed to 'alt' input: PrecomputedCosine
[WeightedEnsemble] Fitted split-calibrated ensemble (alpha=0.0500, external calib split into META/RISK_CALIB, normalization=h0_cdf):
  tau=0.903707, META: TPR=0.4800, FPR=0.0500, RISK_CALIB: TPR=0.5350, FPR=0.0500
  PrecomputedCosine       : +0.028690
  PCAWhitenedCosine       : +0.494993
  XGBoost                 : +0.382507
  LDA                     : +0.093811

Method                   | TPR    | FPR    | TrTPR  | TrFPR  | MacroTPR | MacroFPR | Regions | TauMean | ms   | OK? 
--------------------------------------------------------------------------------------------------------------------
Cosine                   | 0.4425 | 0.0492 | 0.4375 | 0.0500 | 0.4038   | 0.0701   | 826     | 0.9671  | 28.5 | PASS
AndBox-HC                | 0.3425 | 0.0417 | 0.3333 | 0.0500 | 0.3173   | 0.0605   | 826     | 0.0001  | 53.1 | PASS
HadamardCosine           | 0.4425 | 0.0492 | 0.4375 | 0.0500 | 0.4038   | 0.0701   | 826     | 0.9671  | 42.4 | PASS
PCAWhitenedCosine        | 0.4900 | 0.0475 | 0.4700 | 0.0500 | 0.3910   | 0.0722   | 826     | 1.2455  | 31.5 | PASS
Vec (Wgt)                | 0.5033 | 0.0508 | 0.5000 | 0.0500 | 0.4535   | 0.0765   | 826     | 0.9499  | 31.7 | FAIL
Log Reg                  | 0.2325 | 0.0583 | 0.2267 | 0.0500 | 0.1862   | 0.0814   | 826     | 0.5028  | 46.9 | FAIL
LDA                      | 0.4467 | 0.0475 | 0.4342 | 0.0500 | 0.3759   | 0.0689   | 826     | 7.7424  | 34.6 | PASS
Tiny MLP                 | 0.4675 | 0.0442 | 0.4625 | 0.0492 | 0.3849   | 0.0650   | 826     | 0.8646  | 37.1 | PASS
MultiProtoCosine         | 0.0700 | 0.0450 | 0.0625 | 0.0500 | 0.0398   | 0.0571   | 826     | 0.9233  | 41.7 | PASS
WeightedEnsemble         | 0.5025 | 0.0542 | 0.4958 | 0.0500 | 0.4249   | 0.0778   | 826     | 0.9176  | 61.4 | FAIL
XGBoost                  | 0.4658 | 0.0533 | 0.4617 | 0.0500 | 0.4178   | 0.0764   | 826     | 0.7235  | 55.2 | FAIL
StabilizedWhitenedCosine | 0.4750 | 0.0517 | 0.4708 | 0.0500 | 0.3873   | 0.0682   | 826     | 1.0631  | 43.0 | FAIL

[trial=14 seed=56] GLOBAL mode — total_samples=200000
  total: h0=82063 h1=15019
  pooled_train:  n0=300 n1=300
  pooled_calib:  n0=1200 n1=1200
  pooled_eval:   n0=1200 n1=1200
  regions (for macro stats only): 1103
[INFO] Cosine baseline routed to direct Hadamard sum (PrecomputedCosine)
[INFO] WeightedEnsemble Cosine judge routed to direct Hadamard sum
  [WeightedEnsemble] Judges routed to 'alt' input: PrecomputedCosine
[WeightedEnsemble] Fitted split-calibrated ensemble (alpha=0.0500, external calib split into META/RISK_CALIB, normalization=h0_cdf):
  tau=0.942753, META: TPR=0.5250, FPR=0.0500, RISK_CALIB: TPR=0.4417, FPR=0.0500
  PrecomputedCosine       : +0.112685
  PCAWhitenedCosine       : +0.272849
  XGBoost                 : +0.054650
  LDA                     : +0.559816

Method                   | TPR    | FPR    | TrTPR  | TrFPR  | MacroTPR | MacroFPR | Regions | TauMean | ms   | OK? 
--------------------------------------------------------------------------------------------------------------------
Cosine                   | 0.4525 | 0.0417 | 0.4417 | 0.0500 | 0.4123   | 0.0580   | 859     | 0.9633  | 30.6 | PASS
AndBox-HC                | 0.3467 | 0.0425 | 0.3450 | 0.0500 | 0.3226   | 0.0554   | 859     | 0.0000  | 40.9 | PASS
HadamardCosine           | 0.4525 | 0.0417 | 0.4417 | 0.0500 | 0.4123   | 0.0580   | 859     | 0.9633  | 41.8 | PASS
PCAWhitenedCosine        | 0.4608 | 0.0467 | 0.4642 | 0.0500 | 0.3789   | 0.0610   | 859     | 1.0841  | 32.5 | PASS
Vec (Wgt)                | 0.4933 | 0.0417 | 0.4825 | 0.0500 | 0.4450   | 0.0567   | 859     | 0.9465  | 32.8 | PASS
Log Reg                  | 0.3317 | 0.0542 | 0.3200 | 0.0500 | 0.2905   | 0.0734   | 859     | 0.5017  | 46.6 | FAIL
LDA                      | 0.4858 | 0.0558 | 0.4700 | 0.0500 | 0.4007   | 0.0734   | 859     | 6.6782  | 34.9 | FAIL
Tiny MLP                 | 0.5025 | 0.0425 | 0.4850 | 0.0500 | 0.4191   | 0.0574   | 859     | 0.6807  | 37.1 | PASS
MultiProtoCosine         | 0.0892 | 0.0433 | 0.0808 | 0.0500 | 0.0747   | 0.0511   | 859     | 0.9232  | 41.6 | PASS
WeightedEnsemble         | 0.4842 | 0.0375 | 0.4533 | 0.0500 | 0.4007   | 0.0480   | 859     | 0.9381  | 61.9 | PASS
XGBoost                  | 0.4225 | 0.0492 | 0.4267 | 0.0500 | 0.3818   | 0.0658   | 859     | 0.7540  | 54.9 | PASS
StabilizedWhitenedCosine | 0.4975 | 0.0475 | 0.4783 | 0.0500 | 0.4167   | 0.0608   | 859     | 0.8975  | 43.2 | PASS

[trial=15 seed=57] GLOBAL mode — total_samples=200000
  total: h0=82063 h1=15019
  pooled_train:  n0=300 n1=300
  pooled_calib:  n0=1200 n1=1200
  pooled_eval:   n0=1200 n1=1200
  regions (for macro stats only): 1103
[INFO] Cosine baseline routed to direct Hadamard sum (PrecomputedCosine)
[INFO] WeightedEnsemble Cosine judge routed to direct Hadamard sum
  [WeightedEnsemble] Judges routed to 'alt' input: PrecomputedCosine
[WeightedEnsemble] Fitted split-calibrated ensemble (alpha=0.0500, external calib split into META/RISK_CALIB, normalization=h0_cdf):
  tau=0.944878, META: TPR=0.5033, FPR=0.0500, RISK_CALIB: TPR=0.4717, FPR=0.0500
  PrecomputedCosine       : +0.778833
  PCAWhitenedCosine       : +0.120089
  XGBoost                 : +0.064727
  LDA                     : +0.036352

Method                   | TPR    | FPR    | TrTPR  | TrFPR  | MacroTPR | MacroFPR | Regions | TauMean | ms   | OK? 
--------------------------------------------------------------------------------------------------------------------
Cosine                   | 0.4708 | 0.0442 | 0.4692 | 0.0500 | 0.4260   | 0.0704   | 835     | 0.9604  | 41.2 | PASS
AndBox-HC                | 0.4150 | 0.0475 | 0.3983 | 0.0500 | 0.3817   | 0.0713   | 835     | 0.0000  | 39.7 | PASS
HadamardCosine           | 0.4708 | 0.0442 | 0.4692 | 0.0500 | 0.4260   | 0.0704   | 835     | 0.9604  | 41.0 | PASS
PCAWhitenedCosine        | 0.4608 | 0.0425 | 0.4450 | 0.0500 | 0.3722   | 0.0643   | 835     | 1.1501  | 31.9 | PASS
Vec (Wgt)                | 0.5117 | 0.0500 | 0.5058 | 0.0500 | 0.4578   | 0.0814   | 835     | 0.9482  | 32.1 | PASS
Log Reg                  | 0.2442 | 0.0608 | 0.2750 | 0.0500 | 0.2229   | 0.0867   | 835     | 0.5024  | 46.4 | FAIL
LDA                      | 0.4483 | 0.0500 | 0.4425 | 0.0500 | 0.3614   | 0.0692   | 835     | 6.5936  | 34.4 | PASS
Tiny MLP                 | 0.4875 | 0.0417 | 0.4775 | 0.0500 | 0.3935   | 0.0637   | 835     | 0.8406  | 36.4 | PASS
MultiProtoCosine         | 0.1067 | 0.0583 | 0.1092 | 0.0500 | 0.0790   | 0.0718   | 835     | 0.9216  | 41.5 | FAIL
WeightedEnsemble         | 0.4800 | 0.0425 | 0.4858 | 0.0500 | 0.4207   | 0.0677   | 835     | 0.9431  | 61.9 | PASS
XGBoost                  | 0.4875 | 0.0550 | 0.4950 | 0.0500 | 0.4198   | 0.0800   | 835     | 0.7274  | 53.9 | FAIL
StabilizedWhitenedCosine | 0.5075 | 0.0408 | 0.4933 | 0.0500 | 0.4112   | 0.0631   | 835     | 0.9664  | 42.6 | PASS

[trial=16 seed=58] GLOBAL mode — total_samples=200000
  total: h0=82063 h1=15019
  pooled_train:  n0=300 n1=300
  pooled_calib:  n0=1200 n1=1200
  pooled_eval:   n0=1200 n1=1200
  regions (for macro stats only): 1103
[INFO] Cosine baseline routed to direct Hadamard sum (PrecomputedCosine)
[INFO] WeightedEnsemble Cosine judge routed to direct Hadamard sum
  [WeightedEnsemble] Judges routed to 'alt' input: PrecomputedCosine
[WeightedEnsemble] Fitted split-calibrated ensemble (alpha=0.0500, external calib split into META/RISK_CALIB, normalization=h0_cdf):
  tau=0.934015, META: TPR=0.5667, FPR=0.0500, RISK_CALIB: TPR=0.4900, FPR=0.0500
  PrecomputedCosine       : +0.137658
  PCAWhitenedCosine       : +0.285312
  XGBoost                 : +0.402546
  LDA                     : +0.174484

Method                   | TPR    | FPR    | TrTPR  | TrFPR  | MacroTPR | MacroFPR | Regions | TauMean | ms   | OK? 
--------------------------------------------------------------------------------------------------------------------
Cosine                   | 0.4983 | 0.0608 | 0.4808 | 0.0500 | 0.4627   | 0.0876   | 818     | 0.9499  | 27.2 | FAIL
AndBox-HC                | 0.4133 | 0.0608 | 0.3967 | 0.0500 | 0.3974   | 0.0899   | 818     | 0.0000  | 47.8 | FAIL
HadamardCosine           | 0.4983 | 0.0608 | 0.4808 | 0.0500 | 0.4627   | 0.0876   | 818     | 0.9499  | 31.9 | FAIL
PCAWhitenedCosine        | 0.4492 | 0.0550 | 0.4442 | 0.0500 | 0.3731   | 0.0724   | 818     | 1.1272  | 25.3 | FAIL
Vec (Wgt)                | 0.5292 | 0.0608 | 0.5192 | 0.0500 | 0.4867   | 0.0907   | 818     | 0.9373  | 30.6 | FAIL
Log Reg                  | 0.3033 | 0.0583 | 0.3000 | 0.0500 | 0.2669   | 0.0785   | 818     | 0.5018  | 46.9 | FAIL
LDA                      | 0.4567 | 0.0558 | 0.4442 | 0.0500 | 0.3741   | 0.0706   | 818     | 7.3346  | 33.9 | FAIL
Tiny MLP                 | 0.5342 | 0.0625 | 0.5275 | 0.0500 | 0.4417   | 0.0812   | 818     | 0.8244  | 36.3 | FAIL
MultiProtoCosine         | 0.0850 | 0.0650 | 0.0842 | 0.0500 | 0.0658   | 0.0670   | 818     | 0.9223  | 40.9 | FAIL
WeightedEnsemble         | 0.5467 | 0.0642 | 0.5283 | 0.0500 | 0.4833   | 0.0889   | 818     | 0.9214  | 61.0 | FAIL
XGBoost                  | 0.4542 | 0.0533 | 0.4567 | 0.0500 | 0.4002   | 0.0764   | 818     | 0.7264  | 53.2 | FAIL
StabilizedWhitenedCosine | 0.5183 | 0.0508 | 0.5083 | 0.0500 | 0.4404   | 0.0735   | 818     | 0.9597  | 42.5 | FAIL

[trial=17 seed=59] GLOBAL mode — total_samples=200000
  total: h0=82063 h1=15019
  pooled_train:  n0=300 n1=300
  pooled_calib:  n0=1200 n1=1200
  pooled_eval:   n0=1200 n1=1200
  regions (for macro stats only): 1103
[INFO] Cosine baseline routed to direct Hadamard sum (PrecomputedCosine)
[INFO] WeightedEnsemble Cosine judge routed to direct Hadamard sum
  [WeightedEnsemble] Judges routed to 'alt' input: PrecomputedCosine
[WeightedEnsemble] Fitted split-calibrated ensemble (alpha=0.0500, external calib split into META/RISK_CALIB, normalization=h0_cdf):
  tau=0.940648, META: TPR=0.5583, FPR=0.0500, RISK_CALIB: TPR=0.4783, FPR=0.0500
  PrecomputedCosine       : +0.093739
  PCAWhitenedCosine       : +0.445425
  XGBoost                 : +0.436091
  LDA                     : +0.024746

Method                   | TPR    | FPR    | TrTPR  | TrFPR  | MacroTPR | MacroFPR | Regions | TauMean | ms   | OK? 
--------------------------------------------------------------------------------------------------------------------
Cosine                   | 0.4542 | 0.0508 | 0.4700 | 0.0500 | 0.3994   | 0.0719   | 834     | 0.9617  | 42.0 | FAIL
AndBox-HC                | 0.3992 | 0.0508 | 0.3933 | 0.0500 | 0.3544   | 0.0651   | 834     | 0.0000  | 40.5 | FAIL
HadamardCosine           | 0.4542 | 0.0508 | 0.4700 | 0.0500 | 0.3994   | 0.0719   | 834     | 0.9617  | 43.4 | FAIL
PCAWhitenedCosine        | 0.4750 | 0.0467 | 0.4783 | 0.0500 | 0.3899   | 0.0646   | 834     | 0.9982  | 32.1 | PASS
Vec (Wgt)                | 0.4817 | 0.0542 | 0.4925 | 0.0500 | 0.4159   | 0.0771   | 834     | 0.9489  | 32.3 | FAIL
Log Reg                  | 0.2550 | 0.0450 | 0.2458 | 0.0500 | 0.2010   | 0.0619   | 834     | 0.5027  | 46.4 | PASS
LDA                      | 0.4775 | 0.0517 | 0.4783 | 0.0500 | 0.3690   | 0.0689   | 834     | 7.0961  | 34.5 | FAIL
Tiny MLP                 | 0.5117 | 0.0542 | 0.5275 | 0.0500 | 0.4127   | 0.0731   | 834     | 0.8165  | 36.8 | FAIL
MultiProtoCosine         | 0.0658 | 0.0467 | 0.0717 | 0.0492 | 0.0509   | 0.0502   | 834     | 0.9198  | 41.5 | PASS
WeightedEnsemble         | 0.4983 | 0.0467 | 0.5142 | 0.0500 | 0.4125   | 0.0663   | 834     | 0.9340  | 61.6 | PASS
XGBoost                  | 0.4892 | 0.0492 | 0.4925 | 0.0500 | 0.4187   | 0.0645   | 834     | 0.7171  | 54.1 | PASS
StabilizedWhitenedCosine | 0.4683 | 0.0450 | 0.4775 | 0.0500 | 0.3898   | 0.0601   | 834     | 1.0016  | 42.8 | PASS

[trial=18 seed=60] GLOBAL mode — total_samples=200000
  total: h0=82063 h1=15019
  pooled_train:  n0=300 n1=300
  pooled_calib:  n0=1200 n1=1200
  pooled_eval:   n0=1200 n1=1200
  regions (for macro stats only): 1103
[INFO] Cosine baseline routed to direct Hadamard sum (PrecomputedCosine)
[INFO] WeightedEnsemble Cosine judge routed to direct Hadamard sum
  [WeightedEnsemble] Judges routed to 'alt' input: PrecomputedCosine
[WeightedEnsemble] Fitted split-calibrated ensemble (alpha=0.0500, external calib split into META/RISK_CALIB, normalization=h0_cdf):
  tau=0.931718, META: TPR=0.5350, FPR=0.0500, RISK_CALIB: TPR=0.5117, FPR=0.0500
  PrecomputedCosine       : +0.228364
  PCAWhitenedCosine       : +0.374205
  XGBoost                 : +0.382656
  LDA                     : +0.014775

Method                   | TPR    | FPR    | TrTPR  | TrFPR  | MacroTPR | MacroFPR | Regions | TauMean | ms   | OK? 
--------------------------------------------------------------------------------------------------------------------
Cosine                   | 0.4892 | 0.0600 | 0.4758 | 0.0500 | 0.4654   | 0.0781   | 825     | 0.9552  | 55.9 | FAIL
AndBox-HC                | 0.4575 | 0.0550 | 0.4258 | 0.0500 | 0.4237   | 0.0690   | 825     | 0.0000  | 38.5 | FAIL
HadamardCosine           | 0.4892 | 0.0600 | 0.4758 | 0.0500 | 0.4654   | 0.0781   | 825     | 0.9552  | 40.8 | FAIL
PCAWhitenedCosine        | 0.4692 | 0.0533 | 0.4775 | 0.0500 | 0.3844   | 0.0801   | 825     | 0.9870  | 32.2 | FAIL
Vec (Wgt)                | 0.5092 | 0.0525 | 0.4975 | 0.0500 | 0.4642   | 0.0706   | 825     | 0.9478  | 32.1 | FAIL
Log Reg                  | 0.2600 | 0.0508 | 0.2675 | 0.0500 | 0.2304   | 0.0682   | 825     | 0.5022  | 46.2 | FAIL
LDA                      | 0.4608 | 0.0475 | 0.4683 | 0.0500 | 0.3827   | 0.0733   | 825     | 6.8074  | 34.6 | PASS
Tiny MLP                 | 0.5142 | 0.0450 | 0.5075 | 0.0500 | 0.4298   | 0.0712   | 825     | 0.7994  | 36.4 | PASS
MultiProtoCosine         | 0.1000 | 0.0475 | 0.1058 | 0.0500 | 0.0803   | 0.0525   | 825     | 0.9220  | 41.6 | PASS
WeightedEnsemble         | 0.5167 | 0.0508 | 0.5017 | 0.0500 | 0.4601   | 0.0737   | 825     | 0.9264  | 61.4 | FAIL
XGBoost                  | 0.4825 | 0.0575 | 0.4767 | 0.0500 | 0.4496   | 0.0758   | 825     | 0.7016  | 54.3 | FAIL
StabilizedWhitenedCosine | 0.5250 | 0.0525 | 0.5092 | 0.0500 | 0.4332   | 0.0794   | 825     | 0.8728  | 42.0 | FAIL

[trial=19 seed=61] GLOBAL mode — total_samples=200000
  total: h0=82063 h1=15019
  pooled_train:  n0=300 n1=300
  pooled_calib:  n0=1200 n1=1200
  pooled_eval:   n0=1200 n1=1200
  regions (for macro stats only): 1103
[INFO] Cosine baseline routed to direct Hadamard sum (PrecomputedCosine)
[INFO] WeightedEnsemble Cosine judge routed to direct Hadamard sum
  [WeightedEnsemble] Judges routed to 'alt' input: PrecomputedCosine
[WeightedEnsemble] Fitted split-calibrated ensemble (alpha=0.0500, external calib split into META/RISK_CALIB, normalization=h0_cdf):
  tau=0.913719, META: TPR=0.5283, FPR=0.0500, RISK_CALIB: TPR=0.5217, FPR=0.0500
  PrecomputedCosine       : +0.275292
  PCAWhitenedCosine       : +0.229602
  XGBoost                 : +0.157045
  LDA                     : +0.338060

Method                   | TPR    | FPR    | TrTPR  | TrFPR  | MacroTPR | MacroFPR | Regions | TauMean | ms   | OK? 
--------------------------------------------------------------------------------------------------------------------
Cosine                   | 0.4417 | 0.0475 | 0.4583 | 0.0500 | 0.3892   | 0.0693   | 849     | 0.9618  | 42.7 | PASS
AndBox-HC                | 0.3833 | 0.0442 | 0.3917 | 0.0500 | 0.3343   | 0.0628   | 849     | 0.0000  | 40.6 | PASS
HadamardCosine           | 0.4417 | 0.0475 | 0.4583 | 0.0500 | 0.3892   | 0.0693   | 849     | 0.9618  | 41.3 | PASS
PCAWhitenedCosine        | 0.4642 | 0.0567 | 0.4883 | 0.0500 | 0.3714   | 0.0821   | 849     | 1.0901  | 32.7 | FAIL
Vec (Wgt)                | 0.4950 | 0.0500 | 0.5158 | 0.0500 | 0.4411   | 0.0717   | 849     | 0.9357  | 32.8 | PASS
Log Reg                  | 0.2325 | 0.0500 | 0.2483 | 0.0500 | 0.2037   | 0.0662   | 849     | 0.5027  | 46.8 | PASS
LDA                      | 0.4567 | 0.0500 | 0.4683 | 0.0500 | 0.3811   | 0.0677   | 849     | 7.5022  | 34.9 | PASS
Tiny MLP                 | 0.5192 | 0.0592 | 0.5183 | 0.0500 | 0.4320   | 0.0835   | 849     | 0.7833  | 37.0 | FAIL
MultiProtoCosine         | 0.0517 | 0.0450 | 0.0675 | 0.0500 | 0.0403   | 0.0541   | 849     | 0.9215  | 41.8 | PASS
WeightedEnsemble         | 0.5125 | 0.0475 | 0.5275 | 0.0500 | 0.4411   | 0.0698   | 849     | 0.9099  | 61.2 | PASS
XGBoost                  | 0.4358 | 0.0517 | 0.4317 | 0.0500 | 0.3754   | 0.0679   | 849     | 0.7284  | 54.0 | FAIL
StabilizedWhitenedCosine | 0.5300 | 0.0658 | 0.5342 | 0.0500 | 0.4425   | 0.0928   | 849     | 0.9010  | 42.9 | FAIL

=== Ranking by mean micro TPR (UNCONSTRAINED) ===
 1. Tiny MLP           TPR=0.5124±0.0322 FPR=0.0509±0.0086 [FAIL]
 2. WeightedEnsemble   TPR=0.5123±0.0289 FPR=0.0494±0.0069 [PASS]
 3. StabilizedWhitenedCosine TPR=0.5040±0.0338 FPR=0.0514±0.0086 [FAIL]
 4. Vec (Wgt)          TPR=0.5009±0.0221 FPR=0.0502±0.0085 [FAIL]
 5. PCAWhitenedCosine  TPR=0.4741±0.0319 FPR=0.0509±0.0078 [FAIL]
 6. LDA                TPR=0.4637±0.0302 FPR=0.0515±0.0079 [FAIL]
 7. XGBoost            TPR=0.4630±0.0261 FPR=0.0489±0.0072 [PASS]
 8. Cosine             TPR=0.4626±0.0258 FPR=0.0502±0.0086 [FAIL]
 9. HadamardCosine     TPR=0.4626±0.0258 FPR=0.0502±0.0086 [FAIL]
10. AndBox-HC          TPR=0.4179±0.0401 FPR=0.0499±0.0090 [PASS]
11. Log Reg            TPR=0.2552±0.0405 FPR=0.0509±0.0096 [FAIL]
12. MultiProtoCosine   TPR=0.0850±0.0149 FPR=0.0490±0.0115 [PASS]

=== Ranking by mean micro TPR (CONSTRAINED: FPR <= alpha) ===
 1. WeightedEnsemble   TPR=0.5123±0.0289 FPR=0.0494±0.0069
 2. XGBoost            TPR=0.4630±0.0261 FPR=0.0489±0.0072
 3. AndBox-HC          TPR=0.4179±0.0401 FPR=0.0499±0.0090
 4. MultiProtoCosine   TPR=0.0850±0.0149 FPR=0.0490±0.0115
[CSV] Saved: /home/malmatal/Projects/Multi_Dim_Threshold/NeighborCache/outputs/region_local_threshold/run_20260511_152421/trial_summary.csv
[JSON] Saved: /home/malmatal/Projects/Multi_Dim_Threshold/NeighborCache/outputs/region_local_threshold/run_20260511_152421/ranking.json
[CSV] Saved: /home/malmatal/Projects/Multi_Dim_Threshold/NeighborCache/outputs/region_local_threshold/run_20260511_152421/weighted_ensemble_meta_weights.csv
[JSON] Saved: /home/malmatal/Projects/Multi_Dim_Threshold/NeighborCache/outputs/region_local_threshold/run_20260511_152421/notes.json

Best (constrained FPR <= alpha): WeightedEnsemble
[Done] outputs at: /home/malmatal/Projects/Multi_Dim_Threshold/NeighborCache/outputs/region_local_threshold/run_20260511_152421

Task 10 completed successfully.
