------------------------------------
Mon 11 May 2026 15:26:43 IDT
SLURM_JOBID:		17480371
SLURM_JOB_NODELIST:	ise-4090-03
SLURM_SCRATCH_DIR:	/scratch/malmatal/17480371
Allocated Resouces:	cpu - 4 / mem - 32768 MB / gpu - 1
SLURM_GPU_INDEX:	1
Running as malmatal from gilein account with normal QOS
------------------------------------
SLURM_JOB_ID=17480371
SLURM_ARRAY_TASK_ID=14
HOSTNAME=ise-4090-03.auth.ad.bgu.ac.il
DATE=2026-05-11T15:26:44+03:00
EXP_ROOT=NeighborCache/results/paper_normal_20260511_145721
COMMANDS_FILE=NeighborCache/results/paper_normal_20260511_145721/commands.txt
Running command:
/home/malmatal/.conda/envs/ec/bin/python -m NeighborCache.region_local_threshold.cli --data NeighborCache/data/lmsys_h1h0_by_cluster_h1keep_with_unormalized_embedding_fixed.npz --region_key global_cluster --alpha 0.05 --tau_mode global --n_trials 20 --seed 42 --n_train 300 --n_calib 1200 --n_eval 1200 --hadamard_preprocess

[INFO] Using features key='emb' dim=1024
[INFO] Applied Hadamard preprocessing (strategy=centroid_nearest, use_delta_vec=False, use_abs_diff=False) to X_main

=== Region Threshold Benchmark ===
dataset_npz=NeighborCache/data/lmsys_h1h0_by_cluster_h1keep_with_unormalized_embedding_fixed.npz
region_key=global_cluster (resolved=global_cluster, unique=2740)
features=emb+hadamard rows=96890 dim=1024
text_pairs=text+region_anchor[centroid_nearest]
alpha=0.05 tie_mode=ge trials=20 base_seed=42
tau_mode=global
hadamard_preprocess=True
abs_diff_only_preprocess=False
use_delta_vec=False
use_abs_diff=False
normalize_data=False
filter_policy=none
train_cosine_policy_active=False
caps: train=300 calib=1200 eval=1200
mins: min_h0_eval=20 min_h1_eval=20
run_dir=/home/malmatal/Projects/Multi_Dim_Threshold/NeighborCache/outputs/region_local_threshold/run_20260511_152654

[trial=0 seed=42] GLOBAL mode — total_samples=96890
  total: h0=73638 h1=21058
  pooled_train:  n0=300 n1=300
  pooled_calib:  n0=1200 n1=1200
  pooled_eval:   n0=1200 n1=1200
  regions (for macro stats only): 2740
[INFO] Cosine baseline routed to direct Hadamard sum (PrecomputedCosine)
[INFO] WeightedEnsemble Cosine judge routed to direct Hadamard sum
  [WeightedEnsemble] Judges routed to 'alt' input: PrecomputedCosine
[WeightedEnsemble] Fitted split-calibrated ensemble (alpha=0.0500, external calib split into META/RISK_CALIB, normalization=h0_cdf):
  tau=0.832870, META: TPR=0.4067, FPR=0.0500, RISK_CALIB: TPR=0.4233, FPR=0.0500
  PrecomputedCosine       : +0.228850
  PCAWhitenedCosine       : +0.045499
  XGBoost                 : +0.664528
  LDA                     : +0.061124

Method                   | TPR    | FPR    | TrTPR  | TrFPR  | MacroTPR | MacroFPR | Regions | TauMean | ms   | OK? 
--------------------------------------------------------------------------------------------------------------------
Cosine                   | 0.2183 | 0.0467 | 0.2300 | 0.0500 | 0.2712   | 0.0629   | 1279    | 0.9847  | 38.6 | PASS
AndBox-HC                | 0.1958 | 0.0467 | 0.2100 | 0.0500 | 0.2298   | 0.0589   | 1279    | 0.0000  | 57.4 | PASS
HadamardCosine           | 0.2183 | 0.0467 | 0.2300 | 0.0500 | 0.2712   | 0.0629   | 1279    | 0.9847  | 51.5 | PASS
PCAWhitenedCosine        | 0.2733 | 0.0308 | 0.2983 | 0.0500 | 0.2331   | 0.0447   | 1279    | 1.4629  | 42.6 | PASS
Vec (Wgt)                | 0.4108 | 0.0425 | 0.4433 | 0.0500 | 0.4052   | 0.0668   | 1279    | 0.9199  | 42.3 | PASS
Log Reg                  | 0.2408 | 0.0342 | 0.2433 | 0.0500 | 0.1881   | 0.0509   | 1279    | 0.5024  | 56.2 | PASS
LDA                      | 0.3000 | 0.0358 | 0.3150 | 0.0500 | 0.2547   | 0.0525   | 1279    | 10.0611 | 44.9 | PASS
Tiny MLP                 | 0.3208 | 0.0375 | 0.3575 | 0.0500 | 0.2677   | 0.0573   | 1279    | 0.8508  | 47.4 | PASS
MultiProtoCosine         | 0.0808 | 0.0583 | 0.0725 | 0.0500 | 0.0740   | 0.0654   | 1279    | 0.9043  | 52.7 | FAIL
WeightedEnsemble         | 0.3842 | 0.0542 | 0.4067 | 0.0500 | 0.3648   | 0.0766   | 1279    | 0.8325  | 72.2 | FAIL
XGBoost                  | 0.2925 | 0.0517 | 0.2783 | 0.0500 | 0.2475   | 0.0705   | 1279    | 0.7670  | 62.3 | FAIL
StabilizedWhitenedCosine | 0.2758 | 0.0383 | 0.2950 | 0.0500 | 0.2292   | 0.0583   | 1279    | 1.4031  | 51.8 | PASS

[trial=1 seed=43] GLOBAL mode — total_samples=96890
  total: h0=73638 h1=21058
  pooled_train:  n0=300 n1=300
  pooled_calib:  n0=1200 n1=1200
  pooled_eval:   n0=1200 n1=1200
  regions (for macro stats only): 2740
[INFO] Cosine baseline routed to direct Hadamard sum (PrecomputedCosine)
[INFO] WeightedEnsemble Cosine judge routed to direct Hadamard sum
  [WeightedEnsemble] Judges routed to 'alt' input: PrecomputedCosine
[WeightedEnsemble] Fitted split-calibrated ensemble (alpha=0.0500, external calib split into META/RISK_CALIB, normalization=h0_cdf):
  tau=0.903117, META: TPR=0.4317, FPR=0.0500, RISK_CALIB: TPR=0.3683, FPR=0.0500
  PrecomputedCosine       : +0.072601
  PCAWhitenedCosine       : +0.215210
  XGBoost                 : +0.613482
  LDA                     : +0.098707

Method                   | TPR    | FPR    | TrTPR  | TrFPR  | MacroTPR | MacroFPR | Regions | TauMean | ms   | OK? 
--------------------------------------------------------------------------------------------------------------------
Cosine                   | 0.2108 | 0.0417 | 0.1833 | 0.0500 | 0.2620   | 0.0574   | 1291    | 0.9863  | 53.1 | PASS
AndBox-HC                | 0.2117 | 0.0417 | 0.1783 | 0.0500 | 0.2619   | 0.0559   | 1291    | 0.0000  | 54.2 | PASS
HadamardCosine           | 0.2108 | 0.0417 | 0.1833 | 0.0500 | 0.2620   | 0.0574   | 1291    | 0.9863  | 53.2 | PASS
PCAWhitenedCosine        | 0.3450 | 0.0550 | 0.3233 | 0.0500 | 0.2881   | 0.0741   | 1291    | 1.2257  | 43.1 | FAIL
Vec (Wgt)                | 0.4558 | 0.0667 | 0.4367 | 0.0500 | 0.4480   | 0.0910   | 1291    | 0.9170  | 43.2 | FAIL
Log Reg                  | 0.3550 | 0.0700 | 0.3408 | 0.0500 | 0.2872   | 0.0974   | 1291    | 0.5019  | 57.5 | FAIL
LDA                      | 0.3358 | 0.0458 | 0.2967 | 0.0500 | 0.2983   | 0.0623   | 1291    | 8.7435  | 44.9 | PASS
Tiny MLP                 | 0.3983 | 0.0608 | 0.3700 | 0.0500 | 0.3365   | 0.0860   | 1291    | 0.8091  | 47.4 | FAIL
MultiProtoCosine         | 0.0867 | 0.0625 | 0.1000 | 0.0500 | 0.0735   | 0.0750   | 1291    | 0.9030  | 53.4 | FAIL
WeightedEnsemble         | 0.3992 | 0.0467 | 0.3875 | 0.0500 | 0.3409   | 0.0633   | 1291    | 0.8999  | 72.1 | PASS
XGBoost                  | 0.3358 | 0.0600 | 0.3333 | 0.0500 | 0.2754   | 0.0790   | 1291    | 0.7576  | 62.6 | FAIL
StabilizedWhitenedCosine | 0.3467 | 0.0567 | 0.3192 | 0.0500 | 0.2777   | 0.0799   | 1291    | 1.1250  | 52.5 | FAIL

[trial=2 seed=44] GLOBAL mode — total_samples=96890
  total: h0=73638 h1=21058
  pooled_train:  n0=300 n1=300
  pooled_calib:  n0=1200 n1=1200
  pooled_eval:   n0=1200 n1=1200
  regions (for macro stats only): 2740
[INFO] Cosine baseline routed to direct Hadamard sum (PrecomputedCosine)
[INFO] WeightedEnsemble Cosine judge routed to direct Hadamard sum
  [WeightedEnsemble] Judges routed to 'alt' input: PrecomputedCosine
[WeightedEnsemble] Fitted split-calibrated ensemble (alpha=0.0500, external calib split into META/RISK_CALIB, normalization=h0_cdf):
  tau=0.860852, META: TPR=0.4867, FPR=0.0500, RISK_CALIB: TPR=0.3283, FPR=0.0500
  PrecomputedCosine       : +0.212151
  PCAWhitenedCosine       : +0.329897
  XGBoost                 : +0.411413
  LDA                     : +0.046538

Method                   | TPR    | FPR    | TrTPR  | TrFPR  | MacroTPR | MacroFPR | Regions | TauMean | ms   | OK? 
--------------------------------------------------------------------------------------------------------------------
Cosine                   | 0.2233 | 0.0500 | 0.2208 | 0.0500 | 0.2743   | 0.0604   | 1320    | 0.9851  | 39.0 | PASS
AndBox-HC                | 0.1958 | 0.0533 | 0.2000 | 0.0500 | 0.2351   | 0.0566   | 1320    | 0.0000  | 61.4 | FAIL
HadamardCosine           | 0.2233 | 0.0500 | 0.2208 | 0.0500 | 0.2743   | 0.0604   | 1320    | 0.9851  | 52.4 | PASS
PCAWhitenedCosine        | 0.2850 | 0.0417 | 0.3117 | 0.0500 | 0.2404   | 0.0549   | 1320    | 1.3571  | 43.6 | PASS
Vec (Wgt)                | 0.4233 | 0.0533 | 0.4033 | 0.0500 | 0.4059   | 0.0732   | 1320    | 0.9316  | 43.2 | FAIL
Log Reg                  | 0.2783 | 0.0583 | 0.3108 | 0.0500 | 0.2265   | 0.0763   | 1320    | 0.5022  | 57.8 | FAIL
LDA                      | 0.2667 | 0.0367 | 0.3058 | 0.0500 | 0.2219   | 0.0518   | 1320    | 9.6874  | 45.9 | PASS
Tiny MLP                 | 0.3375 | 0.0492 | 0.3825 | 0.0500 | 0.2696   | 0.0666   | 1320    | 0.8282  | 48.0 | PASS
MultiProtoCosine         | 0.0567 | 0.0400 | 0.0708 | 0.0500 | 0.0466   | 0.0442   | 1320    | 0.9066  | 53.0 | PASS
WeightedEnsemble         | 0.4033 | 0.0550 | 0.4017 | 0.0500 | 0.3779   | 0.0760   | 1320    | 0.8346  | 73.1 | FAIL
XGBoost                  | 0.2858 | 0.0483 | 0.2733 | 0.0500 | 0.2191   | 0.0676   | 1320    | 0.7646  | 62.8 | PASS
StabilizedWhitenedCosine | 0.3075 | 0.0542 | 0.3417 | 0.0500 | 0.2454   | 0.0751   | 1320    | 1.2190  | 52.9 | FAIL

[trial=3 seed=45] GLOBAL mode — total_samples=96890
  total: h0=73638 h1=21058
  pooled_train:  n0=300 n1=300
  pooled_calib:  n0=1200 n1=1200
  pooled_eval:   n0=1200 n1=1200
  regions (for macro stats only): 2740
[INFO] Cosine baseline routed to direct Hadamard sum (PrecomputedCosine)
[INFO] WeightedEnsemble Cosine judge routed to direct Hadamard sum
  [WeightedEnsemble] Judges routed to 'alt' input: PrecomputedCosine
[WeightedEnsemble] Fitted split-calibrated ensemble (alpha=0.0500, external calib split into META/RISK_CALIB, normalization=h0_cdf):
  tau=0.786659, META: TPR=0.3983, FPR=0.0500, RISK_CALIB: TPR=0.3967, FPR=0.0500
  PrecomputedCosine       : +0.274996
  PCAWhitenedCosine       : +0.049289
  XGBoost                 : +0.405195
  LDA                     : +0.270520

Method                   | TPR    | FPR    | TrTPR  | TrFPR  | MacroTPR | MacroFPR | Regions | TauMean | ms   | OK? 
--------------------------------------------------------------------------------------------------------------------
Cosine                   | 0.2050 | 0.0517 | 0.1892 | 0.0500 | 0.2596   | 0.0644   | 1299    | 0.9878  | 50.7 | FAIL
AndBox-HC                | 0.1742 | 0.0525 | 0.1608 | 0.0500 | 0.2081   | 0.0605   | 1299    | 0.0000  | 62.2 | FAIL
HadamardCosine           | 0.2050 | 0.0517 | 0.1892 | 0.0500 | 0.2596   | 0.0644   | 1299    | 0.9878  | 50.6 | FAIL
PCAWhitenedCosine        | 0.3125 | 0.0558 | 0.2833 | 0.0500 | 0.2913   | 0.0817   | 1299    | 1.2524  | 42.6 | FAIL
Vec (Wgt)                | 0.4517 | 0.0650 | 0.4233 | 0.0500 | 0.4443   | 0.1006   | 1299    | 0.9188  | 43.0 | FAIL
Log Reg                  | 0.2592 | 0.0492 | 0.2500 | 0.0500 | 0.2048   | 0.0730   | 1299    | 0.5021  | 56.4 | PASS
LDA                      | 0.2708 | 0.0517 | 0.2575 | 0.0500 | 0.2481   | 0.0767   | 1299    | 9.0472  | 46.1 | FAIL
Tiny MLP                 | 0.3175 | 0.0517 | 0.2950 | 0.0500 | 0.2808   | 0.0751   | 1299    | 0.8250  | 48.2 | FAIL
MultiProtoCosine         | 0.0692 | 0.0400 | 0.0583 | 0.0500 | 0.0654   | 0.0530   | 1299    | 0.9073  | 53.5 | PASS
WeightedEnsemble         | 0.4333 | 0.0750 | 0.3967 | 0.0500 | 0.4101   | 0.1035   | 1299    | 0.7948  | 73.0 | FAIL
XGBoost                  | 0.2625 | 0.0508 | 0.2458 | 0.0500 | 0.2243   | 0.0746   | 1299    | 0.7642  | 62.7 | FAIL
StabilizedWhitenedCosine | 0.2750 | 0.0525 | 0.2433 | 0.0500 | 0.2285   | 0.0739   | 1299    | 1.2639  | 52.5 | FAIL

[trial=4 seed=46] GLOBAL mode — total_samples=96890
  total: h0=73638 h1=21058
  pooled_train:  n0=300 n1=300
  pooled_calib:  n0=1200 n1=1200
  pooled_eval:   n0=1200 n1=1200
  regions (for macro stats only): 2740
[INFO] Cosine baseline routed to direct Hadamard sum (PrecomputedCosine)
[INFO] WeightedEnsemble Cosine judge routed to direct Hadamard sum
  [WeightedEnsemble] Judges routed to 'alt' input: PrecomputedCosine
[WeightedEnsemble] Fitted split-calibrated ensemble (alpha=0.0500, external calib split into META/RISK_CALIB, normalization=h0_cdf):
  tau=0.846780, META: TPR=0.4000, FPR=0.0500, RISK_CALIB: TPR=0.3800, FPR=0.0500
  PrecomputedCosine       : +0.186703
  PCAWhitenedCosine       : +0.174799
  XGBoost                 : +0.477254
  LDA                     : +0.161244

Method                   | TPR    | FPR    | TrTPR  | TrFPR  | MacroTPR | MacroFPR | Regions | TauMean | ms   | OK? 
--------------------------------------------------------------------------------------------------------------------
Cosine                   | 0.2050 | 0.0550 | 0.2142 | 0.0500 | 0.2476   | 0.0776   | 1265    | 0.9863  | 38.9 | FAIL
AndBox-HC                | 0.2233 | 0.0625 | 0.2292 | 0.0500 | 0.2661   | 0.0834   | 1265    | 0.0000  | 59.4 | FAIL
HadamardCosine           | 0.2050 | 0.0550 | 0.2142 | 0.0500 | 0.2476   | 0.0776   | 1265    | 0.9863  | 51.9 | FAIL
PCAWhitenedCosine        | 0.3633 | 0.0517 | 0.3292 | 0.0500 | 0.3027   | 0.0673   | 1265    | 1.2147  | 42.1 | FAIL
Vec (Wgt)                | 0.4083 | 0.0575 | 0.4058 | 0.0500 | 0.3897   | 0.0849   | 1265    | 0.9220  | 42.4 | FAIL
Log Reg                  | 0.2383 | 0.0400 | 0.2350 | 0.0500 | 0.1790   | 0.0566   | 1265    | 0.5022  | 56.7 | PASS
LDA                      | 0.3708 | 0.0467 | 0.3425 | 0.0500 | 0.3050   | 0.0630   | 1265    | 7.5963  | 45.0 | PASS
Tiny MLP                 | 0.3250 | 0.0442 | 0.3150 | 0.0500 | 0.2630   | 0.0556   | 1265    | 0.9008  | 46.5 | PASS
MultiProtoCosine         | 0.0658 | 0.0458 | 0.0583 | 0.0500 | 0.0666   | 0.0522   | 1265    | 0.9081  | 51.8 | PASS
WeightedEnsemble         | 0.4075 | 0.0592 | 0.3858 | 0.0500 | 0.3570   | 0.0791   | 1265    | 0.8444  | 71.8 | FAIL
XGBoost                  | 0.2933 | 0.0400 | 0.2967 | 0.0500 | 0.2288   | 0.0523   | 1265    | 0.7449  | 62.4 | PASS
StabilizedWhitenedCosine | 0.2667 | 0.0525 | 0.2625 | 0.0500 | 0.2104   | 0.0693   | 1265    | 1.3959  | 51.7 | FAIL

[trial=5 seed=47] GLOBAL mode — total_samples=96890
  total: h0=73638 h1=21058
  pooled_train:  n0=300 n1=300
  pooled_calib:  n0=1200 n1=1200
  pooled_eval:   n0=1200 n1=1200
  regions (for macro stats only): 2740
[INFO] Cosine baseline routed to direct Hadamard sum (PrecomputedCosine)
[INFO] WeightedEnsemble Cosine judge routed to direct Hadamard sum
  [WeightedEnsemble] Judges routed to 'alt' input: PrecomputedCosine
[WeightedEnsemble] Fitted split-calibrated ensemble (alpha=0.0500, external calib split into META/RISK_CALIB, normalization=h0_cdf):
  tau=0.911856, META: TPR=0.3350, FPR=0.0500, RISK_CALIB: TPR=0.3167, FPR=0.0500
  PrecomputedCosine       : +0.028690
  PCAWhitenedCosine       : +0.494993
  XGBoost                 : +0.382507
  LDA                     : +0.093811

Method                   | TPR    | FPR    | TrTPR  | TrFPR  | MacroTPR | MacroFPR | Regions | TauMean | ms   | OK? 
--------------------------------------------------------------------------------------------------------------------
Cosine                   | 0.2233 | 0.0450 | 0.2000 | 0.0500 | 0.2689   | 0.0609   | 1310    | 0.9856  | 39.4 | PASS
AndBox-HC                | 0.2058 | 0.0392 | 0.1975 | 0.0500 | 0.2441   | 0.0517   | 1310    | 0.0000  | 51.1 | PASS
HadamardCosine           | 0.2233 | 0.0450 | 0.2000 | 0.0500 | 0.2689   | 0.0609   | 1310    | 0.9856  | 52.5 | PASS
PCAWhitenedCosine        | 0.2950 | 0.0483 | 0.2792 | 0.0500 | 0.2375   | 0.0596   | 1310    | 1.3227  | 43.3 | PASS
Vec (Wgt)                | 0.4083 | 0.0475 | 0.4117 | 0.0500 | 0.4166   | 0.0698   | 1310    | 0.9198  | 43.3 | PASS
Log Reg                  | 0.2525 | 0.0558 | 0.2275 | 0.0500 | 0.2087   | 0.0727   | 1310    | 0.5023  | 57.4 | FAIL
LDA                      | 0.2300 | 0.0417 | 0.2233 | 0.0500 | 0.2004   | 0.0532   | 1310    | 9.0464  | 45.9 | PASS
Tiny MLP                 | 0.3533 | 0.0558 | 0.3258 | 0.0500 | 0.2917   | 0.0785   | 1310    | 0.8075  | 48.1 | FAIL
MultiProtoCosine         | 0.0508 | 0.0625 | 0.0450 | 0.0500 | 0.0406   | 0.0693   | 1310    | 0.9080  | 52.9 | FAIL
WeightedEnsemble         | 0.3133 | 0.0592 | 0.3300 | 0.0500 | 0.2570   | 0.0709   | 1310    | 0.9101  | 73.3 | FAIL
XGBoost                  | 0.2742 | 0.0483 | 0.2825 | 0.0500 | 0.2283   | 0.0662   | 1310    | 0.7532  | 62.8 | PASS
StabilizedWhitenedCosine | 0.2925 | 0.0442 | 0.2842 | 0.0500 | 0.2306   | 0.0608   | 1310    | 1.1536  | 53.0 | PASS

[trial=6 seed=48] GLOBAL mode — total_samples=96890
  total: h0=73638 h1=21058
  pooled_train:  n0=300 n1=300
  pooled_calib:  n0=1200 n1=1200
  pooled_eval:   n0=1200 n1=1200
  regions (for macro stats only): 2740
[INFO] Cosine baseline routed to direct Hadamard sum (PrecomputedCosine)
[INFO] WeightedEnsemble Cosine judge routed to direct Hadamard sum
  [WeightedEnsemble] Judges routed to 'alt' input: PrecomputedCosine
[WeightedEnsemble] Fitted split-calibrated ensemble (alpha=0.0500, external calib split into META/RISK_CALIB, normalization=h0_cdf):
  tau=0.837665, META: TPR=0.3800, FPR=0.0500, RISK_CALIB: TPR=0.3983, FPR=0.0500
  PrecomputedCosine       : +0.162317
  PCAWhitenedCosine       : +0.221141
  XGBoost                 : +0.365822
  LDA                     : +0.250720

Method                   | TPR    | FPR    | TrTPR  | TrFPR  | MacroTPR | MacroFPR | Regions | TauMean | ms   | OK? 
--------------------------------------------------------------------------------------------------------------------
Cosine                   | 0.1942 | 0.0508 | 0.1992 | 0.0500 | 0.2302   | 0.0658   | 1297    | 0.9851  | 39.3 | FAIL
AndBox-HC                | 0.1717 | 0.0400 | 0.1725 | 0.0500 | 0.2019   | 0.0473   | 1297    | 0.0000  | 51.0 | PASS
HadamardCosine           | 0.1942 | 0.0508 | 0.1992 | 0.0500 | 0.2302   | 0.0658   | 1297    | 0.9851  | 51.8 | FAIL
PCAWhitenedCosine        | 0.2925 | 0.0417 | 0.2800 | 0.0500 | 0.2401   | 0.0627   | 1297    | 1.4514  | 42.8 | PASS
Vec (Wgt)                | 0.3767 | 0.0475 | 0.3992 | 0.0500 | 0.3507   | 0.0692   | 1297    | 0.9197  | 43.0 | PASS
Log Reg                  | 0.2533 | 0.0475 | 0.2658 | 0.0500 | 0.1991   | 0.0667   | 1297    | 0.5023  | 57.3 | PASS
LDA                      | 0.3717 | 0.0517 | 0.3550 | 0.0500 | 0.3156   | 0.0731   | 1297    | 7.8007  | 45.8 | FAIL
Tiny MLP                 | 0.3283 | 0.0383 | 0.3392 | 0.0500 | 0.2627   | 0.0540   | 1297    | 0.8530  | 47.6 | PASS
MultiProtoCosine         | 0.0625 | 0.0567 | 0.0517 | 0.0500 | 0.0613   | 0.0661   | 1297    | 0.9018  | 52.1 | FAIL
WeightedEnsemble         | 0.3875 | 0.0517 | 0.3775 | 0.0500 | 0.3456   | 0.0693   | 1297    | 0.8437  | 72.5 | FAIL
XGBoost                  | 0.3050 | 0.0517 | 0.2933 | 0.0500 | 0.2440   | 0.0693   | 1297    | 0.7523  | 62.2 | FAIL
StabilizedWhitenedCosine | 0.2950 | 0.0525 | 0.3125 | 0.0500 | 0.2309   | 0.0699   | 1297    | 1.3194  | 52.6 | FAIL

[trial=7 seed=49] GLOBAL mode — total_samples=96890
  total: h0=73638 h1=21058
  pooled_train:  n0=300 n1=300
  pooled_calib:  n0=1200 n1=1200
  pooled_eval:   n0=1200 n1=1200
  regions (for macro stats only): 2740
[INFO] Cosine baseline routed to direct Hadamard sum (PrecomputedCosine)
[INFO] WeightedEnsemble Cosine judge routed to direct Hadamard sum
  [WeightedEnsemble] Judges routed to 'alt' input: PrecomputedCosine
[WeightedEnsemble] Fitted split-calibrated ensemble (alpha=0.0500, external calib split into META/RISK_CALIB, normalization=h0_cdf):
  tau=0.862047, META: TPR=0.4233, FPR=0.0500, RISK_CALIB: TPR=0.4100, FPR=0.0500
  PrecomputedCosine       : +0.137658
  PCAWhitenedCosine       : +0.285312
  XGBoost                 : +0.402546
  LDA                     : +0.174484

Method                   | TPR    | FPR    | TrTPR  | TrFPR  | MacroTPR | MacroFPR | Regions | TauMean | ms   | OK? 
--------------------------------------------------------------------------------------------------------------------
Cosine                   | 0.2325 | 0.0533 | 0.1917 | 0.0500 | 0.2821   | 0.0660   | 1290    | 0.9857  | 39.2 | FAIL
AndBox-HC                | 0.1775 | 0.0483 | 0.1650 | 0.0500 | 0.2101   | 0.0538   | 1290    | 0.0000  | 50.4 | PASS
HadamardCosine           | 0.2325 | 0.0533 | 0.1917 | 0.0500 | 0.2821   | 0.0660   | 1290    | 0.9857  | 52.4 | FAIL
PCAWhitenedCosine        | 0.3708 | 0.0658 | 0.3542 | 0.0500 | 0.3327   | 0.0914   | 1290    | 1.0583  | 43.2 | FAIL
Vec (Wgt)                | 0.4400 | 0.0525 | 0.4217 | 0.0500 | 0.4342   | 0.0732   | 1290    | 0.9194  | 43.2 | FAIL
Log Reg                  | 0.2425 | 0.0542 | 0.2400 | 0.0500 | 0.2087   | 0.0715   | 1290    | 0.5018  | 57.1 | FAIL
LDA                      | 0.3250 | 0.0558 | 0.3208 | 0.0500 | 0.2945   | 0.0761   | 1290    | 7.1522  | 45.6 | FAIL
Tiny MLP                 | 0.3908 | 0.0650 | 0.3750 | 0.0500 | 0.3380   | 0.0925   | 1290    | 0.7643  | 47.3 | FAIL
MultiProtoCosine         | 0.0417 | 0.0550 | 0.0475 | 0.0500 | 0.0403   | 0.0592   | 1290    | 0.9080  | 52.2 | FAIL
WeightedEnsemble         | 0.4242 | 0.0567 | 0.4025 | 0.0500 | 0.3984   | 0.0791   | 1290    | 0.8601  | 72.4 | FAIL
XGBoost                  | 0.2850 | 0.0458 | 0.2875 | 0.0500 | 0.2542   | 0.0649   | 1290    | 0.7300  | 62.6 | PASS
StabilizedWhitenedCosine | 0.3208 | 0.0625 | 0.3200 | 0.0500 | 0.2717   | 0.0843   | 1290    | 1.1079  | 52.6 | FAIL

[trial=8 seed=50] GLOBAL mode — total_samples=96890
  total: h0=73638 h1=21058
  pooled_train:  n0=300 n1=300
  pooled_calib:  n0=1200 n1=1200
  pooled_eval:   n0=1200 n1=1200
  regions (for macro stats only): 2740
[INFO] Cosine baseline routed to direct Hadamard sum (PrecomputedCosine)
[INFO] WeightedEnsemble Cosine judge routed to direct Hadamard sum
  [WeightedEnsemble] Judges routed to 'alt' input: PrecomputedCosine
[WeightedEnsemble] Fitted split-calibrated ensemble (alpha=0.0500, external calib split into META/RISK_CALIB, normalization=h0_cdf):
  tau=0.845934, META: TPR=0.3467, FPR=0.0500, RISK_CALIB: TPR=0.4183, FPR=0.0500
  PrecomputedCosine       : +0.130570
  PCAWhitenedCosine       : +0.407186
  XGBoost                 : +0.174170
  LDA                     : +0.288074

Method                   | TPR    | FPR    | TrTPR  | TrFPR  | MacroTPR | MacroFPR | Regions | TauMean | ms   | OK? 
--------------------------------------------------------------------------------------------------------------------
Cosine                   | 0.1942 | 0.0308 | 0.1750 | 0.0500 | 0.2371   | 0.0415   | 1284    | 0.9895  | 39.2 | PASS
AndBox-HC                | 0.1450 | 0.0342 | 0.1442 | 0.0500 | 0.1687   | 0.0387   | 1284    | 0.0000  | 57.6 | PASS
HadamardCosine           | 0.1942 | 0.0308 | 0.1750 | 0.0500 | 0.2371   | 0.0415   | 1284    | 0.9895  | 52.0 | PASS
PCAWhitenedCosine        | 0.3000 | 0.0367 | 0.3008 | 0.0500 | 0.2679   | 0.0553   | 1284    | 1.2852  | 43.1 | PASS
Vec (Wgt)                | 0.3700 | 0.0308 | 0.3467 | 0.0500 | 0.3724   | 0.0496   | 1284    | 0.9311  | 42.7 | PASS
Log Reg                  | 0.3333 | 0.0550 | 0.2967 | 0.0500 | 0.2694   | 0.0794   | 1284    | 0.5020  | 56.9 | FAIL
LDA                      | 0.3025 | 0.0425 | 0.2675 | 0.0500 | 0.2539   | 0.0580   | 1284    | 8.9580  | 45.5 | PASS
Tiny MLP                 | 0.3567 | 0.0458 | 0.3250 | 0.0500 | 0.3013   | 0.0681   | 1284    | 0.8598  | 47.5 | PASS
MultiProtoCosine         | 0.0458 | 0.0400 | 0.0842 | 0.0500 | 0.0468   | 0.0527   | 1284    | 0.9001  | 52.1 | PASS
WeightedEnsemble         | 0.3675 | 0.0300 | 0.3550 | 0.0500 | 0.3418   | 0.0420   | 1284    | 0.8623  | 72.3 | PASS
XGBoost                  | 0.2883 | 0.0483 | 0.2842 | 0.0500 | 0.2352   | 0.0667   | 1284    | 0.7455  | 63.2 | PASS
StabilizedWhitenedCosine | 0.3058 | 0.0442 | 0.2967 | 0.0500 | 0.2503   | 0.0615   | 1284    | 1.1443  | 52.7 | PASS

[trial=9 seed=51] GLOBAL mode — total_samples=96890
  total: h0=73638 h1=21058
  pooled_train:  n0=300 n1=300
  pooled_calib:  n0=1200 n1=1200
  pooled_eval:   n0=1200 n1=1200
  regions (for macro stats only): 2740
[INFO] Cosine baseline routed to direct Hadamard sum (PrecomputedCosine)
[INFO] WeightedEnsemble Cosine judge routed to direct Hadamard sum
  [WeightedEnsemble] Judges routed to 'alt' input: PrecomputedCosine
[WeightedEnsemble] Fitted split-calibrated ensemble (alpha=0.0500, external calib split into META/RISK_CALIB, normalization=h0_cdf):
  tau=0.852194, META: TPR=0.4283, FPR=0.0500, RISK_CALIB: TPR=0.4150, FPR=0.0500
  PrecomputedCosine       : +0.152743
  PCAWhitenedCosine       : +0.291283
  XGBoost                 : +0.371914
  LDA                     : +0.184061

Method                   | TPR    | FPR    | TrTPR  | TrFPR  | MacroTPR | MacroFPR | Regions | TauMean | ms   | OK? 
--------------------------------------------------------------------------------------------------------------------
Cosine                   | 0.1917 | 0.0367 | 0.2083 | 0.0500 | 0.2424   | 0.0429   | 1296    | 0.9872  | 63.0 | PASS
AndBox-HC                | 0.1808 | 0.0325 | 0.1967 | 0.0500 | 0.2220   | 0.0329   | 1296    | 0.0000  | 45.7 | PASS
HadamardCosine           | 0.1917 | 0.0367 | 0.2083 | 0.0500 | 0.2424   | 0.0429   | 1296    | 0.9872  | 51.9 | PASS
PCAWhitenedCosine        | 0.3842 | 0.0583 | 0.3525 | 0.0500 | 0.3279   | 0.0818   | 1296    | 1.1917  | 43.1 | FAIL
Vec (Wgt)                | 0.3825 | 0.0408 | 0.4050 | 0.0500 | 0.3772   | 0.0557   | 1296    | 0.9271  | 43.4 | PASS
Log Reg                  | 0.3200 | 0.0658 | 0.2908 | 0.0500 | 0.2596   | 0.0823   | 1296    | 0.5021  | 56.8 | FAIL
LDA                      | 0.3425 | 0.0408 | 0.3108 | 0.0500 | 0.3058   | 0.0587   | 1296    | 8.0230  | 45.6 | PASS
Tiny MLP                 | 0.4125 | 0.0525 | 0.3667 | 0.0500 | 0.3462   | 0.0735   | 1296    | 0.8297  | 48.2 | FAIL
MultiProtoCosine         | 0.0650 | 0.0592 | 0.0717 | 0.0500 | 0.0604   | 0.0709   | 1296    | 0.9061  | 53.0 | FAIL
WeightedEnsemble         | 0.4417 | 0.0442 | 0.4250 | 0.0500 | 0.4040   | 0.0612   | 1296    | 0.8515  | 73.1 | PASS
XGBoost                  | 0.3117 | 0.0450 | 0.2675 | 0.0500 | 0.2530   | 0.0600   | 1296    | 0.7670  | 62.5 | PASS
StabilizedWhitenedCosine | 0.3692 | 0.0633 | 0.3500 | 0.0500 | 0.2992   | 0.0867   | 1296    | 1.1268  | 52.9 | FAIL

[trial=10 seed=52] GLOBAL mode — total_samples=96890
  total: h0=73638 h1=21058
  pooled_train:  n0=300 n1=300
  pooled_calib:  n0=1200 n1=1200
  pooled_eval:   n0=1200 n1=1200
  regions (for macro stats only): 2740
[INFO] Cosine baseline routed to direct Hadamard sum (PrecomputedCosine)
[INFO] WeightedEnsemble Cosine judge routed to direct Hadamard sum
  [WeightedEnsemble] Judges routed to 'alt' input: PrecomputedCosine
[WeightedEnsemble] Fitted split-calibrated ensemble (alpha=0.0500, external calib split into META/RISK_CALIB, normalization=h0_cdf):
  tau=0.854416, META: TPR=0.4367, FPR=0.0500, RISK_CALIB: TPR=0.3617, FPR=0.0500
  PrecomputedCosine       : +0.232294
  PCAWhitenedCosine       : +0.053751
  XGBoost                 : +0.705240
  LDA                     : +0.008715

Method                   | TPR    | FPR    | TrTPR  | TrFPR  | MacroTPR | MacroFPR | Regions | TauMean | ms   | OK? 
--------------------------------------------------------------------------------------------------------------------
Cosine                   | 0.1925 | 0.0550 | 0.2292 | 0.0500 | 0.2468   | 0.0621   | 1267    | 0.9853  | 38.3 | FAIL
AndBox-HC                | 0.1942 | 0.0617 | 0.2183 | 0.0500 | 0.2380   | 0.0663   | 1267    | 0.0000  | 60.6 | FAIL
HadamardCosine           | 0.1925 | 0.0550 | 0.2292 | 0.0500 | 0.2468   | 0.0621   | 1267    | 0.9853  | 51.9 | FAIL
PCAWhitenedCosine        | 0.2642 | 0.0483 | 0.2700 | 0.0500 | 0.2200   | 0.0682   | 1267    | 1.5674  | 42.5 | PASS
Vec (Wgt)                | 0.4233 | 0.0558 | 0.4675 | 0.0500 | 0.4069   | 0.0796   | 1267    | 0.9244  | 42.4 | FAIL
Log Reg                  | 0.2692 | 0.0542 | 0.2617 | 0.0500 | 0.2120   | 0.0659   | 1267    | 0.5023  | 56.4 | FAIL
LDA                      | 0.2858 | 0.0492 | 0.2992 | 0.0500 | 0.2496   | 0.0643   | 1267    | 9.1183  | 45.1 | PASS
Tiny MLP                 | 0.3158 | 0.0533 | 0.3225 | 0.0500 | 0.2542   | 0.0705   | 1267    | 0.8812  | 46.4 | FAIL
MultiProtoCosine         | 0.0675 | 0.0467 | 0.0600 | 0.0500 | 0.0615   | 0.0543   | 1267    | 0.9053  | 51.5 | PASS
WeightedEnsemble         | 0.3442 | 0.0433 | 0.3883 | 0.0500 | 0.3326   | 0.0593   | 1267    | 0.8386  | 72.1 | PASS
XGBoost                  | 0.2717 | 0.0425 | 0.2933 | 0.0500 | 0.2205   | 0.0561   | 1267    | 0.7655  | 62.1 | PASS
StabilizedWhitenedCosine | 0.2850 | 0.0500 | 0.2733 | 0.0500 | 0.2210   | 0.0664   | 1267    | 1.4336  | 51.9 | PASS

[trial=11 seed=53] GLOBAL mode — total_samples=96890
  total: h0=73638 h1=21058
  pooled_train:  n0=300 n1=300
  pooled_calib:  n0=1200 n1=1200
  pooled_eval:   n0=1200 n1=1200
  regions (for macro stats only): 2740
[INFO] Cosine baseline routed to direct Hadamard sum (PrecomputedCosine)
[INFO] WeightedEnsemble Cosine judge routed to direct Hadamard sum
  [WeightedEnsemble] Judges routed to 'alt' input: PrecomputedCosine
[WeightedEnsemble] Fitted split-calibrated ensemble (alpha=0.0500, external calib split into META/RISK_CALIB, normalization=h0_cdf):
  tau=0.868854, META: TPR=0.4083, FPR=0.0500, RISK_CALIB: TPR=0.4300, FPR=0.0500
  PrecomputedCosine       : +0.097203
  PCAWhitenedCosine       : +0.024151
  XGBoost                 : +0.160574
  LDA                     : +0.718072

Method                   | TPR    | FPR    | TrTPR  | TrFPR  | MacroTPR | MacroFPR | Regions | TauMean | ms   | OK? 
--------------------------------------------------------------------------------------------------------------------
Cosine                   | 0.1992 | 0.0367 | 0.2008 | 0.0500 | 0.2475   | 0.0479   | 1286    | 0.9881  | 38.6 | PASS
AndBox-HC                | 0.1942 | 0.0417 | 0.2017 | 0.0500 | 0.2326   | 0.0492   | 1286    | 0.0000  | 61.0 | PASS
HadamardCosine           | 0.1992 | 0.0367 | 0.2008 | 0.0500 | 0.2475   | 0.0479   | 1286    | 0.9881  | 53.2 | PASS
PCAWhitenedCosine        | 0.3025 | 0.0633 | 0.3092 | 0.0500 | 0.2656   | 0.0854   | 1286    | 1.2515  | 42.7 | FAIL
Vec (Wgt)                | 0.4033 | 0.0542 | 0.4383 | 0.0500 | 0.4052   | 0.0752   | 1286    | 0.9185  | 43.2 | FAIL
Log Reg                  | 0.2583 | 0.0450 | 0.2575 | 0.0500 | 0.1997   | 0.0635   | 1286    | 0.5020  | 57.6 | PASS
LDA                      | 0.3375 | 0.0600 | 0.3575 | 0.0500 | 0.2936   | 0.0840   | 1286    | 6.9184  | 45.8 | FAIL
Tiny MLP                 | 0.3725 | 0.0692 | 0.3758 | 0.0500 | 0.3101   | 0.0964   | 1286    | 0.8463  | 48.0 | FAIL
MultiProtoCosine         | 0.0942 | 0.0475 | 0.1008 | 0.0500 | 0.0829   | 0.0638   | 1286    | 0.9007  | 52.7 | PASS
WeightedEnsemble         | 0.3875 | 0.0558 | 0.4133 | 0.0500 | 0.3481   | 0.0777   | 1286    | 0.8771  | 72.5 | FAIL
XGBoost                  | 0.2642 | 0.0492 | 0.2575 | 0.0500 | 0.2241   | 0.0696   | 1286    | 0.7555  | 62.7 | PASS
StabilizedWhitenedCosine | 0.2500 | 0.0508 | 0.2517 | 0.0500 | 0.2006   | 0.0696   | 1286    | 1.3220  | 52.6 | FAIL

[trial=12 seed=54] GLOBAL mode — total_samples=96890
  total: h0=73638 h1=21058
  pooled_train:  n0=300 n1=300
  pooled_calib:  n0=1200 n1=1200
  pooled_eval:   n0=1200 n1=1200
  regions (for macro stats only): 2740
[INFO] Cosine baseline routed to direct Hadamard sum (PrecomputedCosine)
[INFO] WeightedEnsemble Cosine judge routed to direct Hadamard sum
  [WeightedEnsemble] Judges routed to 'alt' input: PrecomputedCosine
[WeightedEnsemble] Fitted split-calibrated ensemble (alpha=0.0500, external calib split into META/RISK_CALIB, normalization=h0_cdf):
  tau=0.878764, META: TPR=0.4533, FPR=0.0500, RISK_CALIB: TPR=0.3817, FPR=0.0500
  PrecomputedCosine       : +0.102565
  PCAWhitenedCosine       : +0.263560
  XGBoost                 : +0.600359
  LDA                     : +0.033515

Method                   | TPR    | FPR    | TrTPR  | TrFPR  | MacroTPR | MacroFPR | Regions | TauMean | ms   | OK? 
--------------------------------------------------------------------------------------------------------------------
Cosine                   | 0.1833 | 0.0408 | 0.2175 | 0.0500 | 0.2266   | 0.0522   | 1283    | 0.9897  | 39.1 | PASS
AndBox-HC                | 0.1825 | 0.0425 | 0.2125 | 0.0500 | 0.2176   | 0.0522   | 1283    | 0.0000  | 50.4 | PASS
HadamardCosine           | 0.1833 | 0.0408 | 0.2175 | 0.0500 | 0.2266   | 0.0522   | 1283    | 0.9897  | 52.6 | PASS
PCAWhitenedCosine        | 0.3417 | 0.0608 | 0.3533 | 0.0500 | 0.2980   | 0.0838   | 1283    | 1.2316  | 43.0 | FAIL
Vec (Wgt)                | 0.3858 | 0.0408 | 0.4375 | 0.0500 | 0.3784   | 0.0605   | 1283    | 0.9236  | 42.9 | PASS
Log Reg                  | 0.2850 | 0.0558 | 0.3200 | 0.0500 | 0.2328   | 0.0750   | 1283    | 0.5023  | 56.9 | FAIL
LDA                      | 0.3058 | 0.0400 | 0.3083 | 0.0500 | 0.2656   | 0.0557   | 1283    | 9.5968  | 45.3 | PASS
Tiny MLP                 | 0.3608 | 0.0575 | 0.3683 | 0.0500 | 0.3045   | 0.0790   | 1283    | 0.8775  | 46.9 | FAIL
MultiProtoCosine         | 0.0808 | 0.0508 | 0.0725 | 0.0500 | 0.0745   | 0.0607   | 1283    | 0.8991  | 52.2 | FAIL
WeightedEnsemble         | 0.3683 | 0.0542 | 0.4067 | 0.0500 | 0.3296   | 0.0745   | 1283    | 0.8782  | 72.4 | FAIL
XGBoost                  | 0.2942 | 0.0542 | 0.2975 | 0.0500 | 0.2424   | 0.0729   | 1283    | 0.7659  | 62.3 | FAIL
StabilizedWhitenedCosine | 0.2942 | 0.0533 | 0.3075 | 0.0500 | 0.2427   | 0.0729   | 1283    | 1.2944  | 51.9 | FAIL

[trial=13 seed=55] GLOBAL mode — total_samples=96890
  total: h0=73638 h1=21058
  pooled_train:  n0=300 n1=300
  pooled_calib:  n0=1200 n1=1200
  pooled_eval:   n0=1200 n1=1200
  regions (for macro stats only): 2740
[INFO] Cosine baseline routed to direct Hadamard sum (PrecomputedCosine)
[INFO] WeightedEnsemble Cosine judge routed to direct Hadamard sum
  [WeightedEnsemble] Judges routed to 'alt' input: PrecomputedCosine
[WeightedEnsemble] Fitted split-calibrated ensemble (alpha=0.0500, external calib split into META/RISK_CALIB, normalization=h0_cdf):
  tau=0.816869, META: TPR=0.4433, FPR=0.0500, RISK_CALIB: TPR=0.3967, FPR=0.0500
  PrecomputedCosine       : +0.291497
  PCAWhitenedCosine       : +0.348115
  XGBoost                 : +0.288405
  LDA                     : +0.071983

Method                   | TPR    | FPR    | TrTPR  | TrFPR  | MacroTPR | MacroFPR | Regions | TauMean | ms   | OK? 
--------------------------------------------------------------------------------------------------------------------
Cosine                   | 0.2350 | 0.0600 | 0.2242 | 0.0500 | 0.2810   | 0.0741   | 1299    | 0.9840  | 39.5 | FAIL
AndBox-HC                | 0.2392 | 0.0700 | 0.2317 | 0.0500 | 0.2811   | 0.0805   | 1299    | 0.0000  | 61.0 | FAIL
HadamardCosine           | 0.2350 | 0.0600 | 0.2242 | 0.0500 | 0.2810   | 0.0741   | 1299    | 0.9840  | 52.4 | FAIL
PCAWhitenedCosine        | 0.4125 | 0.0492 | 0.3717 | 0.0500 | 0.3382   | 0.0688   | 1299    | 1.2674  | 42.9 | PASS
Vec (Wgt)                | 0.4908 | 0.0842 | 0.4667 | 0.0500 | 0.4662   | 0.1187   | 1299    | 0.9149  | 43.3 | FAIL
Log Reg                  | 0.3225 | 0.0492 | 0.2842 | 0.0500 | 0.2481   | 0.0668   | 1299    | 0.5022  | 57.0 | PASS
LDA                      | 0.3033 | 0.0392 | 0.2750 | 0.0500 | 0.2551   | 0.0585   | 1299    | 9.3549  | 45.7 | PASS
Tiny MLP                 | 0.4017 | 0.0508 | 0.3467 | 0.0500 | 0.3300   | 0.0709   | 1299    | 0.8774  | 47.9 | FAIL
MultiProtoCosine         | 0.0808 | 0.0492 | 0.0642 | 0.0500 | 0.0692   | 0.0553   | 1299    | 0.9061  | 52.6 | PASS
WeightedEnsemble         | 0.4708 | 0.0642 | 0.4200 | 0.0500 | 0.4434   | 0.0834   | 1299    | 0.8090  | 72.5 | FAIL
XGBoost                  | 0.2808 | 0.0467 | 0.2167 | 0.0500 | 0.2294   | 0.0581   | 1299    | 0.7779  | 62.9 | PASS
StabilizedWhitenedCosine | 0.3558 | 0.0450 | 0.3067 | 0.0500 | 0.2791   | 0.0620   | 1299    | 1.3198  | 53.2 | PASS

[trial=14 seed=56] GLOBAL mode — total_samples=96890
  total: h0=73638 h1=21058
  pooled_train:  n0=300 n1=300
  pooled_calib:  n0=1200 n1=1200
  pooled_eval:   n0=1200 n1=1200
  regions (for macro stats only): 2740
[INFO] Cosine baseline routed to direct Hadamard sum (PrecomputedCosine)
[INFO] WeightedEnsemble Cosine judge routed to direct Hadamard sum
  [WeightedEnsemble] Judges routed to 'alt' input: PrecomputedCosine
[WeightedEnsemble] Fitted split-calibrated ensemble (alpha=0.0500, external calib split into META/RISK_CALIB, normalization=h0_cdf):
  tau=0.820514, META: TPR=0.4683, FPR=0.0500, RISK_CALIB: TPR=0.4117, FPR=0.0500
  PrecomputedCosine       : +0.220563
  PCAWhitenedCosine       : +0.030218
  XGBoost                 : +0.467439
  LDA                     : +0.281780

Method                   | TPR    | FPR    | TrTPR  | TrFPR  | MacroTPR | MacroFPR | Regions | TauMean | ms   | OK? 
--------------------------------------------------------------------------------------------------------------------
Cosine                   | 0.1867 | 0.0325 | 0.1775 | 0.0500 | 0.2405   | 0.0449   | 1280    | 0.9897  | 52.7 | PASS
AndBox-HC                | 0.1875 | 0.0400 | 0.1808 | 0.0500 | 0.2277   | 0.0461   | 1280    | 0.0000  | 53.2 | PASS
HadamardCosine           | 0.1867 | 0.0325 | 0.1775 | 0.0500 | 0.2405   | 0.0449   | 1280    | 0.9897  | 51.7 | PASS
PCAWhitenedCosine        | 0.3100 | 0.0500 | 0.3200 | 0.0500 | 0.2708   | 0.0685   | 1280    | 1.3050  | 42.4 | PASS
Vec (Wgt)                | 0.4283 | 0.0575 | 0.4233 | 0.0500 | 0.4221   | 0.0901   | 1280    | 0.9258  | 42.6 | FAIL
Log Reg                  | 0.2600 | 0.0525 | 0.2658 | 0.0500 | 0.2112   | 0.0686   | 1280    | 0.5023  | 56.9 | FAIL
LDA                      | 0.3575 | 0.0592 | 0.3542 | 0.0500 | 0.3233   | 0.0839   | 1280    | 7.6765  | 45.0 | FAIL
Tiny MLP                 | 0.3650 | 0.0508 | 0.3458 | 0.0500 | 0.3052   | 0.0703   | 1280    | 0.7711  | 47.3 | FAIL
MultiProtoCosine         | 0.0692 | 0.0525 | 0.0717 | 0.0500 | 0.0592   | 0.0573   | 1280    | 0.9010  | 52.2 | FAIL
WeightedEnsemble         | 0.4317 | 0.0592 | 0.4417 | 0.0500 | 0.4083   | 0.0831   | 1280    | 0.8207  | 71.9 | FAIL
XGBoost                  | 0.3200 | 0.0475 | 0.3158 | 0.0500 | 0.2553   | 0.0691   | 1280    | 0.7367  | 62.0 | PASS
StabilizedWhitenedCosine | 0.2467 | 0.0375 | 0.2442 | 0.0500 | 0.1982   | 0.0520   | 1280    | 1.4152  | 52.2 | PASS

[trial=15 seed=57] GLOBAL mode — total_samples=96890
  total: h0=73638 h1=21058
  pooled_train:  n0=300 n1=300
  pooled_calib:  n0=1200 n1=1200
  pooled_eval:   n0=1200 n1=1200
  regions (for macro stats only): 2740
[INFO] Cosine baseline routed to direct Hadamard sum (PrecomputedCosine)
[INFO] WeightedEnsemble Cosine judge routed to direct Hadamard sum
  [WeightedEnsemble] Judges routed to 'alt' input: PrecomputedCosine
[WeightedEnsemble] Fitted split-calibrated ensemble (alpha=0.0500, external calib split into META/RISK_CALIB, normalization=h0_cdf):
  tau=0.914248, META: TPR=0.4483, FPR=0.0500, RISK_CALIB: TPR=0.4033, FPR=0.0500
  PrecomputedCosine       : +0.050060
  PCAWhitenedCosine       : +0.687111
  XGBoost                 : +0.035424
  LDA                     : +0.227405

Method                   | TPR    | FPR    | TrTPR  | TrFPR  | MacroTPR | MacroFPR | Regions | TauMean | ms   | OK? 
--------------------------------------------------------------------------------------------------------------------
Cosine                   | 0.2142 | 0.0467 | 0.2042 | 0.0500 | 0.2613   | 0.0532   | 1279    | 0.9867  | 40.9 | PASS
AndBox-HC                | 0.1767 | 0.0425 | 0.1733 | 0.0500 | 0.2096   | 0.0440   | 1279    | 0.0000  | 50.8 | PASS
HadamardCosine           | 0.2142 | 0.0467 | 0.2042 | 0.0500 | 0.2613   | 0.0532   | 1279    | 0.9867  | 50.9 | PASS
PCAWhitenedCosine        | 0.3458 | 0.0717 | 0.3742 | 0.0500 | 0.2916   | 0.1015   | 1279    | 1.2139  | 43.0 | FAIL
Vec (Wgt)                | 0.4083 | 0.0475 | 0.4342 | 0.0500 | 0.3960   | 0.0687   | 1279    | 0.9230  | 42.1 | PASS
Log Reg                  | 0.2592 | 0.0533 | 0.2617 | 0.0500 | 0.2067   | 0.0731   | 1279    | 0.5024  | 57.7 | FAIL
LDA                      | 0.2900 | 0.0425 | 0.3117 | 0.0500 | 0.2532   | 0.0581   | 1279    | 9.0320  | 45.1 | PASS
Tiny MLP                 | 0.3775 | 0.0667 | 0.4092 | 0.0500 | 0.3167   | 0.0910   | 1279    | 0.8600  | 47.0 | FAIL
MultiProtoCosine         | 0.0658 | 0.0633 | 0.0842 | 0.0500 | 0.0571   | 0.0760   | 1279    | 0.9054  | 52.0 | FAIL
WeightedEnsemble         | 0.3833 | 0.0700 | 0.4208 | 0.0500 | 0.3297   | 0.0970   | 1279    | 0.9109  | 71.8 | FAIL
XGBoost                  | 0.2833 | 0.0600 | 0.3050 | 0.0500 | 0.2242   | 0.0831   | 1279    | 0.7636  | 62.0 | FAIL
StabilizedWhitenedCosine | 0.3467 | 0.0658 | 0.3583 | 0.0500 | 0.2862   | 0.0938   | 1279    | 1.1723  | 51.8 | FAIL

[trial=16 seed=58] GLOBAL mode — total_samples=96890
  total: h0=73638 h1=21058
  pooled_train:  n0=300 n1=300
  pooled_calib:  n0=1200 n1=1200
  pooled_eval:   n0=1200 n1=1200
  regions (for macro stats only): 2740
[INFO] Cosine baseline routed to direct Hadamard sum (PrecomputedCosine)
[INFO] WeightedEnsemble Cosine judge routed to direct Hadamard sum
  [WeightedEnsemble] Judges routed to 'alt' input: PrecomputedCosine
[WeightedEnsemble] Fitted split-calibrated ensemble (alpha=0.0500, external calib split into META/RISK_CALIB, normalization=h0_cdf):
  tau=0.835594, META: TPR=0.4117, FPR=0.0500, RISK_CALIB: TPR=0.3867, FPR=0.0500
  PrecomputedCosine       : +0.228364
  PCAWhitenedCosine       : +0.374205
  XGBoost                 : +0.382656
  LDA                     : +0.014775

Method                   | TPR    | FPR    | TrTPR  | TrFPR  | MacroTPR | MacroFPR | Regions | TauMean | ms   | OK? 
--------------------------------------------------------------------------------------------------------------------
Cosine                   | 0.2175 | 0.0600 | 0.2242 | 0.0500 | 0.2761   | 0.0738   | 1295    | 0.9841  | 64.7 | FAIL
AndBox-HC                | 0.2167 | 0.0533 | 0.2133 | 0.0500 | 0.2700   | 0.0665   | 1295    | -0.0000 | 44.7 | FAIL
HadamardCosine           | 0.2175 | 0.0600 | 0.2242 | 0.0500 | 0.2761   | 0.0738   | 1295    | 0.9841  | 53.0 | FAIL
PCAWhitenedCosine        | 0.3458 | 0.0533 | 0.3542 | 0.0500 | 0.2896   | 0.0762   | 1295    | 1.3355  | 43.0 | FAIL
Vec (Wgt)                | 0.4467 | 0.0417 | 0.4217 | 0.0500 | 0.4311   | 0.0578   | 1295    | 0.9135  | 43.0 | PASS
Log Reg                  | 0.2900 | 0.0483 | 0.2725 | 0.0500 | 0.2232   | 0.0715   | 1295    | 0.5024  | 57.2 | PASS
LDA                      | 0.3200 | 0.0517 | 0.3133 | 0.0500 | 0.2683   | 0.0774   | 1295    | 9.9673  | 45.7 | FAIL
Tiny MLP                 | 0.3442 | 0.0442 | 0.3283 | 0.0500 | 0.2780   | 0.0657   | 1295    | 0.8807  | 47.9 | PASS
MultiProtoCosine         | 0.0717 | 0.0450 | 0.0650 | 0.0500 | 0.0578   | 0.0579   | 1295    | 0.9058  | 52.6 | PASS
WeightedEnsemble         | 0.4225 | 0.0450 | 0.4058 | 0.0500 | 0.3794   | 0.0619   | 1295    | 0.8268  | 72.3 | PASS
XGBoost                  | 0.2917 | 0.0500 | 0.2750 | 0.0500 | 0.2089   | 0.0679   | 1295    | 0.7816  | 62.1 | PASS
StabilizedWhitenedCosine | 0.3317 | 0.0508 | 0.3075 | 0.0500 | 0.2681   | 0.0762   | 1295    | 1.2553  | 52.1 | FAIL

[trial=17 seed=59] GLOBAL mode — total_samples=96890
  total: h0=73638 h1=21058
  pooled_train:  n0=300 n1=300
  pooled_calib:  n0=1200 n1=1200
  pooled_eval:   n0=1200 n1=1200
  regions (for macro stats only): 2740
[INFO] Cosine baseline routed to direct Hadamard sum (PrecomputedCosine)
[INFO] WeightedEnsemble Cosine judge routed to direct Hadamard sum
  [WeightedEnsemble] Judges routed to 'alt' input: PrecomputedCosine
[WeightedEnsemble] Fitted split-calibrated ensemble (alpha=0.0500, external calib split into META/RISK_CALIB, normalization=h0_cdf):
  tau=0.828210, META: TPR=0.4233, FPR=0.0500, RISK_CALIB: TPR=0.3800, FPR=0.0500
  PrecomputedCosine       : +0.212151
  PCAWhitenedCosine       : +0.329897
  XGBoost                 : +0.411413
  LDA                     : +0.046538

Method                   | TPR    | FPR    | TrTPR  | TrFPR  | MacroTPR | MacroFPR | Regions | TauMean | ms   | OK? 
--------------------------------------------------------------------------------------------------------------------
Cosine                   | 0.2158 | 0.0567 | 0.2017 | 0.0500 | 0.2566   | 0.0710   | 1278    | 0.9843  | 38.9 | FAIL
AndBox-HC                | 0.2058 | 0.0567 | 0.1958 | 0.0500 | 0.2391   | 0.0677   | 1278    | 0.0000  | 50.1 | FAIL
HadamardCosine           | 0.2158 | 0.0567 | 0.2017 | 0.0500 | 0.2566   | 0.0710   | 1278    | 0.9843  | 52.1 | FAIL
PCAWhitenedCosine        | 0.2717 | 0.0575 | 0.2850 | 0.0500 | 0.2146   | 0.0759   | 1278    | 1.3660  | 42.9 | FAIL
Vec (Wgt)                | 0.3892 | 0.0525 | 0.3958 | 0.0500 | 0.3784   | 0.0770   | 1278    | 0.9209  | 43.1 | FAIL
Log Reg                  | 0.2275 | 0.0542 | 0.2233 | 0.0500 | 0.1876   | 0.0749   | 1278    | 0.5026  | 56.9 | FAIL
LDA                      | 0.2967 | 0.0550 | 0.3067 | 0.0500 | 0.2453   | 0.0774   | 1278    | 9.2853  | 45.6 | FAIL
Tiny MLP                 | 0.2867 | 0.0500 | 0.2950 | 0.0500 | 0.2273   | 0.0629   | 1278    | 0.8780  | 47.0 | PASS
MultiProtoCosine         | 0.0533 | 0.0383 | 0.0592 | 0.0500 | 0.0498   | 0.0380   | 1278    | 0.9060  | 51.8 | PASS
WeightedEnsemble         | 0.4008 | 0.0550 | 0.4058 | 0.0500 | 0.3697   | 0.0813   | 1278    | 0.8246  | 72.4 | FAIL
XGBoost                  | 0.2692 | 0.0442 | 0.2992 | 0.0500 | 0.2061   | 0.0607   | 1278    | 0.7544  | 62.5 | PASS
StabilizedWhitenedCosine | 0.2400 | 0.0442 | 0.2508 | 0.0500 | 0.1995   | 0.0581   | 1278    | 1.3936  | 52.4 | PASS

[trial=18 seed=60] GLOBAL mode — total_samples=96890
  total: h0=73638 h1=21058
  pooled_train:  n0=300 n1=300
  pooled_calib:  n0=1200 n1=1200
  pooled_eval:   n0=1200 n1=1200
  regions (for macro stats only): 2740
[INFO] Cosine baseline routed to direct Hadamard sum (PrecomputedCosine)
[INFO] WeightedEnsemble Cosine judge routed to direct Hadamard sum
  [WeightedEnsemble] Judges routed to 'alt' input: PrecomputedCosine
[WeightedEnsemble] Fitted split-calibrated ensemble (alpha=0.0500, external calib split into META/RISK_CALIB, normalization=h0_cdf):
  tau=0.859335, META: TPR=0.4017, FPR=0.0500, RISK_CALIB: TPR=0.4250, FPR=0.0500
  PrecomputedCosine       : +0.103341
  PCAWhitenedCosine       : +0.334074
  XGBoost                 : +0.422031
  LDA                     : +0.140554

Method                   | TPR    | FPR    | TrTPR  | TrFPR  | MacroTPR | MacroFPR | Regions | TauMean | ms   | OK? 
--------------------------------------------------------------------------------------------------------------------
Cosine                   | 0.2008 | 0.0567 | 0.1992 | 0.0500 | 0.2543   | 0.0651   | 1282    | 0.9859  | 38.9 | FAIL
AndBox-HC                | 0.1950 | 0.0583 | 0.1883 | 0.0500 | 0.2415   | 0.0663   | 1282    | -0.0000 | 60.3 | FAIL
HadamardCosine           | 0.2008 | 0.0567 | 0.1992 | 0.0500 | 0.2543   | 0.0651   | 1282    | 0.9859  | 52.4 | FAIL
PCAWhitenedCosine        | 0.3408 | 0.0567 | 0.3683 | 0.0500 | 0.2825   | 0.0788   | 1282    | 1.2126  | 43.2 | FAIL
Vec (Wgt)                | 0.4508 | 0.0750 | 0.4625 | 0.0500 | 0.4437   | 0.1009   | 1282    | 0.9200  | 43.0 | FAIL
Log Reg                  | 0.2617 | 0.0550 | 0.2992 | 0.0500 | 0.2053   | 0.0752   | 1282    | 0.5018  | 56.8 | FAIL
LDA                      | 0.3250 | 0.0508 | 0.3342 | 0.0500 | 0.2756   | 0.0671   | 1282    | 7.5965  | 45.3 | FAIL
Tiny MLP                 | 0.3367 | 0.0550 | 0.3625 | 0.0500 | 0.2757   | 0.0737   | 1282    | 0.8368  | 47.2 | FAIL
MultiProtoCosine         | 0.0517 | 0.0408 | 0.0542 | 0.0500 | 0.0517   | 0.0519   | 1282    | 0.9118  | 53.2 | PASS
WeightedEnsemble         | 0.4175 | 0.0583 | 0.4250 | 0.0500 | 0.3784   | 0.0803   | 1282    | 0.8595  | 72.3 | FAIL
XGBoost                  | 0.2842 | 0.0633 | 0.2942 | 0.0500 | 0.2470   | 0.0850   | 1282    | 0.7414  | 62.3 | FAIL
StabilizedWhitenedCosine | 0.2725 | 0.0608 | 0.3050 | 0.0500 | 0.2130   | 0.0815   | 1282    | 1.2812  | 52.5 | FAIL

[trial=19 seed=61] GLOBAL mode — total_samples=96890
  total: h0=73638 h1=21058
  pooled_train:  n0=300 n1=300
  pooled_calib:  n0=1200 n1=1200
  pooled_eval:   n0=1200 n1=1200
  regions (for macro stats only): 2740
[INFO] Cosine baseline routed to direct Hadamard sum (PrecomputedCosine)
[INFO] WeightedEnsemble Cosine judge routed to direct Hadamard sum
  [WeightedEnsemble] Judges routed to 'alt' input: PrecomputedCosine
[WeightedEnsemble] Fitted split-calibrated ensemble (alpha=0.0500, external calib split into META/RISK_CALIB, normalization=h0_cdf):
  tau=0.857062, META: TPR=0.4167, FPR=0.0500, RISK_CALIB: TPR=0.3667, FPR=0.0500
  PrecomputedCosine       : +0.137658
  PCAWhitenedCosine       : +0.285312
  XGBoost                 : +0.402546
  LDA                     : +0.174484

Method                   | TPR    | FPR    | TrTPR  | TrFPR  | MacroTPR | MacroFPR | Regions | TauMean | ms   | OK? 
--------------------------------------------------------------------------------------------------------------------
Cosine                   | 0.1967 | 0.0458 | 0.2000 | 0.0500 | 0.2375   | 0.0569   | 1268    | 0.9868  | 50.0 | PASS
AndBox-HC                | 0.1917 | 0.0458 | 0.1950 | 0.0500 | 0.2273   | 0.0546   | 1268    | 0.0000  | 41.9 | PASS
HadamardCosine           | 0.1967 | 0.0458 | 0.2000 | 0.0500 | 0.2375   | 0.0569   | 1268    | 0.9868  | 40.3 | PASS
PCAWhitenedCosine        | 0.2875 | 0.0467 | 0.3258 | 0.0500 | 0.2606   | 0.0608   | 1268    | 1.2347  | 35.5 | PASS
Vec (Wgt)                | 0.4033 | 0.0583 | 0.4300 | 0.0500 | 0.3900   | 0.0867   | 1268    | 0.9247  | 42.8 | FAIL
Log Reg                  | 0.2742 | 0.0675 | 0.2908 | 0.0500 | 0.2222   | 0.0807   | 1268    | 0.5019  | 57.2 | FAIL
LDA                      | 0.3058 | 0.0517 | 0.3033 | 0.0500 | 0.2805   | 0.0764   | 1268    | 7.5356  | 44.8 | FAIL
Tiny MLP                 | 0.3233 | 0.0567 | 0.3392 | 0.0500 | 0.2820   | 0.0778   | 1268    | 0.8020  | 46.8 | FAIL
MultiProtoCosine         | 0.0550 | 0.0417 | 0.0558 | 0.0500 | 0.0420   | 0.0468   | 1268    | 0.9088  | 51.5 | PASS
WeightedEnsemble         | 0.3792 | 0.0450 | 0.3875 | 0.0500 | 0.3510   | 0.0618   | 1268    | 0.8509  | 71.3 | PASS
XGBoost                  | 0.2758 | 0.0442 | 0.2725 | 0.0500 | 0.2349   | 0.0619   | 1268    | 0.7329  | 61.8 | PASS
StabilizedWhitenedCosine | 0.2858 | 0.0592 | 0.2975 | 0.0500 | 0.2348   | 0.0788   | 1268    | 1.2063  | 51.7 | FAIL

=== Ranking by mean micro TPR (UNCONSTRAINED) ===
 1. Vec (Wgt)          TPR=0.4179±0.0303 FPR=0.0536±0.0122 [FAIL]
 2. WeightedEnsemble   TPR=0.3984±0.0348 FPR=0.0541±0.0098 [FAIL]
 3. Tiny MLP           TPR=0.3513±0.0328 FPR=0.0528±0.0084 [FAIL]
 4. PCAWhitenedCosine  TPR=0.3222±0.0400 FPR=0.0522±0.0097 [FAIL]
 5. LDA                TPR=0.3122±0.0346 FPR=0.0474±0.0071 [PASS]
 6. StabilizedWhitenedCosine TPR=0.2982±0.0362 FPR=0.0519±0.0078 [FAIL]
 7. XGBoost            TPR=0.2885±0.0181 FPR=0.0496±0.0059 [PASS]
 8. Log Reg            TPR=0.2740±0.0335 FPR=0.0532±0.0083 [FAIL]
 9. Cosine             TPR=0.2070±0.0147 FPR=0.0476±0.0086 [PASS]
10. HadamardCosine     TPR=0.2070±0.0147 FPR=0.0476±0.0086 [PASS]
11. AndBox-HC          TPR=0.1933±0.0203 FPR=0.0482±0.0098 [PASS]
12. MultiProtoCosine   TPR=0.0658±0.0137 FPR=0.0498±0.0083 [PASS]

=== Ranking by mean micro TPR (CONSTRAINED: FPR <= alpha) ===
 1. LDA                TPR=0.3122±0.0346 FPR=0.0474±0.0071
 2. XGBoost            TPR=0.2885±0.0181 FPR=0.0496±0.0059
 3. Cosine             TPR=0.2070±0.0147 FPR=0.0476±0.0086
 4. HadamardCosine     TPR=0.2070±0.0147 FPR=0.0476±0.0086
 5. AndBox-HC          TPR=0.1933±0.0203 FPR=0.0482±0.0098
 6. MultiProtoCosine   TPR=0.0658±0.0137 FPR=0.0498±0.0083
[CSV] Saved: /home/malmatal/Projects/Multi_Dim_Threshold/NeighborCache/outputs/region_local_threshold/run_20260511_152654/trial_summary.csv
[JSON] Saved: /home/malmatal/Projects/Multi_Dim_Threshold/NeighborCache/outputs/region_local_threshold/run_20260511_152654/ranking.json
[CSV] Saved: /home/malmatal/Projects/Multi_Dim_Threshold/NeighborCache/outputs/region_local_threshold/run_20260511_152654/weighted_ensemble_meta_weights.csv
[JSON] Saved: /home/malmatal/Projects/Multi_Dim_Threshold/NeighborCache/outputs/region_local_threshold/run_20260511_152654/notes.json

Best (constrained FPR <= alpha): LDA
[Done] outputs at: /home/malmatal/Projects/Multi_Dim_Threshold/NeighborCache/outputs/region_local_threshold/run_20260511_152654

Task 14 completed successfully.
