------------------------------------
Mon 11 May 2026 15:24:29 IDT
SLURM_JOBID:		17480366
SLURM_JOB_NODELIST:	ise-4090-07
SLURM_SCRATCH_DIR:	/scratch/malmatal/17480366
Allocated Resouces:	cpu - 4 / mem - 32768 MB / gpu - 0
SLURM_GPU_INDEX:	0
Running as malmatal from gilein account with normal QOS
------------------------------------
SLURM_JOB_ID=17480366
SLURM_ARRAY_TASK_ID=11
HOSTNAME=ise-4090-07.auth.ad.bgu.ac.il
DATE=2026-05-11T15:24:29+03:00
EXP_ROOT=NeighborCache/results/paper_normal_20260511_145721
COMMANDS_FILE=NeighborCache/results/paper_normal_20260511_145721/commands.txt
Running command:
/home/malmatal/.conda/envs/ec/bin/python -m NeighborCache.region_local_threshold.cli --data NeighborCache/data/h1h0_final.npz --region_key global_cluster --alpha 0.05 --tau_mode global --n_trials 20 --seed 42 --n_train 700 --n_calib 1200 --n_eval 1200 --hadamard_preprocess

[INFO] Using features key='emb' dim=1024
[INFO] Applied Hadamard preprocessing (strategy=centroid_nearest, use_delta_vec=False, use_abs_diff=False) to X_main

=== Region Threshold Benchmark ===
dataset_npz=NeighborCache/data/h1h0_final.npz
region_key=global_cluster (resolved=global_cluster, unique=1103)
features=emb+hadamard rows=200000 dim=1024
text_pairs=text+region_anchor[centroid_nearest]
alpha=0.05 tie_mode=ge trials=20 base_seed=42
tau_mode=global
hadamard_preprocess=True
abs_diff_only_preprocess=False
use_delta_vec=False
use_abs_diff=False
normalize_data=False
filter_policy=none
train_cosine_policy_active=False
caps: train=700 calib=1200 eval=1200
mins: min_h0_eval=20 min_h1_eval=20
run_dir=/home/malmatal/Projects/Multi_Dim_Threshold/NeighborCache/outputs/region_local_threshold/run_20260511_152439

[trial=0 seed=42] GLOBAL mode — total_samples=200000
  total: h0=82063 h1=15019
  pooled_train:  n0=700 n1=700
  pooled_calib:  n0=1200 n1=1200
  pooled_eval:   n0=1200 n1=1200
  regions (for macro stats only): 1103
[INFO] Cosine baseline routed to direct Hadamard sum (PrecomputedCosine)
[INFO] WeightedEnsemble Cosine judge routed to direct Hadamard sum
  [WeightedEnsemble] Judges routed to 'alt' input: PrecomputedCosine
[WeightedEnsemble] Fitted split-calibrated ensemble (alpha=0.0500, external calib split into META/RISK_CALIB, normalization=h0_cdf):
  tau=0.924288, META: TPR=0.5833, FPR=0.0500, RISK_CALIB: TPR=0.5283, FPR=0.0500
  PrecomputedCosine       : +0.009040
  PCAWhitenedCosine       : +0.538217
  XGBoost                 : +0.159297
  LDA                     : +0.293446

Method                   | TPR    | FPR    | TrTPR  | TrFPR  | MacroTPR | MacroFPR | Regions | TauMean | ms   | OK? 
--------------------------------------------------------------------------------------------------------------------
Cosine                   | 0.4575 | 0.0508 | 0.4617 | 0.0500 | 0.4125   | 0.0642   | 852     | 0.9570  | 29.0 | FAIL
AndBox-HC                | 0.4608 | 0.0567 | 0.4667 | 0.0500 | 0.4174   | 0.0709   | 852     | 0.0000  | 53.5 | FAIL
HadamardCosine           | 0.4575 | 0.0508 | 0.4617 | 0.0500 | 0.4125   | 0.0642   | 852     | 0.9570  | 34.7 | FAIL
PCAWhitenedCosine        | 0.5083 | 0.0433 | 0.5217 | 0.0500 | 0.4153   | 0.0609   | 852     | 0.9625  | 30.4 | PASS
Vec (Wgt)                | 0.5008 | 0.0517 | 0.5075 | 0.0500 | 0.4404   | 0.0669   | 852     | 0.9370  | 30.0 | FAIL
Log Reg                  | 0.2833 | 0.0492 | 0.2717 | 0.0500 | 0.2392   | 0.0693   | 852     | 0.5059  | 37.9 | PASS
LDA                      | 0.4775 | 0.0433 | 0.4833 | 0.0500 | 0.3913   | 0.0578   | 852     | 4.5548  | 32.5 | PASS
Tiny MLP                 | 0.5200 | 0.0442 | 0.5242 | 0.0500 | 0.4282   | 0.0610   | 852     | 0.8530  | 34.5 | PASS
MultiProtoCosine         | 0.0883 | 0.0617 | 0.0883 | 0.0500 | 0.0738   | 0.0684   | 852     | 0.9236  | 38.2 | FAIL
WeightedEnsemble         | 0.5383 | 0.0400 | 0.5558 | 0.0500 | 0.4473   | 0.0581   | 852     | 0.9240  | 59.7 | PASS
XGBoost                  | 0.5133 | 0.0608 | 0.5058 | 0.0500 | 0.4491   | 0.0766   | 852     | 0.6883  | 53.8 | FAIL
StabilizedWhitenedCosine | 0.5108 | 0.0475 | 0.5200 | 0.0500 | 0.4259   | 0.0665   | 852     | 0.8964  | 34.6 | PASS

[trial=1 seed=43] GLOBAL mode — total_samples=200000
  total: h0=82063 h1=15019
  pooled_train:  n0=700 n1=700
  pooled_calib:  n0=1200 n1=1200
  pooled_eval:   n0=1200 n1=1200
  regions (for macro stats only): 1103
[INFO] Cosine baseline routed to direct Hadamard sum (PrecomputedCosine)
[INFO] WeightedEnsemble Cosine judge routed to direct Hadamard sum
  [WeightedEnsemble] Judges routed to 'alt' input: PrecomputedCosine
[WeightedEnsemble] Fitted split-calibrated ensemble (alpha=0.0500, external calib split into META/RISK_CALIB, normalization=h0_cdf):
  tau=0.946332, META: TPR=0.6233, FPR=0.0500, RISK_CALIB: TPR=0.5050, FPR=0.0500
  PrecomputedCosine       : +0.083738
  PCAWhitenedCosine       : +0.490660
  XGBoost                 : +0.024228
  LDA                     : +0.401374

Method                   | TPR    | FPR    | TrTPR  | TrFPR  | MacroTPR | MacroFPR | Regions | TauMean | ms   | OK? 
--------------------------------------------------------------------------------------------------------------------
Cosine                   | 0.4783 | 0.0558 | 0.4742 | 0.0500 | 0.4403   | 0.0842   | 833     | 0.9504  | 28.6 | FAIL
AndBox-HC                | 0.4617 | 0.0567 | 0.4592 | 0.0500 | 0.4269   | 0.0859   | 833     | -0.0000 | 44.5 | FAIL
HadamardCosine           | 0.4783 | 0.0558 | 0.4742 | 0.0500 | 0.4403   | 0.0842   | 833     | 0.9504  | 34.2 | FAIL
PCAWhitenedCosine        | 0.5825 | 0.0658 | 0.5567 | 0.0500 | 0.4814   | 0.0911   | 833     | 0.8106  | 29.7 | FAIL
Vec (Wgt)                | 0.5125 | 0.0592 | 0.5050 | 0.0500 | 0.4685   | 0.0902   | 833     | 0.9313  | 29.3 | FAIL
Log Reg                  | 0.2058 | 0.0442 | 0.2342 | 0.0500 | 0.1886   | 0.0646   | 833     | 0.5073  | 37.3 | PASS
LDA                      | 0.5267 | 0.0608 | 0.5100 | 0.0500 | 0.4297   | 0.0765   | 833     | 4.8862  | 32.1 | FAIL
Tiny MLP                 | 0.5817 | 0.0658 | 0.5625 | 0.0500 | 0.4796   | 0.0869   | 833     | 0.8308  | 34.2 | FAIL
MultiProtoCosine         | 0.0717 | 0.0358 | 0.0817 | 0.0500 | 0.0639   | 0.0403   | 833     | 0.9233  | 37.7 | PASS
WeightedEnsemble         | 0.5700 | 0.0550 | 0.5508 | 0.0500 | 0.4644   | 0.0756   | 833     | 0.9397  | 59.4 | FAIL
XGBoost                  | 0.5267 | 0.0633 | 0.5192 | 0.0500 | 0.4635   | 0.0915   | 833     | 0.6782  | 53.3 | FAIL
StabilizedWhitenedCosine | 0.5775 | 0.0608 | 0.5500 | 0.0500 | 0.4889   | 0.0922   | 833     | 0.7896  | 34.1 | FAIL

[trial=2 seed=44] GLOBAL mode — total_samples=200000
  total: h0=82063 h1=15019
  pooled_train:  n0=700 n1=700
  pooled_calib:  n0=1200 n1=1200
  pooled_eval:   n0=1200 n1=1200
  regions (for macro stats only): 1103
[INFO] Cosine baseline routed to direct Hadamard sum (PrecomputedCosine)
[INFO] WeightedEnsemble Cosine judge routed to direct Hadamard sum
  [WeightedEnsemble] Judges routed to 'alt' input: PrecomputedCosine
[WeightedEnsemble] Fitted split-calibrated ensemble (alpha=0.0500, external calib split into META/RISK_CALIB, normalization=h0_cdf):
  tau=0.936927, META: TPR=0.6083, FPR=0.0500, RISK_CALIB: TPR=0.5283, FPR=0.0500
  PrecomputedCosine       : +0.023227
  PCAWhitenedCosine       : +0.014300
  XGBoost                 : +0.714273
  LDA                     : +0.248200

Method                   | TPR    | FPR    | TrTPR  | TrFPR  | MacroTPR | MacroFPR | Regions | TauMean | ms   | OK? 
--------------------------------------------------------------------------------------------------------------------
Cosine                   | 0.4667 | 0.0508 | 0.4650 | 0.0500 | 0.4424   | 0.0750   | 842     | 0.9593  | 42.6 | FAIL
AndBox-HC                | 0.4417 | 0.0425 | 0.4300 | 0.0500 | 0.4189   | 0.0619   | 842     | 0.0000  | 48.2 | PASS
HadamardCosine           | 0.4667 | 0.0508 | 0.4650 | 0.0500 | 0.4424   | 0.0750   | 842     | 0.9593  | 34.2 | FAIL
PCAWhitenedCosine        | 0.4808 | 0.0492 | 0.4683 | 0.0500 | 0.3897   | 0.0783   | 842     | 0.9603  | 30.0 | PASS
Vec (Wgt)                | 0.5083 | 0.0500 | 0.5083 | 0.0500 | 0.4699   | 0.0808   | 842     | 0.9451  | 29.7 | PASS
Log Reg                  | 0.2333 | 0.0517 | 0.2317 | 0.0500 | 0.2117   | 0.0805   | 842     | 0.5067  | 38.0 | FAIL
LDA                      | 0.4958 | 0.0483 | 0.4833 | 0.0500 | 0.4024   | 0.0731   | 842     | 4.0981  | 32.5 | PASS
Tiny MLP                 | 0.5025 | 0.0483 | 0.5000 | 0.0500 | 0.4094   | 0.0747   | 842     | 0.8357  | 34.5 | PASS
MultiProtoCosine         | 0.0758 | 0.0542 | 0.0733 | 0.0500 | 0.0579   | 0.0664   | 842     | 0.9224  | 38.1 | FAIL
WeightedEnsemble         | 0.5475 | 0.0550 | 0.5575 | 0.0500 | 0.4813   | 0.0845   | 842     | 0.9340  | 59.7 | FAIL
XGBoost                  | 0.5275 | 0.0583 | 0.5242 | 0.0500 | 0.4864   | 0.0847   | 842     | 0.6664  | 53.5 | FAIL
StabilizedWhitenedCosine | 0.5133 | 0.0483 | 0.4850 | 0.0500 | 0.4236   | 0.0784   | 842     | 0.8454  | 34.5 | PASS

[trial=3 seed=45] GLOBAL mode — total_samples=200000
  total: h0=82063 h1=15019
  pooled_train:  n0=700 n1=700
  pooled_calib:  n0=1200 n1=1200
  pooled_eval:   n0=1200 n1=1200
  regions (for macro stats only): 1103
[INFO] Cosine baseline routed to direct Hadamard sum (PrecomputedCosine)
[INFO] WeightedEnsemble Cosine judge routed to direct Hadamard sum
  [WeightedEnsemble] Judges routed to 'alt' input: PrecomputedCosine
[WeightedEnsemble] Fitted split-calibrated ensemble (alpha=0.0500, external calib split into META/RISK_CALIB, normalization=h0_cdf):
  tau=0.929121, META: TPR=0.5683, FPR=0.0500, RISK_CALIB: TPR=0.4883, FPR=0.0500
  PrecomputedCosine       : +0.039533
  PCAWhitenedCosine       : +0.164266
  XGBoost                 : +0.531343
  LDA                     : +0.264858

Method                   | TPR    | FPR    | TrTPR  | TrFPR  | MacroTPR | MacroFPR | Regions | TauMean | ms   | OK? 
--------------------------------------------------------------------------------------------------------------------
Cosine                   | 0.4583 | 0.0483 | 0.4425 | 0.0500 | 0.4108   | 0.0668   | 820     | 0.9693  | 28.5 | PASS
AndBox-HC                | 0.3767 | 0.0483 | 0.3475 | 0.0500 | 0.3350   | 0.0645   | 820     | 0.0001  | 38.6 | PASS
HadamardCosine           | 0.4583 | 0.0483 | 0.4425 | 0.0500 | 0.4108   | 0.0668   | 820     | 0.9693  | 34.2 | PASS
PCAWhitenedCosine        | 0.5067 | 0.0425 | 0.4842 | 0.0500 | 0.4197   | 0.0530   | 820     | 1.0498  | 29.7 | PASS
Vec (Wgt)                | 0.5058 | 0.0500 | 0.4833 | 0.0500 | 0.4385   | 0.0715   | 820     | 0.9506  | 29.2 | PASS
Log Reg                  | 0.2208 | 0.0417 | 0.2208 | 0.0500 | 0.1833   | 0.0585   | 820     | 0.5081  | 37.1 | PASS
LDA                      | 0.5083 | 0.0475 | 0.4625 | 0.0500 | 0.4206   | 0.0591   | 820     | 5.6047  | 31.9 | PASS
Tiny MLP                 | 0.5275 | 0.0433 | 0.4925 | 0.0500 | 0.4398   | 0.0574   | 820     | 0.8880  | 34.1 | PASS
MultiProtoCosine         | 0.0900 | 0.0417 | 0.0667 | 0.0500 | 0.0653   | 0.0547   | 820     | 0.9226  | 37.5 | PASS
WeightedEnsemble         | 0.5775 | 0.0508 | 0.5350 | 0.0500 | 0.4877   | 0.0675   | 820     | 0.9201  | 59.1 | FAIL
XGBoost                  | 0.5067 | 0.0475 | 0.4858 | 0.0500 | 0.4258   | 0.0643   | 820     | 0.7120  | 56.0 | PASS
StabilizedWhitenedCosine | 0.5142 | 0.0433 | 0.4917 | 0.0500 | 0.4201   | 0.0585   | 820     | 1.0221  | 34.2 | PASS

[trial=4 seed=46] GLOBAL mode — total_samples=200000
  total: h0=82063 h1=15019
  pooled_train:  n0=700 n1=700
  pooled_calib:  n0=1200 n1=1200
  pooled_eval:   n0=1200 n1=1200
  regions (for macro stats only): 1103
[INFO] Cosine baseline routed to direct Hadamard sum (PrecomputedCosine)
[INFO] WeightedEnsemble Cosine judge routed to direct Hadamard sum
  [WeightedEnsemble] Judges routed to 'alt' input: PrecomputedCosine
[WeightedEnsemble] Fitted split-calibrated ensemble (alpha=0.0500, external calib split into META/RISK_CALIB, normalization=h0_cdf):
  tau=0.914496, META: TPR=0.5733, FPR=0.0500, RISK_CALIB: TPR=0.5783, FPR=0.0500
  PrecomputedCosine       : +0.172060
  PCAWhitenedCosine       : +0.485307
  XGBoost                 : +0.049119
  LDA                     : +0.293514

Method                   | TPR    | FPR    | TrTPR  | TrFPR  | MacroTPR | MacroFPR | Regions | TauMean | ms   | OK? 
--------------------------------------------------------------------------------------------------------------------
Cosine                   | 0.4942 | 0.0600 | 0.4983 | 0.0500 | 0.4754   | 0.0946   | 843     | 0.9416  | 28.5 | FAIL
AndBox-HC                | 0.4892 | 0.0583 | 0.4908 | 0.0500 | 0.4713   | 0.0875   | 843     | 0.0000  | 38.7 | FAIL
HadamardCosine           | 0.4942 | 0.0600 | 0.4983 | 0.0500 | 0.4754   | 0.0946   | 843     | 0.9416  | 34.8 | FAIL
PCAWhitenedCosine        | 0.5525 | 0.0675 | 0.5583 | 0.0500 | 0.4947   | 0.1025   | 843     | 0.7825  | 30.3 | FAIL
Vec (Wgt)                | 0.5408 | 0.0633 | 0.5492 | 0.0500 | 0.5187   | 0.0978   | 843     | 0.9106  | 29.9 | FAIL
Log Reg                  | 0.2633 | 0.0717 | 0.2775 | 0.0500 | 0.2441   | 0.0873   | 843     | 0.5054  | 38.2 | FAIL
LDA                      | 0.4733 | 0.0558 | 0.5142 | 0.0500 | 0.4105   | 0.0783   | 843     | 4.4410  | 32.5 | FAIL
Tiny MLP                 | 0.5150 | 0.0625 | 0.5408 | 0.0500 | 0.4487   | 0.0906   | 843     | 0.8708  | 34.6 | FAIL
MultiProtoCosine         | 0.0917 | 0.0667 | 0.0908 | 0.0500 | 0.0771   | 0.0709   | 843     | 0.9205  | 38.0 | FAIL
WeightedEnsemble         | 0.5550 | 0.0558 | 0.5733 | 0.0500 | 0.4973   | 0.0877   | 843     | 0.9186  | 59.4 | FAIL
XGBoost                  | 0.5233 | 0.0592 | 0.5358 | 0.0500 | 0.4845   | 0.0894   | 843     | 0.6731  | 53.2 | FAIL
StabilizedWhitenedCosine | 0.5750 | 0.0633 | 0.5658 | 0.0500 | 0.5186   | 0.0960   | 843     | 0.7517  | 34.3 | FAIL

[trial=5 seed=47] GLOBAL mode — total_samples=200000
  total: h0=82063 h1=15019
  pooled_train:  n0=700 n1=700
  pooled_calib:  n0=1200 n1=1200
  pooled_eval:   n0=1200 n1=1200
  regions (for macro stats only): 1103
[INFO] Cosine baseline routed to direct Hadamard sum (PrecomputedCosine)
[INFO] WeightedEnsemble Cosine judge routed to direct Hadamard sum
  [WeightedEnsemble] Judges routed to 'alt' input: PrecomputedCosine
[WeightedEnsemble] Fitted split-calibrated ensemble (alpha=0.0500, external calib split into META/RISK_CALIB, normalization=h0_cdf):
  tau=0.922856, META: TPR=0.5733, FPR=0.0500, RISK_CALIB: TPR=0.5417, FPR=0.0500
  PrecomputedCosine       : +0.157436
  PCAWhitenedCosine       : +0.326129
  XGBoost                 : +0.043808
  LDA                     : +0.472627

Method                   | TPR    | FPR    | TrTPR  | TrFPR  | MacroTPR | MacroFPR | Regions | TauMean | ms   | OK? 
--------------------------------------------------------------------------------------------------------------------
Cosine                   | 0.4483 | 0.0433 | 0.4817 | 0.0500 | 0.4101   | 0.0677   | 824     | 0.9618  | 41.8 | PASS
AndBox-HC                | 0.3867 | 0.0350 | 0.3900 | 0.0500 | 0.3574   | 0.0473   | 824     | 0.0000  | 39.7 | PASS
HadamardCosine           | 0.4483 | 0.0433 | 0.4817 | 0.0500 | 0.4101   | 0.0677   | 824     | 0.9618  | 34.1 | PASS
PCAWhitenedCosine        | 0.5058 | 0.0433 | 0.5067 | 0.0500 | 0.3997   | 0.0613   | 824     | 1.0281  | 29.7 | PASS
Vec (Wgt)                | 0.4892 | 0.0417 | 0.5125 | 0.0500 | 0.4407   | 0.0626   | 824     | 0.9478  | 29.3 | PASS
Log Reg                  | 0.2183 | 0.0667 | 0.2308 | 0.0500 | 0.1983   | 0.0868   | 824     | 0.5072  | 37.3 | FAIL
LDA                      | 0.5025 | 0.0542 | 0.4942 | 0.0500 | 0.4038   | 0.0751   | 824     | 4.9932  | 32.0 | FAIL
Tiny MLP                 | 0.5175 | 0.0492 | 0.5000 | 0.0500 | 0.4140   | 0.0681   | 824     | 0.8680  | 34.1 | PASS
MultiProtoCosine         | 0.1017 | 0.0725 | 0.1217 | 0.0500 | 0.0865   | 0.0722   | 824     | 0.9209  | 37.4 | FAIL
WeightedEnsemble         | 0.5625 | 0.0533 | 0.5708 | 0.0500 | 0.4660   | 0.0717   | 824     | 0.9170  | 59.3 | FAIL
XGBoost                  | 0.5042 | 0.0367 | 0.5083 | 0.0500 | 0.4343   | 0.0505   | 824     | 0.7081  | 53.1 | PASS
StabilizedWhitenedCosine | 0.4992 | 0.0450 | 0.4883 | 0.0492 | 0.3942   | 0.0657   | 824     | 1.0288  | 34.1 | PASS

[trial=6 seed=48] GLOBAL mode — total_samples=200000
  total: h0=82063 h1=15019
  pooled_train:  n0=700 n1=700
  pooled_calib:  n0=1200 n1=1200
  pooled_eval:   n0=1200 n1=1200
  regions (for macro stats only): 1103
[INFO] Cosine baseline routed to direct Hadamard sum (PrecomputedCosine)
[INFO] WeightedEnsemble Cosine judge routed to direct Hadamard sum
  [WeightedEnsemble] Judges routed to 'alt' input: PrecomputedCosine
[WeightedEnsemble] Fitted split-calibrated ensemble (alpha=0.0500, external calib split into META/RISK_CALIB, normalization=h0_cdf):
  tau=0.923037, META: TPR=0.5600, FPR=0.0500, RISK_CALIB: TPR=0.4733, FPR=0.0500
  PrecomputedCosine       : +0.061299
  PCAWhitenedCosine       : +0.375317
  XGBoost                 : +0.073480
  LDA                     : +0.489904

Method                   | TPR    | FPR    | TrTPR  | TrFPR  | MacroTPR | MacroFPR | Regions | TauMean | ms   | OK? 
--------------------------------------------------------------------------------------------------------------------
Cosine                   | 0.4692 | 0.0408 | 0.4525 | 0.0500 | 0.4429   | 0.0618   | 832     | 0.9613  | 28.5 | PASS
AndBox-HC                | 0.3892 | 0.0483 | 0.3817 | 0.0500 | 0.3747   | 0.0750   | 832     | 0.0000  | 38.8 | PASS
HadamardCosine           | 0.4692 | 0.0408 | 0.4525 | 0.0500 | 0.4429   | 0.0618   | 832     | 0.9613  | 34.3 | PASS
PCAWhitenedCosine        | 0.4800 | 0.0583 | 0.4992 | 0.0500 | 0.4139   | 0.0872   | 832     | 1.0566  | 29.8 | FAIL
Vec (Wgt)                | 0.5158 | 0.0467 | 0.5017 | 0.0500 | 0.4798   | 0.0699   | 832     | 0.9422  | 29.5 | PASS
Log Reg                  | 0.2500 | 0.0492 | 0.2225 | 0.0500 | 0.2137   | 0.0760   | 832     | 0.5070  | 37.4 | PASS
LDA                      | 0.4450 | 0.0450 | 0.4350 | 0.0500 | 0.3803   | 0.0598   | 832     | 5.0885  | 32.1 | PASS
Tiny MLP                 | 0.4558 | 0.0500 | 0.4583 | 0.0500 | 0.3913   | 0.0722   | 832     | 0.8965  | 34.0 | PASS
MultiProtoCosine         | 0.0875 | 0.0558 | 0.0808 | 0.0500 | 0.0692   | 0.0583   | 832     | 0.9251  | 37.6 | FAIL
WeightedEnsemble         | 0.5225 | 0.0517 | 0.5125 | 0.0500 | 0.4597   | 0.0729   | 832     | 0.9216  | 59.6 | FAIL
XGBoost                  | 0.4725 | 0.0392 | 0.4667 | 0.0500 | 0.4327   | 0.0580   | 832     | 0.7307  | 53.0 | PASS
StabilizedWhitenedCosine | 0.5192 | 0.0500 | 0.5225 | 0.0500 | 0.4417   | 0.0733   | 832     | 0.9890  | 34.1 | PASS

[trial=7 seed=49] GLOBAL mode — total_samples=200000
  total: h0=82063 h1=15019
  pooled_train:  n0=700 n1=700
  pooled_calib:  n0=1200 n1=1200
  pooled_eval:   n0=1200 n1=1200
  regions (for macro stats only): 1103
[INFO] Cosine baseline routed to direct Hadamard sum (PrecomputedCosine)
[INFO] WeightedEnsemble Cosine judge routed to direct Hadamard sum
  [WeightedEnsemble] Judges routed to 'alt' input: PrecomputedCosine
[WeightedEnsemble] Fitted split-calibrated ensemble (alpha=0.0500, external calib split into META/RISK_CALIB, normalization=h0_cdf):
  tau=0.913867, META: TPR=0.5867, FPR=0.0500, RISK_CALIB: TPR=0.5800, FPR=0.0500
  PrecomputedCosine       : +0.129002
  PCAWhitenedCosine       : +0.025946
  XGBoost                 : +0.061713
  LDA                     : +0.783338

Method                   | TPR    | FPR    | TrTPR  | TrFPR  | MacroTPR | MacroFPR | Regions | TauMean | ms   | OK? 
--------------------------------------------------------------------------------------------------------------------
Cosine                   | 0.4792 | 0.0517 | 0.4658 | 0.0500 | 0.4364   | 0.0715   | 844     | 0.9541  | 41.9 | FAIL
AndBox-HC                | 0.4517 | 0.0567 | 0.4233 | 0.0500 | 0.4142   | 0.0775   | 844     | -0.0000 | 43.0 | FAIL
HadamardCosine           | 0.4792 | 0.0517 | 0.4658 | 0.0500 | 0.4364   | 0.0715   | 844     | 0.9541  | 34.7 | FAIL
PCAWhitenedCosine        | 0.5725 | 0.0492 | 0.5442 | 0.0500 | 0.4687   | 0.0707   | 844     | 0.7969  | 30.1 | PASS
Vec (Wgt)                | 0.5200 | 0.0483 | 0.5058 | 0.0500 | 0.4720   | 0.0684   | 844     | 0.9399  | 29.8 | PASS
Log Reg                  | 0.2867 | 0.0525 | 0.2742 | 0.0500 | 0.2410   | 0.0787   | 844     | 0.5052  | 37.7 | FAIL
LDA                      | 0.5575 | 0.0442 | 0.5467 | 0.0500 | 0.4311   | 0.0632   | 844     | 4.3440  | 32.4 | PASS
Tiny MLP                 | 0.6058 | 0.0467 | 0.5817 | 0.0500 | 0.4983   | 0.0705   | 844     | 0.7857  | 34.5 | PASS
MultiProtoCosine         | 0.0692 | 0.0442 | 0.0583 | 0.0500 | 0.0499   | 0.0584   | 844     | 0.9254  | 37.9 | PASS
WeightedEnsemble         | 0.5983 | 0.0467 | 0.5858 | 0.0500 | 0.5072   | 0.0656   | 844     | 0.9154  | 59.9 | PASS
XGBoost                  | 0.5392 | 0.0492 | 0.5292 | 0.0500 | 0.4732   | 0.0728   | 844     | 0.6690  | 53.6 | PASS
StabilizedWhitenedCosine | 0.5733 | 0.0442 | 0.5375 | 0.0500 | 0.4763   | 0.0702   | 844     | 0.7994  | 34.7 | PASS

[trial=8 seed=50] GLOBAL mode — total_samples=200000
  total: h0=82063 h1=15019
  pooled_train:  n0=700 n1=700
  pooled_calib:  n0=1200 n1=1200
  pooled_eval:   n0=1200 n1=1200
  regions (for macro stats only): 1103
[INFO] Cosine baseline routed to direct Hadamard sum (PrecomputedCosine)
[INFO] WeightedEnsemble Cosine judge routed to direct Hadamard sum
  [WeightedEnsemble] Judges routed to 'alt' input: PrecomputedCosine
[WeightedEnsemble] Fitted split-calibrated ensemble (alpha=0.0500, external calib split into META/RISK_CALIB, normalization=h0_cdf):
  tau=0.936580, META: TPR=0.5417, FPR=0.0500, RISK_CALIB: TPR=0.5200, FPR=0.0500
  PrecomputedCosine       : +0.050060
  PCAWhitenedCosine       : +0.687111
  XGBoost                 : +0.035424
  LDA                     : +0.227405

Method                   | TPR    | FPR    | TrTPR  | TrFPR  | MacroTPR | MacroFPR | Regions | TauMean | ms   | OK? 
--------------------------------------------------------------------------------------------------------------------
Cosine                   | 0.4692 | 0.0483 | 0.4275 | 0.0500 | 0.4253   | 0.0769   | 838     | 0.9658  | 56.2 | PASS
AndBox-HC                | 0.4425 | 0.0458 | 0.3983 | 0.0500 | 0.4018   | 0.0674   | 838     | 0.0000  | 38.6 | PASS
HadamardCosine           | 0.4692 | 0.0483 | 0.4275 | 0.0500 | 0.4253   | 0.0769   | 838     | 0.9658  | 34.2 | PASS
PCAWhitenedCosine        | 0.5283 | 0.0608 | 0.5275 | 0.0500 | 0.4266   | 0.0900   | 838     | 0.9583  | 30.0 | FAIL
Vec (Wgt)                | 0.5167 | 0.0558 | 0.4917 | 0.0500 | 0.4642   | 0.0836   | 838     | 0.9425  | 29.6 | FAIL
Log Reg                  | 0.3517 | 0.0483 | 0.3108 | 0.0500 | 0.2769   | 0.0749   | 838     | 0.5044  | 37.8 | PASS
LDA                      | 0.4992 | 0.0375 | 0.4750 | 0.0500 | 0.3921   | 0.0611   | 838     | 6.0123  | 32.1 | PASS
Tiny MLP                 | 0.5317 | 0.0450 | 0.5092 | 0.0500 | 0.4248   | 0.0750   | 838     | 0.9221  | 34.4 | PASS
MultiProtoCosine         | 0.0967 | 0.0567 | 0.0892 | 0.0500 | 0.0786   | 0.0625   | 838     | 0.9220  | 38.1 | FAIL
WeightedEnsemble         | 0.5450 | 0.0508 | 0.5333 | 0.0500 | 0.4399   | 0.0815   | 838     | 0.9353  | 59.4 | FAIL
XGBoost                  | 0.4625 | 0.0367 | 0.4458 | 0.0500 | 0.3993   | 0.0595   | 838     | 0.7403  | 53.8 | PASS
StabilizedWhitenedCosine | 0.5033 | 0.0508 | 0.4933 | 0.0500 | 0.4192   | 0.0767   | 838     | 1.0385  | 34.3 | FAIL

[trial=9 seed=51] GLOBAL mode — total_samples=200000
  total: h0=82063 h1=15019
  pooled_train:  n0=700 n1=700
  pooled_calib:  n0=1200 n1=1200
  pooled_eval:   n0=1200 n1=1200
  regions (for macro stats only): 1103
[INFO] Cosine baseline routed to direct Hadamard sum (PrecomputedCosine)
[INFO] WeightedEnsemble Cosine judge routed to direct Hadamard sum
  [WeightedEnsemble] Judges routed to 'alt' input: PrecomputedCosine
[WeightedEnsemble] Fitted split-calibrated ensemble (alpha=0.0500, external calib split into META/RISK_CALIB, normalization=h0_cdf):
  tau=0.916731, META: TPR=0.5333, FPR=0.0500, RISK_CALIB: TPR=0.5467, FPR=0.0500
  PrecomputedCosine       : +0.243164
  PCAWhitenedCosine       : +0.301708
  XGBoost                 : +0.202398
  LDA                     : +0.252730

Method                   | TPR    | FPR    | TrTPR  | TrFPR  | MacroTPR | MacroFPR | Regions | TauMean | ms   | OK? 
--------------------------------------------------------------------------------------------------------------------
Cosine                   | 0.4683 | 0.0492 | 0.4608 | 0.0500 | 0.4242   | 0.0751   | 842     | 0.9578  | 30.2 | PASS
AndBox-HC                | 0.3700 | 0.0467 | 0.3617 | 0.0500 | 0.3416   | 0.0646   | 842     | 0.0001  | 40.2 | PASS
HadamardCosine           | 0.4683 | 0.0492 | 0.4608 | 0.0500 | 0.4242   | 0.0751   | 842     | 0.9578  | 34.4 | PASS
PCAWhitenedCosine        | 0.5233 | 0.0475 | 0.5092 | 0.0500 | 0.4225   | 0.0667   | 842     | 1.0805  | 30.0 | PASS
Vec (Wgt)                | 0.5008 | 0.0508 | 0.4825 | 0.0500 | 0.4446   | 0.0755   | 842     | 0.9495  | 29.5 | FAIL
Log Reg                  | 0.2433 | 0.0475 | 0.2325 | 0.0500 | 0.2044   | 0.0697   | 842     | 0.5064  | 37.7 | PASS
LDA                      | 0.5050 | 0.0450 | 0.5075 | 0.0500 | 0.4062   | 0.0640   | 842     | 5.2514  | 32.4 | PASS
Tiny MLP                 | 0.5583 | 0.0492 | 0.5575 | 0.0500 | 0.4628   | 0.0706   | 842     | 0.8771  | 34.5 | PASS
MultiProtoCosine         | 0.1150 | 0.0475 | 0.1025 | 0.0500 | 0.0909   | 0.0578   | 842     | 0.9210  | 37.9 | PASS
WeightedEnsemble         | 0.5608 | 0.0508 | 0.5417 | 0.0500 | 0.4774   | 0.0731   | 842     | 0.9179  | 59.9 | FAIL
XGBoost                  | 0.4967 | 0.0450 | 0.4692 | 0.0500 | 0.4284   | 0.0598   | 842     | 0.7320  | 53.8 | PASS
StabilizedWhitenedCosine | 0.5050 | 0.0425 | 0.5025 | 0.0475 | 0.4048   | 0.0606   | 842     | 1.0980  | 34.3 | PASS

[trial=10 seed=52] GLOBAL mode — total_samples=200000
  total: h0=82063 h1=15019
  pooled_train:  n0=700 n1=700
  pooled_calib:  n0=1200 n1=1200
  pooled_eval:   n0=1200 n1=1200
  regions (for macro stats only): 1103
[INFO] Cosine baseline routed to direct Hadamard sum (PrecomputedCosine)
[INFO] WeightedEnsemble Cosine judge routed to direct Hadamard sum
  [WeightedEnsemble] Judges routed to 'alt' input: PrecomputedCosine
[WeightedEnsemble] Fitted split-calibrated ensemble (alpha=0.0500, external calib split into META/RISK_CALIB, normalization=h0_cdf):
  tau=0.949034, META: TPR=0.6200, FPR=0.0500, RISK_CALIB: TPR=0.4750, FPR=0.0500
  PrecomputedCosine       : +0.107944
  PCAWhitenedCosine       : +0.242425
  XGBoost                 : +0.211521
  LDA                     : +0.438109

Method                   | TPR    | FPR    | TrTPR  | TrFPR  | MacroTPR | MacroFPR | Regions | TauMean | ms   | OK? 
--------------------------------------------------------------------------------------------------------------------
Cosine                   | 0.4283 | 0.0475 | 0.4342 | 0.0500 | 0.4062   | 0.0615   | 863     | 0.9657  | 29.4 | PASS
AndBox-HC                | 0.4167 | 0.0567 | 0.4058 | 0.0500 | 0.3986   | 0.0659   | 863     | 0.0000  | 40.2 | FAIL
HadamardCosine           | 0.4283 | 0.0475 | 0.4342 | 0.0500 | 0.4062   | 0.0615   | 863     | 0.9657  | 35.2 | PASS
PCAWhitenedCosine        | 0.5217 | 0.0383 | 0.5317 | 0.0500 | 0.4451   | 0.0584   | 863     | 0.9153  | 30.7 | PASS
Vec (Wgt)                | 0.4633 | 0.0467 | 0.4833 | 0.0500 | 0.4274   | 0.0638   | 863     | 0.9472  | 30.4 | PASS
Log Reg                  | 0.2092 | 0.0308 | 0.2342 | 0.0500 | 0.1921   | 0.0419   | 863     | 0.5064  | 38.4 | PASS
LDA                      | 0.4517 | 0.0350 | 0.4817 | 0.0500 | 0.3685   | 0.0527   | 863     | 4.8032  | 33.1 | PASS
Tiny MLP                 | 0.4850 | 0.0392 | 0.5108 | 0.0500 | 0.4080   | 0.0588   | 863     | 0.8718  | 35.0 | PASS
MultiProtoCosine         | 0.0733 | 0.0583 | 0.1058 | 0.0500 | 0.0664   | 0.0585   | 863     | 0.9222  | 38.5 | FAIL
WeightedEnsemble         | 0.5100 | 0.0375 | 0.5392 | 0.0500 | 0.4393   | 0.0564   | 863     | 0.9316  | 60.4 | PASS
XGBoost                  | 0.4842 | 0.0533 | 0.4908 | 0.0500 | 0.4375   | 0.0734   | 863     | 0.6995  | 54.4 | FAIL
StabilizedWhitenedCosine | 0.4950 | 0.0417 | 0.5217 | 0.0500 | 0.4285   | 0.0635   | 863     | 0.8874  | 35.2 | PASS

[trial=11 seed=53] GLOBAL mode — total_samples=200000
  total: h0=82063 h1=15019
  pooled_train:  n0=700 n1=700
  pooled_calib:  n0=1200 n1=1200
  pooled_eval:   n0=1200 n1=1200
  regions (for macro stats only): 1103
[INFO] Cosine baseline routed to direct Hadamard sum (PrecomputedCosine)
[INFO] WeightedEnsemble Cosine judge routed to direct Hadamard sum
  [WeightedEnsemble] Judges routed to 'alt' input: PrecomputedCosine
[WeightedEnsemble] Fitted split-calibrated ensemble (alpha=0.0500, external calib split into META/RISK_CALIB, normalization=h0_cdf):
  tau=0.896867, META: TPR=0.5717, FPR=0.0500, RISK_CALIB: TPR=0.5833, FPR=0.0500
  PrecomputedCosine       : +0.172060
  PCAWhitenedCosine       : +0.485307
  XGBoost                 : +0.049119
  LDA                     : +0.293514

Method                   | TPR    | FPR    | TrTPR  | TrFPR  | MacroTPR | MacroFPR | Regions | TauMean | ms   | OK? 
--------------------------------------------------------------------------------------------------------------------
Cosine                   | 0.4842 | 0.0700 | 0.4767 | 0.0500 | 0.4315   | 0.1013   | 844     | 0.9566  | 28.9 | FAIL
AndBox-HC                | 0.4908 | 0.0675 | 0.4625 | 0.0500 | 0.4363   | 0.0981   | 844     | 0.0000  | 39.8 | FAIL
HadamardCosine           | 0.4842 | 0.0700 | 0.4767 | 0.0500 | 0.4315   | 0.1013   | 844     | 0.9566  | 34.7 | FAIL
PCAWhitenedCosine        | 0.5325 | 0.0658 | 0.5183 | 0.0500 | 0.4360   | 0.0891   | 844     | 0.8405  | 30.3 | FAIL
Vec (Wgt)                | 0.5258 | 0.0608 | 0.5283 | 0.0500 | 0.4738   | 0.0944   | 844     | 0.9417  | 29.8 | FAIL
Log Reg                  | 0.3075 | 0.0783 | 0.2808 | 0.0500 | 0.2704   | 0.0935   | 844     | 0.5057  | 37.8 | FAIL
LDA                      | 0.4742 | 0.0492 | 0.4500 | 0.0500 | 0.3954   | 0.0720   | 844     | 4.8508  | 32.6 | PASS
Tiny MLP                 | 0.5208 | 0.0567 | 0.5117 | 0.0500 | 0.4293   | 0.0859   | 844     | 0.8702  | 34.7 | FAIL
MultiProtoCosine         | 0.1042 | 0.0550 | 0.1042 | 0.0500 | 0.0762   | 0.0625   | 844     | 0.9216  | 38.0 | FAIL
WeightedEnsemble         | 0.6000 | 0.0700 | 0.5742 | 0.0500 | 0.5121   | 0.0980   | 844     | 0.8965  | 60.0 | FAIL
XGBoost                  | 0.4900 | 0.0575 | 0.4833 | 0.0500 | 0.4268   | 0.0817   | 844     | 0.7119  | 53.9 | FAIL
StabilizedWhitenedCosine | 0.5567 | 0.0667 | 0.5333 | 0.0500 | 0.4564   | 0.0953   | 844     | 0.7971  | 34.7 | FAIL

[trial=12 seed=54] GLOBAL mode — total_samples=200000
  total: h0=82063 h1=15019
  pooled_train:  n0=700 n1=700
  pooled_calib:  n0=1200 n1=1200
  pooled_eval:   n0=1200 n1=1200
  regions (for macro stats only): 1103
[INFO] Cosine baseline routed to direct Hadamard sum (PrecomputedCosine)
[INFO] WeightedEnsemble Cosine judge routed to direct Hadamard sum
  [WeightedEnsemble] Judges routed to 'alt' input: PrecomputedCosine
[WeightedEnsemble] Fitted split-calibrated ensemble (alpha=0.0500, external calib split into META/RISK_CALIB, normalization=h0_cdf):
  tau=0.892606, META: TPR=0.4850, FPR=0.0500, RISK_CALIB: TPR=0.6133, FPR=0.0500
  PrecomputedCosine       : +0.103341
  PCAWhitenedCosine       : +0.334074
  XGBoost                 : +0.422031
  LDA                     : +0.140554

Method                   | TPR    | FPR    | TrTPR  | TrFPR  | MacroTPR | MacroFPR | Regions | TauMean | ms   | OK? 
--------------------------------------------------------------------------------------------------------------------
Cosine                   | 0.4717 | 0.0517 | 0.4708 | 0.0500 | 0.4389   | 0.0775   | 821     | 0.9587  | 41.7 | FAIL
AndBox-HC                | 0.4617 | 0.0558 | 0.4600 | 0.0500 | 0.4214   | 0.0787   | 821     | 0.0000  | 39.7 | FAIL
HadamardCosine           | 0.4717 | 0.0517 | 0.4708 | 0.0500 | 0.4389   | 0.0775   | 821     | 0.9587  | 33.8 | FAIL
PCAWhitenedCosine        | 0.5392 | 0.0475 | 0.5325 | 0.0500 | 0.4459   | 0.0717   | 821     | 1.0437  | 29.5 | PASS
Vec (Wgt)                | 0.5092 | 0.0508 | 0.5142 | 0.0500 | 0.4753   | 0.0760   | 821     | 0.9448  | 29.2 | FAIL
Log Reg                  | 0.2650 | 0.0508 | 0.2725 | 0.0500 | 0.2344   | 0.0694   | 821     | 0.5059  | 37.2 | FAIL
LDA                      | 0.4850 | 0.0483 | 0.4792 | 0.0500 | 0.3874   | 0.0737   | 821     | 5.5762  | 32.0 | PASS
Tiny MLP                 | 0.5183 | 0.0508 | 0.5033 | 0.0500 | 0.4164   | 0.0764   | 821     | 0.9104  | 34.2 | FAIL
MultiProtoCosine         | 0.0625 | 0.0450 | 0.0742 | 0.0500 | 0.0533   | 0.0529   | 821     | 0.9219  | 37.6 | PASS
WeightedEnsemble         | 0.5183 | 0.0383 | 0.5250 | 0.0500 | 0.4398   | 0.0576   | 821     | 0.9194  | 59.6 | PASS
XGBoost                  | 0.4767 | 0.0508 | 0.4592 | 0.0500 | 0.4122   | 0.0723   | 821     | 0.7351  | 53.2 | FAIL
StabilizedWhitenedCosine | 0.5483 | 0.0500 | 0.5333 | 0.0500 | 0.4662   | 0.0771   | 821     | 0.9410  | 33.8 | PASS

[trial=13 seed=55] GLOBAL mode — total_samples=200000
  total: h0=82063 h1=15019
  pooled_train:  n0=700 n1=700
  pooled_calib:  n0=1200 n1=1200
  pooled_eval:   n0=1200 n1=1200
  regions (for macro stats only): 1103
[INFO] Cosine baseline routed to direct Hadamard sum (PrecomputedCosine)
[INFO] WeightedEnsemble Cosine judge routed to direct Hadamard sum
  [WeightedEnsemble] Judges routed to 'alt' input: PrecomputedCosine
[WeightedEnsemble] Fitted split-calibrated ensemble (alpha=0.0500, external calib split into META/RISK_CALIB, normalization=h0_cdf):
  tau=0.955813, META: TPR=0.6400, FPR=0.0500, RISK_CALIB: TPR=0.4467, FPR=0.0500
  PrecomputedCosine       : +0.028690
  PCAWhitenedCosine       : +0.494993
  XGBoost                 : +0.382507
  LDA                     : +0.093811

Method                   | TPR    | FPR    | TrTPR  | TrFPR  | MacroTPR | MacroFPR | Regions | TauMean | ms   | OK? 
--------------------------------------------------------------------------------------------------------------------
Cosine                   | 0.4475 | 0.0458 | 0.4392 | 0.0500 | 0.4081   | 0.0671   | 829     | 0.9674  | 30.0 | PASS
AndBox-HC                | 0.3525 | 0.0358 | 0.3558 | 0.0500 | 0.3259   | 0.0527   | 829     | 0.0000  | 46.9 | PASS
HadamardCosine           | 0.4475 | 0.0458 | 0.4392 | 0.0500 | 0.4081   | 0.0671   | 829     | 0.9674  | 34.7 | PASS
PCAWhitenedCosine        | 0.4817 | 0.0375 | 0.4825 | 0.0500 | 0.3780   | 0.0520   | 829     | 1.1958  | 30.3 | PASS
Vec (Wgt)                | 0.4967 | 0.0442 | 0.5008 | 0.0500 | 0.4529   | 0.0705   | 829     | 0.9496  | 29.4 | PASS
Log Reg                  | 0.2208 | 0.0392 | 0.2267 | 0.0483 | 0.1922   | 0.0619   | 829     | 0.5065  | 37.4 | PASS
LDA                      | 0.4467 | 0.0308 | 0.4483 | 0.0500 | 0.3616   | 0.0452   | 829     | 5.4599  | 32.3 | PASS
Tiny MLP                 | 0.5025 | 0.0417 | 0.5142 | 0.0500 | 0.4013   | 0.0613   | 829     | 0.9005  | 34.3 | PASS
MultiProtoCosine         | 0.0817 | 0.0458 | 0.0758 | 0.0500 | 0.0611   | 0.0617   | 829     | 0.9240  | 37.6 | PASS
WeightedEnsemble         | 0.5167 | 0.0433 | 0.5383 | 0.0500 | 0.4153   | 0.0620   | 829     | 0.9388  | 59.4 | PASS
XGBoost                  | 0.4983 | 0.0450 | 0.4942 | 0.0500 | 0.4281   | 0.0655   | 829     | 0.7180  | 53.9 | PASS
StabilizedWhitenedCosine | 0.5192 | 0.0433 | 0.5175 | 0.0500 | 0.4161   | 0.0591   | 829     | 1.0365  | 34.4 | PASS

[trial=14 seed=56] GLOBAL mode — total_samples=200000
  total: h0=82063 h1=15019
  pooled_train:  n0=700 n1=700
  pooled_calib:  n0=1200 n1=1200
  pooled_eval:   n0=1200 n1=1200
  regions (for macro stats only): 1103
[INFO] Cosine baseline routed to direct Hadamard sum (PrecomputedCosine)
[INFO] WeightedEnsemble Cosine judge routed to direct Hadamard sum
  [WeightedEnsemble] Judges routed to 'alt' input: PrecomputedCosine
[WeightedEnsemble] Fitted split-calibrated ensemble (alpha=0.0500, external calib split into META/RISK_CALIB, normalization=h0_cdf):
  tau=0.928346, META: TPR=0.5733, FPR=0.0500, RISK_CALIB: TPR=0.4933, FPR=0.0500
  PrecomputedCosine       : +0.097124
  PCAWhitenedCosine       : +0.177256
  XGBoost                 : +0.660125
  LDA                     : +0.065495

Method                   | TPR    | FPR    | TrTPR  | TrFPR  | MacroTPR | MacroFPR | Regions | TauMean | ms   | OK? 
--------------------------------------------------------------------------------------------------------------------
Cosine                   | 0.4583 | 0.0483 | 0.4383 | 0.0500 | 0.4262   | 0.0667   | 845     | 0.9607  | 29.0 | PASS
AndBox-HC                | 0.4200 | 0.0517 | 0.4108 | 0.0500 | 0.3923   | 0.0734   | 845     | 0.0000  | 39.9 | FAIL
HadamardCosine           | 0.4583 | 0.0483 | 0.4383 | 0.0500 | 0.4262   | 0.0667   | 845     | 0.9607  | 34.9 | PASS
PCAWhitenedCosine        | 0.4725 | 0.0533 | 0.4875 | 0.0500 | 0.4009   | 0.0733   | 845     | 1.0147  | 30.4 | FAIL
Vec (Wgt)                | 0.4942 | 0.0500 | 0.4908 | 0.0500 | 0.4502   | 0.0723   | 845     | 0.9437  | 30.0 | PASS
Log Reg                  | 0.2783 | 0.0508 | 0.2917 | 0.0500 | 0.2478   | 0.0744   | 845     | 0.5050  | 38.0 | FAIL
LDA                      | 0.4942 | 0.0658 | 0.4767 | 0.0500 | 0.4052   | 0.0901   | 845     | 4.6687  | 32.6 | FAIL
Tiny MLP                 | 0.5283 | 0.0542 | 0.5117 | 0.0500 | 0.4412   | 0.0755   | 845     | 0.8220  | 34.8 | FAIL
MultiProtoCosine         | 0.0575 | 0.0442 | 0.0625 | 0.0500 | 0.0579   | 0.0511   | 845     | 0.9247  | 38.3 | PASS
WeightedEnsemble         | 0.5525 | 0.0592 | 0.5383 | 0.0500 | 0.5036   | 0.0894   | 845     | 0.9202  | 60.0 | FAIL
XGBoost                  | 0.4883 | 0.0442 | 0.4742 | 0.0500 | 0.4367   | 0.0607   | 845     | 0.7097  | 54.0 | PASS
StabilizedWhitenedCosine | 0.5117 | 0.0492 | 0.5242 | 0.0500 | 0.4393   | 0.0682   | 845     | 0.8833  | 34.8 | PASS

[trial=15 seed=57] GLOBAL mode — total_samples=200000
  total: h0=82063 h1=15019
  pooled_train:  n0=700 n1=700
  pooled_calib:  n0=1200 n1=1200
  pooled_eval:   n0=1200 n1=1200
  regions (for macro stats only): 1103
[INFO] Cosine baseline routed to direct Hadamard sum (PrecomputedCosine)
[INFO] WeightedEnsemble Cosine judge routed to direct Hadamard sum
  [WeightedEnsemble] Judges routed to 'alt' input: PrecomputedCosine
[WeightedEnsemble] Fitted split-calibrated ensemble (alpha=0.0500, external calib split into META/RISK_CALIB, normalization=h0_cdf):
  tau=0.933513, META: TPR=0.5300, FPR=0.0500, RISK_CALIB: TPR=0.5117, FPR=0.0500
  PrecomputedCosine       : +0.028690
  PCAWhitenedCosine       : +0.494993
  XGBoost                 : +0.382507
  LDA                     : +0.093811

Method                   | TPR    | FPR    | TrTPR  | TrFPR  | MacroTPR | MacroFPR | Regions | TauMean | ms   | OK? 
--------------------------------------------------------------------------------------------------------------------
Cosine                   | 0.4925 | 0.0492 | 0.4567 | 0.0500 | 0.4502   | 0.0755   | 841     | 0.9562  | 28.7 | PASS
AndBox-HC                | 0.4100 | 0.0450 | 0.3817 | 0.0500 | 0.3839   | 0.0622   | 841     | 0.0000  | 39.9 | PASS
HadamardCosine           | 0.4925 | 0.0492 | 0.4567 | 0.0500 | 0.4502   | 0.0755   | 841     | 0.9562  | 34.8 | PASS
PCAWhitenedCosine        | 0.5058 | 0.0383 | 0.4750 | 0.0500 | 0.3919   | 0.0534   | 841     | 1.0741  | 30.4 | PASS
Vec (Wgt)                | 0.5158 | 0.0492 | 0.4950 | 0.0500 | 0.4586   | 0.0767   | 841     | 0.9457  | 29.6 | PASS
Log Reg                  | 0.2117 | 0.0558 | 0.2325 | 0.0500 | 0.1824   | 0.0674   | 841     | 0.5069  | 38.2 | FAIL
LDA                      | 0.5250 | 0.0542 | 0.4775 | 0.0500 | 0.4208   | 0.0763   | 841     | 4.6345  | 32.3 | FAIL
Tiny MLP                 | 0.5400 | 0.0475 | 0.4875 | 0.0500 | 0.4192   | 0.0705   | 841     | 0.8966  | 34.3 | PASS
MultiProtoCosine         | 0.0767 | 0.0583 | 0.0833 | 0.0500 | 0.0661   | 0.0601   | 841     | 0.9236  | 38.1 | FAIL
WeightedEnsemble         | 0.5483 | 0.0417 | 0.5083 | 0.0500 | 0.4526   | 0.0644   | 841     | 0.9314  | 59.7 | PASS
XGBoost                  | 0.5100 | 0.0492 | 0.4742 | 0.0500 | 0.4457   | 0.0761   | 841     | 0.7254  | 53.6 | PASS
StabilizedWhitenedCosine | 0.5025 | 0.0475 | 0.4825 | 0.0500 | 0.4001   | 0.0664   | 841     | 0.9909  | 34.4 | PASS

[trial=16 seed=58] GLOBAL mode — total_samples=200000
  total: h0=82063 h1=15019
  pooled_train:  n0=700 n1=700
  pooled_calib:  n0=1200 n1=1200
  pooled_eval:   n0=1200 n1=1200
  regions (for macro stats only): 1103
[INFO] Cosine baseline routed to direct Hadamard sum (PrecomputedCosine)
[INFO] WeightedEnsemble Cosine judge routed to direct Hadamard sum
  [WeightedEnsemble] Judges routed to 'alt' input: PrecomputedCosine
[WeightedEnsemble] Fitted split-calibrated ensemble (alpha=0.0500, external calib split into META/RISK_CALIB, normalization=h0_cdf):
  tau=0.942276, META: TPR=0.5733, FPR=0.0500, RISK_CALIB: TPR=0.5200, FPR=0.0500
  PrecomputedCosine       : +0.087037
  PCAWhitenedCosine       : +0.732769
  XGBoost                 : +0.066861
  LDA                     : +0.113332

Method                   | TPR    | FPR    | TrTPR  | TrFPR  | MacroTPR | MacroFPR | Regions | TauMean | ms   | OK? 
--------------------------------------------------------------------------------------------------------------------
Cosine                   | 0.4900 | 0.0558 | 0.4783 | 0.0500 | 0.4538   | 0.0739   | 831     | 0.9537  | 55.6 | FAIL
AndBox-HC                | 0.4025 | 0.0500 | 0.3750 | 0.0500 | 0.3662   | 0.0685   | 831     | 0.0000  | 38.6 | PASS
HadamardCosine           | 0.4900 | 0.0558 | 0.4783 | 0.0500 | 0.4538   | 0.0739   | 831     | 0.9537  | 34.1 | FAIL
PCAWhitenedCosine        | 0.5767 | 0.0633 | 0.5417 | 0.0500 | 0.4700   | 0.0847   | 831     | 0.8649  | 30.1 | FAIL
Vec (Wgt)                | 0.5442 | 0.0650 | 0.5375 | 0.0500 | 0.4994   | 0.0898   | 831     | 0.9323  | 29.6 | FAIL
Log Reg                  | 0.3142 | 0.0550 | 0.2925 | 0.0500 | 0.2525   | 0.0783   | 831     | 0.5044  | 37.5 | FAIL
LDA                      | 0.4675 | 0.0467 | 0.4442 | 0.0483 | 0.3739   | 0.0519   | 831     | 5.0041  | 32.0 | PASS
Tiny MLP                 | 0.5333 | 0.0492 | 0.5042 | 0.0500 | 0.4373   | 0.0637   | 831     | 0.8793  | 34.2 | PASS
MultiProtoCosine         | 0.1075 | 0.0450 | 0.0983 | 0.0500 | 0.0718   | 0.0540   | 831     | 0.9221  | 37.6 | PASS
WeightedEnsemble         | 0.5683 | 0.0567 | 0.5250 | 0.0500 | 0.4735   | 0.0749   | 831     | 0.9394  | 59.4 | FAIL
XGBoost                  | 0.5317 | 0.0575 | 0.5242 | 0.0500 | 0.4677   | 0.0796   | 831     | 0.6883  | 53.2 | FAIL
StabilizedWhitenedCosine | 0.5908 | 0.0667 | 0.5817 | 0.0500 | 0.4932   | 0.0879   | 831     | 0.8078  | 34.1 | FAIL

[trial=17 seed=59] GLOBAL mode — total_samples=200000
  total: h0=82063 h1=15019
  pooled_train:  n0=700 n1=700
  pooled_calib:  n0=1200 n1=1200
  pooled_eval:   n0=1200 n1=1200
  regions (for macro stats only): 1103
[INFO] Cosine baseline routed to direct Hadamard sum (PrecomputedCosine)
[INFO] WeightedEnsemble Cosine judge routed to direct Hadamard sum
  [WeightedEnsemble] Judges routed to 'alt' input: PrecomputedCosine
[WeightedEnsemble] Fitted split-calibrated ensemble (alpha=0.0500, external calib split into META/RISK_CALIB, normalization=h0_cdf):
  tau=0.893111, META: TPR=0.5233, FPR=0.0500, RISK_CALIB: TPR=0.5533, FPR=0.0500
  PrecomputedCosine       : +0.141725
  PCAWhitenedCosine       : +0.151893
  XGBoost                 : +0.313631
  LDA                     : +0.392751

Method                   | TPR    | FPR    | TrTPR  | TrFPR  | MacroTPR | MacroFPR | Regions | TauMean | ms   | OK? 
--------------------------------------------------------------------------------------------------------------------
Cosine                   | 0.4567 | 0.0542 | 0.4800 | 0.0500 | 0.4122   | 0.0804   | 836     | 0.9585  | 56.4 | FAIL
AndBox-HC                | 0.4367 | 0.0492 | 0.4408 | 0.0500 | 0.3821   | 0.0747   | 836     | 0.0000  | 38.4 | PASS
HadamardCosine           | 0.4567 | 0.0542 | 0.4800 | 0.0500 | 0.4122   | 0.0804   | 836     | 0.9585  | 34.3 | FAIL
PCAWhitenedCosine        | 0.5125 | 0.0458 | 0.5075 | 0.0500 | 0.4226   | 0.0642   | 836     | 0.8977  | 30.1 | PASS
Vec (Wgt)                | 0.4758 | 0.0542 | 0.4892 | 0.0500 | 0.4233   | 0.0797   | 836     | 0.9535  | 29.7 | FAIL
Log Reg                  | 0.2292 | 0.0442 | 0.2508 | 0.0500 | 0.1931   | 0.0671   | 836     | 0.5057  | 37.5 | PASS
LDA                      | 0.4675 | 0.0483 | 0.4583 | 0.0500 | 0.3772   | 0.0661   | 836     | 4.5507  | 32.3 | PASS
Tiny MLP                 | 0.5083 | 0.0483 | 0.4992 | 0.0500 | 0.4255   | 0.0683   | 836     | 0.8641  | 34.4 | PASS
MultiProtoCosine         | 0.0742 | 0.0475 | 0.0933 | 0.0500 | 0.0578   | 0.0496   | 836     | 0.9219  | 37.8 | PASS
WeightedEnsemble         | 0.5292 | 0.0475 | 0.5317 | 0.0500 | 0.4505   | 0.0706   | 836     | 0.9129  | 59.6 | PASS
XGBoost                  | 0.4975 | 0.0492 | 0.5067 | 0.0500 | 0.4333   | 0.0756   | 836     | 0.7081  | 53.5 | PASS
StabilizedWhitenedCosine | 0.4892 | 0.0467 | 0.5033 | 0.0500 | 0.4213   | 0.0708   | 836     | 0.9276  | 34.5 | PASS

[trial=18 seed=60] GLOBAL mode — total_samples=200000
  total: h0=82063 h1=15019
  pooled_train:  n0=700 n1=700
  pooled_calib:  n0=1200 n1=1200
  pooled_eval:   n0=1200 n1=1200
  regions (for macro stats only): 1103
[INFO] Cosine baseline routed to direct Hadamard sum (PrecomputedCosine)
[INFO] WeightedEnsemble Cosine judge routed to direct Hadamard sum
  [WeightedEnsemble] Judges routed to 'alt' input: PrecomputedCosine
[WeightedEnsemble] Fitted split-calibrated ensemble (alpha=0.0500, external calib split into META/RISK_CALIB, normalization=h0_cdf):
  tau=0.921031, META: TPR=0.5483, FPR=0.0500, RISK_CALIB: TPR=0.5433, FPR=0.0500
  PrecomputedCosine       : +0.162317
  PCAWhitenedCosine       : +0.221141
  XGBoost                 : +0.365822
  LDA                     : +0.250720

Method                   | TPR    | FPR    | TrTPR  | TrFPR  | MacroTPR | MacroFPR | Regions | TauMean | ms   | OK? 
--------------------------------------------------------------------------------------------------------------------
Cosine                   | 0.4858 | 0.0475 | 0.4692 | 0.0500 | 0.4516   | 0.0673   | 824     | 0.9612  | 28.3 | PASS
AndBox-HC                | 0.4342 | 0.0442 | 0.3983 | 0.0500 | 0.4110   | 0.0589   | 824     | 0.0000  | 39.3 | PASS
HadamardCosine           | 0.4858 | 0.0475 | 0.4692 | 0.0500 | 0.4516   | 0.0673   | 824     | 0.9612  | 34.2 | PASS
PCAWhitenedCosine        | 0.4950 | 0.0392 | 0.4917 | 0.0500 | 0.4074   | 0.0621   | 824     | 0.9651  | 29.8 | PASS
Vec (Wgt)                | 0.5092 | 0.0425 | 0.4808 | 0.0500 | 0.4554   | 0.0600   | 824     | 0.9549  | 29.3 | PASS
Log Reg                  | 0.2300 | 0.0375 | 0.2225 | 0.0500 | 0.1975   | 0.0567   | 824     | 0.5067  | 37.5 | PASS
LDA                      | 0.4825 | 0.0458 | 0.4883 | 0.0500 | 0.3820   | 0.0679   | 824     | 4.8481  | 32.1 | PASS
Tiny MLP                 | 0.5408 | 0.0458 | 0.5550 | 0.0500 | 0.4287   | 0.0716   | 824     | 0.8507  | 34.0 | PASS
MultiProtoCosine         | 0.0750 | 0.0425 | 0.0783 | 0.0500 | 0.0653   | 0.0530   | 824     | 0.9237  | 37.5 | PASS
WeightedEnsemble         | 0.5475 | 0.0475 | 0.5358 | 0.0500 | 0.4625   | 0.0720   | 824     | 0.9182  | 59.5 | PASS
XGBoost                  | 0.5275 | 0.0483 | 0.5158 | 0.0500 | 0.4644   | 0.0695   | 824     | 0.6962  | 53.4 | PASS
StabilizedWhitenedCosine | 0.5067 | 0.0400 | 0.5025 | 0.0500 | 0.4232   | 0.0618   | 824     | 0.9094  | 34.1 | PASS

[trial=19 seed=61] GLOBAL mode — total_samples=200000
  total: h0=82063 h1=15019
  pooled_train:  n0=700 n1=700
  pooled_calib:  n0=1200 n1=1200
  pooled_eval:   n0=1200 n1=1200
  regions (for macro stats only): 1103
[INFO] Cosine baseline routed to direct Hadamard sum (PrecomputedCosine)
[INFO] WeightedEnsemble Cosine judge routed to direct Hadamard sum
  [WeightedEnsemble] Judges routed to 'alt' input: PrecomputedCosine
[WeightedEnsemble] Fitted split-calibrated ensemble (alpha=0.0500, external calib split into META/RISK_CALIB, normalization=h0_cdf):
  tau=0.905310, META: TPR=0.6033, FPR=0.0500, RISK_CALIB: TPR=0.5933, FPR=0.0500
  PrecomputedCosine       : +0.207971
  PCAWhitenedCosine       : +0.110117
  XGBoost                 : +0.118225
  LDA                     : +0.563687

Method                   | TPR    | FPR    | TrTPR  | TrFPR  | MacroTPR | MacroFPR | Regions | TauMean | ms   | OK? 
--------------------------------------------------------------------------------------------------------------------
Cosine                   | 0.4550 | 0.0625 | 0.4733 | 0.0500 | 0.4134   | 0.0926   | 838     | 0.9542  | 28.8 | FAIL
AndBox-HC                | 0.4267 | 0.0617 | 0.4358 | 0.0500 | 0.3814   | 0.0905   | 838     | -0.0000 | 38.8 | FAIL
HadamardCosine           | 0.4550 | 0.0625 | 0.4733 | 0.0500 | 0.4134   | 0.0926   | 838     | 0.9542  | 34.4 | FAIL
PCAWhitenedCosine        | 0.5658 | 0.0617 | 0.5675 | 0.0500 | 0.4645   | 0.0939   | 838     | 0.8626  | 30.2 | FAIL
Vec (Wgt)                | 0.5150 | 0.0700 | 0.5342 | 0.0500 | 0.4710   | 0.1061   | 838     | 0.9242  | 29.6 | FAIL
Log Reg                  | 0.2792 | 0.0550 | 0.2917 | 0.0500 | 0.2504   | 0.0778   | 838     | 0.5053  | 37.9 | FAIL
LDA                      | 0.4850 | 0.0508 | 0.4917 | 0.0500 | 0.3885   | 0.0721   | 838     | 5.1583  | 32.4 | FAIL
Tiny MLP                 | 0.5783 | 0.0633 | 0.5742 | 0.0500 | 0.4776   | 0.0906   | 838     | 0.8269  | 34.5 | FAIL
MultiProtoCosine         | 0.0725 | 0.0483 | 0.0717 | 0.0500 | 0.0601   | 0.0613   | 838     | 0.9245  | 38.0 | PASS
WeightedEnsemble         | 0.6008 | 0.0617 | 0.6017 | 0.0500 | 0.5189   | 0.0885   | 838     | 0.9020  | 59.8 | FAIL
XGBoost                  | 0.5158 | 0.0550 | 0.5283 | 0.0500 | 0.4431   | 0.0836   | 838     | 0.6841  | 53.7 | FAIL
StabilizedWhitenedCosine | 0.5558 | 0.0725 | 0.5508 | 0.0500 | 0.4679   | 0.1070   | 838     | 0.8528  | 34.6 | FAIL

=== Ranking by mean micro TPR (UNCONSTRAINED) ===
 1. WeightedEnsemble   TPR=0.5535±0.0265 FPR=0.0507±0.0080 [FAIL]
 2. Tiny MLP           TPR=0.5286±0.0331 FPR=0.0500±0.0070 [FAIL]
 3. StabilizedWhitenedCosine TPR=0.5283±0.0312 FPR=0.0510±0.0093 [FAIL]
 4. PCAWhitenedCosine  TPR=0.5222±0.0330 FPR=0.0509±0.0101 [FAIL]
 5. Vec (Wgt)          TPR=0.5080±0.0186 FPR=0.0525±0.0075 [FAIL]
 6. XGBoost            TPR=0.5046±0.0208 FPR=0.0503±0.0076 [FAIL]
 7. LDA                TPR=0.4885±0.0275 FPR=0.0478±0.0080 [PASS]
 8. Cosine             TPR=0.4680±0.0167 FPR=0.0516±0.0066 [FAIL]
 9. HadamardCosine     TPR=0.4680±0.0167 FPR=0.0516±0.0066 [FAIL]
10. AndBox-HC          TPR=0.4261±0.0375 FPR=0.0506±0.0080 [FAIL]
11. Log Reg            TPR=0.2551±0.0392 FPR=0.0510±0.0110 [FAIL]
12. MultiProtoCosine   TPR=0.0836±0.0152 FPR=0.0513±0.0090 [FAIL]

=== Ranking by mean micro TPR (CONSTRAINED: FPR <= alpha) ===
 1. LDA                TPR=0.4885±0.0275 FPR=0.0478±0.0080
[CSV] Saved: /home/malmatal/Projects/Multi_Dim_Threshold/NeighborCache/outputs/region_local_threshold/run_20260511_152439/trial_summary.csv
[JSON] Saved: /home/malmatal/Projects/Multi_Dim_Threshold/NeighborCache/outputs/region_local_threshold/run_20260511_152439/ranking.json
[CSV] Saved: /home/malmatal/Projects/Multi_Dim_Threshold/NeighborCache/outputs/region_local_threshold/run_20260511_152439/weighted_ensemble_meta_weights.csv
[JSON] Saved: /home/malmatal/Projects/Multi_Dim_Threshold/NeighborCache/outputs/region_local_threshold/run_20260511_152439/notes.json

Best (constrained FPR <= alpha): LDA
[Done] outputs at: /home/malmatal/Projects/Multi_Dim_Threshold/NeighborCache/outputs/region_local_threshold/run_20260511_152439

Task 11 completed successfully.
