------------------------------------
Sun 03 May 2026 13:09:38 IDT
SLURM_JOBID:		17306450
SLURM_JOB_NODELIST:	ise-cpu-intl-09
SLURM_SCRATCH_DIR:	
Allocated Resouces:	cpu - 4 / mem - 16384 MB / gpu - 
SLURM_GPU_INDEX:	
Running as malmatal from gilein account with normal QOS
------------------------------------
============================================================
NeighborCache Slurm task
task_id=1
job_id=17306450
array_job_id=17306448
hostname=ise-cpu-intl-09.auth.ad.bgu.ac.il
date_start=2026-05-03T13:09:38+03:00
pwd=/home/malmatal/Projects/Multi_Dim_Threshold
commands_file=NeighborCache/results/paper_experiments_slurm_20260503_130920/commands.txt
task_log=NeighborCache/results/paper_experiments_slurm_20260503_130920/task_logs/task_1.log
============================================================
Command:
python -m NeighborCache.region_local_threshold.cli --data NeighborCache/data/h1h0_final.npz --region_key global_cluster --alpha 0.05 --tau_mode global --n_trials 5 --seed 42 --n_train 300 --n_calib 300 --n_eval 300 --hadamard_preprocess
============================================================
Traceback (most recent call last):
  File "<frozen runpy>", line 189, in _run_module_as_main
  File "<frozen runpy>", line 112, in _get_module_details
  File "/home/malmatal/Projects/Multi_Dim_Threshold/NeighborCache/region_local_threshold/__init__.py", line 3, in <module>
    from .io_helpers import resolve_npz_path, load_npz, resolve_features
  File "/home/malmatal/Projects/Multi_Dim_Threshold/NeighborCache/region_local_threshold/io_helpers.py", line 8, in <module>
    import numpy as np
ModuleNotFoundError: No module named 'numpy'
============================================================
date_end=2026-05-03T13:09:39+03:00
exit_code=1
============================================================
