------------------------------------
Mon 11 May 2026 15:08:41 IDT
SLURM_JOBID:		17480244
SLURM_JOB_NODELIST:	ise-4090-07
SLURM_SCRATCH_DIR:	/scratch/malmatal/17480244
Allocated Resouces:	cpu - 4 / mem - 32768 MB / gpu - 2
SLURM_GPU_INDEX:	2
Running as malmatal from gilein account with normal QOS
------------------------------------
SLURM_JOB_ID=17480244
SLURM_ARRAY_TASK_ID=18
HOSTNAME=ise-4090-07.auth.ad.bgu.ac.il
DATE=2026-05-11T15:08:41+03:00
EXP_ROOT=NeighborCache/results/paper_normal_20260511_145113
COMMANDS_FILE=NeighborCache/results/paper_normal_20260511_145113/commands.txt
Running command:
/home/malmatal/.conda/envs/ec/bin/python -m NeighborCache.region_local_threshold.cli --data NeighborCache/data/h1h0_final.npz --region_key global_cluster --alpha 0.05 --tau_mode global --n_trials 20 --seed 42 --n_train 1200 --n_calib 300 --n_eval 1200 --hadamard_preprocess

[INFO] Using features key='emb' dim=1024
[INFO] Applied Hadamard preprocessing (strategy=centroid_nearest, use_delta_vec=False, use_abs_diff=False) to X_main

=== Region Threshold Benchmark ===
dataset_npz=NeighborCache/data/h1h0_final.npz
region_key=global_cluster (resolved=global_cluster, unique=1103)
features=emb+hadamard rows=200000 dim=1024
text_pairs=text+region_anchor[centroid_nearest]
alpha=0.05 tie_mode=ge trials=20 base_seed=42
tau_mode=global
hadamard_preprocess=True
abs_diff_only_preprocess=False
use_delta_vec=False
use_abs_diff=False
normalize_data=False
filter_policy=none
train_cosine_policy_active=False
caps: train=1200 calib=300 eval=1200
mins: min_h0_eval=20 min_h1_eval=20
run_dir=/home/malmatal/Projects/Multi_Dim_Threshold/NeighborCache/outputs/region_local_threshold/run_20260511_150855

[trial=0 seed=42] GLOBAL mode — total_samples=200000
  total: h0=82063 h1=15019
  pooled_train:  n0=1200 n1=1200
  pooled_calib:  n0=300 n1=300
  pooled_eval:   n0=1200 n1=1200
  regions (for macro stats only): 1103
[INFO] Cosine baseline routed to direct Hadamard sum (PrecomputedCosine)
[INFO] WeightedEnsemble Cosine judge routed to direct Hadamard sum
  [WeightedEnsemble] Judges routed to 'alt' input: PrecomputedCosine
[WeightedEnsemble] Fitted split-calibrated ensemble (alpha=0.0500, external calib split into META/RISK_CALIB, normalization=h0_cdf):
  tau=0.927121, META: TPR=0.6000, FPR=0.0467, RISK_CALIB: TPR=0.5800, FPR=0.0467
  PrecomputedCosine       : +0.078522
  PCAWhitenedCosine       : +0.192909
  XGBoost                 : +0.325358
  LDA                     : +0.403210

Method                   | TPR    | FPR    | TrTPR  | TrFPR  | MacroTPR | MacroFPR | Regions | TauMean | ms   | OK? 
--------------------------------------------------------------------------------------------------------------------
Cosine                   | 0.4233 | 0.0317 | 0.4567 | 0.0500 | 0.3684   | 0.0470   | 841     | 0.9695  | 26.0 | PASS
AndBox-HC                | 0.4000 | 0.0350 | 0.4600 | 0.0500 | 0.3507   | 0.0508   | 841     | 0.0000  | 31.5 | PASS
HadamardCosine           | 0.4233 | 0.0317 | 0.4567 | 0.0500 | 0.3684   | 0.0470   | 841     | 0.9695  | 32.7 | PASS
PCAWhitenedCosine        | 0.4300 | 0.0208 | 0.4633 | 0.0500 | 0.3433   | 0.0302   | 841     | 1.1601  | 26.9 | PASS
Vec (Wgt)                | 0.4675 | 0.0350 | 0.5200 | 0.0500 | 0.4031   | 0.0510   | 841     | 0.9488  | 26.5 | PASS
Log Reg                  | 0.2392 | 0.0408 | 0.2433 | 0.0500 | 0.2181   | 0.0574   | 841     | 0.5112  | 31.0 | PASS
LDA                      | 0.5133 | 0.0467 | 0.5333 | 0.0500 | 0.4174   | 0.0652   | 841     | 3.7230  | 28.3 | PASS
Tiny MLP                 | 0.5558 | 0.0508 | 0.5833 | 0.0500 | 0.4655   | 0.0662   | 841     | 0.8390  | 29.6 | FAIL
MultiProtoCosine         | 0.0775 | 0.0400 | 0.0633 | 0.0500 | 0.0612   | 0.0472   | 841     | 0.9258  | 31.3 | PASS
WeightedEnsemble         | 0.5292 | 0.0325 | 0.6033 | 0.0500 | 0.4362   | 0.0437   | 841     | 0.9240  | 44.5 | PASS
XGBoost                  | 0.4550 | 0.0258 | 0.4933 | 0.0500 | 0.3811   | 0.0364   | 841     | 0.7136  | 40.5 | PASS
StabilizedWhitenedCosine | 0.4842 | 0.0342 | 0.5533 | 0.0500 | 0.3962   | 0.0505   | 841     | 0.9645  | 29.0 | PASS

[trial=1 seed=43] GLOBAL mode — total_samples=200000
  total: h0=82063 h1=15019
  pooled_train:  n0=1200 n1=1200
  pooled_calib:  n0=300 n1=300
  pooled_eval:   n0=1200 n1=1200
  regions (for macro stats only): 1103
[INFO] Cosine baseline routed to direct Hadamard sum (PrecomputedCosine)
[INFO] WeightedEnsemble Cosine judge routed to direct Hadamard sum
  [WeightedEnsemble] Judges routed to 'alt' input: PrecomputedCosine
[WeightedEnsemble] Fitted split-calibrated ensemble (alpha=0.0500, external calib split into META/RISK_CALIB, normalization=h0_cdf):
  tau=0.971231, META: TPR=0.5933, FPR=0.0467, RISK_CALIB: TPR=0.4067, FPR=0.0467
  PrecomputedCosine       : +0.579298
  PCAWhitenedCosine       : +0.314540
  XGBoost                 : +0.096514
  LDA                     : +0.009648

Method                   | TPR    | FPR    | TrTPR  | TrFPR  | MacroTPR | MacroFPR | Regions | TauMean | ms   | OK? 
--------------------------------------------------------------------------------------------------------------------
Cosine                   | 0.4933 | 0.0558 | 0.4700 | 0.0500 | 0.4433   | 0.0817   | 836     | 0.9495  | 26.2 | FAIL
AndBox-HC                | 0.4925 | 0.0550 | 0.4500 | 0.0500 | 0.4442   | 0.0783   | 836     | 0.0000  | 45.1 | FAIL
HadamardCosine           | 0.4933 | 0.0558 | 0.4700 | 0.0500 | 0.4433   | 0.0817   | 836     | 0.9495  | 29.2 | FAIL
PCAWhitenedCosine        | 0.5675 | 0.0567 | 0.5733 | 0.0500 | 0.4787   | 0.0740   | 836     | 0.7820  | 26.8 | FAIL
Vec (Wgt)                | 0.5542 | 0.0725 | 0.5367 | 0.0500 | 0.5096   | 0.1036   | 836     | 0.9128  | 26.5 | FAIL
Log Reg                  | 0.1633 | 0.0358 | 0.1667 | 0.0500 | 0.1494   | 0.0517   | 836     | 0.5142  | 31.2 | PASS
LDA                      | 0.5250 | 0.0542 | 0.5100 | 0.0500 | 0.4282   | 0.0703   | 836     | 3.5623  | 28.3 | FAIL
Tiny MLP                 | 0.5583 | 0.0567 | 0.5333 | 0.0500 | 0.4606   | 0.0724   | 836     | 0.8324  | 29.5 | FAIL
MultiProtoCosine         | 0.0583 | 0.0267 | 0.0533 | 0.0500 | 0.0416   | 0.0283   | 836     | 0.9288  | 31.3 | PASS
WeightedEnsemble         | 0.5667 | 0.0625 | 0.5367 | 0.0500 | 0.5054   | 0.0884   | 836     | 0.9406  | 44.4 | FAIL
XGBoost                  | 0.5992 | 0.0708 | 0.5600 | 0.0500 | 0.5288   | 0.0996   | 836     | 0.6353  | 40.5 | FAIL
StabilizedWhitenedCosine | 0.5767 | 0.0633 | 0.5633 | 0.0500 | 0.4818   | 0.0865   | 836     | 0.7326  | 29.2 | FAIL

[trial=2 seed=44] GLOBAL mode — total_samples=200000
  total: h0=82063 h1=15019
  pooled_train:  n0=1200 n1=1200
  pooled_calib:  n0=300 n1=300
  pooled_eval:   n0=1200 n1=1200
  regions (for macro stats only): 1103
[INFO] Cosine baseline routed to direct Hadamard sum (PrecomputedCosine)
[INFO] WeightedEnsemble Cosine judge routed to direct Hadamard sum
  [WeightedEnsemble] Judges routed to 'alt' input: PrecomputedCosine
[WeightedEnsemble] Fitted split-calibrated ensemble (alpha=0.0500, external calib split into META/RISK_CALIB, normalization=h0_cdf):
  tau=0.880912, META: TPR=0.4933, FPR=0.0467, RISK_CALIB: TPR=0.5800, FPR=0.0467
  PrecomputedCosine       : +0.407996
  PCAWhitenedCosine       : +0.131194
  XGBoost                 : +0.340491
  LDA                     : +0.120320

Method                   | TPR    | FPR    | TrTPR  | TrFPR  | MacroTPR | MacroFPR | Regions | TauMean | ms   | OK? 
--------------------------------------------------------------------------------------------------------------------
Cosine                   | 0.4975 | 0.0625 | 0.4667 | 0.0500 | 0.4646   | 0.0942   | 845     | 0.9467  | 26.3 | FAIL
AndBox-HC                | 0.4358 | 0.0533 | 0.3867 | 0.0500 | 0.4157   | 0.0791   | 845     | 0.0000  | 30.0 | FAIL
HadamardCosine           | 0.4975 | 0.0625 | 0.4667 | 0.0500 | 0.4646   | 0.0942   | 845     | 0.9467  | 27.8 | FAIL
PCAWhitenedCosine        | 0.5217 | 0.0467 | 0.4433 | 0.0500 | 0.4064   | 0.0732   | 845     | 0.9410  | 27.0 | PASS
Vec (Wgt)                | 0.5025 | 0.0492 | 0.4833 | 0.0500 | 0.4514   | 0.0776   | 845     | 0.9456  | 26.7 | PASS
Log Reg                  | 0.2658 | 0.0583 | 0.2367 | 0.0500 | 0.2443   | 0.0823   | 845     | 0.5100  | 31.2 | FAIL
LDA                      | 0.5092 | 0.0492 | 0.4767 | 0.0500 | 0.4042   | 0.0703   | 845     | 3.5575  | 28.5 | PASS
Tiny MLP                 | 0.5267 | 0.0525 | 0.4967 | 0.0500 | 0.4223   | 0.0747   | 845     | 0.8483  | 29.7 | FAIL
MultiProtoCosine         | 0.0800 | 0.0367 | 0.0567 | 0.0500 | 0.0584   | 0.0371   | 845     | 0.9269  | 31.4 | PASS
WeightedEnsemble         | 0.5050 | 0.0450 | 0.4700 | 0.0500 | 0.4396   | 0.0724   | 845     | 0.9288  | 44.6 | PASS
XGBoost                  | 0.5050 | 0.0500 | 0.4567 | 0.0500 | 0.4450   | 0.0747   | 845     | 0.7019  | 40.4 | PASS
StabilizedWhitenedCosine | 0.5000 | 0.0400 | 0.4667 | 0.0500 | 0.3986   | 0.0637   | 845     | 0.9231  | 29.1 | PASS

[trial=3 seed=45] GLOBAL mode — total_samples=200000
  total: h0=82063 h1=15019
  pooled_train:  n0=1200 n1=1200
  pooled_calib:  n0=300 n1=300
  pooled_eval:   n0=1200 n1=1200
  regions (for macro stats only): 1103
[INFO] Cosine baseline routed to direct Hadamard sum (PrecomputedCosine)
[INFO] WeightedEnsemble Cosine judge routed to direct Hadamard sum
  [WeightedEnsemble] Judges routed to 'alt' input: PrecomputedCosine
[WeightedEnsemble] Fitted split-calibrated ensemble (alpha=0.0500, external calib split into META/RISK_CALIB, normalization=h0_cdf):
  tau=0.915919, META: TPR=0.6733, FPR=0.0467, RISK_CALIB: TPR=0.6133, FPR=0.0467
  PrecomputedCosine       : +0.068115
  PCAWhitenedCosine       : +0.478814
  XGBoost                 : +0.350366
  LDA                     : +0.102704

Method                   | TPR    | FPR    | TrTPR  | TrFPR  | MacroTPR | MacroFPR | Regions | TauMean | ms   | OK? 
--------------------------------------------------------------------------------------------------------------------
Cosine                   | 0.4592 | 0.0467 | 0.4900 | 0.0500 | 0.4106   | 0.0666   | 837     | 0.9635  | 26.0 | PASS
AndBox-HC                | 0.3692 | 0.0383 | 0.3733 | 0.0500 | 0.3273   | 0.0548   | 837     | 0.0000  | 31.3 | PASS
HadamardCosine           | 0.4592 | 0.0467 | 0.4900 | 0.0500 | 0.4106   | 0.0666   | 837     | 0.9635  | 32.4 | PASS
PCAWhitenedCosine        | 0.5608 | 0.0550 | 0.5533 | 0.0500 | 0.4680   | 0.0737   | 837     | 0.8345  | 26.7 | FAIL
Vec (Wgt)                | 0.5042 | 0.0508 | 0.5300 | 0.0500 | 0.4481   | 0.0769   | 837     | 0.9407  | 26.5 | FAIL
Log Reg                  | 0.2167 | 0.0425 | 0.2067 | 0.0500 | 0.1980   | 0.0564   | 837     | 0.5126  | 31.2 | PASS
LDA                      | 0.5408 | 0.0558 | 0.5367 | 0.0500 | 0.4660   | 0.0648   | 837     | 3.4973  | 28.3 | FAIL
Tiny MLP                 | 0.5175 | 0.0450 | 0.5333 | 0.0500 | 0.4471   | 0.0601   | 837     | 0.8738  | 29.6 | PASS
MultiProtoCosine         | 0.0775 | 0.0392 | 0.0500 | 0.0500 | 0.0608   | 0.0473   | 837     | 0.9241  | 31.5 | PASS
WeightedEnsemble         | 0.6242 | 0.0667 | 0.6300 | 0.0500 | 0.5405   | 0.0952   | 837     | 0.9100  | 44.5 | FAIL
XGBoost                  | 0.4742 | 0.0375 | 0.5033 | 0.0500 | 0.4110   | 0.0541   | 837     | 0.7173  | 40.9 | PASS
StabilizedWhitenedCosine | 0.5783 | 0.0675 | 0.5867 | 0.0500 | 0.4923   | 0.0933   | 837     | 0.7863  | 29.3 | FAIL

[trial=4 seed=46] GLOBAL mode — total_samples=200000
  total: h0=82063 h1=15019
  pooled_train:  n0=1200 n1=1200
  pooled_calib:  n0=300 n1=300
  pooled_eval:   n0=1200 n1=1200
  regions (for macro stats only): 1103
[INFO] Cosine baseline routed to direct Hadamard sum (PrecomputedCosine)
[INFO] WeightedEnsemble Cosine judge routed to direct Hadamard sum
  [WeightedEnsemble] Judges routed to 'alt' input: PrecomputedCosine
[WeightedEnsemble] Fitted split-calibrated ensemble (alpha=0.0500, external calib split into META/RISK_CALIB, normalization=h0_cdf):
  tau=0.900794, META: TPR=0.5933, FPR=0.0467, RISK_CALIB: TPR=0.6400, FPR=0.0467
  PrecomputedCosine       : +0.162317
  PCAWhitenedCosine       : +0.221141
  XGBoost                 : +0.365822
  LDA                     : +0.250720

Method                   | TPR    | FPR    | TrTPR  | TrFPR  | MacroTPR | MacroFPR | Regions | TauMean | ms   | OK? 
--------------------------------------------------------------------------------------------------------------------
Cosine                   | 0.5000 | 0.0567 | 0.4633 | 0.0500 | 0.4665   | 0.0894   | 851     | 0.9430  | 53.3 | FAIL
AndBox-HC                | 0.4383 | 0.0575 | 0.4333 | 0.0500 | 0.4088   | 0.0816   | 851     | 0.0000  | 32.2 | FAIL
HadamardCosine           | 0.5000 | 0.0567 | 0.4633 | 0.0500 | 0.4665   | 0.0894   | 851     | 0.9430  | 29.4 | FAIL
PCAWhitenedCosine        | 0.5100 | 0.0467 | 0.5400 | 0.0500 | 0.4378   | 0.0707   | 851     | 1.0147  | 27.0 | PASS
Vec (Wgt)                | 0.5300 | 0.0542 | 0.5167 | 0.0500 | 0.4929   | 0.0875   | 851     | 0.9214  | 26.7 | FAIL
Log Reg                  | 0.2542 | 0.0583 | 0.2833 | 0.0500 | 0.2393   | 0.0806   | 851     | 0.5099  | 31.3 | FAIL
LDA                      | 0.5600 | 0.0567 | 0.5733 | 0.0500 | 0.4705   | 0.0854   | 851     | 3.2034  | 28.4 | FAIL
Tiny MLP                 | 0.5083 | 0.0467 | 0.5667 | 0.0500 | 0.4233   | 0.0706   | 851     | 0.9196  | 29.8 | PASS
MultiProtoCosine         | 0.0717 | 0.0275 | 0.0667 | 0.0500 | 0.0528   | 0.0300   | 851     | 0.9274  | 31.5 | PASS
WeightedEnsemble         | 0.6050 | 0.0642 | 0.6200 | 0.0500 | 0.5417   | 0.0998   | 851     | 0.9076  | 44.6 | FAIL
XGBoost                  | 0.5650 | 0.0700 | 0.5333 | 0.0500 | 0.5147   | 0.1024   | 851     | 0.6524  | 40.6 | FAIL
StabilizedWhitenedCosine | 0.5667 | 0.0617 | 0.6167 | 0.0500 | 0.4969   | 0.0953   | 851     | 0.8127  | 29.4 | FAIL

[trial=5 seed=47] GLOBAL mode — total_samples=200000
  total: h0=82063 h1=15019
  pooled_train:  n0=1200 n1=1200
  pooled_calib:  n0=300 n1=300
  pooled_eval:   n0=1200 n1=1200
  regions (for macro stats only): 1103
[INFO] Cosine baseline routed to direct Hadamard sum (PrecomputedCosine)
[INFO] WeightedEnsemble Cosine judge routed to direct Hadamard sum
  [WeightedEnsemble] Judges routed to 'alt' input: PrecomputedCosine
[WeightedEnsemble] Fitted split-calibrated ensemble (alpha=0.0500, external calib split into META/RISK_CALIB, normalization=h0_cdf):
  tau=0.963576, META: TPR=0.5733, FPR=0.0467, RISK_CALIB: TPR=0.5400, FPR=0.0467
  PrecomputedCosine       : +0.000000
  PCAWhitenedCosine       : +1.000000
  XGBoost                 : +0.000000
  LDA                     : +0.000000

Method                   | TPR    | FPR    | TrTPR  | TrFPR  | MacroTPR | MacroFPR | Regions | TauMean | ms   | OK? 
--------------------------------------------------------------------------------------------------------------------
Cosine                   | 0.4117 | 0.0342 | 0.4467 | 0.0500 | 0.3701   | 0.0541   | 827     | 0.9759  | 26.5 | PASS
AndBox-HC                | 0.3633 | 0.0325 | 0.3767 | 0.0500 | 0.3117   | 0.0498   | 827     | 0.0001  | 31.9 | PASS
HadamardCosine           | 0.4117 | 0.0342 | 0.4467 | 0.0500 | 0.3701   | 0.0541   | 827     | 0.9759  | 28.9 | PASS
PCAWhitenedCosine        | 0.5500 | 0.0533 | 0.5567 | 0.0500 | 0.4433   | 0.0831   | 827     | 0.9498  | 26.5 | FAIL
Vec (Wgt)                | 0.4742 | 0.0408 | 0.5067 | 0.0500 | 0.4195   | 0.0626   | 827     | 0.9592  | 26.1 | PASS
Log Reg                  | 0.2800 | 0.0733 | 0.2767 | 0.0500 | 0.2349   | 0.0923   | 827     | 0.5110  | 30.9 | FAIL
LDA                      | 0.5683 | 0.0592 | 0.5400 | 0.0500 | 0.4743   | 0.0918   | 827     | 3.7783  | 27.9 | FAIL
Tiny MLP                 | 0.6042 | 0.0700 | 0.5567 | 0.0500 | 0.5066   | 0.1023   | 827     | 0.8410  | 29.2 | FAIL
MultiProtoCosine         | 0.0750 | 0.0475 | 0.0767 | 0.0500 | 0.0593   | 0.0451   | 827     | 0.9248  | 31.0 | PASS
WeightedEnsemble         | 0.5500 | 0.0533 | 0.5567 | 0.0500 | 0.4433   | 0.0831   | 827     | 0.9503  | 44.2 | FAIL
XGBoost                  | 0.4317 | 0.0317 | 0.4700 | 0.0500 | 0.3734   | 0.0502   | 827     | 0.7437  | 40.4 | PASS
StabilizedWhitenedCosine | 0.5325 | 0.0542 | 0.5667 | 0.0500 | 0.4233   | 0.0832   | 827     | 0.9807  | 28.9 | FAIL

[trial=6 seed=48] GLOBAL mode — total_samples=200000
  total: h0=82063 h1=15019
  pooled_train:  n0=1200 n1=1200
  pooled_calib:  n0=300 n1=300
  pooled_eval:   n0=1200 n1=1200
  regions (for macro stats only): 1103
[INFO] Cosine baseline routed to direct Hadamard sum (PrecomputedCosine)
[INFO] WeightedEnsemble Cosine judge routed to direct Hadamard sum
  [WeightedEnsemble] Judges routed to 'alt' input: PrecomputedCosine
[WeightedEnsemble] Fitted split-calibrated ensemble (alpha=0.0500, external calib split into META/RISK_CALIB, normalization=h0_cdf):
  tau=0.953797, META: TPR=0.5133, FPR=0.0467, RISK_CALIB: TPR=0.4467, FPR=0.0467
  PrecomputedCosine       : +0.022140
  PCAWhitenedCosine       : +0.127093
  XGBoost                 : +0.804450
  LDA                     : +0.046317

Method                   | TPR    | FPR    | TrTPR  | TrFPR  | MacroTPR | MacroFPR | Regions | TauMean | ms   | OK? 
--------------------------------------------------------------------------------------------------------------------
Cosine                   | 0.4650 | 0.0467 | 0.4767 | 0.0500 | 0.4294   | 0.0618   | 844     | 0.9582  | 26.1 | PASS
AndBox-HC                | 0.3142 | 0.0425 | 0.3267 | 0.0500 | 0.2875   | 0.0557   | 844     | 0.0001  | 31.6 | PASS
HadamardCosine           | 0.4650 | 0.0467 | 0.4767 | 0.0500 | 0.4294   | 0.0618   | 844     | 0.9582  | 32.9 | PASS
PCAWhitenedCosine        | 0.5525 | 0.0450 | 0.4833 | 0.0500 | 0.4670   | 0.0626   | 844     | 0.9283  | 27.1 | PASS
Vec (Wgt)                | 0.4717 | 0.0275 | 0.4767 | 0.0500 | 0.4214   | 0.0410   | 844     | 0.9546  | 27.0 | PASS
Log Reg                  | 0.2725 | 0.0458 | 0.2633 | 0.0500 | 0.2387   | 0.0626   | 844     | 0.5098  | 31.7 | PASS
LDA                      | 0.4742 | 0.0325 | 0.4200 | 0.0500 | 0.3986   | 0.0493   | 844     | 3.8870  | 28.9 | PASS
Tiny MLP                 | 0.4733 | 0.0383 | 0.4333 | 0.0500 | 0.3982   | 0.0562   | 844     | 0.8870  | 29.8 | PASS
MultiProtoCosine         | 0.0900 | 0.0425 | 0.0567 | 0.0500 | 0.0786   | 0.0459   | 844     | 0.9242  | 31.7 | PASS
WeightedEnsemble         | 0.5075 | 0.0333 | 0.4900 | 0.0500 | 0.4382   | 0.0503   | 844     | 0.9479  | 45.1 | PASS
XGBoost                  | 0.4767 | 0.0442 | 0.4567 | 0.0500 | 0.4263   | 0.0649   | 844     | 0.7147  | 41.0 | PASS
StabilizedWhitenedCosine | 0.5167 | 0.0408 | 0.4833 | 0.0500 | 0.4295   | 0.0570   | 844     | 1.0054  | 29.6 | PASS

[trial=7 seed=49] GLOBAL mode — total_samples=200000
  total: h0=82063 h1=15019
  pooled_train:  n0=1200 n1=1200
  pooled_calib:  n0=300 n1=300
  pooled_eval:   n0=1200 n1=1200
  regions (for macro stats only): 1103
[INFO] Cosine baseline routed to direct Hadamard sum (PrecomputedCosine)
[INFO] WeightedEnsemble Cosine judge routed to direct Hadamard sum
  [WeightedEnsemble] Judges routed to 'alt' input: PrecomputedCosine
[WeightedEnsemble] Fitted split-calibrated ensemble (alpha=0.0500, external calib split into META/RISK_CALIB, normalization=h0_cdf):
  tau=0.924875, META: TPR=0.6600, FPR=0.0467, RISK_CALIB: TPR=0.5400, FPR=0.0467
  PrecomputedCosine       : +0.120691
  PCAWhitenedCosine       : +0.527931
  XGBoost                 : +0.025061
  LDA                     : +0.326317

Method                   | TPR    | FPR    | TrTPR  | TrFPR  | MacroTPR | MacroFPR | Regions | TauMean | ms   | OK? 
--------------------------------------------------------------------------------------------------------------------
Cosine                   | 0.4783 | 0.0517 | 0.5167 | 0.0500 | 0.4432   | 0.0752   | 831     | 0.9488  | 26.0 | FAIL
AndBox-HC                | 0.4467 | 0.0408 | 0.4700 | 0.0500 | 0.4072   | 0.0631   | 831     | 0.0000  | 31.5 | PASS
HadamardCosine           | 0.4783 | 0.0517 | 0.5167 | 0.0500 | 0.4432   | 0.0752   | 831     | 0.9488  | 32.2 | FAIL
PCAWhitenedCosine        | 0.6300 | 0.0667 | 0.6100 | 0.0500 | 0.5383   | 0.0876   | 831     | 0.6273  | 27.0 | FAIL
Vec (Wgt)                | 0.5225 | 0.0550 | 0.5500 | 0.0500 | 0.4811   | 0.0795   | 831     | 0.9299  | 26.7 | FAIL
Log Reg                  | 0.2633 | 0.0550 | 0.2800 | 0.0500 | 0.2385   | 0.0736   | 831     | 0.5090  | 31.4 | FAIL
LDA                      | 0.5383 | 0.0467 | 0.5700 | 0.0500 | 0.4450   | 0.0633   | 831     | 3.3807  | 28.6 | PASS
Tiny MLP                 | 0.6475 | 0.0767 | 0.6433 | 0.0500 | 0.5606   | 0.1097   | 831     | 0.7400  | 29.8 | FAIL
MultiProtoCosine         | 0.0708 | 0.0225 | 0.0467 | 0.0500 | 0.0506   | 0.0261   | 831     | 0.9282  | 31.5 | PASS
WeightedEnsemble         | 0.5908 | 0.0525 | 0.5933 | 0.0500 | 0.5035   | 0.0726   | 831     | 0.9219  | 44.8 | FAIL
XGBoost                  | 0.5050 | 0.0417 | 0.5233 | 0.0500 | 0.4555   | 0.0597   | 831     | 0.6867  | 40.6 | PASS
StabilizedWhitenedCosine | 0.5367 | 0.0433 | 0.5233 | 0.0500 | 0.4616   | 0.0656   | 831     | 0.8667  | 29.2 | PASS

[trial=8 seed=50] GLOBAL mode — total_samples=200000
  total: h0=82063 h1=15019
  pooled_train:  n0=1200 n1=1200
  pooled_calib:  n0=300 n1=300
  pooled_eval:   n0=1200 n1=1200
  regions (for macro stats only): 1103
[INFO] Cosine baseline routed to direct Hadamard sum (PrecomputedCosine)
[INFO] WeightedEnsemble Cosine judge routed to direct Hadamard sum
  [WeightedEnsemble] Judges routed to 'alt' input: PrecomputedCosine
[WeightedEnsemble] Fitted split-calibrated ensemble (alpha=0.0500, external calib split into META/RISK_CALIB, normalization=h0_cdf):
  tau=0.942246, META: TPR=0.4400, FPR=0.0467, RISK_CALIB: TPR=0.3933, FPR=0.0467
  PrecomputedCosine       : +0.124268
  PCAWhitenedCosine       : +0.201529
  XGBoost                 : +0.665956
  LDA                     : +0.008247

Method                   | TPR    | FPR    | TrTPR  | TrFPR  | MacroTPR | MacroFPR | Regions | TauMean | ms   | OK? 
--------------------------------------------------------------------------------------------------------------------
Cosine                   | 0.4333 | 0.0433 | 0.4000 | 0.0500 | 0.3858   | 0.0652   | 837     | 0.9725  | 25.4 | PASS
AndBox-HC                | 0.3542 | 0.0442 | 0.2900 | 0.0500 | 0.3154   | 0.0620   | 837     | 0.0000  | 31.0 | PASS
HadamardCosine           | 0.4333 | 0.0433 | 0.4000 | 0.0500 | 0.3858   | 0.0652   | 837     | 0.9725  | 33.2 | PASS
PCAWhitenedCosine        | 0.4275 | 0.0392 | 0.4233 | 0.0500 | 0.3464   | 0.0532   | 837     | 1.2898  | 26.5 | PASS
Vec (Wgt)                | 0.4892 | 0.0517 | 0.4900 | 0.0500 | 0.4399   | 0.0761   | 837     | 0.9430  | 26.1 | FAIL
Log Reg                  | 0.2717 | 0.0417 | 0.2333 | 0.0500 | 0.2165   | 0.0589   | 837     | 0.5090  | 30.8 | PASS
LDA                      | 0.3825 | 0.0200 | 0.3800 | 0.0500 | 0.2920   | 0.0299   | 837     | 5.6269  | 28.0 | PASS
Tiny MLP                 | 0.3342 | 0.0217 | 0.3333 | 0.0500 | 0.2474   | 0.0332   | 837     | 0.9740  | 29.2 | PASS
MultiProtoCosine         | 0.0592 | 0.0333 | 0.0700 | 0.0500 | 0.0517   | 0.0349   | 837     | 0.9256  | 30.9 | PASS
WeightedEnsemble         | 0.4450 | 0.0433 | 0.4533 | 0.0500 | 0.3843   | 0.0690   | 837     | 0.9320  | 44.3 | PASS
XGBoost                  | 0.4075 | 0.0375 | 0.4133 | 0.0500 | 0.3540   | 0.0599   | 837     | 0.7640  | 40.5 | PASS
StabilizedWhitenedCosine | 0.4358 | 0.0458 | 0.4500 | 0.0500 | 0.3656   | 0.0653   | 837     | 1.2139  | 28.8 | PASS

[trial=9 seed=51] GLOBAL mode — total_samples=200000
  total: h0=82063 h1=15019
  pooled_train:  n0=1200 n1=1200
  pooled_calib:  n0=300 n1=300
  pooled_eval:   n0=1200 n1=1200
  regions (for macro stats only): 1103
[INFO] Cosine baseline routed to direct Hadamard sum (PrecomputedCosine)
[INFO] WeightedEnsemble Cosine judge routed to direct Hadamard sum
  [WeightedEnsemble] Judges routed to 'alt' input: PrecomputedCosine
[WeightedEnsemble] Fitted split-calibrated ensemble (alpha=0.0500, external calib split into META/RISK_CALIB, normalization=h0_cdf):
  tau=0.905629, META: TPR=0.5533, FPR=0.0467, RISK_CALIB: TPR=0.5533, FPR=0.0467
  PrecomputedCosine       : +0.250000
  PCAWhitenedCosine       : +0.250000
  XGBoost                 : +0.250000
  LDA                     : +0.250000

Method                   | TPR    | FPR    | TrTPR  | TrFPR  | MacroTPR | MacroFPR | Regions | TauMean | ms   | OK? 
--------------------------------------------------------------------------------------------------------------------
Cosine                   | 0.4700 | 0.0542 | 0.4200 | 0.0500 | 0.4382   | 0.0832   | 835     | 0.9583  | 25.8 | FAIL
AndBox-HC                | 0.4092 | 0.0433 | 0.3467 | 0.0500 | 0.3732   | 0.0651   | 835     | 0.0001  | 31.3 | PASS
HadamardCosine           | 0.4700 | 0.0542 | 0.4200 | 0.0500 | 0.4382   | 0.0832   | 835     | 0.9583  | 29.8 | FAIL
PCAWhitenedCosine        | 0.5933 | 0.0675 | 0.5600 | 0.0500 | 0.4905   | 0.0908   | 835     | 0.8343  | 26.7 | FAIL
Vec (Wgt)                | 0.5125 | 0.0608 | 0.4567 | 0.0500 | 0.4665   | 0.0914   | 835     | 0.9433  | 26.5 | FAIL
Log Reg                  | 0.3000 | 0.0475 | 0.2700 | 0.0500 | 0.2436   | 0.0756   | 835     | 0.5088  | 31.4 | PASS
LDA                      | 0.5592 | 0.0642 | 0.5333 | 0.0500 | 0.4533   | 0.0858   | 835     | 3.7138  | 28.2 | FAIL
Tiny MLP                 | 0.5417 | 0.0617 | 0.5300 | 0.0500 | 0.4584   | 0.0853   | 835     | 0.8784  | 29.5 | FAIL
MultiProtoCosine         | 0.0858 | 0.0450 | 0.0600 | 0.0500 | 0.0673   | 0.0509   | 835     | 0.9234  | 31.4 | PASS
WeightedEnsemble         | 0.5950 | 0.0583 | 0.5567 | 0.0500 | 0.5304   | 0.0840   | 835     | 0.9023  | 44.5 | FAIL
XGBoost                  | 0.5208 | 0.0575 | 0.4667 | 0.0500 | 0.4699   | 0.0816   | 835     | 0.6981  | 40.6 | FAIL
StabilizedWhitenedCosine | 0.5875 | 0.0683 | 0.5667 | 0.0500 | 0.5018   | 0.0935   | 835     | 0.8101  | 29.2 | FAIL

[trial=10 seed=52] GLOBAL mode — total_samples=200000
  total: h0=82063 h1=15019
  pooled_train:  n0=1200 n1=1200
  pooled_calib:  n0=300 n1=300
  pooled_eval:   n0=1200 n1=1200
  regions (for macro stats only): 1103
[INFO] Cosine baseline routed to direct Hadamard sum (PrecomputedCosine)
[INFO] WeightedEnsemble Cosine judge routed to direct Hadamard sum
  [WeightedEnsemble] Judges routed to 'alt' input: PrecomputedCosine
[WeightedEnsemble] Fitted split-calibrated ensemble (alpha=0.0500, external calib split into META/RISK_CALIB, normalization=h0_cdf):
  tau=0.976821, META: TPR=0.6267, FPR=0.0467, RISK_CALIB: TPR=0.4800, FPR=0.0333
  PrecomputedCosine       : +0.000000
  PCAWhitenedCosine       : +1.000000
  XGBoost                 : +0.000000
  LDA                     : +0.000000

Method                   | TPR    | FPR    | TrTPR  | TrFPR  | MacroTPR | MacroFPR | Regions | TauMean | ms   | OK? 
--------------------------------------------------------------------------------------------------------------------
Cosine                   | 0.4050 | 0.0458 | 0.4400 | 0.0500 | 0.3949   | 0.0624   | 849     | 0.9703  | 26.2 | PASS
AndBox-HC                | 0.3175 | 0.0425 | 0.3500 | 0.0500 | 0.3217   | 0.0588   | 849     | 0.0000  | 31.5 | PASS
HadamardCosine           | 0.4050 | 0.0458 | 0.4400 | 0.0500 | 0.3949   | 0.0624   | 849     | 0.9703  | 32.5 | PASS
PCAWhitenedCosine        | 0.4692 | 0.0442 | 0.5500 | 0.0500 | 0.3949   | 0.0654   | 849     | 1.0088  | 27.4 | PASS
Vec (Wgt)                | 0.4467 | 0.0450 | 0.4967 | 0.0500 | 0.4231   | 0.0682   | 849     | 0.9513  | 26.9 | PASS
Log Reg                  | 0.1733 | 0.0358 | 0.2167 | 0.0500 | 0.1650   | 0.0519   | 849     | 0.5132  | 31.7 | PASS
LDA                      | 0.5125 | 0.0542 | 0.5667 | 0.0500 | 0.4412   | 0.0752   | 849     | 3.3637  | 28.8 | FAIL
Tiny MLP                 | 0.4700 | 0.0408 | 0.5133 | 0.0500 | 0.4098   | 0.0553   | 849     | 0.8706  | 29.9 | PASS
MultiProtoCosine         | 0.0675 | 0.0442 | 0.0967 | 0.0500 | 0.0557   | 0.0489   | 849     | 0.9259  | 31.9 | PASS
WeightedEnsemble         | 0.4125 | 0.0300 | 0.4767 | 0.0333 | 0.3492   | 0.0469   | 849     | 0.9702  | 45.0 | PASS
XGBoost                  | 0.4267 | 0.0442 | 0.4933 | 0.0500 | 0.3955   | 0.0621   | 849     | 0.7132  | 41.1 | PASS
StabilizedWhitenedCosine | 0.4858 | 0.0458 | 0.5433 | 0.0500 | 0.4258   | 0.0680   | 849     | 0.8800  | 29.6 | PASS

[trial=11 seed=53] GLOBAL mode — total_samples=200000
  total: h0=82063 h1=15019
  pooled_train:  n0=1200 n1=1200
  pooled_calib:  n0=300 n1=300
  pooled_eval:   n0=1200 n1=1200
  regions (for macro stats only): 1103
[INFO] Cosine baseline routed to direct Hadamard sum (PrecomputedCosine)
[INFO] WeightedEnsemble Cosine judge routed to direct Hadamard sum
  [WeightedEnsemble] Judges routed to 'alt' input: PrecomputedCosine
[WeightedEnsemble] Fitted split-calibrated ensemble (alpha=0.0500, external calib split into META/RISK_CALIB, normalization=h0_cdf):
  tau=0.930739, META: TPR=0.4667, FPR=0.0467, RISK_CALIB: TPR=0.5400, FPR=0.0467
  PrecomputedCosine       : +0.277802
  PCAWhitenedCosine       : +0.016672
  XGBoost                 : +0.310352
  LDA                     : +0.395173

Method                   | TPR    | FPR    | TrTPR  | TrFPR  | MacroTPR | MacroFPR | Regions | TauMean | ms   | OK? 
--------------------------------------------------------------------------------------------------------------------
Cosine                   | 0.4275 | 0.0417 | 0.4033 | 0.0500 | 0.3751   | 0.0636   | 842     | 0.9784  | 25.7 | PASS
AndBox-HC                | 0.4217 | 0.0575 | 0.4167 | 0.0500 | 0.3726   | 0.0796   | 842     | 0.0000  | 31.3 | FAIL
HadamardCosine           | 0.4275 | 0.0417 | 0.4033 | 0.0500 | 0.3751   | 0.0636   | 842     | 0.9784  | 31.0 | PASS
PCAWhitenedCosine        | 0.5025 | 0.0433 | 0.5200 | 0.0500 | 0.4099   | 0.0635   | 842     | 1.0247  | 26.7 | PASS
Vec (Wgt)                | 0.4983 | 0.0450 | 0.4767 | 0.0500 | 0.4333   | 0.0718   | 842     | 0.9612  | 26.5 | PASS
Log Reg                  | 0.3133 | 0.0708 | 0.2867 | 0.0500 | 0.2710   | 0.0844   | 842     | 0.5090  | 31.3 | FAIL
LDA                      | 0.5225 | 0.0467 | 0.5033 | 0.0500 | 0.4239   | 0.0669   | 842     | 3.6124  | 28.3 | PASS
Tiny MLP                 | 0.5075 | 0.0458 | 0.5033 | 0.0500 | 0.4117   | 0.0621   | 842     | 0.9101  | 29.4 | PASS
MultiProtoCosine         | 0.0767 | 0.0667 | 0.1100 | 0.0500 | 0.0638   | 0.0702   | 842     | 0.9227  | 31.2 | FAIL
WeightedEnsemble         | 0.5583 | 0.0458 | 0.5267 | 0.0500 | 0.4825   | 0.0719   | 842     | 0.9179  | 44.6 | PASS
XGBoost                  | 0.4392 | 0.0417 | 0.4367 | 0.0500 | 0.3830   | 0.0644   | 842     | 0.7596  | 40.6 | PASS
StabilizedWhitenedCosine | 0.5150 | 0.0375 | 0.5067 | 0.0500 | 0.4366   | 0.0585   | 842     | 0.9708  | 29.0 | PASS

[trial=12 seed=54] GLOBAL mode — total_samples=200000
  total: h0=82063 h1=15019
  pooled_train:  n0=1200 n1=1200
  pooled_calib:  n0=300 n1=300
  pooled_eval:   n0=1200 n1=1200
  regions (for macro stats only): 1103
[INFO] Cosine baseline routed to direct Hadamard sum (PrecomputedCosine)
[INFO] WeightedEnsemble Cosine judge routed to direct Hadamard sum
  [WeightedEnsemble] Judges routed to 'alt' input: PrecomputedCosine
[WeightedEnsemble] Fitted split-calibrated ensemble (alpha=0.0500, external calib split into META/RISK_CALIB, normalization=h0_cdf):
  tau=0.948184, META: TPR=0.5933, FPR=0.0467, RISK_CALIB: TPR=0.4800, FPR=0.0467
  PrecomputedCosine       : +0.391024
  PCAWhitenedCosine       : +0.305309
  XGBoost                 : +0.193686
  LDA                     : +0.109980

Method                   | TPR    | FPR    | TrTPR  | TrFPR  | MacroTPR | MacroFPR | Regions | TauMean | ms   | OK? 
--------------------------------------------------------------------------------------------------------------------
Cosine                   | 0.4392 | 0.0458 | 0.4633 | 0.0500 | 0.4077   | 0.0687   | 851     | 0.9631  | 26.7 | PASS
AndBox-HC                | 0.4117 | 0.0517 | 0.4167 | 0.0500 | 0.3889   | 0.0742   | 851     | 0.0000  | 45.3 | FAIL
HadamardCosine           | 0.4392 | 0.0458 | 0.4633 | 0.0500 | 0.4077   | 0.0687   | 851     | 0.9631  | 29.9 | PASS
PCAWhitenedCosine        | 0.5792 | 0.0608 | 0.5700 | 0.0500 | 0.4963   | 0.0845   | 851     | 0.7888  | 27.5 | FAIL
Vec (Wgt)                | 0.4808 | 0.0525 | 0.5000 | 0.0500 | 0.4446   | 0.0792   | 851     | 0.9483  | 27.1 | FAIL
Log Reg                  | 0.2483 | 0.0533 | 0.2467 | 0.0500 | 0.2306   | 0.0764   | 851     | 0.5103  | 31.9 | FAIL
LDA                      | 0.5492 | 0.0633 | 0.5600 | 0.0500 | 0.4514   | 0.0894   | 851     | 3.5701  | 29.0 | FAIL
Tiny MLP                 | 0.5458 | 0.0517 | 0.5133 | 0.0500 | 0.4459   | 0.0733   | 851     | 0.8800  | 30.3 | FAIL
MultiProtoCosine         | 0.0725 | 0.0458 | 0.1067 | 0.0500 | 0.0732   | 0.0553   | 851     | 0.9225  | 31.8 | PASS
WeightedEnsemble         | 0.5458 | 0.0575 | 0.5567 | 0.0500 | 0.4942   | 0.0876   | 851     | 0.9262  | 45.4 | FAIL
XGBoost                  | 0.4742 | 0.0508 | 0.4833 | 0.0500 | 0.4366   | 0.0727   | 851     | 0.7197  | 41.4 | FAIL
StabilizedWhitenedCosine | 0.5667 | 0.0625 | 0.5367 | 0.0500 | 0.4803   | 0.0857   | 851     | 0.8816  | 29.8 | FAIL

[trial=13 seed=55] GLOBAL mode — total_samples=200000
  total: h0=82063 h1=15019
  pooled_train:  n0=1200 n1=1200
  pooled_calib:  n0=300 n1=300
  pooled_eval:   n0=1200 n1=1200
  regions (for macro stats only): 1103
[INFO] Cosine baseline routed to direct Hadamard sum (PrecomputedCosine)
[INFO] WeightedEnsemble Cosine judge routed to direct Hadamard sum
  [WeightedEnsemble] Judges routed to 'alt' input: PrecomputedCosine
[WeightedEnsemble] Fitted split-calibrated ensemble (alpha=0.0500, external calib split into META/RISK_CALIB, normalization=h0_cdf):
  tau=0.890064, META: TPR=0.5333, FPR=0.0467, RISK_CALIB: TPR=0.6467, FPR=0.0467
  PrecomputedCosine       : +0.091334
  PCAWhitenedCosine       : +0.437174
  XGBoost                 : +0.326346
  LDA                     : +0.145146

Method                   | TPR    | FPR    | TrTPR  | TrFPR  | MacroTPR | MacroFPR | Regions | TauMean | ms   | OK? 
--------------------------------------------------------------------------------------------------------------------
Cosine                   | 0.5133 | 0.0583 | 0.5167 | 0.0500 | 0.4754   | 0.0838   | 826     | 0.9416  | 25.8 | FAIL
AndBox-HC                | 0.4850 | 0.0558 | 0.5067 | 0.0500 | 0.4534   | 0.0755   | 826     | -0.0000 | 31.2 | FAIL
HadamardCosine           | 0.5133 | 0.0583 | 0.5167 | 0.0500 | 0.4754   | 0.0838   | 826     | 0.9416  | 32.5 | FAIL
PCAWhitenedCosine        | 0.4908 | 0.0450 | 0.5133 | 0.0500 | 0.3871   | 0.0640   | 826     | 1.0922  | 26.6 | PASS
Vec (Wgt)                | 0.5333 | 0.0592 | 0.5433 | 0.0500 | 0.4896   | 0.0887   | 826     | 0.9334  | 26.4 | FAIL
Log Reg                  | 0.2342 | 0.0550 | 0.2167 | 0.0500 | 0.1918   | 0.0772   | 826     | 0.5107  | 31.2 | FAIL
LDA                      | 0.3758 | 0.0225 | 0.4267 | 0.0500 | 0.2987   | 0.0340   | 826     | 5.0821  | 28.1 | PASS
Tiny MLP                 | 0.4425 | 0.0333 | 0.4667 | 0.0500 | 0.3479   | 0.0471   | 826     | 0.9411  | 29.3 | PASS
MultiProtoCosine         | 0.0942 | 0.0517 | 0.0833 | 0.0500 | 0.0565   | 0.0635   | 826     | 0.9243  | 31.0 | FAIL
WeightedEnsemble         | 0.5517 | 0.0508 | 0.5833 | 0.0500 | 0.4727   | 0.0751   | 826     | 0.9115  | 44.4 | FAIL
XGBoost                  | 0.5050 | 0.0508 | 0.5133 | 0.0500 | 0.4450   | 0.0689   | 826     | 0.6980  | 40.8 | FAIL
StabilizedWhitenedCosine | 0.5317 | 0.0550 | 0.5267 | 0.0500 | 0.4380   | 0.0728   | 826     | 0.9177  | 28.9 | FAIL

[trial=14 seed=56] GLOBAL mode — total_samples=200000
  total: h0=82063 h1=15019
  pooled_train:  n0=1200 n1=1200
  pooled_calib:  n0=300 n1=300
  pooled_eval:   n0=1200 n1=1200
  regions (for macro stats only): 1103
[INFO] Cosine baseline routed to direct Hadamard sum (PrecomputedCosine)
[INFO] WeightedEnsemble Cosine judge routed to direct Hadamard sum
  [WeightedEnsemble] Judges routed to 'alt' input: PrecomputedCosine
[WeightedEnsemble] Fitted split-calibrated ensemble (alpha=0.0500, external calib split into META/RISK_CALIB, normalization=h0_cdf):
  tau=0.934215, META: TPR=0.5800, FPR=0.0467, RISK_CALIB: TPR=0.5400, FPR=0.0467
  PrecomputedCosine       : +0.078522
  PCAWhitenedCosine       : +0.192909
  XGBoost                 : +0.325358
  LDA                     : +0.403210

Method                   | TPR    | FPR    | TrTPR  | TrFPR  | MacroTPR | MacroFPR | Regions | TauMean | ms   | OK? 
--------------------------------------------------------------------------------------------------------------------
Cosine                   | 0.4650 | 0.0483 | 0.4000 | 0.0500 | 0.4250   | 0.0633   | 859     | 0.9595  | 26.1 | PASS
AndBox-HC                | 0.3575 | 0.0442 | 0.2933 | 0.0500 | 0.3285   | 0.0578   | 859     | 0.0000  | 34.7 | PASS
HadamardCosine           | 0.4650 | 0.0483 | 0.4000 | 0.0500 | 0.4250   | 0.0633   | 859     | 0.9595  | 29.8 | PASS
PCAWhitenedCosine        | 0.5008 | 0.0400 | 0.4767 | 0.0500 | 0.4205   | 0.0537   | 859     | 1.0302  | 27.3 | PASS
Vec (Wgt)                | 0.4917 | 0.0400 | 0.4500 | 0.0500 | 0.4426   | 0.0541   | 859     | 0.9488  | 26.9 | PASS
Log Reg                  | 0.2592 | 0.0467 | 0.2400 | 0.0500 | 0.2344   | 0.0594   | 859     | 0.5095  | 31.7 | PASS
LDA                      | 0.5417 | 0.0583 | 0.4833 | 0.0500 | 0.4374   | 0.0756   | 859     | 3.6184  | 28.8 | FAIL
Tiny MLP                 | 0.5525 | 0.0425 | 0.5167 | 0.0500 | 0.4572   | 0.0557   | 859     | 0.8355  | 30.0 | PASS
MultiProtoCosine         | 0.0742 | 0.0333 | 0.0667 | 0.0500 | 0.0667   | 0.0336   | 859     | 0.9256  | 31.8 | PASS
WeightedEnsemble         | 0.6025 | 0.0550 | 0.5467 | 0.0500 | 0.5242   | 0.0767   | 859     | 0.9202  | 45.0 | FAIL
XGBoost                  | 0.4992 | 0.0533 | 0.4567 | 0.0500 | 0.4454   | 0.0677   | 859     | 0.6956  | 41.1 | FAIL
StabilizedWhitenedCosine | 0.5525 | 0.0508 | 0.5200 | 0.0500 | 0.4738   | 0.0720   | 859     | 0.8458  | 29.7 | FAIL

[trial=15 seed=57] GLOBAL mode — total_samples=200000
  total: h0=82063 h1=15019
  pooled_train:  n0=1200 n1=1200
  pooled_calib:  n0=300 n1=300
  pooled_eval:   n0=1200 n1=1200
  regions (for macro stats only): 1103
[INFO] Cosine baseline routed to direct Hadamard sum (PrecomputedCosine)
[INFO] WeightedEnsemble Cosine judge routed to direct Hadamard sum
  [WeightedEnsemble] Judges routed to 'alt' input: PrecomputedCosine
[WeightedEnsemble] Fitted split-calibrated ensemble (alpha=0.0500, external calib split into META/RISK_CALIB, normalization=h0_cdf):
  tau=0.898152, META: TPR=0.5667, FPR=0.0467, RISK_CALIB: TPR=0.6067, FPR=0.0467
  PrecomputedCosine       : +0.157436
  PCAWhitenedCosine       : +0.326129
  XGBoost                 : +0.043808
  LDA                     : +0.472627

Method                   | TPR    | FPR    | TrTPR  | TrFPR  | MacroTPR | MacroFPR | Regions | TauMean | ms   | OK? 
--------------------------------------------------------------------------------------------------------------------
Cosine                   | 0.4217 | 0.0342 | 0.4033 | 0.0500 | 0.3801   | 0.0555   | 835     | 0.9755  | 26.3 | PASS
AndBox-HC                | 0.3808 | 0.0400 | 0.3767 | 0.0500 | 0.3425   | 0.0615   | 835     | 0.0001  | 31.8 | PASS
HadamardCosine           | 0.4217 | 0.0342 | 0.4033 | 0.0500 | 0.3801   | 0.0555   | 835     | 0.9755  | 32.3 | PASS
PCAWhitenedCosine        | 0.5575 | 0.0508 | 0.5500 | 0.0500 | 0.4549   | 0.0766   | 835     | 0.8858  | 27.1 | FAIL
Vec (Wgt)                | 0.4433 | 0.0292 | 0.4167 | 0.0500 | 0.3756   | 0.0524   | 835     | 0.9771  | 26.8 | PASS
Log Reg                  | 0.1508 | 0.0292 | 0.1900 | 0.0500 | 0.1277   | 0.0415   | 835     | 0.5137  | 31.7 | PASS
LDA                      | 0.5067 | 0.0425 | 0.5000 | 0.0500 | 0.3980   | 0.0624   | 835     | 3.8270  | 28.7 | PASS
Tiny MLP                 | 0.5242 | 0.0500 | 0.4633 | 0.0500 | 0.4179   | 0.0742   | 835     | 0.9049  | 29.9 | PASS
MultiProtoCosine         | 0.0775 | 0.0417 | 0.0867 | 0.0500 | 0.0575   | 0.0475   | 835     | 0.9255  | 31.7 | PASS
WeightedEnsemble         | 0.5783 | 0.0525 | 0.5867 | 0.0500 | 0.4891   | 0.0774   | 835     | 0.8992  | 45.1 | FAIL
XGBoost                  | 0.4392 | 0.0375 | 0.4333 | 0.0500 | 0.3853   | 0.0592   | 835     | 0.7386  | 41.1 | PASS
StabilizedWhitenedCosine | 0.5158 | 0.0425 | 0.5167 | 0.0500 | 0.4149   | 0.0641   | 835     | 0.9840  | 29.6 | PASS

[trial=16 seed=58] GLOBAL mode — total_samples=200000
  total: h0=82063 h1=15019
  pooled_train:  n0=1200 n1=1200
  pooled_calib:  n0=300 n1=300
  pooled_eval:   n0=1200 n1=1200
  regions (for macro stats only): 1103
[INFO] Cosine baseline routed to direct Hadamard sum (PrecomputedCosine)
[INFO] WeightedEnsemble Cosine judge routed to direct Hadamard sum
  [WeightedEnsemble] Judges routed to 'alt' input: PrecomputedCosine
[WeightedEnsemble] Fitted split-calibrated ensemble (alpha=0.0500, external calib split into META/RISK_CALIB, normalization=h0_cdf):
  tau=0.923841, META: TPR=0.4200, FPR=0.0467, RISK_CALIB: TPR=0.5933, FPR=0.0400
  PrecomputedCosine       : +0.000000
  PCAWhitenedCosine       : +1.000000
  XGBoost                 : +0.000000
  LDA                     : +0.000000

Method                   | TPR    | FPR    | TrTPR  | TrFPR  | MacroTPR | MacroFPR | Regions | TauMean | ms   | OK? 
--------------------------------------------------------------------------------------------------------------------
Cosine                   | 0.4567 | 0.0467 | 0.4067 | 0.0500 | 0.4214   | 0.0711   | 818     | 0.9637  | 52.8 | PASS
AndBox-HC                | 0.3642 | 0.0517 | 0.3000 | 0.0500 | 0.3471   | 0.0691   | 818     | 0.0000  | 32.0 | FAIL
HadamardCosine           | 0.4567 | 0.0467 | 0.4067 | 0.0500 | 0.4214   | 0.0711   | 818     | 0.9637  | 28.9 | PASS
PCAWhitenedCosine        | 0.5750 | 0.0633 | 0.5333 | 0.0500 | 0.4670   | 0.0930   | 818     | 0.8707  | 26.4 | FAIL
Vec (Wgt)                | 0.4850 | 0.0533 | 0.4300 | 0.0500 | 0.4354   | 0.0767   | 818     | 0.9546  | 26.1 | FAIL
Log Reg                  | 0.2600 | 0.0508 | 0.2233 | 0.0500 | 0.2198   | 0.0707   | 818     | 0.5096  | 30.9 | FAIL
LDA                      | 0.4650 | 0.0433 | 0.4167 | 0.0500 | 0.3835   | 0.0649   | 818     | 4.0529  | 27.9 | PASS
Tiny MLP                 | 0.5050 | 0.0500 | 0.4633 | 0.0500 | 0.4052   | 0.0708   | 818     | 0.8840  | 29.1 | PASS
MultiProtoCosine         | 0.1092 | 0.0842 | 0.0733 | 0.0500 | 0.0904   | 0.0934   | 818     | 0.9211  | 30.9 | FAIL
WeightedEnsemble         | 0.5750 | 0.0633 | 0.5333 | 0.0500 | 0.4670   | 0.0930   | 818     | 0.9371  | 44.0 | FAIL
XGBoost                  | 0.4642 | 0.0417 | 0.4233 | 0.0500 | 0.4007   | 0.0572   | 818     | 0.7364  | 40.1 | PASS
StabilizedWhitenedCosine | 0.6050 | 0.0692 | 0.5633 | 0.0500 | 0.5139   | 0.0989   | 818     | 0.7501  | 28.5 | FAIL

[trial=17 seed=59] GLOBAL mode — total_samples=200000
  total: h0=82063 h1=15019
  pooled_train:  n0=1200 n1=1200
  pooled_calib:  n0=300 n1=300
  pooled_eval:   n0=1200 n1=1200
  regions (for macro stats only): 1103
[INFO] Cosine baseline routed to direct Hadamard sum (PrecomputedCosine)
[INFO] WeightedEnsemble Cosine judge routed to direct Hadamard sum
  [WeightedEnsemble] Judges routed to 'alt' input: PrecomputedCosine
[WeightedEnsemble] Fitted split-calibrated ensemble (alpha=0.0500, external calib split into META/RISK_CALIB, normalization=h0_cdf):
  tau=0.971570, META: TPR=0.5933, FPR=0.0467, RISK_CALIB: TPR=0.4467, FPR=0.0467
  PrecomputedCosine       : +0.101296
  PCAWhitenedCosine       : +0.185897
  XGBoost                 : +0.677520
  LDA                     : +0.035287

Method                   | TPR    | FPR    | TrTPR  | TrFPR  | MacroTPR | MacroFPR | Regions | TauMean | ms   | OK? 
--------------------------------------------------------------------------------------------------------------------
Cosine                   | 0.4583 | 0.0525 | 0.4600 | 0.0500 | 0.4037   | 0.0755   | 834     | 0.9609  | 25.9 | FAIL
AndBox-HC                | 0.4583 | 0.0633 | 0.4767 | 0.0500 | 0.3982   | 0.0843   | 834     | -0.0000 | 31.5 | FAIL
HadamardCosine           | 0.4583 | 0.0525 | 0.4600 | 0.0500 | 0.4037   | 0.0755   | 834     | 0.9609  | 32.2 | FAIL
PCAWhitenedCosine        | 0.4933 | 0.0392 | 0.4800 | 0.0500 | 0.4028   | 0.0573   | 834     | 0.9934  | 26.6 | PASS
Vec (Wgt)                | 0.4908 | 0.0542 | 0.4867 | 0.0500 | 0.4264   | 0.0771   | 834     | 0.9455  | 26.3 | FAIL
Log Reg                  | 0.2825 | 0.0592 | 0.2767 | 0.0500 | 0.2217   | 0.0774   | 834     | 0.5087  | 31.3 | FAIL
LDA                      | 0.4642 | 0.0492 | 0.4500 | 0.0500 | 0.3683   | 0.0690   | 834     | 3.8585  | 28.2 | PASS
Tiny MLP                 | 0.4783 | 0.0467 | 0.4767 | 0.0500 | 0.3826   | 0.0652   | 834     | 0.8975  | 29.4 | PASS
MultiProtoCosine         | 0.1017 | 0.0625 | 0.0867 | 0.0500 | 0.0791   | 0.0733   | 834     | 0.9204  | 31.2 | FAIL
WeightedEnsemble         | 0.5133 | 0.0558 | 0.5200 | 0.0500 | 0.4229   | 0.0770   | 834     | 0.9468  | 44.4 | FAIL
XGBoost                  | 0.4983 | 0.0583 | 0.4867 | 0.0500 | 0.4182   | 0.0807   | 834     | 0.6902  | 40.6 | FAIL
StabilizedWhitenedCosine | 0.5583 | 0.0558 | 0.5300 | 0.0500 | 0.4680   | 0.0782   | 834     | 0.7780  | 29.0 | FAIL

[trial=18 seed=60] GLOBAL mode — total_samples=200000
  total: h0=82063 h1=15019
  pooled_train:  n0=1200 n1=1200
  pooled_calib:  n0=300 n1=300
  pooled_eval:   n0=1200 n1=1200
  regions (for macro stats only): 1103
[INFO] Cosine baseline routed to direct Hadamard sum (PrecomputedCosine)
[INFO] WeightedEnsemble Cosine judge routed to direct Hadamard sum
  [WeightedEnsemble] Judges routed to 'alt' input: PrecomputedCosine
[WeightedEnsemble] Fitted split-calibrated ensemble (alpha=0.0500, external calib split into META/RISK_CALIB, normalization=h0_cdf):
  tau=0.915801, META: TPR=0.4667, FPR=0.0467, RISK_CALIB: TPR=0.5467, FPR=0.0467
  PrecomputedCosine       : +0.228396
  PCAWhitenedCosine       : +0.060742
  XGBoost                 : +0.156492
  LDA                     : +0.554370

Method                   | TPR    | FPR    | TrTPR  | TrFPR  | MacroTPR | MacroFPR | Regions | TauMean | ms   | OK? 
--------------------------------------------------------------------------------------------------------------------
Cosine                   | 0.4450 | 0.0517 | 0.4467 | 0.0500 | 0.4171   | 0.0650   | 825     | 0.9680  | 25.7 | FAIL
AndBox-HC                | 0.3583 | 0.0392 | 0.3500 | 0.0467 | 0.3297   | 0.0515   | 825     | 0.0001  | 37.5 | PASS
HadamardCosine           | 0.4450 | 0.0517 | 0.4467 | 0.0500 | 0.4171   | 0.0650   | 825     | 0.9680  | 28.9 | FAIL
PCAWhitenedCosine        | 0.4567 | 0.0383 | 0.4300 | 0.0500 | 0.3662   | 0.0544   | 825     | 1.0606  | 26.5 | PASS
Vec (Wgt)                | 0.4442 | 0.0442 | 0.4133 | 0.0500 | 0.3969   | 0.0533   | 825     | 0.9730  | 26.2 | PASS
Log Reg                  | 0.2717 | 0.0567 | 0.2133 | 0.0500 | 0.2404   | 0.0756   | 825     | 0.5095  | 30.9 | FAIL
LDA                      | 0.5167 | 0.0483 | 0.5167 | 0.0500 | 0.4206   | 0.0674   | 825     | 3.2951  | 28.0 | PASS
Tiny MLP                 | 0.5383 | 0.0475 | 0.5133 | 0.0500 | 0.4338   | 0.0701   | 825     | 0.8568  | 29.2 | PASS
MultiProtoCosine         | 0.0833 | 0.0542 | 0.0733 | 0.0500 | 0.0759   | 0.0633   | 825     | 0.9226  | 31.1 | FAIL
WeightedEnsemble         | 0.5258 | 0.0475 | 0.5100 | 0.0500 | 0.4525   | 0.0661   | 825     | 0.9190  | 44.2 | PASS
XGBoost                  | 0.4500 | 0.0333 | 0.4167 | 0.0500 | 0.3882   | 0.0475   | 825     | 0.7293  | 40.6 | PASS
StabilizedWhitenedCosine | 0.4075 | 0.0383 | 0.3800 | 0.0500 | 0.3305   | 0.0554   | 825     | 1.1378  | 29.0 | PASS

[trial=19 seed=61] GLOBAL mode — total_samples=200000
  total: h0=82063 h1=15019
  pooled_train:  n0=1200 n1=1200
  pooled_calib:  n0=300 n1=300
  pooled_eval:   n0=1200 n1=1200
  regions (for macro stats only): 1103
[INFO] Cosine baseline routed to direct Hadamard sum (PrecomputedCosine)
[INFO] WeightedEnsemble Cosine judge routed to direct Hadamard sum
  [WeightedEnsemble] Judges routed to 'alt' input: PrecomputedCosine
[WeightedEnsemble] Fitted split-calibrated ensemble (alpha=0.0500, external calib split into META/RISK_CALIB, normalization=h0_cdf):
  tau=0.948029, META: TPR=0.6400, FPR=0.0467, RISK_CALIB: TPR=0.6267, FPR=0.0467
  PrecomputedCosine       : +0.081367
  PCAWhitenedCosine       : +0.796723
  XGBoost                 : +0.052115
  LDA                     : +0.069795

Method                   | TPR    | FPR    | TrTPR  | TrFPR  | MacroTPR | MacroFPR | Regions | TauMean | ms   | OK? 
--------------------------------------------------------------------------------------------------------------------
Cosine                   | 0.3733 | 0.0308 | 0.3967 | 0.0500 | 0.3251   | 0.0405   | 849     | 0.9814  | 26.1 | PASS
AndBox-HC                | 0.3300 | 0.0425 | 0.3167 | 0.0500 | 0.2727   | 0.0627   | 849     | 0.0001  | 31.7 | PASS
HadamardCosine           | 0.3733 | 0.0308 | 0.3967 | 0.0500 | 0.3251   | 0.0405   | 849     | 0.9814  | 29.5 | PASS
PCAWhitenedCosine        | 0.5792 | 0.0608 | 0.6067 | 0.0500 | 0.4656   | 0.0874   | 849     | 0.7697  | 27.0 | FAIL
Vec (Wgt)                | 0.4875 | 0.0483 | 0.5233 | 0.0500 | 0.4336   | 0.0696   | 849     | 0.9383  | 26.7 | PASS
Log Reg                  | 0.2733 | 0.0492 | 0.3033 | 0.0433 | 0.2414   | 0.0650   | 849     | 0.5090  | 31.6 | PASS
LDA                      | 0.5367 | 0.0492 | 0.5667 | 0.0500 | 0.4333   | 0.0723   | 849     | 3.6055  | 28.6 | PASS
Tiny MLP                 | 0.5267 | 0.0508 | 0.5000 | 0.0500 | 0.4174   | 0.0752   | 849     | 0.8587  | 29.9 | FAIL
MultiProtoCosine         | 0.0708 | 0.0350 | 0.1133 | 0.0500 | 0.0531   | 0.0405   | 849     | 0.9239  | 31.6 | PASS
WeightedEnsemble         | 0.6192 | 0.0617 | 0.6533 | 0.0500 | 0.5114   | 0.0857   | 849     | 0.9284  | 45.0 | FAIL
XGBoost                  | 0.4400 | 0.0408 | 0.4500 | 0.0500 | 0.3826   | 0.0614   | 849     | 0.7306  | 40.8 | PASS
StabilizedWhitenedCosine | 0.5225 | 0.0500 | 0.5467 | 0.0500 | 0.4236   | 0.0718   | 849     | 0.9252  | 29.5 | PASS

=== Ranking by mean micro TPR (UNCONSTRAINED) ===
 1. WeightedEnsemble   TPR=0.5500±0.0537 FPR=0.0516±0.0105 [FAIL]
 2. StabilizedWhitenedCosine TPR=0.5288±0.0485 FPR=0.0513±0.0109 [FAIL]
 3. PCAWhitenedCosine  TPR=0.5274±0.0544 FPR=0.0492±0.0113 [PASS]
 4. Tiny MLP           TPR=0.5179±0.0617 FPR=0.0490±0.0116 [PASS]
 5. LDA                TPR=0.5081±0.0517 FPR=0.0481±0.0116 [PASS]
 6. Vec (Wgt)          TPR=0.4915±0.0291 FPR=0.0484±0.0104 [PASS]
 7. XGBoost            TPR=0.4788±0.0463 FPR=0.0460±0.0116 [PASS]
 8. Cosine             TPR=0.4518±0.0348 FPR=0.0470±0.0088 [PASS]
 9. HadamardCosine     TPR=0.4518±0.0348 FPR=0.0470±0.0088 [PASS]
10. AndBox-HC          TPR=0.3954±0.0515 FPR=0.0465±0.0083 [PASS]
11. Log Reg            TPR=0.2497±0.0423 FPR=0.0503±0.0109 [FAIL]
12. MultiProtoCosine   TPR=0.0787±0.0124 FPR=0.0440±0.0143 [PASS]

=== Ranking by mean micro TPR (CONSTRAINED: FPR <= alpha) ===
 1. PCAWhitenedCosine  TPR=0.5274±0.0544 FPR=0.0492±0.0113
 2. Tiny MLP           TPR=0.5179±0.0617 FPR=0.0490±0.0116
 3. LDA                TPR=0.5081±0.0517 FPR=0.0481±0.0116
 4. Vec (Wgt)          TPR=0.4915±0.0291 FPR=0.0484±0.0104
 5. XGBoost            TPR=0.4788±0.0463 FPR=0.0460±0.0116
 6. Cosine             TPR=0.4518±0.0348 FPR=0.0470±0.0088
 7. HadamardCosine     TPR=0.4518±0.0348 FPR=0.0470±0.0088
 8. AndBox-HC          TPR=0.3954±0.0515 FPR=0.0465±0.0083
 9. MultiProtoCosine   TPR=0.0787±0.0124 FPR=0.0440±0.0143
[CSV] Saved: /home/malmatal/Projects/Multi_Dim_Threshold/NeighborCache/outputs/region_local_threshold/run_20260511_150855/trial_summary.csv
[JSON] Saved: /home/malmatal/Projects/Multi_Dim_Threshold/NeighborCache/outputs/region_local_threshold/run_20260511_150855/ranking.json
[CSV] Saved: /home/malmatal/Projects/Multi_Dim_Threshold/NeighborCache/outputs/region_local_threshold/run_20260511_150855/weighted_ensemble_meta_weights.csv
[JSON] Saved: /home/malmatal/Projects/Multi_Dim_Threshold/NeighborCache/outputs/region_local_threshold/run_20260511_150855/notes.json

Best (constrained FPR <= alpha): PCAWhitenedCosine
[Done] outputs at: /home/malmatal/Projects/Multi_Dim_Threshold/NeighborCache/outputs/region_local_threshold/run_20260511_150855

Task 18 completed successfully.
