------------------------------------
Mon 11 May 2026 15:01:49 IDT
SLURM_JOBID:		17480224
SLURM_JOB_NODELIST:	ise-4090-07
SLURM_SCRATCH_DIR:	/scratch/malmatal/17480224
Allocated Resouces:	cpu - 4 / mem - 32768 MB / gpu - 2
SLURM_GPU_INDEX:	2
Running as malmatal from gilein account with normal QOS
------------------------------------
SLURM_JOB_ID=17480224
SLURM_ARRAY_TASK_ID=9
HOSTNAME=ise-4090-07.auth.ad.bgu.ac.il
DATE=2026-05-11T15:01:49+03:00
EXP_ROOT=NeighborCache/results/paper_normal_20260511_145113
COMMANDS_FILE=NeighborCache/results/paper_normal_20260511_145113/commands.txt
Running command:
/home/malmatal/.conda/envs/ec/bin/python -m NeighborCache.region_local_threshold.cli --data NeighborCache/data/h1h0_final.npz --region_key global_cluster --alpha 0.05 --tau_mode global --n_trials 20 --seed 42 --n_train 100 --n_calib 1200 --n_eval 1200 --hadamard_preprocess

[INFO] Using features key='emb' dim=1024
[INFO] Applied Hadamard preprocessing (strategy=centroid_nearest, use_delta_vec=False, use_abs_diff=False) to X_main

=== Region Threshold Benchmark ===
dataset_npz=NeighborCache/data/h1h0_final.npz
region_key=global_cluster (resolved=global_cluster, unique=1103)
features=emb+hadamard rows=200000 dim=1024
text_pairs=text+region_anchor[centroid_nearest]
alpha=0.05 tie_mode=ge trials=20 base_seed=42
tau_mode=global
hadamard_preprocess=True
abs_diff_only_preprocess=False
use_delta_vec=False
use_abs_diff=False
normalize_data=False
filter_policy=none
train_cosine_policy_active=False
caps: train=100 calib=1200 eval=1200
mins: min_h0_eval=20 min_h1_eval=20
run_dir=/home/malmatal/Projects/Multi_Dim_Threshold/NeighborCache/outputs/region_local_threshold/run_20260511_150159

[trial=0 seed=42] GLOBAL mode — total_samples=200000
  total: h0=82063 h1=15019
  pooled_train:  n0=100 n1=100
  pooled_calib:  n0=1200 n1=1200
  pooled_eval:   n0=1200 n1=1200
  regions (for macro stats only): 1103
[INFO] Cosine baseline routed to direct Hadamard sum (PrecomputedCosine)
[INFO] WeightedEnsemble Cosine judge routed to direct Hadamard sum
  [WeightedEnsemble] Judges routed to 'alt' input: PrecomputedCosine
[WeightedEnsemble] Fitted split-calibrated ensemble (alpha=0.0500, external calib split into META/RISK_CALIB, normalization=h0_cdf):
  tau=0.936721, META: TPR=0.5500, FPR=0.0500, RISK_CALIB: TPR=0.4800, FPR=0.0500
  PrecomputedCosine       : +0.564169
  PCAWhitenedCosine       : +0.034590
  XGBoost                 : +0.070985
  LDA                     : +0.330257

Method                   | TPR    | FPR    | TrTPR  | TrFPR  | MacroTPR | MacroFPR | Regions | TauMean | ms   | OK? 
--------------------------------------------------------------------------------------------------------------------
Cosine                   | 0.4667 | 0.0442 | 0.4492 | 0.0500 | 0.4153   | 0.0617   | 848     | 0.9593  | 27.9 | PASS
AndBox-HC                | 0.4208 | 0.0358 | 0.4125 | 0.0500 | 0.3720   | 0.0500   | 848     | 0.0000  | 37.4 | PASS
HadamardCosine           | 0.4667 | 0.0442 | 0.4492 | 0.0500 | 0.4153   | 0.0617   | 848     | 0.9593  | 33.1 | PASS
PCAWhitenedCosine        | 0.4367 | 0.0567 | 0.4117 | 0.0500 | 0.3594   | 0.0784   | 848     | 1.0674  | 30.5 | FAIL
Vec (Wgt)                | 0.5058 | 0.0458 | 0.4892 | 0.0500 | 0.4430   | 0.0632   | 848     | 0.9385  | 30.1 | PASS
Log Reg                  | 0.2350 | 0.0400 | 0.2408 | 0.0500 | 0.2256   | 0.0558   | 848     | 0.5010  | 37.9 | PASS
LDA                      | 0.4900 | 0.0592 | 0.4725 | 0.0500 | 0.4119   | 0.0773   | 848     | 11.7492 | 32.7 | FAIL
Tiny MLP                 | 0.4858 | 0.0533 | 0.4775 | 0.0500 | 0.4252   | 0.0751   | 848     | 0.6405  | 34.8 | FAIL
MultiProtoCosine         | 0.0808 | 0.0525 | 0.0867 | 0.0500 | 0.0712   | 0.0591   | 848     | 0.9200  | 38.3 | FAIL
WeightedEnsemble         | 0.5233 | 0.0408 | 0.5017 | 0.0500 | 0.4473   | 0.0574   | 848     | 0.9291  | 60.0 | PASS
XGBoost                  | 0.4092 | 0.0433 | 0.4175 | 0.0500 | 0.3574   | 0.0530   | 848     | 0.7760  | 53.9 | PASS
StabilizedWhitenedCosine | 0.5175 | 0.0417 | 0.4875 | 0.0500 | 0.4290   | 0.0575   | 848     | 0.9778  | 34.7 | PASS

[trial=1 seed=43] GLOBAL mode — total_samples=200000
  total: h0=82063 h1=15019
  pooled_train:  n0=100 n1=100
  pooled_calib:  n0=1200 n1=1200
  pooled_eval:   n0=1200 n1=1200
  regions (for macro stats only): 1103
[INFO] Cosine baseline routed to direct Hadamard sum (PrecomputedCosine)
[INFO] WeightedEnsemble Cosine judge routed to direct Hadamard sum
  [WeightedEnsemble] Judges routed to 'alt' input: PrecomputedCosine
[WeightedEnsemble] Fitted split-calibrated ensemble (alpha=0.0500, external calib split into META/RISK_CALIB, normalization=h0_cdf):
  tau=0.920461, META: TPR=0.5133, FPR=0.0500, RISK_CALIB: TPR=0.4717, FPR=0.0500
  PrecomputedCosine       : +0.405523
  PCAWhitenedCosine       : +0.185736
  XGBoost                 : +0.021360
  LDA                     : +0.387381

Method                   | TPR    | FPR    | TrTPR  | TrFPR  | MacroTPR | MacroFPR | Regions | TauMean | ms   | OK? 
--------------------------------------------------------------------------------------------------------------------
Cosine                   | 0.4717 | 0.0517 | 0.4600 | 0.0500 | 0.4188   | 0.0805   | 834     | 0.9597  | 28.6 | FAIL
AndBox-HC                | 0.4567 | 0.0575 | 0.4608 | 0.0500 | 0.4120   | 0.0868   | 834     | 0.0000  | 39.2 | FAIL
HadamardCosine           | 0.4717 | 0.0517 | 0.4600 | 0.0500 | 0.4188   | 0.0805   | 834     | 0.9597  | 34.6 | FAIL
PCAWhitenedCosine        | 0.4225 | 0.0550 | 0.3958 | 0.0500 | 0.3513   | 0.0764   | 834     | 1.2390  | 30.3 | FAIL
Vec (Wgt)                | 0.5225 | 0.0567 | 0.5208 | 0.0500 | 0.4735   | 0.0884   | 834     | 0.9314  | 29.9 | FAIL
Log Reg                  | 0.2700 | 0.0642 | 0.2550 | 0.0500 | 0.2348   | 0.0838   | 834     | 0.5010  | 37.7 | FAIL
LDA                      | 0.4208 | 0.0450 | 0.3992 | 0.0500 | 0.3451   | 0.0649   | 834     | 13.7047 | 32.6 | PASS
Tiny MLP                 | 0.4900 | 0.0467 | 0.4758 | 0.0500 | 0.4261   | 0.0762   | 834     | 0.6596  | 34.7 | PASS
MultiProtoCosine         | 0.1008 | 0.0667 | 0.0908 | 0.0500 | 0.0875   | 0.0712   | 834     | 0.9152  | 38.0 | FAIL
WeightedEnsemble         | 0.5133 | 0.0525 | 0.4858 | 0.0500 | 0.4557   | 0.0782   | 834     | 0.9155  | 59.5 | FAIL
XGBoost                  | 0.4317 | 0.0550 | 0.4275 | 0.0500 | 0.3838   | 0.0754   | 834     | 0.7674  | 53.6 | FAIL
StabilizedWhitenedCosine | 0.5167 | 0.0633 | 0.5125 | 0.0500 | 0.4452   | 0.0942   | 834     | 0.9005  | 34.6 | FAIL

[trial=2 seed=44] GLOBAL mode — total_samples=200000
  total: h0=82063 h1=15019
  pooled_train:  n0=100 n1=100
  pooled_calib:  n0=1200 n1=1200
  pooled_eval:   n0=1200 n1=1200
  regions (for macro stats only): 1103
[INFO] Cosine baseline routed to direct Hadamard sum (PrecomputedCosine)
[INFO] WeightedEnsemble Cosine judge routed to direct Hadamard sum
  [WeightedEnsemble] Judges routed to 'alt' input: PrecomputedCosine
[WeightedEnsemble] Fitted split-calibrated ensemble (alpha=0.0500, external calib split into META/RISK_CALIB, normalization=h0_cdf):
  tau=0.928463, META: TPR=0.5283, FPR=0.0500, RISK_CALIB: TPR=0.4500, FPR=0.0467
  PrecomputedCosine       : +0.692133
  PCAWhitenedCosine       : +0.162051
  XGBoost                 : +0.067996
  LDA                     : +0.077821

Method                   | TPR    | FPR    | TrTPR  | TrFPR  | MacroTPR | MacroFPR | Regions | TauMean | ms   | OK? 
--------------------------------------------------------------------------------------------------------------------
Cosine                   | 0.4617 | 0.0542 | 0.4692 | 0.0500 | 0.4175   | 0.0870   | 843     | 0.9606  | 27.8 | FAIL
AndBox-HC                | 0.4608 | 0.0600 | 0.4433 | 0.0500 | 0.4166   | 0.0934   | 843     | -0.0000 | 37.2 | FAIL
HadamardCosine           | 0.4617 | 0.0542 | 0.4692 | 0.0500 | 0.4175   | 0.0870   | 843     | 0.9606  | 33.1 | FAIL
PCAWhitenedCosine        | 0.3708 | 0.0492 | 0.3825 | 0.0500 | 0.3157   | 0.0710   | 843     | 1.2424  | 30.3 | PASS
Vec (Wgt)                | 0.4867 | 0.0467 | 0.4983 | 0.0500 | 0.4304   | 0.0759   | 843     | 0.9536  | 30.2 | PASS
Log Reg                  | 0.2158 | 0.0467 | 0.2267 | 0.0500 | 0.2129   | 0.0660   | 843     | 0.5009  | 37.9 | PASS
LDA                      | 0.4317 | 0.0533 | 0.4267 | 0.0500 | 0.3797   | 0.0793   | 843     | 11.0331 | 32.8 | FAIL
Tiny MLP                 | 0.4017 | 0.0442 | 0.3633 | 0.0500 | 0.3408   | 0.0597   | 843     | 0.4895  | 34.8 | PASS
MultiProtoCosine         | 0.0725 | 0.0475 | 0.0608 | 0.0500 | 0.0638   | 0.0498   | 843     | 0.9184  | 38.2 | PASS
WeightedEnsemble         | 0.4983 | 0.0533 | 0.4975 | 0.0500 | 0.4476   | 0.0854   | 843     | 0.9188  | 59.8 | FAIL
XGBoost                  | 0.3925 | 0.0542 | 0.4183 | 0.0500 | 0.3282   | 0.0785   | 843     | 0.7504  | 53.8 | FAIL
StabilizedWhitenedCosine | 0.4367 | 0.0483 | 0.4450 | 0.0500 | 0.3559   | 0.0727   | 843     | 0.9762  | 34.8 | PASS

[trial=3 seed=45] GLOBAL mode — total_samples=200000
  total: h0=82063 h1=15019
  pooled_train:  n0=100 n1=100
  pooled_calib:  n0=1200 n1=1200
  pooled_eval:   n0=1200 n1=1200
  regions (for macro stats only): 1103
[INFO] Cosine baseline routed to direct Hadamard sum (PrecomputedCosine)
[INFO] WeightedEnsemble Cosine judge routed to direct Hadamard sum
  [WeightedEnsemble] Judges routed to 'alt' input: PrecomputedCosine
[WeightedEnsemble] Fitted split-calibrated ensemble (alpha=0.0500, external calib split into META/RISK_CALIB, normalization=h0_cdf):
  tau=0.924449, META: TPR=0.5067, FPR=0.0500, RISK_CALIB: TPR=0.4283, FPR=0.0500
  PrecomputedCosine       : +0.324676
  PCAWhitenedCosine       : +0.315490
  XGBoost                 : +0.322049
  LDA                     : +0.037785

Method                   | TPR    | FPR    | TrTPR  | TrFPR  | MacroTPR | MacroFPR | Regions | TauMean | ms   | OK? 
--------------------------------------------------------------------------------------------------------------------
Cosine                   | 0.4383 | 0.0367 | 0.4242 | 0.0500 | 0.3881   | 0.0517   | 843     | 0.9745  | 29.0 | PASS
AndBox-HC                | 0.3842 | 0.0442 | 0.3633 | 0.0500 | 0.3240   | 0.0628   | 843     | 0.0000  | 39.8 | PASS
HadamardCosine           | 0.4383 | 0.0367 | 0.4242 | 0.0500 | 0.3881   | 0.0517   | 843     | 0.9745  | 35.0 | PASS
PCAWhitenedCosine        | 0.4392 | 0.0517 | 0.4075 | 0.0500 | 0.3585   | 0.0666   | 843     | 1.3068  | 30.4 | FAIL
Vec (Wgt)                | 0.4742 | 0.0383 | 0.4633 | 0.0500 | 0.4146   | 0.0562   | 843     | 0.9564  | 30.2 | PASS
Log Reg                  | 0.2567 | 0.0433 | 0.2675 | 0.0500 | 0.2268   | 0.0616   | 843     | 0.5009  | 38.1 | PASS
LDA                      | 0.4325 | 0.0442 | 0.4333 | 0.0500 | 0.3626   | 0.0605   | 843     | 17.9049 | 33.0 | PASS
Tiny MLP                 | 0.4725 | 0.0492 | 0.4467 | 0.0500 | 0.3960   | 0.0681   | 843     | 0.6597  | 35.1 | PASS
MultiProtoCosine         | 0.0683 | 0.0558 | 0.0675 | 0.0500 | 0.0555   | 0.0688   | 843     | 0.9186  | 38.4 | FAIL
WeightedEnsemble         | 0.4750 | 0.0500 | 0.4675 | 0.0500 | 0.4152   | 0.0713   | 843     | 0.9116  | 59.7 | PASS
XGBoost                  | 0.3783 | 0.0533 | 0.3633 | 0.0500 | 0.3330   | 0.0682   | 843     | 0.7568  | 54.0 | FAIL
StabilizedWhitenedCosine | 0.4517 | 0.0492 | 0.4233 | 0.0500 | 0.3716   | 0.0729   | 843     | 1.2312  | 34.8 | PASS

[trial=4 seed=46] GLOBAL mode — total_samples=200000
  total: h0=82063 h1=15019
  pooled_train:  n0=100 n1=100
  pooled_calib:  n0=1200 n1=1200
  pooled_eval:   n0=1200 n1=1200
  regions (for macro stats only): 1103
[INFO] Cosine baseline routed to direct Hadamard sum (PrecomputedCosine)
[INFO] WeightedEnsemble Cosine judge routed to direct Hadamard sum
  [WeightedEnsemble] Judges routed to 'alt' input: PrecomputedCosine
[WeightedEnsemble] Fitted split-calibrated ensemble (alpha=0.0500, external calib split into META/RISK_CALIB, normalization=h0_cdf):
  tau=0.904692, META: TPR=0.5267, FPR=0.0500, RISK_CALIB: TPR=0.5017, FPR=0.0500
  PrecomputedCosine       : +0.778833
  PCAWhitenedCosine       : +0.120089
  XGBoost                 : +0.064727
  LDA                     : +0.036352

Method                   | TPR    | FPR    | TrTPR  | TrFPR  | MacroTPR | MacroFPR | Regions | TauMean | ms   | OK? 
--------------------------------------------------------------------------------------------------------------------
Cosine                   | 0.4825 | 0.0550 | 0.4842 | 0.0500 | 0.4479   | 0.0804   | 849     | 0.9470  | 28.8 | FAIL
AndBox-HC                | 0.4775 | 0.0508 | 0.4608 | 0.0500 | 0.4400   | 0.0761   | 849     | -0.0000 | 39.5 | FAIL
HadamardCosine           | 0.4825 | 0.0550 | 0.4842 | 0.0500 | 0.4479   | 0.0804   | 849     | 0.9470  | 34.8 | FAIL
PCAWhitenedCosine        | 0.3067 | 0.0542 | 0.3008 | 0.0500 | 0.2754   | 0.0657   | 849     | 1.1500  | 30.5 | FAIL
Vec (Wgt)                | 0.5283 | 0.0575 | 0.5342 | 0.0500 | 0.4928   | 0.0887   | 849     | 0.9172  | 30.1 | FAIL
Log Reg                  | 0.1967 | 0.0467 | 0.2050 | 0.0500 | 0.1811   | 0.0631   | 849     | 0.5012  | 37.9 | PASS
LDA                      | 0.3950 | 0.0525 | 0.4258 | 0.0500 | 0.3305   | 0.0674   | 849     | 9.9986  | 32.8 | FAIL
Tiny MLP                 | 0.4017 | 0.0483 | 0.4183 | 0.0500 | 0.3363   | 0.0671   | 849     | 0.6966  | 35.1 | PASS
MultiProtoCosine         | 0.0583 | 0.0325 | 0.0617 | 0.0500 | 0.0523   | 0.0391   | 849     | 0.9215  | 38.4 | PASS
WeightedEnsemble         | 0.4983 | 0.0542 | 0.5108 | 0.0500 | 0.4551   | 0.0785   | 849     | 0.9108  | 59.8 | FAIL
XGBoost                  | 0.3558 | 0.0717 | 0.3658 | 0.0500 | 0.3219   | 0.0794   | 849     | 0.7231  | 53.8 | FAIL
StabilizedWhitenedCosine | 0.3825 | 0.0475 | 0.4017 | 0.0500 | 0.3215   | 0.0668   | 849     | 0.8694  | 34.7 | PASS

[trial=5 seed=47] GLOBAL mode — total_samples=200000
  total: h0=82063 h1=15019
  pooled_train:  n0=100 n1=100
  pooled_calib:  n0=1200 n1=1200
  pooled_eval:   n0=1200 n1=1200
  regions (for macro stats only): 1103
[INFO] Cosine baseline routed to direct Hadamard sum (PrecomputedCosine)
[INFO] WeightedEnsemble Cosine judge routed to direct Hadamard sum
  [WeightedEnsemble] Judges routed to 'alt' input: PrecomputedCosine
[WeightedEnsemble] Fitted split-calibrated ensemble (alpha=0.0500, external calib split into META/RISK_CALIB, normalization=h0_cdf):
  tau=0.914532, META: TPR=0.4817, FPR=0.0500, RISK_CALIB: TPR=0.4433, FPR=0.0500
  PrecomputedCosine       : +0.262823
  PCAWhitenedCosine       : +0.236445
  XGBoost                 : +0.214159
  LDA                     : +0.286573

Method                   | TPR    | FPR    | TrTPR  | TrFPR  | MacroTPR | MacroFPR | Regions | TauMean | ms   | OK? 
--------------------------------------------------------------------------------------------------------------------
Cosine                   | 0.4833 | 0.0575 | 0.4600 | 0.0500 | 0.4378   | 0.0808   | 806     | 0.9558  | 28.1 | FAIL
AndBox-HC                | 0.3883 | 0.0550 | 0.3717 | 0.0500 | 0.3512   | 0.0695   | 806     | 0.0001  | 38.6 | FAIL
HadamardCosine           | 0.4833 | 0.0575 | 0.4600 | 0.0500 | 0.4378   | 0.0808   | 806     | 0.9558  | 34.2 | FAIL
PCAWhitenedCosine        | 0.4117 | 0.0525 | 0.3908 | 0.0500 | 0.3331   | 0.0776   | 806     | 1.3269  | 29.7 | FAIL
Vec (Wgt)                | 0.5317 | 0.0608 | 0.5017 | 0.0500 | 0.4816   | 0.0886   | 806     | 0.9398  | 29.3 | FAIL
Log Reg                  | 0.2717 | 0.0617 | 0.2542 | 0.0500 | 0.2193   | 0.0800   | 806     | 0.5010  | 37.2 | FAIL
LDA                      | 0.4492 | 0.0517 | 0.4092 | 0.0500 | 0.3758   | 0.0798   | 806     | 16.2465 | 32.0 | FAIL
Tiny MLP                 | 0.5375 | 0.0700 | 0.4900 | 0.0500 | 0.4532   | 0.1006   | 806     | 0.6534  | 34.1 | FAIL
MultiProtoCosine         | 0.0958 | 0.0650 | 0.0900 | 0.0500 | 0.0809   | 0.0689   | 806     | 0.9140  | 37.5 | FAIL
WeightedEnsemble         | 0.4900 | 0.0567 | 0.4600 | 0.0500 | 0.4225   | 0.0851   | 806     | 0.9165  | 59.0 | FAIL
XGBoost                  | 0.4692 | 0.0592 | 0.4333 | 0.0500 | 0.4165   | 0.0790   | 806     | 0.7740  | 53.1 | FAIL
StabilizedWhitenedCosine | 0.4217 | 0.0542 | 0.4092 | 0.0500 | 0.3429   | 0.0793   | 806     | 1.2127  | 33.9 | FAIL

[trial=6 seed=48] GLOBAL mode — total_samples=200000
  total: h0=82063 h1=15019
  pooled_train:  n0=100 n1=100
  pooled_calib:  n0=1200 n1=1200
  pooled_eval:   n0=1200 n1=1200
  regions (for macro stats only): 1103
[INFO] Cosine baseline routed to direct Hadamard sum (PrecomputedCosine)
[INFO] WeightedEnsemble Cosine judge routed to direct Hadamard sum
  [WeightedEnsemble] Judges routed to 'alt' input: PrecomputedCosine
[WeightedEnsemble] Fitted split-calibrated ensemble (alpha=0.0500, external calib split into META/RISK_CALIB, normalization=h0_cdf):
  tau=0.879092, META: TPR=0.5033, FPR=0.0500, RISK_CALIB: TPR=0.5033, FPR=0.0500
  PrecomputedCosine       : +0.778833
  PCAWhitenedCosine       : +0.120089
  XGBoost                 : +0.064727
  LDA                     : +0.036352

Method                   | TPR    | FPR    | TrTPR  | TrFPR  | MacroTPR | MacroFPR | Regions | TauMean | ms   | OK? 
--------------------------------------------------------------------------------------------------------------------
Cosine                   | 0.4583 | 0.0475 | 0.4717 | 0.0500 | 0.4193   | 0.0604   | 837     | 0.9587  | 30.3 | PASS
AndBox-HC                | 0.4492 | 0.0533 | 0.4450 | 0.0500 | 0.4107   | 0.0686   | 837     | 0.0000  | 40.5 | FAIL
HadamardCosine           | 0.4583 | 0.0475 | 0.4717 | 0.0500 | 0.4193   | 0.0604   | 837     | 0.9587  | 34.6 | PASS
PCAWhitenedCosine        | 0.2958 | 0.0525 | 0.3208 | 0.0500 | 0.2750   | 0.0731   | 837     | 1.3825  | 30.1 | FAIL
Vec (Wgt)                | 0.5075 | 0.0442 | 0.5042 | 0.0500 | 0.4638   | 0.0632   | 837     | 0.9408  | 29.8 | PASS
Log Reg                  | 0.1983 | 0.0383 | 0.1967 | 0.0500 | 0.1836   | 0.0591   | 837     | 0.5012  | 37.6 | PASS
LDA                      | 0.3117 | 0.0575 | 0.3408 | 0.0500 | 0.2828   | 0.0782   | 837     | 11.6351 | 32.5 | FAIL
Tiny MLP                 | 0.3808 | 0.0458 | 0.4092 | 0.0500 | 0.3402   | 0.0668   | 837     | 0.6031  | 34.8 | PASS
MultiProtoCosine         | 0.0867 | 0.0417 | 0.0917 | 0.0500 | 0.0754   | 0.0527   | 837     | 0.9213  | 38.1 | PASS
WeightedEnsemble         | 0.5100 | 0.0625 | 0.4992 | 0.0500 | 0.4698   | 0.0821   | 837     | 0.8878  | 59.6 | FAIL
XGBoost                  | 0.3075 | 0.0450 | 0.3083 | 0.0500 | 0.2686   | 0.0581   | 837     | 0.8021  | 53.5 | PASS
StabilizedWhitenedCosine | 0.3417 | 0.0592 | 0.3533 | 0.0500 | 0.3107   | 0.0794   | 837     | 0.9038  | 34.4 | FAIL

[trial=7 seed=49] GLOBAL mode — total_samples=200000
  total: h0=82063 h1=15019
  pooled_train:  n0=100 n1=100
  pooled_calib:  n0=1200 n1=1200
  pooled_eval:   n0=1200 n1=1200
  regions (for macro stats only): 1103
[INFO] Cosine baseline routed to direct Hadamard sum (PrecomputedCosine)
[INFO] WeightedEnsemble Cosine judge routed to direct Hadamard sum
  [WeightedEnsemble] Judges routed to 'alt' input: PrecomputedCosine
[WeightedEnsemble] Fitted split-calibrated ensemble (alpha=0.0500, external calib split into META/RISK_CALIB, normalization=h0_cdf):
  tau=0.922017, META: TPR=0.4850, FPR=0.0500, RISK_CALIB: TPR=0.4483, FPR=0.0500
  PrecomputedCosine       : +0.701154
  PCAWhitenedCosine       : +0.086953
  XGBoost                 : +0.180434
  LDA                     : +0.031459

Method                   | TPR    | FPR    | TrTPR  | TrFPR  | MacroTPR | MacroFPR | Regions | TauMean | ms   | OK? 
--------------------------------------------------------------------------------------------------------------------
Cosine                   | 0.4467 | 0.0383 | 0.4550 | 0.0500 | 0.4167   | 0.0586   | 832     | 0.9640  | 30.4 | PASS
AndBox-HC                | 0.4083 | 0.0392 | 0.4292 | 0.0500 | 0.3929   | 0.0566   | 832     | 0.0000  | 40.4 | PASS
HadamardCosine           | 0.4467 | 0.0383 | 0.4550 | 0.0500 | 0.4167   | 0.0586   | 832     | 0.9640  | 34.9 | PASS
PCAWhitenedCosine        | 0.3483 | 0.0383 | 0.3458 | 0.0500 | 0.2970   | 0.0566   | 832     | 1.2661  | 30.3 | PASS
Vec (Wgt)                | 0.4867 | 0.0358 | 0.5050 | 0.0500 | 0.4429   | 0.0539   | 832     | 0.9499  | 29.9 | PASS
Log Reg                  | 0.1892 | 0.0417 | 0.2225 | 0.0500 | 0.1856   | 0.0584   | 832     | 0.5010  | 38.0 | PASS
LDA                      | 0.3958 | 0.0425 | 0.4050 | 0.0500 | 0.3391   | 0.0625   | 832     | 14.3533 | 32.8 | PASS
Tiny MLP                 | 0.4667 | 0.0417 | 0.4533 | 0.0500 | 0.4075   | 0.0641   | 832     | 0.6020  | 34.9 | PASS
MultiProtoCosine         | 0.0867 | 0.0458 | 0.0875 | 0.0500 | 0.0605   | 0.0543   | 832     | 0.9219  | 38.3 | PASS
WeightedEnsemble         | 0.4658 | 0.0433 | 0.4675 | 0.0500 | 0.4289   | 0.0678   | 832     | 0.9191  | 59.9 | PASS
XGBoost                  | 0.3633 | 0.0417 | 0.3733 | 0.0500 | 0.3079   | 0.0600   | 832     | 0.7497  | 53.5 | PASS
StabilizedWhitenedCosine | 0.4183 | 0.0392 | 0.4158 | 0.0500 | 0.3548   | 0.0592   | 832     | 1.0485  | 34.7 | PASS

[trial=8 seed=50] GLOBAL mode — total_samples=200000
  total: h0=82063 h1=15019
  pooled_train:  n0=100 n1=100
  pooled_calib:  n0=1200 n1=1200
  pooled_eval:   n0=1200 n1=1200
  regions (for macro stats only): 1103
[INFO] Cosine baseline routed to direct Hadamard sum (PrecomputedCosine)
[INFO] WeightedEnsemble Cosine judge routed to direct Hadamard sum
  [WeightedEnsemble] Judges routed to 'alt' input: PrecomputedCosine
[WeightedEnsemble] Fitted split-calibrated ensemble (alpha=0.0500, external calib split into META/RISK_CALIB, normalization=h0_cdf):
  tau=0.944043, META: TPR=0.5400, FPR=0.0500, RISK_CALIB: TPR=0.4583, FPR=0.0500
  PrecomputedCosine       : +0.445732
  PCAWhitenedCosine       : +0.061461
  XGBoost                 : +0.088099
  LDA                     : +0.404709

Method                   | TPR    | FPR    | TrTPR  | TrFPR  | MacroTPR | MacroFPR | Regions | TauMean | ms   | OK? 
--------------------------------------------------------------------------------------------------------------------
Cosine                   | 0.4908 | 0.0533 | 0.4558 | 0.0500 | 0.4394   | 0.0814   | 838     | 0.9552  | 30.0 | FAIL
AndBox-HC                | 0.4433 | 0.0550 | 0.4125 | 0.0500 | 0.3902   | 0.0820   | 838     | -0.0000 | 40.1 | FAIL
HadamardCosine           | 0.4908 | 0.0533 | 0.4558 | 0.0500 | 0.4394   | 0.0814   | 838     | 0.9552  | 34.5 | FAIL
PCAWhitenedCosine        | 0.4050 | 0.0542 | 0.4167 | 0.0500 | 0.3342   | 0.0712   | 838     | 1.2519  | 30.1 | FAIL
Vec (Wgt)                | 0.5358 | 0.0625 | 0.5267 | 0.0500 | 0.4915   | 0.0929   | 838     | 0.9265  | 29.5 | FAIL
Log Reg                  | 0.4192 | 0.0567 | 0.3667 | 0.0500 | 0.3452   | 0.0722   | 838     | 0.5005  | 37.3 | FAIL
LDA                      | 0.4392 | 0.0533 | 0.4325 | 0.0500 | 0.3704   | 0.0730   | 838     | 15.7465 | 32.4 | FAIL
Tiny MLP                 | 0.4533 | 0.0558 | 0.4417 | 0.0500 | 0.3866   | 0.0785   | 838     | 0.7421  | 34.5 | FAIL
MultiProtoCosine         | 0.0700 | 0.0525 | 0.0608 | 0.0500 | 0.0662   | 0.0605   | 838     | 0.9134  | 37.9 | FAIL
WeightedEnsemble         | 0.4958 | 0.0458 | 0.4900 | 0.0500 | 0.4326   | 0.0708   | 838     | 0.9353  | 59.4 | PASS
XGBoost                  | 0.4417 | 0.0700 | 0.4400 | 0.0500 | 0.3914   | 0.0931   | 838     | 0.7509  | 53.3 | FAIL
StabilizedWhitenedCosine | 0.4258 | 0.0508 | 0.4142 | 0.0500 | 0.3566   | 0.0727   | 838     | 1.1818  | 34.4 | FAIL

[trial=9 seed=51] GLOBAL mode — total_samples=200000
  total: h0=82063 h1=15019
  pooled_train:  n0=100 n1=100
  pooled_calib:  n0=1200 n1=1200
  pooled_eval:   n0=1200 n1=1200
  regions (for macro stats only): 1103
[INFO] Cosine baseline routed to direct Hadamard sum (PrecomputedCosine)
[INFO] WeightedEnsemble Cosine judge routed to direct Hadamard sum
  [WeightedEnsemble] Judges routed to 'alt' input: PrecomputedCosine
[WeightedEnsemble] Fitted split-calibrated ensemble (alpha=0.0500, external calib split into META/RISK_CALIB, normalization=h0_cdf):
  tau=0.913620, META: TPR=0.5300, FPR=0.0500, RISK_CALIB: TPR=0.4900, FPR=0.0500
  PrecomputedCosine       : +0.313918
  PCAWhitenedCosine       : +0.398840
  XGBoost                 : +0.102430
  LDA                     : +0.184813

Method                   | TPR    | FPR    | TrTPR  | TrFPR  | MacroTPR | MacroFPR | Regions | TauMean | ms   | OK? 
--------------------------------------------------------------------------------------------------------------------
Cosine                   | 0.4983 | 0.0658 | 0.4725 | 0.0500 | 0.4640   | 0.0970   | 820     | 0.9447  | 29.9 | FAIL
AndBox-HC                | 0.4733 | 0.0708 | 0.4642 | 0.0500 | 0.4367   | 0.1058   | 820     | 0.0000  | 39.9 | FAIL
HadamardCosine           | 0.4983 | 0.0658 | 0.4725 | 0.0500 | 0.4640   | 0.0970   | 820     | 0.9447  | 34.1 | FAIL
PCAWhitenedCosine        | 0.4217 | 0.0492 | 0.4217 | 0.0492 | 0.3505   | 0.0670   | 820     | 1.2975  | 29.8 | PASS
Vec (Wgt)                | 0.5425 | 0.0700 | 0.5075 | 0.0500 | 0.4964   | 0.1037   | 820     | 0.9269  | 29.4 | FAIL
Log Reg                  | 0.2683 | 0.0442 | 0.2367 | 0.0500 | 0.2401   | 0.0728   | 820     | 0.5008  | 37.3 | PASS
LDA                      | 0.4125 | 0.0525 | 0.4117 | 0.0500 | 0.3512   | 0.0708   | 820     | 12.4381 | 32.3 | FAIL
Tiny MLP                 | 0.5250 | 0.0550 | 0.5233 | 0.0500 | 0.4461   | 0.0829   | 820     | 0.6727  | 34.3 | FAIL
MultiProtoCosine         | 0.1092 | 0.0492 | 0.0792 | 0.0500 | 0.1048   | 0.0621   | 820     | 0.9184  | 37.7 | PASS
WeightedEnsemble         | 0.5117 | 0.0533 | 0.5125 | 0.0500 | 0.4414   | 0.0803   | 820     | 0.9119  | 59.3 | FAIL
XGBoost                  | 0.4533 | 0.0658 | 0.4408 | 0.0500 | 0.3980   | 0.0896   | 820     | 0.7673  | 53.4 | FAIL
StabilizedWhitenedCosine | 0.4933 | 0.0525 | 0.4875 | 0.0500 | 0.4132   | 0.0809   | 820     | 1.0045  | 34.2 | FAIL

[trial=10 seed=52] GLOBAL mode — total_samples=200000
  total: h0=82063 h1=15019
  pooled_train:  n0=100 n1=100
  pooled_calib:  n0=1200 n1=1200
  pooled_eval:   n0=1200 n1=1200
  regions (for macro stats only): 1103
[INFO] Cosine baseline routed to direct Hadamard sum (PrecomputedCosine)
[INFO] WeightedEnsemble Cosine judge routed to direct Hadamard sum
  [WeightedEnsemble] Judges routed to 'alt' input: PrecomputedCosine
[WeightedEnsemble] Fitted split-calibrated ensemble (alpha=0.0500, external calib split into META/RISK_CALIB, normalization=h0_cdf):
  tau=0.901312, META: TPR=0.4833, FPR=0.0500, RISK_CALIB: TPR=0.4983, FPR=0.0500
  PrecomputedCosine       : +0.243164
  PCAWhitenedCosine       : +0.301708
  XGBoost                 : +0.202398
  LDA                     : +0.252730

Method                   | TPR    | FPR    | TrTPR  | TrFPR  | MacroTPR | MacroFPR | Regions | TauMean | ms   | OK? 
--------------------------------------------------------------------------------------------------------------------
Cosine                   | 0.4358 | 0.0533 | 0.4650 | 0.0500 | 0.4259   | 0.0787   | 849     | 0.9622  | 30.6 | FAIL
AndBox-HC                | 0.3633 | 0.0567 | 0.3867 | 0.0500 | 0.3634   | 0.0791   | 849     | 0.0000  | 40.8 | FAIL
HadamardCosine           | 0.4358 | 0.0533 | 0.4650 | 0.0500 | 0.4259   | 0.0787   | 849     | 0.9622  | 35.1 | FAIL
PCAWhitenedCosine        | 0.4083 | 0.0567 | 0.4350 | 0.0500 | 0.3727   | 0.0787   | 849     | 1.2609  | 30.7 | FAIL
Vec (Wgt)                | 0.4658 | 0.0550 | 0.5100 | 0.0500 | 0.4497   | 0.0875   | 849     | 0.9401  | 30.2 | FAIL
Log Reg                  | 0.2083 | 0.0375 | 0.2233 | 0.0500 | 0.1867   | 0.0491   | 849     | 0.5010  | 38.0 | PASS
LDA                      | 0.3925 | 0.0417 | 0.4142 | 0.0500 | 0.3603   | 0.0620   | 849     | 13.7761 | 33.1 | PASS
Tiny MLP                 | 0.4508 | 0.0533 | 0.4875 | 0.0500 | 0.4124   | 0.0791   | 849     | 0.7095  | 35.2 | FAIL
MultiProtoCosine         | 0.0625 | 0.0500 | 0.0583 | 0.0500 | 0.0537   | 0.0495   | 849     | 0.9176  | 38.6 | PASS
WeightedEnsemble         | 0.4433 | 0.0533 | 0.4900 | 0.0500 | 0.4083   | 0.0814   | 849     | 0.9084  | 60.0 | FAIL
XGBoost                  | 0.3183 | 0.0492 | 0.3700 | 0.0500 | 0.3077   | 0.0668   | 849     | 0.8098  | 53.9 | PASS
StabilizedWhitenedCosine | 0.4583 | 0.0525 | 0.4825 | 0.0500 | 0.4199   | 0.0766   | 849     | 1.0471  | 34.9 | FAIL

[trial=11 seed=53] GLOBAL mode — total_samples=200000
  total: h0=82063 h1=15019
  pooled_train:  n0=100 n1=100
  pooled_calib:  n0=1200 n1=1200
  pooled_eval:   n0=1200 n1=1200
  regions (for macro stats only): 1103
[INFO] Cosine baseline routed to direct Hadamard sum (PrecomputedCosine)
[INFO] WeightedEnsemble Cosine judge routed to direct Hadamard sum
  [WeightedEnsemble] Judges routed to 'alt' input: PrecomputedCosine
[WeightedEnsemble] Fitted split-calibrated ensemble (alpha=0.0500, external calib split into META/RISK_CALIB, normalization=h0_cdf):
  tau=0.881244, META: TPR=0.5417, FPR=0.0500, RISK_CALIB: TPR=0.4850, FPR=0.0500
  PrecomputedCosine       : +0.280406
  PCAWhitenedCosine       : +0.099868
  XGBoost                 : +0.198680
  LDA                     : +0.421046

Method                   | TPR    | FPR    | TrTPR  | TrFPR  | MacroTPR | MacroFPR | Regions | TauMean | ms   | OK? 
--------------------------------------------------------------------------------------------------------------------
Cosine                   | 0.4833 | 0.0617 | 0.4675 | 0.0500 | 0.4202   | 0.0870   | 852     | 0.9587  | 30.4 | FAIL
AndBox-HC                | 0.3408 | 0.0575 | 0.3325 | 0.0500 | 0.3094   | 0.0797   | 852     | 0.0000  | 40.6 | FAIL
HadamardCosine           | 0.4833 | 0.0617 | 0.4675 | 0.0500 | 0.4202   | 0.0870   | 852     | 0.9587  | 34.7 | FAIL
PCAWhitenedCosine        | 0.3567 | 0.0550 | 0.3692 | 0.0500 | 0.2985   | 0.0580   | 852     | 1.1261  | 30.4 | FAIL
Vec (Wgt)                | 0.5133 | 0.0600 | 0.5200 | 0.0500 | 0.4462   | 0.0898   | 852     | 0.9466  | 30.0 | FAIL
Log Reg                  | 0.2808 | 0.0675 | 0.3033 | 0.0500 | 0.2382   | 0.0776   | 852     | 0.5009  | 38.0 | FAIL
LDA                      | 0.4350 | 0.0575 | 0.4317 | 0.0500 | 0.3819   | 0.0707   | 852     | 10.4755 | 32.7 | FAIL
Tiny MLP                 | 0.4267 | 0.0575 | 0.4575 | 0.0500 | 0.3758   | 0.0719   | 852     | 0.6733  | 34.8 | FAIL
MultiProtoCosine         | 0.1058 | 0.0675 | 0.1083 | 0.0500 | 0.0870   | 0.0728   | 852     | 0.9190  | 38.2 | FAIL
WeightedEnsemble         | 0.5325 | 0.0675 | 0.5142 | 0.0500 | 0.4661   | 0.0939   | 852     | 0.8783  | 59.6 | FAIL
XGBoost                  | 0.4083 | 0.0558 | 0.4083 | 0.0500 | 0.3478   | 0.0777   | 852     | 0.7401  | 53.7 | FAIL
StabilizedWhitenedCosine | 0.4150 | 0.0592 | 0.4467 | 0.0500 | 0.3552   | 0.0688   | 852     | 0.7520  | 34.7 | FAIL

[trial=12 seed=54] GLOBAL mode — total_samples=200000
  total: h0=82063 h1=15019
  pooled_train:  n0=100 n1=100
  pooled_calib:  n0=1200 n1=1200
  pooled_eval:   n0=1200 n1=1200
  regions (for macro stats only): 1103
[INFO] Cosine baseline routed to direct Hadamard sum (PrecomputedCosine)
[INFO] WeightedEnsemble Cosine judge routed to direct Hadamard sum
  [WeightedEnsemble] Judges routed to 'alt' input: PrecomputedCosine
[WeightedEnsemble] Fitted split-calibrated ensemble (alpha=0.0500, external calib split into META/RISK_CALIB, normalization=h0_cdf):
  tau=0.925418, META: TPR=0.5467, FPR=0.0500, RISK_CALIB: TPR=0.4883, FPR=0.0500
  PrecomputedCosine       : +0.778833
  PCAWhitenedCosine       : +0.120089
  XGBoost                 : +0.064727
  LDA                     : +0.036352

Method                   | TPR    | FPR    | TrTPR  | TrFPR  | MacroTPR | MacroFPR | Regions | TauMean | ms   | OK? 
--------------------------------------------------------------------------------------------------------------------
Cosine                   | 0.4600 | 0.0433 | 0.4792 | 0.0500 | 0.4214   | 0.0644   | 847     | 0.9590  | 30.7 | PASS
AndBox-HC                | 0.4017 | 0.0483 | 0.4125 | 0.0500 | 0.3625   | 0.0715   | 847     | 0.0000  | 40.4 | PASS
HadamardCosine           | 0.4600 | 0.0433 | 0.4792 | 0.0500 | 0.4214   | 0.0644   | 847     | 0.9590  | 34.9 | PASS
PCAWhitenedCosine        | 0.4108 | 0.0508 | 0.3983 | 0.0500 | 0.3338   | 0.0634   | 847     | 1.2004  | 30.2 | FAIL
Vec (Wgt)                | 0.5008 | 0.0500 | 0.5333 | 0.0500 | 0.4605   | 0.0748   | 847     | 0.9435  | 30.1 | PASS
Log Reg                  | 0.4875 | 0.0617 | 0.4900 | 0.0500 | 0.3956   | 0.0788   | 847     | 0.5003  | 37.9 | FAIL
LDA                      | 0.4575 | 0.0517 | 0.4292 | 0.0500 | 0.3765   | 0.0650   | 847     | 13.2999 | 32.8 | FAIL
Tiny MLP                 | 0.5075 | 0.0525 | 0.4992 | 0.0500 | 0.4146   | 0.0705   | 847     | 0.6974  | 34.9 | FAIL
MultiProtoCosine         | 0.0658 | 0.0433 | 0.0950 | 0.0500 | 0.0628   | 0.0520   | 847     | 0.9184  | 38.2 | PASS
WeightedEnsemble         | 0.5033 | 0.0508 | 0.5183 | 0.0500 | 0.4480   | 0.0760   | 847     | 0.9217  | 59.8 | FAIL
XGBoost                  | 0.3517 | 0.0367 | 0.3325 | 0.0500 | 0.2871   | 0.0565   | 847     | 0.7736  | 53.7 | PASS
StabilizedWhitenedCosine | 0.5042 | 0.0683 | 0.4975 | 0.0500 | 0.3982   | 0.0855   | 847     | 0.9469  | 34.8 | FAIL

[trial=13 seed=55] GLOBAL mode — total_samples=200000
  total: h0=82063 h1=15019
  pooled_train:  n0=100 n1=100
  pooled_calib:  n0=1200 n1=1200
  pooled_eval:   n0=1200 n1=1200
  regions (for macro stats only): 1103
[INFO] Cosine baseline routed to direct Hadamard sum (PrecomputedCosine)
[INFO] WeightedEnsemble Cosine judge routed to direct Hadamard sum
  [WeightedEnsemble] Judges routed to 'alt' input: PrecomputedCosine
[WeightedEnsemble] Fitted split-calibrated ensemble (alpha=0.0500, external calib split into META/RISK_CALIB, normalization=h0_cdf):
  tau=0.937065, META: TPR=0.5000, FPR=0.0500, RISK_CALIB: TPR=0.3633, FPR=0.0500
  PrecomputedCosine       : +0.431938
  PCAWhitenedCosine       : +0.207433
  XGBoost                 : +0.216833
  LDA                     : +0.143796

Method                   | TPR    | FPR    | TrTPR  | TrFPR  | MacroTPR | MacroFPR | Regions | TauMean | ms   | OK? 
--------------------------------------------------------------------------------------------------------------------
Cosine                   | 0.4208 | 0.0342 | 0.4083 | 0.0500 | 0.3742   | 0.0494   | 834     | 0.9760  | 30.1 | PASS
AndBox-HC                | 0.2692 | 0.0267 | 0.2675 | 0.0500 | 0.2559   | 0.0380   | 834     | 0.0000  | 40.5 | PASS
HadamardCosine           | 0.4208 | 0.0342 | 0.4083 | 0.0500 | 0.3742   | 0.0494   | 834     | 0.9760  | 34.6 | PASS
PCAWhitenedCosine        | 0.3917 | 0.0450 | 0.3725 | 0.0500 | 0.3025   | 0.0590   | 834     | 1.5031  | 30.2 | PASS
Vec (Wgt)                | 0.5033 | 0.0425 | 0.4833 | 0.0500 | 0.4450   | 0.0657   | 834     | 0.9520  | 29.8 | PASS
Log Reg                  | 0.2742 | 0.0525 | 0.2467 | 0.0500 | 0.2265   | 0.0726   | 834     | 0.5007  | 37.7 | FAIL
LDA                      | 0.4325 | 0.0483 | 0.4133 | 0.0500 | 0.3815   | 0.0674   | 834     | 12.3987 | 32.5 | PASS
Tiny MLP                 | 0.4508 | 0.0500 | 0.4192 | 0.0500 | 0.3681   | 0.0681   | 834     | 0.7066  | 34.5 | PASS
MultiProtoCosine         | 0.0850 | 0.0392 | 0.0717 | 0.0500 | 0.0580   | 0.0451   | 834     | 0.9173  | 37.9 | PASS
WeightedEnsemble         | 0.4367 | 0.0358 | 0.4067 | 0.0500 | 0.3746   | 0.0589   | 834     | 0.9252  | 59.4 | PASS
XGBoost                  | 0.2558 | 0.0408 | 0.2850 | 0.0500 | 0.2221   | 0.0487   | 834     | 0.7899  | 53.8 | PASS
StabilizedWhitenedCosine | 0.4242 | 0.0467 | 0.3858 | 0.0500 | 0.3439   | 0.0571   | 834     | 1.0652  | 34.4 | PASS

[trial=14 seed=56] GLOBAL mode — total_samples=200000
  total: h0=82063 h1=15019
  pooled_train:  n0=100 n1=100
  pooled_calib:  n0=1200 n1=1200
  pooled_eval:   n0=1200 n1=1200
  regions (for macro stats only): 1103
[INFO] Cosine baseline routed to direct Hadamard sum (PrecomputedCosine)
[INFO] WeightedEnsemble Cosine judge routed to direct Hadamard sum
  [WeightedEnsemble] Judges routed to 'alt' input: PrecomputedCosine
[WeightedEnsemble] Fitted split-calibrated ensemble (alpha=0.0500, external calib split into META/RISK_CALIB, normalization=h0_cdf):
  tau=0.930465, META: TPR=0.5483, FPR=0.0500, RISK_CALIB: TPR=0.4317, FPR=0.0500
  PrecomputedCosine       : +0.228396
  PCAWhitenedCosine       : +0.060742
  XGBoost                 : +0.156492
  LDA                     : +0.554370

Method                   | TPR    | FPR    | TrTPR  | TrFPR  | MacroTPR | MacroFPR | Regions | TauMean | ms   | OK? 
--------------------------------------------------------------------------------------------------------------------
Cosine                   | 0.4467 | 0.0450 | 0.4625 | 0.0500 | 0.4066   | 0.0654   | 870     | 0.9615  | 31.0 | PASS
AndBox-HC                | 0.3433 | 0.0483 | 0.3483 | 0.0500 | 0.3262   | 0.0656   | 870     | 0.0000  | 41.2 | PASS
HadamardCosine           | 0.4467 | 0.0450 | 0.4625 | 0.0500 | 0.4066   | 0.0654   | 870     | 0.9615  | 35.4 | PASS
PCAWhitenedCosine        | 0.4025 | 0.0367 | 0.4142 | 0.0500 | 0.3097   | 0.0512   | 870     | 1.2665  | 31.3 | PASS
Vec (Wgt)                | 0.4833 | 0.0425 | 0.4908 | 0.0500 | 0.4324   | 0.0641   | 870     | 0.9506  | 30.9 | PASS
Log Reg                  | 0.3183 | 0.0567 | 0.3392 | 0.0500 | 0.2955   | 0.0738   | 870     | 0.5007  | 38.6 | FAIL
LDA                      | 0.4550 | 0.0425 | 0.4642 | 0.0500 | 0.3671   | 0.0580   | 870     | 14.3466 | 33.6 | PASS
Tiny MLP                 | 0.4508 | 0.0508 | 0.4450 | 0.0500 | 0.3943   | 0.0676   | 870     | 0.5368  | 35.6 | FAIL
MultiProtoCosine         | 0.0692 | 0.0475 | 0.0583 | 0.0500 | 0.0684   | 0.0497   | 870     | 0.9125  | 39.2 | PASS
WeightedEnsemble         | 0.4683 | 0.0433 | 0.4667 | 0.0500 | 0.3989   | 0.0591   | 870     | 0.9241  | 60.6 | PASS
XGBoost                  | 0.4167 | 0.0492 | 0.4167 | 0.0500 | 0.3742   | 0.0622   | 870     | 0.8144  | 54.6 | PASS
StabilizedWhitenedCosine | 0.4233 | 0.0458 | 0.4367 | 0.0500 | 0.3558   | 0.0621   | 870     | 0.9732  | 35.5 | PASS

[trial=15 seed=57] GLOBAL mode — total_samples=200000
  total: h0=82063 h1=15019
  pooled_train:  n0=100 n1=100
  pooled_calib:  n0=1200 n1=1200
  pooled_eval:   n0=1200 n1=1200
  regions (for macro stats only): 1103
[INFO] Cosine baseline routed to direct Hadamard sum (PrecomputedCosine)
[INFO] WeightedEnsemble Cosine judge routed to direct Hadamard sum
  [WeightedEnsemble] Judges routed to 'alt' input: PrecomputedCosine
[WeightedEnsemble] Fitted split-calibrated ensemble (alpha=0.0500, external calib split into META/RISK_CALIB, normalization=h0_cdf):
  tau=0.938085, META: TPR=0.5117, FPR=0.0500, RISK_CALIB: TPR=0.4483, FPR=0.0500
  PrecomputedCosine       : +0.148171
  PCAWhitenedCosine       : +0.185889
  XGBoost                 : +0.038466
  LDA                     : +0.627473

Method                   | TPR    | FPR    | TrTPR  | TrFPR  | MacroTPR | MacroFPR | Regions | TauMean | ms   | OK? 
--------------------------------------------------------------------------------------------------------------------
Cosine                   | 0.4708 | 0.0483 | 0.4742 | 0.0500 | 0.4208   | 0.0713   | 826     | 0.9579  | 30.2 | PASS
AndBox-HC                | 0.4142 | 0.0525 | 0.4317 | 0.0500 | 0.3784   | 0.0747   | 826     | 0.0000  | 40.2 | FAIL
HadamardCosine           | 0.4708 | 0.0483 | 0.4742 | 0.0500 | 0.4208   | 0.0713   | 826     | 0.9579  | 34.6 | PASS
PCAWhitenedCosine        | 0.4042 | 0.0475 | 0.4075 | 0.0500 | 0.3216   | 0.0648   | 826     | 1.3017  | 30.3 | PASS
Vec (Wgt)                | 0.5100 | 0.0525 | 0.5067 | 0.0500 | 0.4562   | 0.0821   | 826     | 0.9503  | 29.9 | FAIL
Log Reg                  | 0.2317 | 0.0650 | 0.2425 | 0.0500 | 0.2096   | 0.0848   | 826     | 0.5011  | 37.8 | FAIL
LDA                      | 0.4492 | 0.0467 | 0.4425 | 0.0500 | 0.3666   | 0.0683   | 826     | 15.5724 | 32.5 | PASS
Tiny MLP                 | 0.4675 | 0.0467 | 0.4508 | 0.0500 | 0.3871   | 0.0686   | 826     | 0.7432  | 34.6 | PASS
MultiProtoCosine         | 0.0625 | 0.0500 | 0.0667 | 0.0500 | 0.0477   | 0.0599   | 826     | 0.9183  | 38.0 | PASS
WeightedEnsemble         | 0.4833 | 0.0458 | 0.4775 | 0.0500 | 0.3970   | 0.0683   | 826     | 0.9335  | 59.6 | PASS
XGBoost                  | 0.3783 | 0.0492 | 0.3683 | 0.0500 | 0.3509   | 0.0699   | 826     | 0.7793  | 53.5 | PASS
StabilizedWhitenedCosine | 0.4408 | 0.0458 | 0.4267 | 0.0500 | 0.3584   | 0.0679   | 826     | 1.1254  | 34.6 | PASS

[trial=16 seed=58] GLOBAL mode — total_samples=200000
  total: h0=82063 h1=15019
  pooled_train:  n0=100 n1=100
  pooled_calib:  n0=1200 n1=1200
  pooled_eval:   n0=1200 n1=1200
  regions (for macro stats only): 1103
[INFO] Cosine baseline routed to direct Hadamard sum (PrecomputedCosine)
[INFO] WeightedEnsemble Cosine judge routed to direct Hadamard sum
  [WeightedEnsemble] Judges routed to 'alt' input: PrecomputedCosine
[WeightedEnsemble] Fitted split-calibrated ensemble (alpha=0.0500, external calib split into META/RISK_CALIB, normalization=h0_cdf):
  tau=0.933301, META: TPR=0.5533, FPR=0.0500, RISK_CALIB: TPR=0.4700, FPR=0.0500
  PrecomputedCosine       : +0.699054
  PCAWhitenedCosine       : +0.153635
  XGBoost                 : +0.071511
  LDA                     : +0.075801

Method                   | TPR    | FPR    | TrTPR  | TrFPR  | MacroTPR | MacroFPR | Regions | TauMean | ms   | OK? 
--------------------------------------------------------------------------------------------------------------------
Cosine                   | 0.4633 | 0.0542 | 0.4767 | 0.0500 | 0.4456   | 0.0776   | 835     | 0.9537  | 30.3 | FAIL
AndBox-HC                | 0.4225 | 0.0558 | 0.4525 | 0.0500 | 0.4015   | 0.0783   | 835     | -0.0000 | 40.8 | FAIL
HadamardCosine           | 0.4633 | 0.0542 | 0.4767 | 0.0500 | 0.4456   | 0.0776   | 835     | 0.9537  | 34.8 | FAIL
PCAWhitenedCosine        | 0.3475 | 0.0517 | 0.3717 | 0.0500 | 0.2797   | 0.0592   | 835     | 1.0889  | 30.5 | FAIL
Vec (Wgt)                | 0.5000 | 0.0558 | 0.5192 | 0.0500 | 0.4682   | 0.0827   | 835     | 0.9398  | 30.0 | FAIL
Log Reg                  | 0.4683 | 0.0500 | 0.4900 | 0.0500 | 0.3950   | 0.0686   | 835     | 0.5003  | 37.6 | PASS
LDA                      | 0.3692 | 0.0500 | 0.3742 | 0.0500 | 0.3067   | 0.0614   | 835     | 12.7117 | 32.7 | PASS
Tiny MLP                 | 0.4667 | 0.0508 | 0.4842 | 0.0500 | 0.3889   | 0.0633   | 835     | 0.6819  | 34.8 | FAIL
MultiProtoCosine         | 0.0850 | 0.0592 | 0.0817 | 0.0500 | 0.0606   | 0.0638   | 835     | 0.9169  | 38.8 | FAIL
WeightedEnsemble         | 0.4983 | 0.0642 | 0.5133 | 0.0500 | 0.4574   | 0.0897   | 835     | 0.9225  | 59.9 | FAIL
XGBoost                  | 0.3500 | 0.0475 | 0.3708 | 0.0500 | 0.2988   | 0.0579   | 835     | 0.7835  | 53.9 | PASS
StabilizedWhitenedCosine | 0.4225 | 0.0433 | 0.4358 | 0.0500 | 0.3488   | 0.0427   | 835     | 0.8818  | 34.5 | PASS

[trial=17 seed=59] GLOBAL mode — total_samples=200000
  total: h0=82063 h1=15019
  pooled_train:  n0=100 n1=100
  pooled_calib:  n0=1200 n1=1200
  pooled_eval:   n0=1200 n1=1200
  regions (for macro stats only): 1103
[INFO] Cosine baseline routed to direct Hadamard sum (PrecomputedCosine)
[INFO] WeightedEnsemble Cosine judge routed to direct Hadamard sum
  [WeightedEnsemble] Judges routed to 'alt' input: PrecomputedCosine
[WeightedEnsemble] Fitted split-calibrated ensemble (alpha=0.0500, external calib split into META/RISK_CALIB, normalization=h0_cdf):
  tau=0.950471, META: TPR=0.5017, FPR=0.0500, RISK_CALIB: TPR=0.4067, FPR=0.0500
  PrecomputedCosine       : +0.445732
  PCAWhitenedCosine       : +0.061461
  XGBoost                 : +0.088099
  LDA                     : +0.404709

Method                   | TPR    | FPR    | TrTPR  | TrFPR  | MacroTPR | MacroFPR | Regions | TauMean | ms   | OK? 
--------------------------------------------------------------------------------------------------------------------
Cosine                   | 0.4300 | 0.0433 | 0.4542 | 0.0500 | 0.3792   | 0.0641   | 839     | 0.9687  | 30.5 | PASS
AndBox-HC                | 0.3717 | 0.0400 | 0.3675 | 0.0500 | 0.3258   | 0.0606   | 839     | 0.0001  | 40.4 | PASS
HadamardCosine           | 0.4300 | 0.0433 | 0.4542 | 0.0500 | 0.3792   | 0.0641   | 839     | 0.9687  | 34.8 | PASS
PCAWhitenedCosine        | 0.3550 | 0.0433 | 0.3792 | 0.0500 | 0.3003   | 0.0586   | 839     | 1.3990  | 30.3 | PASS
Vec (Wgt)                | 0.4625 | 0.0483 | 0.4825 | 0.0500 | 0.3931   | 0.0727   | 839     | 0.9555  | 30.0 | PASS
Log Reg                  | 0.2217 | 0.0500 | 0.2142 | 0.0500 | 0.1719   | 0.0679   | 839     | 0.5014  | 38.0 | PASS
LDA                      | 0.3683 | 0.0433 | 0.4158 | 0.0500 | 0.3126   | 0.0690   | 839     | 19.0062 | 32.8 | PASS
Tiny MLP                 | 0.4308 | 0.0425 | 0.4292 | 0.0500 | 0.3455   | 0.0619   | 839     | 0.7395  | 34.8 | PASS
MultiProtoCosine         | 0.0800 | 0.0400 | 0.0825 | 0.0500 | 0.0574   | 0.0487   | 839     | 0.9208  | 38.4 | PASS
WeightedEnsemble         | 0.4200 | 0.0408 | 0.4308 | 0.0500 | 0.3647   | 0.0605   | 839     | 0.9451  | 59.9 | PASS
XGBoost                  | 0.3483 | 0.0350 | 0.3517 | 0.0500 | 0.3022   | 0.0517   | 839     | 0.8186  | 53.7 | PASS
StabilizedWhitenedCosine | 0.4383 | 0.0417 | 0.4383 | 0.0500 | 0.3447   | 0.0597   | 839     | 1.2037  | 34.7 | PASS

[trial=18 seed=60] GLOBAL mode — total_samples=200000
  total: h0=82063 h1=15019
  pooled_train:  n0=100 n1=100
  pooled_calib:  n0=1200 n1=1200
  pooled_eval:   n0=1200 n1=1200
  regions (for macro stats only): 1103
[INFO] Cosine baseline routed to direct Hadamard sum (PrecomputedCosine)
[INFO] WeightedEnsemble Cosine judge routed to direct Hadamard sum
  [WeightedEnsemble] Judges routed to 'alt' input: PrecomputedCosine
[WeightedEnsemble] Fitted split-calibrated ensemble (alpha=0.0500, external calib split into META/RISK_CALIB, normalization=h0_cdf):
  tau=0.882744, META: TPR=0.4617, FPR=0.0500, RISK_CALIB: TPR=0.5067, FPR=0.0500
  PrecomputedCosine       : +0.391024
  PCAWhitenedCosine       : +0.305309
  XGBoost                 : +0.193686
  LDA                     : +0.109980

Method                   | TPR    | FPR    | TrTPR  | TrFPR  | MacroTPR | MacroFPR | Regions | TauMean | ms   | OK? 
--------------------------------------------------------------------------------------------------------------------
Cosine                   | 0.4917 | 0.0617 | 0.4725 | 0.0500 | 0.4645   | 0.0848   | 827     | 0.9549  | 30.5 | FAIL
AndBox-HC                | 0.4392 | 0.0508 | 0.4300 | 0.0500 | 0.4038   | 0.0713   | 827     | 0.0000  | 40.2 | FAIL
HadamardCosine           | 0.4917 | 0.0617 | 0.4725 | 0.0500 | 0.4645   | 0.0848   | 827     | 0.9549  | 34.8 | FAIL
PCAWhitenedCosine        | 0.3717 | 0.0492 | 0.3967 | 0.0500 | 0.2935   | 0.0557   | 827     | 1.1665  | 30.4 | PASS
Vec (Wgt)                | 0.5108 | 0.0558 | 0.4950 | 0.0500 | 0.4642   | 0.0800   | 827     | 0.9459  | 30.1 | FAIL
Log Reg                  | 0.2458 | 0.0508 | 0.2658 | 0.0500 | 0.2243   | 0.0719   | 827     | 0.5007  | 37.8 | FAIL
LDA                      | 0.4258 | 0.0533 | 0.4208 | 0.0500 | 0.3437   | 0.0659   | 827     | 11.9294 | 32.8 | FAIL
Tiny MLP                 | 0.4217 | 0.0483 | 0.4217 | 0.0500 | 0.3563   | 0.0625   | 827     | 0.6447  | 34.9 | PASS
MultiProtoCosine         | 0.0692 | 0.0467 | 0.0800 | 0.0500 | 0.0606   | 0.0488   | 827     | 0.9174  | 38.2 | PASS
WeightedEnsemble         | 0.4783 | 0.0492 | 0.4775 | 0.0500 | 0.4211   | 0.0704   | 827     | 0.8932  | 59.5 | PASS
XGBoost                  | 0.3742 | 0.0492 | 0.3817 | 0.0492 | 0.3270   | 0.0611   | 827     | 0.7449  | 54.0 | PASS
StabilizedWhitenedCosine | 0.3733 | 0.0525 | 0.3908 | 0.0500 | 0.3103   | 0.0586   | 827     | 0.9626  | 34.6 | FAIL

[trial=19 seed=61] GLOBAL mode — total_samples=200000
  total: h0=82063 h1=15019
  pooled_train:  n0=100 n1=100
  pooled_calib:  n0=1200 n1=1200
  pooled_eval:   n0=1200 n1=1200
  regions (for macro stats only): 1103
[INFO] Cosine baseline routed to direct Hadamard sum (PrecomputedCosine)
[INFO] WeightedEnsemble Cosine judge routed to direct Hadamard sum
  [WeightedEnsemble] Judges routed to 'alt' input: PrecomputedCosine
[WeightedEnsemble] Fitted split-calibrated ensemble (alpha=0.0500, external calib split into META/RISK_CALIB, normalization=h0_cdf):
  tau=0.918422, META: TPR=0.5133, FPR=0.0500, RISK_CALIB: TPR=0.5483, FPR=0.0500
  PrecomputedCosine       : +0.215080
  PCAWhitenedCosine       : +0.099571
  XGBoost                 : +0.085552
  LDA                     : +0.599796

Method                   | TPR    | FPR    | TrTPR  | TrFPR  | MacroTPR | MacroFPR | Regions | TauMean | ms   | OK? 
--------------------------------------------------------------------------------------------------------------------
Cosine                   | 0.4592 | 0.0500 | 0.4742 | 0.0500 | 0.4136   | 0.0661   | 845     | 0.9579  | 30.5 | PASS
AndBox-HC                | 0.4492 | 0.0508 | 0.4550 | 0.0500 | 0.3972   | 0.0649   | 845     | -0.0000 | 40.6 | FAIL
HadamardCosine           | 0.4592 | 0.0500 | 0.4742 | 0.0500 | 0.4136   | 0.0661   | 845     | 0.9579  | 34.9 | PASS
PCAWhitenedCosine        | 0.3967 | 0.0542 | 0.3783 | 0.0500 | 0.3387   | 0.0638   | 845     | 1.1005  | 30.4 | FAIL
Vec (Wgt)                | 0.5058 | 0.0517 | 0.5225 | 0.0500 | 0.4526   | 0.0697   | 845     | 0.9322  | 30.1 | FAIL
Log Reg                  | 0.2217 | 0.0408 | 0.2350 | 0.0500 | 0.1903   | 0.0540   | 845     | 0.5010  | 38.1 | PASS
LDA                      | 0.4700 | 0.0500 | 0.4992 | 0.0500 | 0.4051   | 0.0664   | 845     | 10.9865 | 32.9 | PASS
Tiny MLP                 | 0.3492 | 0.0333 | 0.3375 | 0.0500 | 0.3039   | 0.0424   | 845     | 0.5092  | 34.8 | PASS
MultiProtoCosine         | 0.0625 | 0.0442 | 0.0725 | 0.0500 | 0.0502   | 0.0517   | 845     | 0.9206  | 38.2 | PASS
WeightedEnsemble         | 0.5117 | 0.0400 | 0.5308 | 0.0500 | 0.4468   | 0.0591   | 845     | 0.9185  | 59.8 | PASS
XGBoost                  | 0.3775 | 0.0442 | 0.3900 | 0.0500 | 0.3163   | 0.0566   | 845     | 0.7303  | 53.9 | PASS
StabilizedWhitenedCosine | 0.4200 | 0.0425 | 0.4108 | 0.0500 | 0.3444   | 0.0623   | 845     | 1.0712  | 34.9 | PASS

=== Ranking by mean micro TPR (UNCONSTRAINED) ===
 1. Vec (Wgt)          TPR=0.5039±0.0218 FPR=0.0516±0.0085 [FAIL]
 2. WeightedEnsemble   TPR=0.4879±0.0287 FPR=0.0502±0.0082 [FAIL]
 3. Cosine             TPR=0.4630±0.0212 FPR=0.0500±0.0083 [PASS]
 4. HadamardCosine     TPR=0.4630±0.0212 FPR=0.0500±0.0083 [PASS]
 5. Tiny MLP           TPR=0.4519±0.0459 FPR=0.0498±0.0072 [PASS]
 6. StabilizedWhitenedCosine TPR=0.4363±0.0444 FPR=0.0502±0.0075 [FAIL]
 7. LDA                TPR=0.4217±0.0399 FPR=0.0498±0.0052 [PASS]
 8. AndBox-HC          TPR=0.4089±0.0513 FPR=0.0505±0.0095 [FAIL]
 9. PCAWhitenedCosine  TPR=0.3852±0.0390 FPR=0.0502±0.0055 [FAIL]
10. XGBoost            TPR=0.3791±0.0505 FPR=0.0508±0.0099 [FAIL]
11. Log Reg            TPR=0.2740±0.0845 FPR=0.0508±0.0093 [FAIL]
12. MultiProtoCosine   TPR=0.0788±0.0149 FPR=0.0498±0.0091 [PASS]

=== Ranking by mean micro TPR (CONSTRAINED: FPR <= alpha) ===
 1. Cosine             TPR=0.4630±0.0212 FPR=0.0500±0.0083
 2. HadamardCosine     TPR=0.4630±0.0212 FPR=0.0500±0.0083
 3. Tiny MLP           TPR=0.4519±0.0459 FPR=0.0498±0.0072
 4. LDA                TPR=0.4217±0.0399 FPR=0.0498±0.0052
 5. MultiProtoCosine   TPR=0.0788±0.0149 FPR=0.0498±0.0091
[CSV] Saved: /home/malmatal/Projects/Multi_Dim_Threshold/NeighborCache/outputs/region_local_threshold/run_20260511_150159/trial_summary.csv
[JSON] Saved: /home/malmatal/Projects/Multi_Dim_Threshold/NeighborCache/outputs/region_local_threshold/run_20260511_150159/ranking.json
[CSV] Saved: /home/malmatal/Projects/Multi_Dim_Threshold/NeighborCache/outputs/region_local_threshold/run_20260511_150159/weighted_ensemble_meta_weights.csv
[JSON] Saved: /home/malmatal/Projects/Multi_Dim_Threshold/NeighborCache/outputs/region_local_threshold/run_20260511_150159/notes.json

Best (constrained FPR <= alpha): Cosine
[Done] outputs at: /home/malmatal/Projects/Multi_Dim_Threshold/NeighborCache/outputs/region_local_threshold/run_20260511_150159

Task 9 completed successfully.
