------------------------------------
Mon 11 May 2026 14:51:27 IDT
SLURM_JOBID:		17480197
SLURM_JOB_NODELIST:	ise-4090-07
SLURM_SCRATCH_DIR:	/scratch/malmatal/17480197
Allocated Resouces:	cpu - 4 / mem - 32768 MB / gpu - 2
SLURM_GPU_INDEX:	2
Running as malmatal from gilein account with normal QOS
------------------------------------
SLURM_JOB_ID=17480197
SLURM_ARRAY_TASK_ID=2
HOSTNAME=ise-4090-07.auth.ad.bgu.ac.il
DATE=2026-05-11T14:51:28+03:00
EXP_ROOT=NeighborCache/results/paper_normal_20260511_145113
COMMANDS_FILE=NeighborCache/results/paper_normal_20260511_145113/commands.txt
Running command:
/home/malmatal/.conda/envs/ec/bin/python -m NeighborCache.region_local_threshold.cli --data NeighborCache/data/h1h0_final.npz --region_key global_cluster --alpha 0.03 --tau_mode global --n_trials 20 --seed 42 --n_train 1200 --n_calib 1200 --n_eval 1200 --hadamard_preprocess

[INFO] Using features key='emb' dim=1024
[INFO] Applied Hadamard preprocessing (strategy=centroid_nearest, use_delta_vec=False, use_abs_diff=False) to X_main

=== Region Threshold Benchmark ===
dataset_npz=NeighborCache/data/h1h0_final.npz
region_key=global_cluster (resolved=global_cluster, unique=1103)
features=emb+hadamard rows=200000 dim=1024
text_pairs=text+region_anchor[centroid_nearest]
alpha=0.03 tie_mode=ge trials=20 base_seed=42
tau_mode=global
hadamard_preprocess=True
abs_diff_only_preprocess=False
use_delta_vec=False
use_abs_diff=False
normalize_data=False
filter_policy=none
train_cosine_policy_active=False
caps: train=1200 calib=1200 eval=1200
mins: min_h0_eval=20 min_h1_eval=20
run_dir=/home/malmatal/Projects/Multi_Dim_Threshold/NeighborCache/outputs/region_local_threshold/run_20260511_145139

[trial=0 seed=42] GLOBAL mode — total_samples=200000
  total: h0=82063 h1=15019
  pooled_train:  n0=1200 n1=1200
  pooled_calib:  n0=1200 n1=1200
  pooled_eval:   n0=1200 n1=1200
  regions (for macro stats only): 1103
[INFO] Cosine baseline routed to direct Hadamard sum (PrecomputedCosine)
[INFO] WeightedEnsemble Cosine judge routed to direct Hadamard sum
  [WeightedEnsemble] Judges routed to 'alt' input: PrecomputedCosine
[WeightedEnsemble] Fitted split-calibrated ensemble (alpha=0.0300, external calib split into META/RISK_CALIB, normalization=h0_cdf):
  tau=0.957942, META: TPR=0.5483, FPR=0.0300, RISK_CALIB: TPR=0.5233, FPR=0.0300
  PrecomputedCosine       : +0.015636
  PCAWhitenedCosine       : +0.829686
  XGBoost                 : +0.078751
  LDA                     : +0.075927

Method                   | TPR    | FPR    | TrTPR  | TrFPR  | MacroTPR | MacroFPR | Regions | TauMean | ms   | OK? 
--------------------------------------------------------------------------------------------------------------------
Cosine                   | 0.3883 | 0.0425 | 0.4158 | 0.0300 | 0.3595   | 0.0540   | 856     | 0.9756  | 57.6 | FAIL
AndBox-HC                | 0.3158 | 0.0400 | 0.3550 | 0.0300 | 0.3059   | 0.0512   | 856     | 0.0000  | 39.0 | FAIL
HadamardCosine           | 0.3883 | 0.0425 | 0.4158 | 0.0300 | 0.3595   | 0.0540   | 856     | 0.9756  | 35.4 | FAIL
PCAWhitenedCosine        | 0.4292 | 0.0300 | 0.4767 | 0.0300 | 0.3478   | 0.0480   | 856     | 1.0923  | 31.2 | PASS
Vec (Wgt)                | 0.4225 | 0.0400 | 0.4608 | 0.0300 | 0.3720   | 0.0592   | 856     | 0.9632  | 30.9 | FAIL
Log Reg                  | 0.1867 | 0.0350 | 0.2050 | 0.0300 | 0.1625   | 0.0546   | 856     | 0.5124  | 39.0 | FAIL
LDA                      | 0.3850 | 0.0400 | 0.4200 | 0.0300 | 0.2897   | 0.0605   | 856     | 4.5599  | 33.6 | FAIL
Tiny MLP                 | 0.4875 | 0.0425 | 0.5167 | 0.0300 | 0.3954   | 0.0692   | 856     | 0.8772  | 35.6 | FAIL
MultiProtoCosine         | 0.0792 | 0.0225 | 0.0642 | 0.0300 | 0.0528   | 0.0293   | 856     | 0.9283  | 39.2 | PASS
WeightedEnsemble         | 0.4900 | 0.0392 | 0.5375 | 0.0300 | 0.4070   | 0.0645   | 856     | 0.9574  | 60.7 | FAIL
XGBoost                  | 0.4383 | 0.0292 | 0.4633 | 0.0300 | 0.3917   | 0.0474   | 856     | 0.7144  | 54.6 | PASS
StabilizedWhitenedCosine | 0.4500 | 0.0317 | 0.4833 | 0.0300 | 0.3744   | 0.0510   | 856     | 1.0398  | 35.4 | FAIL

[trial=1 seed=43] GLOBAL mode — total_samples=200000
  total: h0=82063 h1=15019
  pooled_train:  n0=1200 n1=1200
  pooled_calib:  n0=1200 n1=1200
  pooled_eval:   n0=1200 n1=1200
  regions (for macro stats only): 1103
[INFO] Cosine baseline routed to direct Hadamard sum (PrecomputedCosine)
[INFO] WeightedEnsemble Cosine judge routed to direct Hadamard sum
  [WeightedEnsemble] Judges routed to 'alt' input: PrecomputedCosine
[WeightedEnsemble] Fitted split-calibrated ensemble (alpha=0.0300, external calib split into META/RISK_CALIB, normalization=h0_cdf):
  tau=0.960856, META: TPR=0.4567, FPR=0.0300, RISK_CALIB: TPR=0.4150, FPR=0.0300
  PrecomputedCosine       : +0.009040
  PCAWhitenedCosine       : +0.538217
  XGBoost                 : +0.159297
  LDA                     : +0.293446

Method                   | TPR    | FPR    | TrTPR  | TrFPR  | MacroTPR | MacroFPR | Regions | TauMean | ms   | OK? 
--------------------------------------------------------------------------------------------------------------------
Cosine                   | 0.3358 | 0.0250 | 0.3400 | 0.0300 | 0.3016   | 0.0351   | 840     | 0.9926  | 29.2 | PASS
AndBox-HC                | 0.2517 | 0.0250 | 0.2633 | 0.0300 | 0.2317   | 0.0333   | 840     | 0.0000  | 39.6 | PASS
HadamardCosine           | 0.3358 | 0.0250 | 0.3400 | 0.0300 | 0.3016   | 0.0351   | 840     | 0.9926  | 37.1 | PASS
PCAWhitenedCosine        | 0.4250 | 0.0233 | 0.4117 | 0.0300 | 0.3311   | 0.0351   | 840     | 1.2254  | 30.4 | PASS
Vec (Wgt)                | 0.3967 | 0.0258 | 0.4200 | 0.0300 | 0.3528   | 0.0403   | 840     | 0.9722  | 30.2 | PASS
Log Reg                  | 0.1208 | 0.0208 | 0.1383 | 0.0300 | 0.1153   | 0.0333   | 840     | 0.5157  | 38.1 | PASS
LDA                      | 0.4325 | 0.0283 | 0.4208 | 0.0300 | 0.3217   | 0.0427   | 840     | 4.5610  | 32.6 | PASS
Tiny MLP                 | 0.4367 | 0.0217 | 0.4250 | 0.0300 | 0.3301   | 0.0344   | 840     | 0.9082  | 35.0 | PASS
MultiProtoCosine         | 0.0450 | 0.0225 | 0.0550 | 0.0300 | 0.0427   | 0.0291   | 840     | 0.9289  | 38.4 | PASS
WeightedEnsemble         | 0.4633 | 0.0258 | 0.4350 | 0.0300 | 0.3675   | 0.0406   | 840     | 0.9583  | 59.5 | PASS
XGBoost                  | 0.3942 | 0.0200 | 0.3908 | 0.0300 | 0.3402   | 0.0330   | 840     | 0.7514  | 53.9 | PASS
StabilizedWhitenedCosine | 0.4725 | 0.0283 | 0.4675 | 0.0300 | 0.3877   | 0.0467   | 840     | 1.0574  | 34.9 | PASS

[trial=2 seed=44] GLOBAL mode — total_samples=200000
  total: h0=82063 h1=15019
  pooled_train:  n0=1200 n1=1200
  pooled_calib:  n0=1200 n1=1200
  pooled_eval:   n0=1200 n1=1200
  regions (for macro stats only): 1103
[INFO] Cosine baseline routed to direct Hadamard sum (PrecomputedCosine)
[INFO] WeightedEnsemble Cosine judge routed to direct Hadamard sum
  [WeightedEnsemble] Judges routed to 'alt' input: PrecomputedCosine
[WeightedEnsemble] Fitted split-calibrated ensemble (alpha=0.0300, external calib split into META/RISK_CALIB, normalization=h0_cdf):
  tau=0.971753, META: TPR=0.5017, FPR=0.0300, RISK_CALIB: TPR=0.3850, FPR=0.0300
  PrecomputedCosine       : +0.036636
  PCAWhitenedCosine       : +0.218040
  XGBoost                 : +0.028273
  LDA                     : +0.717051

Method                   | TPR    | FPR    | TrTPR  | TrFPR  | MacroTPR | MacroFPR | Regions | TauMean | ms   | OK? 
--------------------------------------------------------------------------------------------------------------------
Cosine                   | 0.3425 | 0.0233 | 0.3517 | 0.0300 | 0.3096   | 0.0314   | 851     | 0.9905  | 30.4 | PASS
AndBox-HC                | 0.2492 | 0.0192 | 0.2650 | 0.0300 | 0.2384   | 0.0268   | 851     | 0.0000  | 55.2 | PASS
HadamardCosine           | 0.3425 | 0.0233 | 0.3517 | 0.0300 | 0.3096   | 0.0314   | 851     | 0.9905  | 36.4 | PASS
PCAWhitenedCosine        | 0.3792 | 0.0242 | 0.3950 | 0.0300 | 0.2809   | 0.0387   | 851     | 1.2742  | 31.5 | PASS
Vec (Wgt)                | 0.4083 | 0.0267 | 0.4158 | 0.0300 | 0.3465   | 0.0404   | 851     | 0.9769  | 31.2 | PASS
Log Reg                  | 0.1908 | 0.0275 | 0.1550 | 0.0300 | 0.1547   | 0.0441   | 851     | 0.5136  | 39.1 | PASS
LDA                      | 0.4067 | 0.0317 | 0.4067 | 0.0300 | 0.3207   | 0.0517   | 851     | 4.4213  | 33.8 | FAIL
Tiny MLP                 | 0.4342 | 0.0342 | 0.4367 | 0.0300 | 0.3332   | 0.0561   | 851     | 0.8952  | 36.1 | FAIL
MultiProtoCosine         | 0.0817 | 0.0367 | 0.0625 | 0.0300 | 0.0523   | 0.0433   | 851     | 0.9279  | 39.5 | FAIL
WeightedEnsemble         | 0.4583 | 0.0333 | 0.4617 | 0.0300 | 0.3618   | 0.0544   | 851     | 0.9619  | 61.5 | FAIL
XGBoost                  | 0.3858 | 0.0217 | 0.3875 | 0.0300 | 0.3303   | 0.0323   | 851     | 0.7597  | 55.4 | PASS
StabilizedWhitenedCosine | 0.3850 | 0.0233 | 0.4150 | 0.0300 | 0.2891   | 0.0375   | 851     | 1.1826  | 36.3 | PASS

[trial=3 seed=45] GLOBAL mode — total_samples=200000
  total: h0=82063 h1=15019
  pooled_train:  n0=1200 n1=1200
  pooled_calib:  n0=1200 n1=1200
  pooled_eval:   n0=1200 n1=1200
  regions (for macro stats only): 1103
[INFO] Cosine baseline routed to direct Hadamard sum (PrecomputedCosine)
[INFO] WeightedEnsemble Cosine judge routed to direct Hadamard sum
  [WeightedEnsemble] Judges routed to 'alt' input: PrecomputedCosine
[WeightedEnsemble] Fitted split-calibrated ensemble (alpha=0.0300, external calib split into META/RISK_CALIB, normalization=h0_cdf):
  tau=0.941989, META: TPR=0.4750, FPR=0.0300, RISK_CALIB: TPR=0.5150, FPR=0.0300
  PrecomputedCosine       : +0.014201
  PCAWhitenedCosine       : +0.305585
  XGBoost                 : +0.198500
  LDA                     : +0.481715

Method                   | TPR    | FPR    | TrTPR  | TrFPR  | MacroTPR | MacroFPR | Regions | TauMean | ms   | OK? 
--------------------------------------------------------------------------------------------------------------------
Cosine                   | 0.3683 | 0.0342 | 0.3633 | 0.0300 | 0.3401   | 0.0508   | 845     | 0.9900  | 29.8 | FAIL
AndBox-HC                | 0.2400 | 0.0250 | 0.2458 | 0.0300 | 0.2071   | 0.0405   | 845     | 0.0000  | 53.6 | PASS
HadamardCosine           | 0.3683 | 0.0342 | 0.3633 | 0.0300 | 0.3401   | 0.0508   | 845     | 0.9900  | 35.1 | FAIL
PCAWhitenedCosine        | 0.4608 | 0.0283 | 0.4300 | 0.0300 | 0.3607   | 0.0425   | 845     | 1.1343  | 30.6 | PASS
Vec (Wgt)                | 0.4283 | 0.0308 | 0.4242 | 0.0300 | 0.3547   | 0.0461   | 845     | 0.9789  | 30.2 | FAIL
Log Reg                  | 0.1717 | 0.0325 | 0.1633 | 0.0300 | 0.1558   | 0.0501   | 845     | 0.5153  | 38.0 | FAIL
LDA                      | 0.4317 | 0.0208 | 0.3775 | 0.0300 | 0.3443   | 0.0268   | 845     | 4.8365  | 33.0 | PASS
Tiny MLP                 | 0.4492 | 0.0275 | 0.4125 | 0.0300 | 0.3719   | 0.0360   | 845     | 0.9246  | 35.0 | PASS
MultiProtoCosine         | 0.0608 | 0.0242 | 0.0450 | 0.0300 | 0.0522   | 0.0302   | 845     | 0.9275  | 38.5 | PASS
WeightedEnsemble         | 0.5117 | 0.0242 | 0.4850 | 0.0283 | 0.4081   | 0.0361   | 845     | 0.9452  | 60.0 | PASS
XGBoost                  | 0.4242 | 0.0250 | 0.4108 | 0.0267 | 0.3706   | 0.0352   | 845     | 0.7476  | 54.4 | PASS
StabilizedWhitenedCosine | 0.4575 | 0.0258 | 0.4500 | 0.0300 | 0.3622   | 0.0368   | 845     | 1.1316  | 34.9 | PASS

[trial=4 seed=46] GLOBAL mode — total_samples=200000
  total: h0=82063 h1=15019
  pooled_train:  n0=1200 n1=1200
  pooled_calib:  n0=1200 n1=1200
  pooled_eval:   n0=1200 n1=1200
  regions (for macro stats only): 1103
[INFO] Cosine baseline routed to direct Hadamard sum (PrecomputedCosine)
[INFO] WeightedEnsemble Cosine judge routed to direct Hadamard sum
  [WeightedEnsemble] Judges routed to 'alt' input: PrecomputedCosine
[WeightedEnsemble] Fitted split-calibrated ensemble (alpha=0.0300, external calib split into META/RISK_CALIB, normalization=h0_cdf):
  tau=0.959487, META: TPR=0.4700, FPR=0.0300, RISK_CALIB: TPR=0.4750, FPR=0.0300
  PrecomputedCosine       : +0.036636
  PCAWhitenedCosine       : +0.218040
  XGBoost                 : +0.028273
  LDA                     : +0.717051

Method                   | TPR    | FPR    | TrTPR  | TrFPR  | MacroTPR | MacroFPR | Regions | TauMean | ms   | OK? 
--------------------------------------------------------------------------------------------------------------------
Cosine                   | 0.3808 | 0.0317 | 0.3692 | 0.0300 | 0.3424   | 0.0479   | 852     | 0.9841  | 55.1 | FAIL
AndBox-HC                | 0.3083 | 0.0233 | 0.2925 | 0.0300 | 0.2835   | 0.0363   | 852     | 0.0000  | 38.2 | PASS
HadamardCosine           | 0.3808 | 0.0317 | 0.3692 | 0.0300 | 0.3424   | 0.0479   | 852     | 0.9841  | 34.5 | FAIL
PCAWhitenedCosine        | 0.4842 | 0.0375 | 0.4667 | 0.0300 | 0.4117   | 0.0573   | 852     | 1.1331  | 30.4 | FAIL
Vec (Wgt)                | 0.4383 | 0.0325 | 0.4242 | 0.0300 | 0.3922   | 0.0463   | 852     | 0.9618  | 29.8 | FAIL
Log Reg                  | 0.1650 | 0.0367 | 0.1792 | 0.0300 | 0.1581   | 0.0458   | 852     | 0.5130  | 37.9 | FAIL
LDA                      | 0.4325 | 0.0375 | 0.4233 | 0.0300 | 0.3660   | 0.0552   | 852     | 4.3966  | 32.6 | FAIL
Tiny MLP                 | 0.4525 | 0.0400 | 0.4500 | 0.0300 | 0.3708   | 0.0600   | 852     | 0.9486  | 34.7 | FAIL
MultiProtoCosine         | 0.0750 | 0.0325 | 0.0675 | 0.0300 | 0.0506   | 0.0332   | 852     | 0.9279  | 38.3 | FAIL
WeightedEnsemble         | 0.4767 | 0.0308 | 0.4708 | 0.0300 | 0.3943   | 0.0466   | 852     | 0.9592  | 59.6 | FAIL
XGBoost                  | 0.3817 | 0.0300 | 0.3750 | 0.0300 | 0.3380   | 0.0422   | 852     | 0.7714  | 53.8 | PASS
StabilizedWhitenedCosine | 0.4567 | 0.0300 | 0.4433 | 0.0300 | 0.3822   | 0.0453   | 852     | 1.1653  | 34.7 | PASS

[trial=5 seed=47] GLOBAL mode — total_samples=200000
  total: h0=82063 h1=15019
  pooled_train:  n0=1200 n1=1200
  pooled_calib:  n0=1200 n1=1200
  pooled_eval:   n0=1200 n1=1200
  regions (for macro stats only): 1103
[INFO] Cosine baseline routed to direct Hadamard sum (PrecomputedCosine)
[INFO] WeightedEnsemble Cosine judge routed to direct Hadamard sum
  [WeightedEnsemble] Judges routed to 'alt' input: PrecomputedCosine
[WeightedEnsemble] Fitted split-calibrated ensemble (alpha=0.0300, external calib split into META/RISK_CALIB, normalization=h0_cdf):
  tau=0.932166, META: TPR=0.4950, FPR=0.0300, RISK_CALIB: TPR=0.5017, FPR=0.0300
  PrecomputedCosine       : +0.262823
  PCAWhitenedCosine       : +0.236445
  XGBoost                 : +0.214159
  LDA                     : +0.286573

Method                   | TPR    | FPR    | TrTPR  | TrFPR  | MacroTPR | MacroFPR | Regions | TauMean | ms   | OK? 
--------------------------------------------------------------------------------------------------------------------
Cosine                   | 0.3325 | 0.0192 | 0.3450 | 0.0300 | 0.2841   | 0.0266   | 838     | 0.9922  | 30.3 | PASS
AndBox-HC                | 0.2133 | 0.0150 | 0.2092 | 0.0300 | 0.1981   | 0.0229   | 838     | 0.0000  | 40.2 | PASS
HadamardCosine           | 0.3325 | 0.0192 | 0.3450 | 0.0300 | 0.2841   | 0.0266   | 838     | 0.9922  | 34.8 | PASS
PCAWhitenedCosine        | 0.4217 | 0.0267 | 0.4358 | 0.0300 | 0.3308   | 0.0430   | 838     | 1.2639  | 30.2 | PASS
Vec (Wgt)                | 0.3950 | 0.0250 | 0.4317 | 0.0300 | 0.3221   | 0.0352   | 838     | 0.9810  | 29.9 | PASS
Log Reg                  | 0.1625 | 0.0392 | 0.1758 | 0.0300 | 0.1467   | 0.0485   | 838     | 0.5149  | 37.9 | FAIL
LDA                      | 0.3967 | 0.0233 | 0.4117 | 0.0300 | 0.3121   | 0.0302   | 838     | 5.0094  | 32.8 | PASS
Tiny MLP                 | 0.3992 | 0.0217 | 0.4133 | 0.0300 | 0.3130   | 0.0305   | 838     | 0.9426  | 34.8 | PASS
MultiProtoCosine         | 0.0508 | 0.0225 | 0.0583 | 0.0300 | 0.0428   | 0.0249   | 838     | 0.9299  | 38.2 | PASS
WeightedEnsemble         | 0.4517 | 0.0275 | 0.4900 | 0.0300 | 0.3700   | 0.0405   | 838     | 0.9417  | 59.8 | PASS
XGBoost                  | 0.3875 | 0.0192 | 0.3808 | 0.0300 | 0.3228   | 0.0262   | 838     | 0.7673  | 53.7 | PASS
StabilizedWhitenedCosine | 0.4183 | 0.0242 | 0.4258 | 0.0300 | 0.3180   | 0.0381   | 838     | 1.2444  | 34.6 | PASS

[trial=6 seed=48] GLOBAL mode — total_samples=200000
  total: h0=82063 h1=15019
  pooled_train:  n0=1200 n1=1200
  pooled_calib:  n0=1200 n1=1200
  pooled_eval:   n0=1200 n1=1200
  regions (for macro stats only): 1103
[INFO] Cosine baseline routed to direct Hadamard sum (PrecomputedCosine)
[INFO] WeightedEnsemble Cosine judge routed to direct Hadamard sum
  [WeightedEnsemble] Judges routed to 'alt' input: PrecomputedCosine
[WeightedEnsemble] Fitted split-calibrated ensemble (alpha=0.0300, external calib split into META/RISK_CALIB, normalization=h0_cdf):
  tau=0.938039, META: TPR=0.5183, FPR=0.0300, RISK_CALIB: TPR=0.4817, FPR=0.0300
  PrecomputedCosine       : +0.130570
  PCAWhitenedCosine       : +0.407186
  XGBoost                 : +0.174170
  LDA                     : +0.288074

Method                   | TPR    | FPR    | TrTPR  | TrFPR  | MacroTPR | MacroFPR | Regions | TauMean | ms   | OK? 
--------------------------------------------------------------------------------------------------------------------
Cosine                   | 0.4075 | 0.0242 | 0.4058 | 0.0300 | 0.3790   | 0.0371   | 834     | 0.9784  | 51.2 | PASS
AndBox-HC                | 0.2550 | 0.0250 | 0.2583 | 0.0300 | 0.2190   | 0.0324   | 834     | 0.0000  | 40.0 | PASS
HadamardCosine           | 0.4075 | 0.0242 | 0.4058 | 0.0300 | 0.3790   | 0.0371   | 834     | 0.9784  | 34.7 | PASS
PCAWhitenedCosine        | 0.4083 | 0.0275 | 0.4142 | 0.0300 | 0.3418   | 0.0399   | 834     | 1.2702  | 30.5 | PASS
Vec (Wgt)                | 0.4450 | 0.0283 | 0.4458 | 0.0300 | 0.4062   | 0.0468   | 834     | 0.9691  | 30.2 | PASS
Log Reg                  | 0.1942 | 0.0333 | 0.2025 | 0.0300 | 0.1816   | 0.0508   | 834     | 0.5122  | 38.2 | FAIL
LDA                      | 0.4667 | 0.0350 | 0.4225 | 0.0300 | 0.4012   | 0.0525   | 834     | 4.1592  | 33.1 | FAIL
Tiny MLP                 | 0.4533 | 0.0400 | 0.4133 | 0.0300 | 0.3709   | 0.0556   | 834     | 0.9097  | 35.1 | FAIL
MultiProtoCosine         | 0.0775 | 0.0367 | 0.0625 | 0.0300 | 0.0566   | 0.0383   | 834     | 0.9281  | 38.5 | FAIL
WeightedEnsemble         | 0.5100 | 0.0325 | 0.4950 | 0.0300 | 0.4445   | 0.0490   | 834     | 0.9401  | 60.0 | FAIL
XGBoost                  | 0.4225 | 0.0308 | 0.4250 | 0.0300 | 0.3937   | 0.0512   | 834     | 0.7410  | 54.0 | FAIL
StabilizedWhitenedCosine | 0.4317 | 0.0267 | 0.4200 | 0.0300 | 0.3587   | 0.0377   | 834     | 1.2207  | 35.1 | PASS

[trial=7 seed=49] GLOBAL mode — total_samples=200000
  total: h0=82063 h1=15019
  pooled_train:  n0=1200 n1=1200
  pooled_calib:  n0=1200 n1=1200
  pooled_eval:   n0=1200 n1=1200
  regions (for macro stats only): 1103
[INFO] Cosine baseline routed to direct Hadamard sum (PrecomputedCosine)
[INFO] WeightedEnsemble Cosine judge routed to direct Hadamard sum
  [WeightedEnsemble] Judges routed to 'alt' input: PrecomputedCosine
[WeightedEnsemble] Fitted split-calibrated ensemble (alpha=0.0300, external calib split into META/RISK_CALIB, normalization=h0_cdf):
  tau=0.941606, META: TPR=0.4900, FPR=0.0300, RISK_CALIB: TPR=0.5083, FPR=0.0300
  PrecomputedCosine       : +0.027700
  PCAWhitenedCosine       : +0.217663
  XGBoost                 : +0.661362
  LDA                     : +0.093275

Method                   | TPR    | FPR    | TrTPR  | TrFPR  | MacroTPR | MacroFPR | Regions | TauMean | ms   | OK? 
--------------------------------------------------------------------------------------------------------------------
Cosine                   | 0.3967 | 0.0333 | 0.3867 | 0.0300 | 0.3529   | 0.0482   | 848     | 0.9816  | 29.0 | FAIL
AndBox-HC                | 0.3467 | 0.0417 | 0.3500 | 0.0300 | 0.3313   | 0.0521   | 848     | -0.0000 | 39.6 | FAIL
HadamardCosine           | 0.3967 | 0.0333 | 0.3867 | 0.0300 | 0.3529   | 0.0482   | 848     | 0.9816  | 34.7 | FAIL
PCAWhitenedCosine        | 0.4975 | 0.0383 | 0.4750 | 0.0300 | 0.3782   | 0.0552   | 848     | 1.0461  | 30.5 | FAIL
Vec (Wgt)                | 0.4408 | 0.0292 | 0.4533 | 0.0300 | 0.3837   | 0.0419   | 848     | 0.9667  | 30.0 | PASS
Log Reg                  | 0.2083 | 0.0400 | 0.1733 | 0.0300 | 0.1721   | 0.0595   | 848     | 0.5116  | 37.9 | FAIL
LDA                      | 0.4667 | 0.0383 | 0.4350 | 0.0300 | 0.3481   | 0.0566   | 848     | 4.4813  | 32.8 | FAIL
Tiny MLP                 | 0.4917 | 0.0333 | 0.4667 | 0.0300 | 0.3772   | 0.0476   | 848     | 0.8849  | 34.9 | FAIL
MultiProtoCosine         | 0.0758 | 0.0250 | 0.0592 | 0.0300 | 0.0537   | 0.0254   | 848     | 0.9280  | 38.4 | PASS
WeightedEnsemble         | 0.4825 | 0.0283 | 0.4867 | 0.0300 | 0.3982   | 0.0454   | 848     | 0.9498  | 59.9 | PASS
XGBoost                  | 0.4725 | 0.0342 | 0.4758 | 0.0300 | 0.3964   | 0.0504   | 848     | 0.7022  | 53.7 | FAIL
StabilizedWhitenedCosine | 0.4633 | 0.0267 | 0.4583 | 0.0300 | 0.3717   | 0.0434   | 848     | 1.0521  | 34.6 | PASS

[trial=8 seed=50] GLOBAL mode — total_samples=200000
  total: h0=82063 h1=15019
  pooled_train:  n0=1200 n1=1200
  pooled_calib:  n0=1200 n1=1200
  pooled_eval:   n0=1200 n1=1200
  regions (for macro stats only): 1103
[INFO] Cosine baseline routed to direct Hadamard sum (PrecomputedCosine)
[INFO] WeightedEnsemble Cosine judge routed to direct Hadamard sum
  [WeightedEnsemble] Judges routed to 'alt' input: PrecomputedCosine
[WeightedEnsemble] Fitted split-calibrated ensemble (alpha=0.0300, external calib split into META/RISK_CALIB, normalization=h0_cdf):
  tau=0.960203, META: TPR=0.3800, FPR=0.0300, RISK_CALIB: TPR=0.4083, FPR=0.0300
  PrecomputedCosine       : +0.579197
  PCAWhitenedCosine       : +0.038842
  XGBoost                 : +0.194400
  LDA                     : +0.187561

Method                   | TPR    | FPR    | TrTPR  | TrFPR  | MacroTPR | MacroFPR | Regions | TauMean | ms   | OK? 
--------------------------------------------------------------------------------------------------------------------
Cosine                   | 0.3667 | 0.0292 | 0.3517 | 0.0300 | 0.3164   | 0.0467   | 844     | 0.9886  | 28.9 | PASS
AndBox-HC                | 0.2475 | 0.0217 | 0.2258 | 0.0300 | 0.2373   | 0.0364   | 844     | 0.0000  | 39.2 | PASS
HadamardCosine           | 0.3667 | 0.0292 | 0.3517 | 0.0300 | 0.3164   | 0.0467   | 844     | 0.9886  | 34.6 | PASS
PCAWhitenedCosine        | 0.3317 | 0.0233 | 0.3458 | 0.0300 | 0.2586   | 0.0412   | 844     | 1.5425  | 30.1 | PASS
Vec (Wgt)                | 0.4308 | 0.0267 | 0.4108 | 0.0300 | 0.3480   | 0.0453   | 844     | 0.9777  | 29.8 | PASS
Log Reg                  | 0.2000 | 0.0208 | 0.1917 | 0.0300 | 0.1675   | 0.0299   | 844     | 0.5108  | 37.6 | PASS
LDA                      | 0.3675 | 0.0125 | 0.3917 | 0.0300 | 0.2801   | 0.0224   | 844     | 5.6269  | 32.6 | PASS
Tiny MLP                 | 0.3383 | 0.0208 | 0.3708 | 0.0300 | 0.2536   | 0.0352   | 844     | 0.9709  | 34.6 | PASS
MultiProtoCosine         | 0.0400 | 0.0292 | 0.0492 | 0.0300 | 0.0363   | 0.0346   | 844     | 0.9283  | 38.0 | PASS
WeightedEnsemble         | 0.4233 | 0.0217 | 0.3942 | 0.0300 | 0.3522   | 0.0391   | 844     | 0.9575  | 59.5 | PASS
XGBoost                  | 0.3692 | 0.0200 | 0.3517 | 0.0300 | 0.3064   | 0.0363   | 844     | 0.7891  | 54.1 | PASS
StabilizedWhitenedCosine | 0.3983 | 0.0225 | 0.3792 | 0.0300 | 0.3048   | 0.0388   | 844     | 1.3554  | 35.1 | PASS

[trial=9 seed=51] GLOBAL mode — total_samples=200000
  total: h0=82063 h1=15019
  pooled_train:  n0=1200 n1=1200
  pooled_calib:  n0=1200 n1=1200
  pooled_eval:   n0=1200 n1=1200
  regions (for macro stats only): 1103
[INFO] Cosine baseline routed to direct Hadamard sum (PrecomputedCosine)
[INFO] WeightedEnsemble Cosine judge routed to direct Hadamard sum
  [WeightedEnsemble] Judges routed to 'alt' input: PrecomputedCosine
[WeightedEnsemble] Fitted split-calibrated ensemble (alpha=0.0300, external calib split into META/RISK_CALIB, normalization=h0_cdf):
  tau=0.915180, META: TPR=0.3933, FPR=0.0300, RISK_CALIB: TPR=0.5650, FPR=0.0300
  PrecomputedCosine       : +0.107944
  PCAWhitenedCosine       : +0.242425
  XGBoost                 : +0.211521
  LDA                     : +0.438109

Method                   | TPR    | FPR    | TrTPR  | TrFPR  | MacroTPR | MacroFPR | Regions | TauMean | ms   | OK? 
--------------------------------------------------------------------------------------------------------------------
Cosine                   | 0.3400 | 0.0250 | 0.3400 | 0.0300 | 0.2933   | 0.0378   | 845     | 0.9923  | 29.8 | PASS
AndBox-HC                | 0.3017 | 0.0267 | 0.2825 | 0.0300 | 0.2814   | 0.0411   | 845     | 0.0000  | 40.5 | PASS
HadamardCosine           | 0.3400 | 0.0250 | 0.3400 | 0.0300 | 0.2933   | 0.0378   | 845     | 0.9923  | 35.4 | PASS
PCAWhitenedCosine        | 0.4133 | 0.0275 | 0.4092 | 0.0300 | 0.3135   | 0.0356   | 845     | 1.3047  | 30.9 | PASS
Vec (Wgt)                | 0.4058 | 0.0275 | 0.4192 | 0.0300 | 0.3262   | 0.0442   | 845     | 0.9836  | 30.6 | PASS
Log Reg                  | 0.1733 | 0.0200 | 0.1800 | 0.0300 | 0.1456   | 0.0349   | 845     | 0.5116  | 38.8 | PASS
LDA                      | 0.4158 | 0.0358 | 0.4208 | 0.0300 | 0.3035   | 0.0504   | 845     | 4.9797  | 33.4 | FAIL
Tiny MLP                 | 0.4050 | 0.0267 | 0.3942 | 0.0300 | 0.2992   | 0.0372   | 845     | 0.9498  | 35.5 | PASS
MultiProtoCosine         | 0.0458 | 0.0292 | 0.0700 | 0.0300 | 0.0330   | 0.0332   | 845     | 0.9268  | 39.0 | PASS
WeightedEnsemble         | 0.4225 | 0.0242 | 0.4317 | 0.0300 | 0.3120   | 0.0377   | 845     | 0.9496  | 60.6 | PASS
XGBoost                  | 0.3692 | 0.0250 | 0.3675 | 0.0300 | 0.3122   | 0.0377   | 845     | 0.7867  | 54.6 | PASS
StabilizedWhitenedCosine | 0.3758 | 0.0208 | 0.3800 | 0.0300 | 0.2847   | 0.0272   | 845     | 1.3376  | 35.3 | PASS

[trial=10 seed=52] GLOBAL mode — total_samples=200000
  total: h0=82063 h1=15019
  pooled_train:  n0=1200 n1=1200
  pooled_calib:  n0=1200 n1=1200
  pooled_eval:   n0=1200 n1=1200
  regions (for macro stats only): 1103
[INFO] Cosine baseline routed to direct Hadamard sum (PrecomputedCosine)
[INFO] WeightedEnsemble Cosine judge routed to direct Hadamard sum
  [WeightedEnsemble] Judges routed to 'alt' input: PrecomputedCosine
[WeightedEnsemble] Fitted split-calibrated ensemble (alpha=0.0300, external calib split into META/RISK_CALIB, normalization=h0_cdf):
  tau=0.959355, META: TPR=0.4617, FPR=0.0300, RISK_CALIB: TPR=0.4200, FPR=0.0300
  PrecomputedCosine       : +0.313918
  PCAWhitenedCosine       : +0.398840
  XGBoost                 : +0.102430
  LDA                     : +0.184813

Method                   | TPR    | FPR    | TrTPR  | TrFPR  | MacroTPR | MacroFPR | Regions | TauMean | ms   | OK? 
--------------------------------------------------------------------------------------------------------------------
Cosine                   | 0.3125 | 0.0350 | 0.3117 | 0.0300 | 0.2743   | 0.0459   | 839     | 0.9927  | 29.8 | FAIL
AndBox-HC                | 0.2200 | 0.0350 | 0.2092 | 0.0300 | 0.2030   | 0.0421   | 839     | 0.0000  | 40.4 | FAIL
HadamardCosine           | 0.3125 | 0.0350 | 0.3117 | 0.0300 | 0.2743   | 0.0459   | 839     | 0.9927  | 35.5 | FAIL
PCAWhitenedCosine        | 0.4167 | 0.0292 | 0.4300 | 0.0300 | 0.3306   | 0.0436   | 839     | 1.2279  | 30.8 | PASS
Vec (Wgt)                | 0.4100 | 0.0283 | 0.4092 | 0.0300 | 0.3459   | 0.0417   | 839     | 0.9711  | 30.7 | PASS
Log Reg                  | 0.1675 | 0.0258 | 0.1550 | 0.0300 | 0.1413   | 0.0327   | 839     | 0.5145  | 38.7 | PASS
LDA                      | 0.4092 | 0.0258 | 0.3958 | 0.0300 | 0.3373   | 0.0400   | 839     | 4.6523  | 33.5 | PASS
Tiny MLP                 | 0.4158 | 0.0250 | 0.4125 | 0.0300 | 0.3388   | 0.0400   | 839     | 0.9206  | 35.5 | PASS
MultiProtoCosine         | 0.0825 | 0.0317 | 0.0658 | 0.0300 | 0.0561   | 0.0330   | 839     | 0.9275  | 38.9 | FAIL
WeightedEnsemble         | 0.4275 | 0.0300 | 0.4375 | 0.0300 | 0.3618   | 0.0431   | 839     | 0.9507  | 60.6 | PASS
XGBoost                  | 0.3942 | 0.0258 | 0.3883 | 0.0300 | 0.3390   | 0.0330   | 839     | 0.7491  | 54.9 | PASS
StabilizedWhitenedCosine | 0.3900 | 0.0225 | 0.3992 | 0.0300 | 0.3202   | 0.0331   | 839     | 1.2437  | 35.4 | PASS

[trial=11 seed=53] GLOBAL mode — total_samples=200000
  total: h0=82063 h1=15019
  pooled_train:  n0=1200 n1=1200
  pooled_calib:  n0=1200 n1=1200
  pooled_eval:   n0=1200 n1=1200
  regions (for macro stats only): 1103
[INFO] Cosine baseline routed to direct Hadamard sum (PrecomputedCosine)
[INFO] WeightedEnsemble Cosine judge routed to direct Hadamard sum
  [WeightedEnsemble] Judges routed to 'alt' input: PrecomputedCosine
[WeightedEnsemble] Fitted split-calibrated ensemble (alpha=0.0300, external calib split into META/RISK_CALIB, normalization=h0_cdf):
  tau=0.961861, META: TPR=0.5433, FPR=0.0300, RISK_CALIB: TPR=0.4733, FPR=0.0300
  PrecomputedCosine       : +0.014232
  PCAWhitenedCosine       : +0.239186
  XGBoost                 : +0.232155
  LDA                     : +0.514427

Method                   | TPR    | FPR    | TrTPR  | TrFPR  | MacroTPR | MacroFPR | Regions | TauMean | ms   | OK? 
--------------------------------------------------------------------------------------------------------------------
Cosine                   | 0.3192 | 0.0233 | 0.3467 | 0.0300 | 0.2868   | 0.0345   | 844     | 0.9936  | 29.0 | PASS
AndBox-HC                | 0.2050 | 0.0175 | 0.2283 | 0.0300 | 0.1868   | 0.0265   | 844     | 0.0000  | 39.7 | PASS
HadamardCosine           | 0.3192 | 0.0233 | 0.3467 | 0.0300 | 0.2868   | 0.0345   | 844     | 0.9936  | 35.0 | PASS
PCAWhitenedCosine        | 0.4233 | 0.0325 | 0.4433 | 0.0300 | 0.3233   | 0.0481   | 844     | 1.2223  | 30.6 | FAIL
Vec (Wgt)                | 0.3975 | 0.0250 | 0.4392 | 0.0300 | 0.3337   | 0.0409   | 844     | 0.9787  | 30.1 | PASS
Log Reg                  | 0.1667 | 0.0367 | 0.1608 | 0.0300 | 0.1479   | 0.0506   | 844     | 0.5142  | 38.1 | FAIL
LDA                      | 0.3733 | 0.0367 | 0.4325 | 0.0300 | 0.2997   | 0.0507   | 844     | 4.6254  | 32.9 | FAIL
Tiny MLP                 | 0.4008 | 0.0425 | 0.4483 | 0.0300 | 0.3183   | 0.0578   | 844     | 0.9386  | 34.9 | FAIL
MultiProtoCosine         | 0.0492 | 0.0283 | 0.0475 | 0.0300 | 0.0402   | 0.0334   | 844     | 0.9300  | 38.4 | PASS
WeightedEnsemble         | 0.4642 | 0.0333 | 0.5025 | 0.0300 | 0.3750   | 0.0505   | 844     | 0.9540  | 59.9 | FAIL
XGBoost                  | 0.3392 | 0.0200 | 0.3567 | 0.0275 | 0.2892   | 0.0304   | 844     | 0.7878  | 53.8 | PASS
StabilizedWhitenedCosine | 0.4142 | 0.0375 | 0.4392 | 0.0300 | 0.3282   | 0.0577   | 844     | 1.1939  | 34.6 | FAIL

[trial=12 seed=54] GLOBAL mode — total_samples=200000
  total: h0=82063 h1=15019
  pooled_train:  n0=1200 n1=1200
  pooled_calib:  n0=1200 n1=1200
  pooled_eval:   n0=1200 n1=1200
  regions (for macro stats only): 1103
[INFO] Cosine baseline routed to direct Hadamard sum (PrecomputedCosine)
[INFO] WeightedEnsemble Cosine judge routed to direct Hadamard sum
  [WeightedEnsemble] Judges routed to 'alt' input: PrecomputedCosine
[WeightedEnsemble] Fitted split-calibrated ensemble (alpha=0.0300, external calib split into META/RISK_CALIB, normalization=h0_cdf):
  tau=0.971768, META: TPR=0.5033, FPR=0.0300, RISK_CALIB: TPR=0.4083, FPR=0.0300
  PrecomputedCosine       : +0.010504
  PCAWhitenedCosine       : +0.459040
  XGBoost                 : +0.396654
  LDA                     : +0.133802

Method                   | TPR    | FPR    | TrTPR  | TrFPR  | MacroTPR | MacroFPR | Regions | TauMean | ms   | OK? 
--------------------------------------------------------------------------------------------------------------------
Cosine                   | 0.4175 | 0.0367 | 0.3950 | 0.0300 | 0.3687   | 0.0513   | 832     | 0.9775  | 29.2 | FAIL
AndBox-HC                | 0.3567 | 0.0325 | 0.3342 | 0.0300 | 0.3185   | 0.0451   | 832     | 0.0000  | 40.2 | FAIL
HadamardCosine           | 0.4175 | 0.0367 | 0.3950 | 0.0300 | 0.3687   | 0.0513   | 832     | 0.9775  | 34.0 | FAIL
PCAWhitenedCosine        | 0.4650 | 0.0358 | 0.4617 | 0.0300 | 0.3620   | 0.0527   | 832     | 1.1694  | 29.8 | FAIL
Vec (Wgt)                | 0.4517 | 0.0300 | 0.4192 | 0.0300 | 0.3751   | 0.0477   | 832     | 0.9726  | 29.4 | PASS
Log Reg                  | 0.1767 | 0.0208 | 0.1642 | 0.0300 | 0.1654   | 0.0300   | 832     | 0.5135  | 37.3 | PASS
LDA                      | 0.4408 | 0.0375 | 0.4400 | 0.0300 | 0.3432   | 0.0526   | 832     | 4.8366  | 32.1 | FAIL
Tiny MLP                 | 0.4625 | 0.0425 | 0.4608 | 0.0300 | 0.3491   | 0.0625   | 832     | 0.9288  | 34.3 | FAIL
MultiProtoCosine         | 0.0817 | 0.0258 | 0.0650 | 0.0300 | 0.0718   | 0.0333   | 832     | 0.9268  | 37.8 | PASS
WeightedEnsemble         | 0.4750 | 0.0342 | 0.4775 | 0.0300 | 0.3843   | 0.0464   | 832     | 0.9565  | 59.3 | FAIL
XGBoost                  | 0.4225 | 0.0350 | 0.3933 | 0.0300 | 0.3503   | 0.0460   | 832     | 0.7608  | 53.3 | FAIL
StabilizedWhitenedCosine | 0.4392 | 0.0333 | 0.4533 | 0.0300 | 0.3451   | 0.0494   | 832     | 1.2198  | 34.1 | FAIL

[trial=13 seed=55] GLOBAL mode — total_samples=200000
  total: h0=82063 h1=15019
  pooled_train:  n0=1200 n1=1200
  pooled_calib:  n0=1200 n1=1200
  pooled_eval:   n0=1200 n1=1200
  regions (for macro stats only): 1103
[INFO] Cosine baseline routed to direct Hadamard sum (PrecomputedCosine)
[INFO] WeightedEnsemble Cosine judge routed to direct Hadamard sum
  [WeightedEnsemble] Judges routed to 'alt' input: PrecomputedCosine
[WeightedEnsemble] Fitted split-calibrated ensemble (alpha=0.0300, external calib split into META/RISK_CALIB, normalization=h0_cdf):
  tau=0.938515, META: TPR=0.4733, FPR=0.0300, RISK_CALIB: TPR=0.5000, FPR=0.0300
  PrecomputedCosine       : +0.039533
  PCAWhitenedCosine       : +0.164266
  XGBoost                 : +0.531343
  LDA                     : +0.264858

Method                   | TPR    | FPR    | TrTPR  | TrFPR  | MacroTPR | MacroFPR | Regions | TauMean | ms   | OK? 
--------------------------------------------------------------------------------------------------------------------
Cosine                   | 0.3492 | 0.0233 | 0.3208 | 0.0300 | 0.3003   | 0.0334   | 840     | 0.9933  | 28.7 | PASS
AndBox-HC                | 0.3042 | 0.0250 | 0.2925 | 0.0300 | 0.2770   | 0.0362   | 840     | 0.0000  | 53.0 | PASS
HadamardCosine           | 0.3492 | 0.0233 | 0.3208 | 0.0300 | 0.3003   | 0.0334   | 840     | 0.9933  | 34.4 | PASS
PCAWhitenedCosine        | 0.4192 | 0.0225 | 0.4283 | 0.0300 | 0.3299   | 0.0337   | 840     | 1.2904  | 29.9 | PASS
Vec (Wgt)                | 0.4150 | 0.0225 | 0.4175 | 0.0292 | 0.3410   | 0.0308   | 840     | 0.9852  | 29.5 | PASS
Log Reg                  | 0.1492 | 0.0217 | 0.1550 | 0.0300 | 0.1212   | 0.0291   | 840     | 0.5140  | 37.6 | PASS
LDA                      | 0.4158 | 0.0275 | 0.4267 | 0.0300 | 0.3339   | 0.0405   | 840     | 4.7810  | 32.4 | PASS
Tiny MLP                 | 0.4000 | 0.0233 | 0.3933 | 0.0300 | 0.3203   | 0.0381   | 840     | 0.9588  | 34.4 | PASS
MultiProtoCosine         | 0.0508 | 0.0283 | 0.0542 | 0.0300 | 0.0423   | 0.0347   | 840     | 0.9287  | 38.0 | PASS
WeightedEnsemble         | 0.4792 | 0.0267 | 0.4792 | 0.0300 | 0.3981   | 0.0376   | 840     | 0.9448  | 59.5 | PASS
XGBoost                  | 0.4050 | 0.0258 | 0.3967 | 0.0300 | 0.3331   | 0.0372   | 840     | 0.7509  | 54.1 | PASS
StabilizedWhitenedCosine | 0.4267 | 0.0242 | 0.4208 | 0.0300 | 0.3491   | 0.0338   | 840     | 1.2642  | 34.3 | PASS

[trial=14 seed=56] GLOBAL mode — total_samples=200000
  total: h0=82063 h1=15019
  pooled_train:  n0=1200 n1=1200
  pooled_calib:  n0=1200 n1=1200
  pooled_eval:   n0=1200 n1=1200
  regions (for macro stats only): 1103
[INFO] Cosine baseline routed to direct Hadamard sum (PrecomputedCosine)
[INFO] WeightedEnsemble Cosine judge routed to direct Hadamard sum
  [WeightedEnsemble] Judges routed to 'alt' input: PrecomputedCosine
[WeightedEnsemble] Fitted split-calibrated ensemble (alpha=0.0300, external calib split into META/RISK_CALIB, normalization=h0_cdf):
  tau=0.963533, META: TPR=0.5733, FPR=0.0300, RISK_CALIB: TPR=0.4150, FPR=0.0300
  PrecomputedCosine       : +0.014201
  PCAWhitenedCosine       : +0.305585
  XGBoost                 : +0.198500
  LDA                     : +0.481715

Method                   | TPR    | FPR    | TrTPR  | TrFPR  | MacroTPR | MacroFPR | Regions | TauMean | ms   | OK? 
--------------------------------------------------------------------------------------------------------------------
Cosine                   | 0.3575 | 0.0250 | 0.3567 | 0.0300 | 0.3250   | 0.0382   | 847     | 0.9873  | 29.5 | PASS
AndBox-HC                | 0.2817 | 0.0358 | 0.2783 | 0.0300 | 0.2682   | 0.0618   | 847     | 0.0000  | 40.5 | FAIL
HadamardCosine           | 0.3575 | 0.0250 | 0.3567 | 0.0300 | 0.3250   | 0.0382   | 847     | 0.9873  | 35.3 | PASS
PCAWhitenedCosine        | 0.4233 | 0.0325 | 0.4042 | 0.0292 | 0.3307   | 0.0471   | 847     | 1.2581  | 30.9 | FAIL
Vec (Wgt)                | 0.4417 | 0.0400 | 0.4383 | 0.0300 | 0.4050   | 0.0618   | 847     | 0.9682  | 30.5 | FAIL
Log Reg                  | 0.1642 | 0.0367 | 0.1800 | 0.0300 | 0.1530   | 0.0546   | 847     | 0.5115  | 38.6 | FAIL
LDA                      | 0.4550 | 0.0508 | 0.4442 | 0.0300 | 0.3693   | 0.0694   | 847     | 4.4006  | 33.3 | FAIL
Tiny MLP                 | 0.4767 | 0.0408 | 0.4575 | 0.0300 | 0.3809   | 0.0573   | 847     | 0.8792  | 35.5 | FAIL
MultiProtoCosine         | 0.0542 | 0.0317 | 0.0617 | 0.0300 | 0.0496   | 0.0399   | 847     | 0.9262  | 38.7 | FAIL
WeightedEnsemble         | 0.4800 | 0.0375 | 0.4817 | 0.0300 | 0.4036   | 0.0538   | 847     | 0.9562  | 60.3 | FAIL
XGBoost                  | 0.4050 | 0.0342 | 0.4050 | 0.0300 | 0.3570   | 0.0546   | 847     | 0.7531  | 54.4 | FAIL
StabilizedWhitenedCosine | 0.4733 | 0.0408 | 0.4425 | 0.0300 | 0.3790   | 0.0603   | 847     | 1.1076  | 35.2 | FAIL

[trial=15 seed=57] GLOBAL mode — total_samples=200000
  total: h0=82063 h1=15019
  pooled_train:  n0=1200 n1=1200
  pooled_calib:  n0=1200 n1=1200
  pooled_eval:   n0=1200 n1=1200
  regions (for macro stats only): 1103
[INFO] Cosine baseline routed to direct Hadamard sum (PrecomputedCosine)
[INFO] WeightedEnsemble Cosine judge routed to direct Hadamard sum
  [WeightedEnsemble] Judges routed to 'alt' input: PrecomputedCosine
[WeightedEnsemble] Fitted split-calibrated ensemble (alpha=0.0300, external calib split into META/RISK_CALIB, normalization=h0_cdf):
  tau=0.938373, META: TPR=0.4833, FPR=0.0300, RISK_CALIB: TPR=0.5100, FPR=0.0300
  PrecomputedCosine       : +0.158084
  PCAWhitenedCosine       : +0.331056
  XGBoost                 : +0.360907
  LDA                     : +0.149953

Method                   | TPR    | FPR    | TrTPR  | TrFPR  | MacroTPR | MacroFPR | Regions | TauMean | ms   | OK? 
--------------------------------------------------------------------------------------------------------------------
Cosine                   | 0.3592 | 0.0308 | 0.3608 | 0.0300 | 0.3067   | 0.0481   | 838     | 0.9876  | 28.8 | FAIL
AndBox-HC                | 0.2425 | 0.0317 | 0.2358 | 0.0300 | 0.2039   | 0.0399   | 838     | 0.0000  | 39.7 | FAIL
HadamardCosine           | 0.3592 | 0.0308 | 0.3608 | 0.0300 | 0.3067   | 0.0481   | 838     | 0.9876  | 34.5 | FAIL
PCAWhitenedCosine        | 0.4617 | 0.0350 | 0.4383 | 0.0300 | 0.3531   | 0.0526   | 838     | 1.2025  | 30.1 | FAIL
Vec (Wgt)                | 0.4242 | 0.0342 | 0.4258 | 0.0300 | 0.3518   | 0.0533   | 838     | 0.9776  | 29.8 | FAIL
Log Reg                  | 0.1550 | 0.0275 | 0.1508 | 0.0300 | 0.1366   | 0.0327   | 838     | 0.5141  | 37.4 | PASS
LDA                      | 0.4325 | 0.0317 | 0.4083 | 0.0300 | 0.3237   | 0.0454   | 838     | 4.7244  | 32.5 | FAIL
Tiny MLP                 | 0.3842 | 0.0258 | 0.3800 | 0.0300 | 0.2844   | 0.0370   | 838     | 0.9573  | 34.5 | PASS
MultiProtoCosine         | 0.0658 | 0.0300 | 0.0625 | 0.0300 | 0.0463   | 0.0300   | 838     | 0.9285  | 38.1 | PASS
WeightedEnsemble         | 0.4983 | 0.0358 | 0.4800 | 0.0300 | 0.4068   | 0.0581   | 838     | 0.9492  | 59.5 | FAIL
XGBoost                  | 0.4167 | 0.0350 | 0.4058 | 0.0300 | 0.3416   | 0.0553   | 838     | 0.7502  | 53.8 | FAIL
StabilizedWhitenedCosine | 0.4417 | 0.0308 | 0.4308 | 0.0300 | 0.3499   | 0.0450   | 838     | 1.2414  | 34.4 | FAIL

[trial=16 seed=58] GLOBAL mode — total_samples=200000
  total: h0=82063 h1=15019
  pooled_train:  n0=1200 n1=1200
  pooled_calib:  n0=1200 n1=1200
  pooled_eval:   n0=1200 n1=1200
  regions (for macro stats only): 1103
[INFO] Cosine baseline routed to direct Hadamard sum (PrecomputedCosine)
[INFO] WeightedEnsemble Cosine judge routed to direct Hadamard sum
  [WeightedEnsemble] Judges routed to 'alt' input: PrecomputedCosine
[WeightedEnsemble] Fitted split-calibrated ensemble (alpha=0.0300, external calib split into META/RISK_CALIB, normalization=h0_cdf):
  tau=0.963532, META: TPR=0.4467, FPR=0.0300, RISK_CALIB: TPR=0.4183, FPR=0.0300
  PrecomputedCosine       : +0.087037
  PCAWhitenedCosine       : +0.732769
  XGBoost                 : +0.066861
  LDA                     : +0.113332

Method                   | TPR    | FPR    | TrTPR  | TrFPR  | MacroTPR | MacroFPR | Regions | TauMean | ms   | OK? 
--------------------------------------------------------------------------------------------------------------------
Cosine                   | 0.3875 | 0.0317 | 0.3600 | 0.0300 | 0.3413   | 0.0484   | 841     | 0.9855  | 28.8 | FAIL
AndBox-HC                | 0.2433 | 0.0217 | 0.2050 | 0.0300 | 0.2128   | 0.0338   | 841     | 0.0001  | 40.4 | PASS
HadamardCosine           | 0.3875 | 0.0317 | 0.3600 | 0.0300 | 0.3413   | 0.0484   | 841     | 0.9855  | 34.6 | FAIL
PCAWhitenedCosine        | 0.4692 | 0.0308 | 0.4392 | 0.0300 | 0.3592   | 0.0471   | 841     | 1.1872  | 30.3 | FAIL
Vec (Wgt)                | 0.4250 | 0.0267 | 0.4092 | 0.0300 | 0.3519   | 0.0426   | 841     | 0.9825  | 30.0 | PASS
Log Reg                  | 0.1925 | 0.0267 | 0.1692 | 0.0300 | 0.1620   | 0.0413   | 841     | 0.5120  | 37.8 | PASS
LDA                      | 0.3875 | 0.0192 | 0.3608 | 0.0300 | 0.2920   | 0.0285   | 841     | 4.8317  | 32.8 | PASS
Tiny MLP                 | 0.4092 | 0.0200 | 0.3925 | 0.0300 | 0.3070   | 0.0239   | 841     | 0.9358  | 34.8 | PASS
MultiProtoCosine         | 0.0592 | 0.0250 | 0.0633 | 0.0300 | 0.0440   | 0.0315   | 841     | 0.9283  | 38.1 | PASS
WeightedEnsemble         | 0.4667 | 0.0258 | 0.4292 | 0.0300 | 0.3567   | 0.0374   | 841     | 0.9615  | 59.7 | PASS
XGBoost                  | 0.3958 | 0.0292 | 0.3833 | 0.0275 | 0.3247   | 0.0470   | 841     | 0.7592  | 53.8 | PASS
StabilizedWhitenedCosine | 0.4608 | 0.0242 | 0.4217 | 0.0300 | 0.3625   | 0.0343   | 841     | 1.1369  | 34.3 | PASS

[trial=17 seed=59] GLOBAL mode — total_samples=200000
  total: h0=82063 h1=15019
  pooled_train:  n0=1200 n1=1200
  pooled_calib:  n0=1200 n1=1200
  pooled_eval:   n0=1200 n1=1200
  regions (for macro stats only): 1103
[INFO] Cosine baseline routed to direct Hadamard sum (PrecomputedCosine)
[INFO] WeightedEnsemble Cosine judge routed to direct Hadamard sum
  [WeightedEnsemble] Judges routed to 'alt' input: PrecomputedCosine
[WeightedEnsemble] Fitted split-calibrated ensemble (alpha=0.0300, external calib split into META/RISK_CALIB, normalization=h0_cdf):
  tau=0.954036, META: TPR=0.4467, FPR=0.0300, RISK_CALIB: TPR=0.4000, FPR=0.0300
  PrecomputedCosine       : +0.050060
  PCAWhitenedCosine       : +0.687111
  XGBoost                 : +0.035424
  LDA                     : +0.227405

Method                   | TPR    | FPR    | TrTPR  | TrFPR  | MacroTPR | MacroFPR | Regions | TauMean | ms   | OK? 
--------------------------------------------------------------------------------------------------------------------
Cosine                   | 0.3425 | 0.0283 | 0.3242 | 0.0300 | 0.2991   | 0.0424   | 843     | 0.9916  | 28.9 | PASS
AndBox-HC                | 0.2692 | 0.0317 | 0.2642 | 0.0300 | 0.2512   | 0.0511   | 843     | 0.0000  | 53.2 | FAIL
HadamardCosine           | 0.3425 | 0.0283 | 0.3242 | 0.0300 | 0.2991   | 0.0424   | 843     | 0.9916  | 34.7 | PASS
PCAWhitenedCosine        | 0.3983 | 0.0267 | 0.3833 | 0.0300 | 0.3315   | 0.0400   | 843     | 1.2815  | 30.2 | PASS
Vec (Wgt)                | 0.3875 | 0.0258 | 0.3950 | 0.0300 | 0.3215   | 0.0428   | 843     | 0.9820  | 29.9 | PASS
Log Reg                  | 0.1200 | 0.0217 | 0.1233 | 0.0300 | 0.1061   | 0.0342   | 843     | 0.5139  | 38.1 | PASS
LDA                      | 0.3358 | 0.0167 | 0.3450 | 0.0300 | 0.2738   | 0.0237   | 843     | 5.1630  | 32.7 | PASS
Tiny MLP                 | 0.3733 | 0.0200 | 0.3583 | 0.0300 | 0.3098   | 0.0296   | 843     | 0.9494  | 34.7 | PASS
MultiProtoCosine         | 0.0550 | 0.0342 | 0.0642 | 0.0300 | 0.0545   | 0.0288   | 843     | 0.9255  | 38.1 | FAIL
WeightedEnsemble         | 0.4358 | 0.0275 | 0.4258 | 0.0300 | 0.3673   | 0.0411   | 843     | 0.9555  | 59.6 | PASS
XGBoost                  | 0.3883 | 0.0258 | 0.3775 | 0.0300 | 0.3208   | 0.0426   | 843     | 0.7532  | 53.7 | PASS
StabilizedWhitenedCosine | 0.3817 | 0.0267 | 0.3783 | 0.0300 | 0.3193   | 0.0422   | 843     | 1.1986  | 34.6 | PASS

[trial=18 seed=60] GLOBAL mode — total_samples=200000
  total: h0=82063 h1=15019
  pooled_train:  n0=1200 n1=1200
  pooled_calib:  n0=1200 n1=1200
  pooled_eval:   n0=1200 n1=1200
  regions (for macro stats only): 1103
[INFO] Cosine baseline routed to direct Hadamard sum (PrecomputedCosine)
[INFO] WeightedEnsemble Cosine judge routed to direct Hadamard sum
  [WeightedEnsemble] Judges routed to 'alt' input: PrecomputedCosine
[WeightedEnsemble] Fitted split-calibrated ensemble (alpha=0.0300, external calib split into META/RISK_CALIB, normalization=h0_cdf):
  tau=0.939909, META: TPR=0.4467, FPR=0.0300, RISK_CALIB: TPR=0.5000, FPR=0.0300
  PrecomputedCosine       : +0.215080
  PCAWhitenedCosine       : +0.099571
  XGBoost                 : +0.085552
  LDA                     : +0.599796

Method                   | TPR    | FPR    | TrTPR  | TrFPR  | MacroTPR | MacroFPR | Regions | TauMean | ms   | OK? 
--------------------------------------------------------------------------------------------------------------------
Cosine                   | 0.3267 | 0.0267 | 0.3142 | 0.0300 | 0.2999   | 0.0398   | 833     | 0.9924  | 56.7 | PASS
AndBox-HC                | 0.3083 | 0.0267 | 0.3142 | 0.0300 | 0.2929   | 0.0386   | 833     | 0.0000  | 39.0 | PASS
HadamardCosine           | 0.3267 | 0.0267 | 0.3142 | 0.0300 | 0.2999   | 0.0398   | 833     | 0.9924  | 35.2 | PASS
PCAWhitenedCosine        | 0.3875 | 0.0275 | 0.3900 | 0.0300 | 0.3209   | 0.0426   | 833     | 1.2043  | 30.6 | PASS
Vec (Wgt)                | 0.3983 | 0.0267 | 0.3900 | 0.0300 | 0.3598   | 0.0441   | 833     | 0.9790  | 30.2 | PASS
Log Reg                  | 0.1608 | 0.0258 | 0.1475 | 0.0300 | 0.1475   | 0.0399   | 833     | 0.5139  | 38.4 | PASS
LDA                      | 0.4383 | 0.0258 | 0.4275 | 0.0300 | 0.3589   | 0.0411   | 833     | 4.1555  | 32.9 | PASS
Tiny MLP                 | 0.4383 | 0.0275 | 0.4350 | 0.0300 | 0.3655   | 0.0448   | 833     | 0.9072  | 35.1 | PASS
MultiProtoCosine         | 0.0467 | 0.0267 | 0.0475 | 0.0300 | 0.0442   | 0.0291   | 833     | 0.9288  | 38.8 | PASS
WeightedEnsemble         | 0.4683 | 0.0250 | 0.4650 | 0.0300 | 0.4066   | 0.0420   | 833     | 0.9448  | 60.0 | PASS
XGBoost                  | 0.4167 | 0.0283 | 0.4133 | 0.0300 | 0.3776   | 0.0438   | 833     | 0.7380  | 54.5 | PASS
StabilizedWhitenedCosine | 0.3450 | 0.0217 | 0.3300 | 0.0300 | 0.2953   | 0.0329   | 833     | 1.2906  | 34.5 | PASS

[trial=19 seed=61] GLOBAL mode — total_samples=200000
  total: h0=82063 h1=15019
  pooled_train:  n0=1200 n1=1200
  pooled_calib:  n0=1200 n1=1200
  pooled_eval:   n0=1200 n1=1200
  regions (for macro stats only): 1103
[INFO] Cosine baseline routed to direct Hadamard sum (PrecomputedCosine)
[INFO] WeightedEnsemble Cosine judge routed to direct Hadamard sum
  [WeightedEnsemble] Judges routed to 'alt' input: PrecomputedCosine
[WeightedEnsemble] Fitted split-calibrated ensemble (alpha=0.0300, external calib split into META/RISK_CALIB, normalization=h0_cdf):
  tau=0.930083, META: TPR=0.3967, FPR=0.0300, RISK_CALIB: TPR=0.5050, FPR=0.0300
  PrecomputedCosine       : +0.405523
  PCAWhitenedCosine       : +0.185736
  XGBoost                 : +0.021360
  LDA                     : +0.387381

Method                   | TPR    | FPR    | TrTPR  | TrFPR  | MacroTPR | MacroFPR | Regions | TauMean | ms   | OK? 
--------------------------------------------------------------------------------------------------------------------
Cosine                   | 0.3392 | 0.0217 | 0.3383 | 0.0300 | 0.2863   | 0.0344   | 844     | 0.9918  | 29.0 | PASS
AndBox-HC                | 0.2925 | 0.0258 | 0.3075 | 0.0300 | 0.2504   | 0.0377   | 844     | 0.0000  | 40.3 | PASS
HadamardCosine           | 0.3392 | 0.0217 | 0.3383 | 0.0300 | 0.2863   | 0.0344   | 844     | 0.9918  | 34.7 | PASS
PCAWhitenedCosine        | 0.4542 | 0.0350 | 0.4225 | 0.0300 | 0.3602   | 0.0593   | 844     | 1.2074  | 30.3 | FAIL
Vec (Wgt)                | 0.4358 | 0.0333 | 0.4458 | 0.0300 | 0.3634   | 0.0538   | 844     | 0.9657  | 29.9 | FAIL
Log Reg                  | 0.2425 | 0.0383 | 0.2358 | 0.0300 | 0.2017   | 0.0488   | 844     | 0.5108  | 37.8 | FAIL
LDA                      | 0.4417 | 0.0283 | 0.4242 | 0.0250 | 0.3546   | 0.0462   | 844     | 4.5780  | 32.6 | PASS
Tiny MLP                 | 0.4867 | 0.0375 | 0.4625 | 0.0275 | 0.3941   | 0.0593   | 844     | 0.8930  | 34.9 | FAIL
MultiProtoCosine         | 0.0675 | 0.0283 | 0.0642 | 0.0300 | 0.0492   | 0.0342   | 844     | 0.9258  | 38.1 | PASS
WeightedEnsemble         | 0.4642 | 0.0250 | 0.4500 | 0.0300 | 0.3726   | 0.0424   | 844     | 0.9420  | 59.9 | PASS
XGBoost                  | 0.3950 | 0.0217 | 0.3883 | 0.0300 | 0.3224   | 0.0335   | 844     | 0.7638  | 53.7 | PASS
StabilizedWhitenedCosine | 0.4067 | 0.0333 | 0.3933 | 0.0300 | 0.3173   | 0.0562   | 844     | 1.2887  | 34.6 | FAIL

=== Ranking by mean micro TPR (UNCONSTRAINED) ===
 1. WeightedEnsemble   TPR=0.4675±0.0253 FPR=0.0294±0.0048 [PASS]
 2. Tiny MLP           TPR=0.4297±0.0405 FPR=0.0307±0.0084 [FAIL]
 3. PCAWhitenedCosine  TPR=0.4285±0.0381 FPR=0.0297±0.0047 [PASS]
 4. StabilizedWhitenedCosine TPR=0.4244±0.0356 FPR=0.0278±0.0053 [PASS]
 5. Vec (Wgt)          TPR=0.4199±0.0187 FPR=0.0292±0.0046 [PASS]
 6. LDA                TPR=0.4166±0.0334 FPR=0.0302±0.0089 [FAIL]
 7. XGBoost            TPR=0.4012±0.0278 FPR=0.0268±0.0052 [PASS]
 8. Cosine             TPR=0.3585±0.0291 FPR=0.0285±0.0057 [PASS]
 9. HadamardCosine     TPR=0.3585±0.0291 FPR=0.0285±0.0057 [PASS]
10. AndBox-HC          TPR=0.2726±0.0418 FPR=0.0273±0.0070 [PASS]
11. Log Reg            TPR=0.1734±0.0274 FPR=0.0294±0.0070 [PASS]
12. MultiProtoCosine   TPR=0.0622±0.0140 FPR=0.0285±0.0043 [PASS]

=== Ranking by mean micro TPR (CONSTRAINED: FPR <= alpha) ===
 1. WeightedEnsemble   TPR=0.4675±0.0253 FPR=0.0294±0.0048
 2. PCAWhitenedCosine  TPR=0.4285±0.0381 FPR=0.0297±0.0047
 3. StabilizedWhitenedCosine TPR=0.4244±0.0356 FPR=0.0278±0.0053
 4. Vec (Wgt)          TPR=0.4199±0.0187 FPR=0.0292±0.0046
 5. XGBoost            TPR=0.4012±0.0278 FPR=0.0268±0.0052
 6. Cosine             TPR=0.3585±0.0291 FPR=0.0285±0.0057
 7. HadamardCosine     TPR=0.3585±0.0291 FPR=0.0285±0.0057
 8. AndBox-HC          TPR=0.2726±0.0418 FPR=0.0273±0.0070
 9. Log Reg            TPR=0.1734±0.0274 FPR=0.0294±0.0070
10. MultiProtoCosine   TPR=0.0622±0.0140 FPR=0.0285±0.0043
[CSV] Saved: /home/malmatal/Projects/Multi_Dim_Threshold/NeighborCache/outputs/region_local_threshold/run_20260511_145139/trial_summary.csv
[JSON] Saved: /home/malmatal/Projects/Multi_Dim_Threshold/NeighborCache/outputs/region_local_threshold/run_20260511_145139/ranking.json
[CSV] Saved: /home/malmatal/Projects/Multi_Dim_Threshold/NeighborCache/outputs/region_local_threshold/run_20260511_145139/weighted_ensemble_meta_weights.csv
[JSON] Saved: /home/malmatal/Projects/Multi_Dim_Threshold/NeighborCache/outputs/region_local_threshold/run_20260511_145139/notes.json

Best (constrained FPR <= alpha): WeightedEnsemble
[Done] outputs at: /home/malmatal/Projects/Multi_Dim_Threshold/NeighborCache/outputs/region_local_threshold/run_20260511_145139

Task 2 completed successfully.
