------------------------------------
Mon 11 May 2026 14:57:26 IDT
SLURM_JOBID:		17480213
SLURM_JOB_NODELIST:	ise-4090-03
SLURM_SCRATCH_DIR:	/scratch/malmatal/17480213
Allocated Resouces:	cpu - 4 / mem - 32768 MB / gpu - 1
SLURM_GPU_INDEX:	1
Running as malmatal from gilein account with normal QOS
------------------------------------
SLURM_JOB_ID=17480213
SLURM_ARRAY_TASK_ID=8
HOSTNAME=ise-4090-03.auth.ad.bgu.ac.il
DATE=2026-05-11T14:57:27+03:00
EXP_ROOT=NeighborCache/results/paper_normal_20260511_145113
COMMANDS_FILE=NeighborCache/results/paper_normal_20260511_145113/commands.txt
Running command:
/home/malmatal/.conda/envs/ec/bin/python -m NeighborCache.region_local_threshold.cli --data NeighborCache/data/lmsys_h1h0_by_cluster_h1keep_with_unormalized_embedding_fixed.npz --region_key global_cluster --alpha 0.1 --tau_mode global --n_trials 20 --seed 42 --n_train 1200 --n_calib 1200 --n_eval 1200 --hadamard_preprocess

[INFO] Using features key='emb' dim=1024
[INFO] Applied Hadamard preprocessing (strategy=centroid_nearest, use_delta_vec=False, use_abs_diff=False) to X_main

=== Region Threshold Benchmark ===
dataset_npz=NeighborCache/data/lmsys_h1h0_by_cluster_h1keep_with_unormalized_embedding_fixed.npz
region_key=global_cluster (resolved=global_cluster, unique=2740)
features=emb+hadamard rows=96890 dim=1024
text_pairs=text+region_anchor[centroid_nearest]
alpha=0.1 tie_mode=ge trials=20 base_seed=42
tau_mode=global
hadamard_preprocess=True
abs_diff_only_preprocess=False
use_delta_vec=False
use_abs_diff=False
normalize_data=False
filter_policy=none
train_cosine_policy_active=False
caps: train=1200 calib=1200 eval=1200
mins: min_h0_eval=20 min_h1_eval=20
run_dir=/home/malmatal/Projects/Multi_Dim_Threshold/NeighborCache/outputs/region_local_threshold/run_20260511_145739

[trial=0 seed=42] GLOBAL mode — total_samples=96890
  total: h0=73638 h1=21058
  pooled_train:  n0=1200 n1=1200
  pooled_calib:  n0=1200 n1=1200
  pooled_eval:   n0=1200 n1=1200
  regions (for macro stats only): 2740
[INFO] Cosine baseline routed to direct Hadamard sum (PrecomputedCosine)
[INFO] WeightedEnsemble Cosine judge routed to direct Hadamard sum
  [WeightedEnsemble] Judges routed to 'alt' input: PrecomputedCosine
[WeightedEnsemble] Fitted split-calibrated ensemble (alpha=0.1000, external calib split into META/RISK_CALIB, normalization=h0_cdf):
  tau=0.860630, META: TPR=0.6700, FPR=0.1000, RISK_CALIB: TPR=0.5817, FPR=0.1000
  PrecomputedCosine       : +0.091271
  PCAWhitenedCosine       : +0.471403
  XGBoost                 : +0.061431
  LDA                     : +0.375894

Method                   | TPR    | FPR    | TrTPR  | TrFPR  | MacroTPR | MacroFPR | Regions | TauMean | ms   | OK? 
--------------------------------------------------------------------------------------------------------------------
Cosine                   | 0.2625 | 0.1208 | 0.2908 | 0.1000 | 0.3072   | 0.1348   | 1268    | 0.9685  | 60.5 | FAIL
AndBox-HC                | 0.2675 | 0.1292 | 0.3000 | 0.1000 | 0.3131   | 0.1383   | 1268    | 0.0000  | 45.2 | FAIL
HadamardCosine           | 0.2625 | 0.1208 | 0.2908 | 0.1000 | 0.3072   | 0.1348   | 1268    | 0.9685  | 52.0 | FAIL
PCAWhitenedCosine        | 0.5867 | 0.1167 | 0.5933 | 0.1000 | 0.5179   | 0.1771   | 1268    | 0.6515  | 41.6 | FAIL
Vec (Wgt)                | 0.5550 | 0.1025 | 0.5925 | 0.1000 | 0.5505   | 0.1405   | 1268    | 0.8912  | 41.8 | FAIL
Log Reg                  | 0.4367 | 0.1142 | 0.4650 | 0.1000 | 0.3484   | 0.1569   | 1268    | 0.5063  | 56.3 | FAIL
LDA                      | 0.5250 | 0.0950 | 0.5183 | 0.1000 | 0.4725   | 0.1331   | 1268    | 2.9266  | 44.2 | PASS
Tiny MLP                 | 0.5733 | 0.1133 | 0.5858 | 0.1000 | 0.5135   | 0.1662   | 1268    | 0.7552  | 46.3 | FAIL
MultiProtoCosine         | 0.1275 | 0.0992 | 0.1233 | 0.1000 | 0.1147   | 0.1088   | 1268    | 0.8998  | 52.4 | PASS
WeightedEnsemble         | 0.5992 | 0.1250 | 0.6258 | 0.1000 | 0.5470   | 0.1846   | 1268    | 0.8494  | 71.5 | FAIL
XGBoost                  | 0.5075 | 0.1092 | 0.5333 | 0.1000 | 0.4398   | 0.1564   | 1268    | 0.6442  | 61.9 | FAIL
StabilizedWhitenedCosine | 0.4617 | 0.1058 | 0.4692 | 0.1000 | 0.3890   | 0.1523   | 1268    | 0.7940  | 51.7 | FAIL

[trial=1 seed=43] GLOBAL mode — total_samples=96890
  total: h0=73638 h1=21058
  pooled_train:  n0=1200 n1=1200
  pooled_calib:  n0=1200 n1=1200
  pooled_eval:   n0=1200 n1=1200
  regions (for macro stats only): 2740
[INFO] Cosine baseline routed to direct Hadamard sum (PrecomputedCosine)
[INFO] WeightedEnsemble Cosine judge routed to direct Hadamard sum
  [WeightedEnsemble] Judges routed to 'alt' input: PrecomputedCosine
[WeightedEnsemble] Fitted split-calibrated ensemble (alpha=0.1000, external calib split into META/RISK_CALIB, normalization=h0_cdf):
  tau=0.847811, META: TPR=0.6450, FPR=0.1000, RISK_CALIB: TPR=0.6067, FPR=0.1000
  PrecomputedCosine       : +0.081367
  PCAWhitenedCosine       : +0.796723
  XGBoost                 : +0.052115
  LDA                     : +0.069795

Method                   | TPR    | FPR    | TrTPR  | TrFPR  | MacroTPR | MacroFPR | Regions | TauMean | ms   | OK? 
--------------------------------------------------------------------------------------------------------------------
Cosine                   | 0.2650 | 0.1008 | 0.2892 | 0.1000 | 0.3046   | 0.1170   | 1296    | 0.9733  | 39.2 | FAIL
AndBox-HC                | 0.2767 | 0.1050 | 0.3008 | 0.1000 | 0.3117   | 0.1113   | 1296    | 0.0000  | 50.8 | FAIL
HadamardCosine           | 0.2650 | 0.1008 | 0.2892 | 0.1000 | 0.3046   | 0.1170   | 1296    | 0.9733  | 53.0 | FAIL
PCAWhitenedCosine        | 0.5550 | 0.0892 | 0.5958 | 0.1000 | 0.4827   | 0.1311   | 1296    | 0.7783  | 43.0 | PASS
Vec (Wgt)                | 0.5525 | 0.0875 | 0.5825 | 0.1000 | 0.5301   | 0.1167   | 1296    | 0.9031  | 43.1 | PASS
Log Reg                  | 0.4450 | 0.1000 | 0.4567 | 0.1000 | 0.3824   | 0.1396   | 1296    | 0.5064  | 57.4 | PASS
LDA                      | 0.5325 | 0.0867 | 0.5475 | 0.1000 | 0.4727   | 0.1237   | 1296    | 3.0390  | 45.4 | PASS
Tiny MLP                 | 0.5500 | 0.0817 | 0.5800 | 0.1000 | 0.4837   | 0.1166   | 1296    | 0.8044  | 47.8 | PASS
MultiProtoCosine         | 0.1067 | 0.1058 | 0.1342 | 0.1000 | 0.1117   | 0.1256   | 1296    | 0.8979  | 53.1 | FAIL
WeightedEnsemble         | 0.5875 | 0.0933 | 0.6283 | 0.1000 | 0.5230   | 0.1313   | 1296    | 0.8501  | 72.5 | PASS
XGBoost                  | 0.4458 | 0.0842 | 0.4808 | 0.1000 | 0.3850   | 0.1175   | 1296    | 0.6971  | 62.6 | PASS
StabilizedWhitenedCosine | 0.5150 | 0.1025 | 0.5308 | 0.1000 | 0.4524   | 0.1491   | 1296    | 0.7952  | 52.8 | FAIL

[trial=2 seed=44] GLOBAL mode — total_samples=96890
  total: h0=73638 h1=21058
  pooled_train:  n0=1200 n1=1200
  pooled_calib:  n0=1200 n1=1200
  pooled_eval:   n0=1200 n1=1200
  regions (for macro stats only): 2740
[INFO] Cosine baseline routed to direct Hadamard sum (PrecomputedCosine)
[INFO] WeightedEnsemble Cosine judge routed to direct Hadamard sum
  [WeightedEnsemble] Judges routed to 'alt' input: PrecomputedCosine
[WeightedEnsemble] Fitted split-calibrated ensemble (alpha=0.1000, external calib split into META/RISK_CALIB, normalization=h0_cdf):
  tau=0.813115, META: TPR=0.6417, FPR=0.1000, RISK_CALIB: TPR=0.5600, FPR=0.1000
  PrecomputedCosine       : +0.162317
  PCAWhitenedCosine       : +0.221141
  XGBoost                 : +0.365822
  LDA                     : +0.250720

Method                   | TPR    | FPR    | TrTPR  | TrFPR  | MacroTPR | MacroFPR | Regions | TauMean | ms   | OK? 
--------------------------------------------------------------------------------------------------------------------
Cosine                   | 0.2758 | 0.1142 | 0.3100 | 0.1000 | 0.3254   | 0.1231   | 1303    | 0.9703  | 62.2 | FAIL
AndBox-HC                | 0.2883 | 0.1042 | 0.3150 | 0.1000 | 0.3326   | 0.1153   | 1303    | 0.0000  | 43.7 | FAIL
HadamardCosine           | 0.2758 | 0.1142 | 0.3100 | 0.1000 | 0.3254   | 0.1231   | 1303    | 0.9703  | 51.9 | FAIL
PCAWhitenedCosine        | 0.5300 | 0.0833 | 0.5358 | 0.1000 | 0.4457   | 0.1218   | 1303    | 0.7650  | 42.6 | PASS
Vec (Wgt)                | 0.5567 | 0.0892 | 0.5767 | 0.1000 | 0.5338   | 0.1292   | 1303    | 0.9069  | 42.6 | PASS
Log Reg                  | 0.4233 | 0.0858 | 0.3917 | 0.1000 | 0.3495   | 0.1242   | 1303    | 0.5072  | 57.0 | PASS
LDA                      | 0.5200 | 0.0783 | 0.5242 | 0.1000 | 0.4365   | 0.1176   | 1303    | 3.0828  | 45.2 | PASS
Tiny MLP                 | 0.5675 | 0.0875 | 0.5650 | 0.1000 | 0.4854   | 0.1303   | 1303    | 0.8206  | 47.6 | PASS
MultiProtoCosine         | 0.1408 | 0.0858 | 0.1400 | 0.1000 | 0.1233   | 0.1099   | 1303    | 0.8970  | 52.5 | PASS
WeightedEnsemble         | 0.6017 | 0.0858 | 0.5875 | 0.1000 | 0.5309   | 0.1224   | 1303    | 0.8058  | 72.3 | PASS
XGBoost                  | 0.4925 | 0.0767 | 0.4725 | 0.1000 | 0.4039   | 0.1121   | 1303    | 0.6782  | 62.6 | PASS
StabilizedWhitenedCosine | 0.4842 | 0.0917 | 0.4783 | 0.1000 | 0.3974   | 0.1324   | 1303    | 0.8174  | 52.1 | PASS

[trial=3 seed=45] GLOBAL mode — total_samples=96890
  total: h0=73638 h1=21058
  pooled_train:  n0=1200 n1=1200
  pooled_calib:  n0=1200 n1=1200
  pooled_eval:   n0=1200 n1=1200
  regions (for macro stats only): 2740
[INFO] Cosine baseline routed to direct Hadamard sum (PrecomputedCosine)
[INFO] WeightedEnsemble Cosine judge routed to direct Hadamard sum
  [WeightedEnsemble] Judges routed to 'alt' input: PrecomputedCosine
[WeightedEnsemble] Fitted split-calibrated ensemble (alpha=0.1000, external calib split into META/RISK_CALIB, normalization=h0_cdf):
  tau=0.798072, META: TPR=0.6233, FPR=0.1000, RISK_CALIB: TPR=0.5783, FPR=0.1000
  PrecomputedCosine       : +0.214810
  PCAWhitenedCosine       : +0.045397
  XGBoost                 : +0.219549
  LDA                     : +0.520245

Method                   | TPR    | FPR    | TrTPR  | TrFPR  | MacroTPR | MacroFPR | Regions | TauMean | ms   | OK? 
--------------------------------------------------------------------------------------------------------------------
Cosine                   | 0.2800 | 0.0933 | 0.2675 | 0.1000 | 0.3241   | 0.0983   | 1299    | 0.9737  | 39.3 | PASS
AndBox-HC                | 0.2825 | 0.0833 | 0.2800 | 0.1000 | 0.3259   | 0.0853   | 1299    | 0.0000  | 60.5 | PASS
HadamardCosine           | 0.2800 | 0.0933 | 0.2675 | 0.1000 | 0.3241   | 0.0983   | 1299    | 0.9737  | 52.6 | PASS
PCAWhitenedCosine        | 0.5717 | 0.1058 | 0.5750 | 0.1000 | 0.5100   | 0.1447   | 1299    | 0.5959  | 43.0 | FAIL
Vec (Wgt)                | 0.5567 | 0.1092 | 0.5683 | 0.1000 | 0.5479   | 0.1447   | 1299    | 0.9012  | 43.4 | FAIL
Log Reg                  | 0.4333 | 0.1058 | 0.4367 | 0.1000 | 0.3688   | 0.1451   | 1299    | 0.5057  | 57.1 | FAIL
LDA                      | 0.5442 | 0.1017 | 0.5433 | 0.1000 | 0.4976   | 0.1447   | 1299    | 2.0766  | 46.8 | FAIL
Tiny MLP                 | 0.5983 | 0.1058 | 0.5975 | 0.1000 | 0.5522   | 0.1498   | 1299    | 0.7286  | 48.0 | FAIL
MultiProtoCosine         | 0.0950 | 0.0983 | 0.1050 | 0.1000 | 0.0950   | 0.1105   | 1299    | 0.8993  | 53.1 | PASS
WeightedEnsemble         | 0.5950 | 0.1000 | 0.5892 | 0.1000 | 0.5733   | 0.1364   | 1299    | 0.7913  | 72.5 | PASS
XGBoost                  | 0.5275 | 0.1175 | 0.5383 | 0.1000 | 0.4600   | 0.1616   | 1299    | 0.6293  | 62.7 | FAIL
StabilizedWhitenedCosine | 0.5117 | 0.1217 | 0.5200 | 0.1000 | 0.4244   | 0.1672   | 1299    | 0.6088  | 51.8 | FAIL

[trial=4 seed=46] GLOBAL mode — total_samples=96890
  total: h0=73638 h1=21058
  pooled_train:  n0=1200 n1=1200
  pooled_calib:  n0=1200 n1=1200
  pooled_eval:   n0=1200 n1=1200
  regions (for macro stats only): 2740
[INFO] Cosine baseline routed to direct Hadamard sum (PrecomputedCosine)
[INFO] WeightedEnsemble Cosine judge routed to direct Hadamard sum
  [WeightedEnsemble] Judges routed to 'alt' input: PrecomputedCosine
[WeightedEnsemble] Fitted split-calibrated ensemble (alpha=0.1000, external calib split into META/RISK_CALIB, normalization=h0_cdf):
  tau=0.836389, META: TPR=0.6533, FPR=0.1000, RISK_CALIB: TPR=0.5700, FPR=0.1000
  PrecomputedCosine       : +0.129354
  PCAWhitenedCosine       : +0.006061
  XGBoost                 : +0.334997
  LDA                     : +0.529588

Method                   | TPR    | FPR    | TrTPR  | TrFPR  | MacroTPR | MacroFPR | Regions | TauMean | ms   | OK? 
--------------------------------------------------------------------------------------------------------------------
Cosine                   | 0.2700 | 0.0942 | 0.2792 | 0.1000 | 0.3175   | 0.1092   | 1288    | 0.9745  | 39.0 | PASS
AndBox-HC                | 0.2592 | 0.0950 | 0.2675 | 0.1000 | 0.3039   | 0.1093   | 1288    | 0.0000  | 47.1 | PASS
HadamardCosine           | 0.2700 | 0.0942 | 0.2792 | 0.1000 | 0.3175   | 0.1092   | 1288    | 0.9745  | 51.1 | PASS
PCAWhitenedCosine        | 0.5883 | 0.1050 | 0.5650 | 0.1000 | 0.5078   | 0.1405   | 1288    | 0.6754  | 42.4 | FAIL
Vec (Wgt)                | 0.5342 | 0.0858 | 0.5450 | 0.1000 | 0.5172   | 0.1220   | 1288    | 0.9046  | 42.9 | PASS
Log Reg                  | 0.4500 | 0.0983 | 0.4117 | 0.1000 | 0.3767   | 0.1289   | 1288    | 0.5061  | 56.9 | PASS
LDA                      | 0.5592 | 0.1017 | 0.5508 | 0.1000 | 0.4872   | 0.1397   | 1288    | 2.3069  | 45.4 | FAIL
Tiny MLP                 | 0.5567 | 0.1117 | 0.5742 | 0.1000 | 0.4928   | 0.1531   | 1288    | 0.8265  | 47.4 | FAIL
MultiProtoCosine         | 0.0933 | 0.0950 | 0.0925 | 0.1000 | 0.0977   | 0.1102   | 1288    | 0.9013  | 52.4 | PASS
WeightedEnsemble         | 0.6167 | 0.1058 | 0.6050 | 0.1000 | 0.5563   | 0.1402   | 1288    | 0.8224  | 72.1 | FAIL
XGBoost                  | 0.5042 | 0.1000 | 0.4958 | 0.1000 | 0.4235   | 0.1332   | 1288    | 0.6586  | 62.1 | PASS
StabilizedWhitenedCosine | 0.5025 | 0.1058 | 0.4792 | 0.1000 | 0.4051   | 0.1420   | 1288    | 0.7929  | 52.3 | FAIL

[trial=5 seed=47] GLOBAL mode — total_samples=96890
  total: h0=73638 h1=21058
  pooled_train:  n0=1200 n1=1200
  pooled_calib:  n0=1200 n1=1200
  pooled_eval:   n0=1200 n1=1200
  regions (for macro stats only): 2740
[INFO] Cosine baseline routed to direct Hadamard sum (PrecomputedCosine)
[INFO] WeightedEnsemble Cosine judge routed to direct Hadamard sum
  [WeightedEnsemble] Judges routed to 'alt' input: PrecomputedCosine
[WeightedEnsemble] Fitted split-calibrated ensemble (alpha=0.1000, external calib split into META/RISK_CALIB, normalization=h0_cdf):
  tau=0.810032, META: TPR=0.5867, FPR=0.1000, RISK_CALIB: TPR=0.6167, FPR=0.1000
  PrecomputedCosine       : +0.124268
  PCAWhitenedCosine       : +0.201529
  XGBoost                 : +0.665956
  LDA                     : +0.008247

Method                   | TPR    | FPR    | TrTPR  | TrFPR  | MacroTPR | MacroFPR | Regions | TauMean | ms   | OK? 
--------------------------------------------------------------------------------------------------------------------
Cosine                   | 0.2592 | 0.0767 | 0.2758 | 0.1000 | 0.3043   | 0.0819   | 1271    | 0.9741  | 53.2 | PASS
AndBox-HC                | 0.2750 | 0.0917 | 0.2875 | 0.1000 | 0.3184   | 0.0962   | 1271    | 0.0000  | 46.8 | PASS
HadamardCosine           | 0.2592 | 0.0767 | 0.2758 | 0.1000 | 0.3043   | 0.0819   | 1271    | 0.9741  | 52.0 | PASS
PCAWhitenedCosine        | 0.5183 | 0.1017 | 0.4892 | 0.1000 | 0.4529   | 0.1389   | 1271    | 0.7334  | 42.4 | FAIL
Vec (Wgt)                | 0.5258 | 0.1108 | 0.5525 | 0.1000 | 0.5199   | 0.1517   | 1271    | 0.8980  | 42.5 | FAIL
Log Reg                  | 0.4125 | 0.1108 | 0.4150 | 0.1000 | 0.3497   | 0.1475   | 1271    | 0.5059  | 56.4 | FAIL
LDA                      | 0.5117 | 0.0992 | 0.5025 | 0.1000 | 0.4570   | 0.1435   | 1271    | 2.7163  | 45.0 | PASS
Tiny MLP                 | 0.5450 | 0.1017 | 0.5392 | 0.1000 | 0.4807   | 0.1432   | 1271    | 0.7767  | 46.6 | FAIL
MultiProtoCosine         | 0.0975 | 0.1125 | 0.0742 | 0.1000 | 0.0887   | 0.1294   | 1271    | 0.9056  | 52.4 | FAIL
WeightedEnsemble         | 0.5800 | 0.1192 | 0.6033 | 0.1000 | 0.5143   | 0.1623   | 1271    | 0.8133  | 72.2 | FAIL
XGBoost                  | 0.5000 | 0.1092 | 0.5150 | 0.1000 | 0.4192   | 0.1443   | 1271    | 0.6493  | 62.5 | FAIL
StabilizedWhitenedCosine | 0.4617 | 0.0975 | 0.4458 | 0.1000 | 0.3788   | 0.1355   | 1271    | 0.7683  | 52.2 | PASS

[trial=6 seed=48] GLOBAL mode — total_samples=96890
  total: h0=73638 h1=21058
  pooled_train:  n0=1200 n1=1200
  pooled_calib:  n0=1200 n1=1200
  pooled_eval:   n0=1200 n1=1200
  regions (for macro stats only): 2740
[INFO] Cosine baseline routed to direct Hadamard sum (PrecomputedCosine)
[INFO] WeightedEnsemble Cosine judge routed to direct Hadamard sum
  [WeightedEnsemble] Judges routed to 'alt' input: PrecomputedCosine
[WeightedEnsemble] Fitted split-calibrated ensemble (alpha=0.1000, external calib split into META/RISK_CALIB, normalization=h0_cdf):
  tau=0.828750, META: TPR=0.6283, FPR=0.1000, RISK_CALIB: TPR=0.5517, FPR=0.1000
  PrecomputedCosine       : +0.139045
  PCAWhitenedCosine       : +0.424833
  XGBoost                 : +0.282049
  LDA                     : +0.154073

Method                   | TPR    | FPR    | TrTPR  | TrFPR  | MacroTPR | MacroFPR | Regions | TauMean | ms   | OK? 
--------------------------------------------------------------------------------------------------------------------
Cosine                   | 0.2783 | 0.1233 | 0.2575 | 0.1000 | 0.3197   | 0.1398   | 1291    | 0.9709  | 38.8 | FAIL
AndBox-HC                | 0.2842 | 0.1267 | 0.2775 | 0.1000 | 0.3261   | 0.1367   | 1291    | 0.0000  | 50.7 | FAIL
HadamardCosine           | 0.2783 | 0.1233 | 0.2575 | 0.1000 | 0.3197   | 0.1398   | 1291    | 0.9709  | 52.0 | FAIL
PCAWhitenedCosine        | 0.5950 | 0.1108 | 0.5658 | 0.1000 | 0.5301   | 0.1578   | 1291    | 0.6362  | 42.3 | FAIL
Vec (Wgt)                | 0.5858 | 0.1217 | 0.5683 | 0.1000 | 0.5776   | 0.1649   | 1291    | 0.8934  | 42.6 | FAIL
Log Reg                  | 0.4375 | 0.1142 | 0.4117 | 0.1000 | 0.3751   | 0.1595   | 1291    | 0.5069  | 56.7 | FAIL
LDA                      | 0.5658 | 0.1150 | 0.5275 | 0.1000 | 0.5040   | 0.1585   | 1291    | 2.5587  | 45.1 | FAIL
Tiny MLP                 | 0.6317 | 0.1225 | 0.5775 | 0.1000 | 0.5646   | 0.1690   | 1291    | 0.7520  | 47.6 | FAIL
MultiProtoCosine         | 0.1075 | 0.1142 | 0.1133 | 0.1000 | 0.1112   | 0.1370   | 1291    | 0.8974  | 52.3 | FAIL
WeightedEnsemble         | 0.6217 | 0.1017 | 0.5825 | 0.1000 | 0.5609   | 0.1439   | 1291    | 0.8253  | 72.4 | FAIL
XGBoost                  | 0.5300 | 0.0983 | 0.4750 | 0.1000 | 0.4482   | 0.1370   | 1291    | 0.6646  | 62.5 | PASS
StabilizedWhitenedCosine | 0.4908 | 0.1050 | 0.4533 | 0.1000 | 0.4164   | 0.1479   | 1291    | 0.7681  | 52.3 | FAIL

[trial=7 seed=49] GLOBAL mode — total_samples=96890
  total: h0=73638 h1=21058
  pooled_train:  n0=1200 n1=1200
  pooled_calib:  n0=1200 n1=1200
  pooled_eval:   n0=1200 n1=1200
  regions (for macro stats only): 2740
[INFO] Cosine baseline routed to direct Hadamard sum (PrecomputedCosine)
[INFO] WeightedEnsemble Cosine judge routed to direct Hadamard sum
  [WeightedEnsemble] Judges routed to 'alt' input: PrecomputedCosine
[WeightedEnsemble] Fitted split-calibrated ensemble (alpha=0.1000, external calib split into META/RISK_CALIB, normalization=h0_cdf):
  tau=0.859908, META: TPR=0.6017, FPR=0.1000, RISK_CALIB: TPR=0.5850, FPR=0.1000
  PrecomputedCosine       : +0.014201
  PCAWhitenedCosine       : +0.305585
  XGBoost                 : +0.198500
  LDA                     : +0.481715

Method                   | TPR    | FPR    | TrTPR  | TrFPR  | MacroTPR | MacroFPR | Regions | TauMean | ms   | OK? 
--------------------------------------------------------------------------------------------------------------------
Cosine                   | 0.2967 | 0.0900 | 0.2900 | 0.1000 | 0.3347   | 0.1033   | 1286    | 0.9731  | 38.9 | PASS
AndBox-HC                | 0.3025 | 0.0908 | 0.3050 | 0.1000 | 0.3327   | 0.1040   | 1286    | 0.0000  | 60.6 | PASS
HadamardCosine           | 0.2967 | 0.0900 | 0.2900 | 0.1000 | 0.3347   | 0.1033   | 1286    | 0.9731  | 52.4 | PASS
PCAWhitenedCosine        | 0.5625 | 0.0908 | 0.5892 | 0.1000 | 0.5154   | 0.1300   | 1286    | 0.6485  | 42.6 | PASS
Vec (Wgt)                | 0.5650 | 0.0942 | 0.5650 | 0.1000 | 0.5530   | 0.1385   | 1286    | 0.8965  | 42.9 | PASS
Log Reg                  | 0.4133 | 0.0933 | 0.4167 | 0.1000 | 0.3502   | 0.1337   | 1286    | 0.5064  | 56.7 | PASS
LDA                      | 0.5075 | 0.0700 | 0.4908 | 0.1000 | 0.4570   | 0.0991   | 1286    | 2.7815  | 45.0 | PASS
Tiny MLP                 | 0.5433 | 0.0850 | 0.5642 | 0.1000 | 0.4877   | 0.1246   | 1286    | 0.7716  | 47.2 | PASS
MultiProtoCosine         | 0.1042 | 0.0850 | 0.0892 | 0.1000 | 0.0924   | 0.1020   | 1286    | 0.8988  | 52.3 | PASS
WeightedEnsemble         | 0.6017 | 0.0908 | 0.6017 | 0.1000 | 0.5381   | 0.1323   | 1286    | 0.8620  | 72.2 | PASS
XGBoost                  | 0.5142 | 0.0933 | 0.5042 | 0.1000 | 0.4458   | 0.1360   | 1286    | 0.6583  | 62.3 | PASS
StabilizedWhitenedCosine | 0.4467 | 0.0908 | 0.4608 | 0.1000 | 0.3912   | 0.1361   | 1286    | 0.8167  | 51.8 | PASS

[trial=8 seed=50] GLOBAL mode — total_samples=96890
  total: h0=73638 h1=21058
  pooled_train:  n0=1200 n1=1200
  pooled_calib:  n0=1200 n1=1200
  pooled_eval:   n0=1200 n1=1200
  regions (for macro stats only): 2740
[INFO] Cosine baseline routed to direct Hadamard sum (PrecomputedCosine)
[INFO] WeightedEnsemble Cosine judge routed to direct Hadamard sum
  [WeightedEnsemble] Judges routed to 'alt' input: PrecomputedCosine
[WeightedEnsemble] Fitted split-calibrated ensemble (alpha=0.1000, external calib split into META/RISK_CALIB, normalization=h0_cdf):
  tau=0.825489, META: TPR=0.6417, FPR=0.1000, RISK_CALIB: TPR=0.6400, FPR=0.1000
  PrecomputedCosine       : +0.103341
  PCAWhitenedCosine       : +0.334074
  XGBoost                 : +0.422031
  LDA                     : +0.140554

Method                   | TPR    | FPR    | TrTPR  | TrFPR  | MacroTPR | MacroFPR | Regions | TauMean | ms   | OK? 
--------------------------------------------------------------------------------------------------------------------
Cosine                   | 0.2908 | 0.1000 | 0.2800 | 0.1000 | 0.3449   | 0.1106   | 1301    | 0.9706  | 38.6 | PASS
AndBox-HC                | 0.2825 | 0.0908 | 0.2700 | 0.1000 | 0.3291   | 0.0992   | 1301    | 0.0000  | 50.5 | PASS
HadamardCosine           | 0.2908 | 0.1000 | 0.2800 | 0.1000 | 0.3449   | 0.1106   | 1301    | 0.9706  | 52.2 | PASS
PCAWhitenedCosine        | 0.5792 | 0.1158 | 0.6100 | 0.1000 | 0.5259   | 0.1593   | 1301    | 0.5788  | 43.0 | FAIL
Vec (Wgt)                | 0.5592 | 0.0908 | 0.5525 | 0.1000 | 0.5519   | 0.1252   | 1301    | 0.8984  | 42.9 | PASS
Log Reg                  | 0.4475 | 0.1217 | 0.4767 | 0.1000 | 0.3871   | 0.1624   | 1301    | 0.5061  | 57.0 | FAIL
LDA                      | 0.5692 | 0.1033 | 0.5625 | 0.1000 | 0.5068   | 0.1424   | 1301    | 2.2555  | 45.4 | FAIL
Tiny MLP                 | 0.5767 | 0.1067 | 0.5925 | 0.1000 | 0.5147   | 0.1448   | 1301    | 0.7705  | 47.3 | FAIL
MultiProtoCosine         | 0.1325 | 0.0967 | 0.1417 | 0.1000 | 0.1283   | 0.1164   | 1301    | 0.8963  | 52.9 | PASS
WeightedEnsemble         | 0.6217 | 0.1075 | 0.6408 | 0.1000 | 0.5638   | 0.1470   | 1301    | 0.8256  | 72.6 | FAIL
XGBoost                  | 0.5042 | 0.1058 | 0.5125 | 0.1000 | 0.4351   | 0.1404   | 1301    | 0.6533  | 62.8 | FAIL
StabilizedWhitenedCosine | 0.4983 | 0.1008 | 0.5042 | 0.1000 | 0.4033   | 0.1411   | 1301    | 0.7740  | 51.4 | FAIL

[trial=9 seed=51] GLOBAL mode — total_samples=96890
  total: h0=73638 h1=21058
  pooled_train:  n0=1200 n1=1200
  pooled_calib:  n0=1200 n1=1200
  pooled_eval:   n0=1200 n1=1200
  regions (for macro stats only): 2740
[INFO] Cosine baseline routed to direct Hadamard sum (PrecomputedCosine)
[INFO] WeightedEnsemble Cosine judge routed to direct Hadamard sum
  [WeightedEnsemble] Judges routed to 'alt' input: PrecomputedCosine
[WeightedEnsemble] Fitted split-calibrated ensemble (alpha=0.1000, external calib split into META/RISK_CALIB, normalization=h0_cdf):
  tau=0.837099, META: TPR=0.6467, FPR=0.1000, RISK_CALIB: TPR=0.5783, FPR=0.1000
  PrecomputedCosine       : +0.103341
  PCAWhitenedCosine       : +0.334074
  XGBoost                 : +0.422031
  LDA                     : +0.140554

Method                   | TPR    | FPR    | TrTPR  | TrFPR  | MacroTPR | MacroFPR | Regions | TauMean | ms   | OK? 
--------------------------------------------------------------------------------------------------------------------
Cosine                   | 0.2933 | 0.0967 | 0.2650 | 0.1000 | 0.3304   | 0.0934   | 1292    | 0.9721  | 52.4 | PASS
AndBox-HC                | 0.2933 | 0.0992 | 0.2767 | 0.1000 | 0.3302   | 0.0974   | 1292    | 0.0000  | 46.6 | PASS
HadamardCosine           | 0.2933 | 0.0967 | 0.2650 | 0.1000 | 0.3304   | 0.0934   | 1292    | 0.9721  | 51.2 | PASS
PCAWhitenedCosine        | 0.5450 | 0.0883 | 0.5575 | 0.1000 | 0.4865   | 0.1235   | 1292    | 0.6868  | 42.4 | PASS
Vec (Wgt)                | 0.5900 | 0.0992 | 0.5625 | 0.1000 | 0.5837   | 0.1288   | 1292    | 0.8984  | 42.0 | PASS
Log Reg                  | 0.3942 | 0.0817 | 0.4058 | 0.1000 | 0.3274   | 0.1111   | 1292    | 0.5069  | 56.9 | PASS
LDA                      | 0.5367 | 0.0967 | 0.5592 | 0.1000 | 0.4807   | 0.1326   | 1292    | 2.3521  | 45.1 | PASS
Tiny MLP                 | 0.5542 | 0.0992 | 0.5683 | 0.1000 | 0.5059   | 0.1385   | 1292    | 0.7868  | 47.3 | PASS
MultiProtoCosine         | 0.1192 | 0.0933 | 0.1108 | 0.1000 | 0.1238   | 0.1096   | 1292    | 0.8994  | 51.7 | PASS
WeightedEnsemble         | 0.6100 | 0.0925 | 0.6150 | 0.1000 | 0.5562   | 0.1328   | 1292    | 0.8239  | 72.3 | PASS
XGBoost                  | 0.4575 | 0.0892 | 0.4792 | 0.1000 | 0.3971   | 0.1197   | 1292    | 0.6652  | 62.2 | PASS
StabilizedWhitenedCosine | 0.4467 | 0.0858 | 0.4467 | 0.1000 | 0.3860   | 0.1268   | 1292    | 0.8254  | 52.4 | PASS

[trial=10 seed=52] GLOBAL mode — total_samples=96890
  total: h0=73638 h1=21058
  pooled_train:  n0=1200 n1=1200
  pooled_calib:  n0=1200 n1=1200
  pooled_eval:   n0=1200 n1=1200
  regions (for macro stats only): 2740
[INFO] Cosine baseline routed to direct Hadamard sum (PrecomputedCosine)
[INFO] WeightedEnsemble Cosine judge routed to direct Hadamard sum
  [WeightedEnsemble] Judges routed to 'alt' input: PrecomputedCosine
[WeightedEnsemble] Fitted split-calibrated ensemble (alpha=0.1000, external calib split into META/RISK_CALIB, normalization=h0_cdf):
  tau=0.739115, META: TPR=0.5950, FPR=0.1000, RISK_CALIB: TPR=0.6233, FPR=0.1000
  PrecomputedCosine       : +0.277802
  PCAWhitenedCosine       : +0.016672
  XGBoost                 : +0.310352
  LDA                     : +0.395173

Method                   | TPR    | FPR    | TrTPR  | TrFPR  | MacroTPR | MacroFPR | Regions | TauMean | ms   | OK? 
--------------------------------------------------------------------------------------------------------------------
Cosine                   | 0.2517 | 0.0925 | 0.2575 | 0.1000 | 0.3058   | 0.1008   | 1272    | 0.9733  | 60.9 | PASS
AndBox-HC                | 0.2317 | 0.1042 | 0.2317 | 0.1000 | 0.2730   | 0.1016   | 1272    | 0.0000  | 43.2 | FAIL
HadamardCosine           | 0.2517 | 0.0925 | 0.2575 | 0.1000 | 0.3058   | 0.1008   | 1272    | 0.9733  | 51.5 | PASS
PCAWhitenedCosine        | 0.5733 | 0.1217 | 0.5633 | 0.1000 | 0.4935   | 0.1568   | 1272    | 0.6855  | 42.2 | FAIL
Vec (Wgt)                | 0.5608 | 0.1000 | 0.5733 | 0.1000 | 0.5483   | 0.1351   | 1272    | 0.9017  | 42.6 | PASS
Log Reg                  | 0.4058 | 0.0958 | 0.4358 | 0.1000 | 0.3352   | 0.1273   | 1272    | 0.5064  | 56.4 | PASS
LDA                      | 0.5067 | 0.1058 | 0.5308 | 0.1000 | 0.4431   | 0.1307   | 1272    | 2.7306  | 44.5 | FAIL
Tiny MLP                 | 0.5525 | 0.1075 | 0.5650 | 0.1000 | 0.4816   | 0.1321   | 1272    | 0.7945  | 47.0 | FAIL
MultiProtoCosine         | 0.1100 | 0.0892 | 0.1050 | 0.1000 | 0.1123   | 0.1017   | 1272    | 0.8998  | 52.6 | PASS
WeightedEnsemble         | 0.6000 | 0.1033 | 0.6075 | 0.1000 | 0.5710   | 0.1337   | 1272    | 0.7407  | 71.4 | FAIL
XGBoost                  | 0.4942 | 0.0867 | 0.4883 | 0.1000 | 0.4135   | 0.1127   | 1272    | 0.6619  | 61.9 | PASS
StabilizedWhitenedCosine | 0.4958 | 0.1225 | 0.4933 | 0.1000 | 0.4035   | 0.1524   | 1272    | 0.7577  | 51.9 | FAIL

[trial=11 seed=53] GLOBAL mode — total_samples=96890
  total: h0=73638 h1=21058
  pooled_train:  n0=1200 n1=1200
  pooled_calib:  n0=1200 n1=1200
  pooled_eval:   n0=1200 n1=1200
  regions (for macro stats only): 2740
[INFO] Cosine baseline routed to direct Hadamard sum (PrecomputedCosine)
[INFO] WeightedEnsemble Cosine judge routed to direct Hadamard sum
  [WeightedEnsemble] Judges routed to 'alt' input: PrecomputedCosine
[WeightedEnsemble] Fitted split-calibrated ensemble (alpha=0.1000, external calib split into META/RISK_CALIB, normalization=h0_cdf):
  tau=0.788428, META: TPR=0.5933, FPR=0.1000, RISK_CALIB: TPR=0.6183, FPR=0.1000
  PrecomputedCosine       : +0.186703
  PCAWhitenedCosine       : +0.174799
  XGBoost                 : +0.477254
  LDA                     : +0.161244

Method                   | TPR    | FPR    | TrTPR  | TrFPR  | MacroTPR | MacroFPR | Regions | TauMean | ms   | OK? 
--------------------------------------------------------------------------------------------------------------------
Cosine                   | 0.2942 | 0.1117 | 0.3067 | 0.1000 | 0.3554   | 0.1197   | 1291    | 0.9680  | 68.8 | FAIL
AndBox-HC                | 0.2792 | 0.1075 | 0.2917 | 0.1000 | 0.3261   | 0.1138   | 1291    | 0.0000  | 44.5 | FAIL
HadamardCosine           | 0.2942 | 0.1117 | 0.3067 | 0.1000 | 0.3554   | 0.1197   | 1291    | 0.9680  | 52.0 | FAIL
PCAWhitenedCosine        | 0.5433 | 0.0783 | 0.5267 | 0.1000 | 0.4820   | 0.1119   | 1291    | 0.7633  | 43.3 | PASS
Vec (Wgt)                | 0.5733 | 0.0925 | 0.5642 | 0.1000 | 0.5751   | 0.1245   | 1291    | 0.8952  | 42.6 | PASS
Log Reg                  | 0.4067 | 0.0867 | 0.3983 | 0.1000 | 0.3443   | 0.1261   | 1291    | 0.5064  | 57.1 | PASS
LDA                      | 0.5525 | 0.1008 | 0.5392 | 0.1000 | 0.5031   | 0.1470   | 1291    | 2.4428  | 45.5 | FAIL
Tiny MLP                 | 0.5675 | 0.0933 | 0.5658 | 0.1000 | 0.5174   | 0.1337   | 1291    | 0.7935  | 47.1 | PASS
MultiProtoCosine         | 0.1167 | 0.1125 | 0.1033 | 0.1000 | 0.1194   | 0.1209   | 1291    | 0.8991  | 52.3 | FAIL
WeightedEnsemble         | 0.6092 | 0.0867 | 0.6050 | 0.1000 | 0.5741   | 0.1211   | 1291    | 0.7880  | 72.1 | PASS
XGBoost                  | 0.5058 | 0.0867 | 0.4950 | 0.1000 | 0.4386   | 0.1233   | 1291    | 0.6625  | 62.6 | PASS
StabilizedWhitenedCosine | 0.4483 | 0.0767 | 0.4575 | 0.1000 | 0.3819   | 0.1150   | 1291    | 0.8428  | 52.5 | PASS

[trial=12 seed=54] GLOBAL mode — total_samples=96890
  total: h0=73638 h1=21058
  pooled_train:  n0=1200 n1=1200
  pooled_calib:  n0=1200 n1=1200
  pooled_eval:   n0=1200 n1=1200
  regions (for macro stats only): 2740
[INFO] Cosine baseline routed to direct Hadamard sum (PrecomputedCosine)
[INFO] WeightedEnsemble Cosine judge routed to direct Hadamard sum
  [WeightedEnsemble] Judges routed to 'alt' input: PrecomputedCosine
[WeightedEnsemble] Fitted split-calibrated ensemble (alpha=0.1000, external calib split into META/RISK_CALIB, normalization=h0_cdf):
  tau=0.823010, META: TPR=0.6083, FPR=0.1000, RISK_CALIB: TPR=0.6150, FPR=0.1000
  PrecomputedCosine       : +0.107944
  PCAWhitenedCosine       : +0.242425
  XGBoost                 : +0.211521
  LDA                     : +0.438109

Method                   | TPR    | FPR    | TrTPR  | TrFPR  | MacroTPR | MacroFPR | Regions | TauMean | ms   | OK? 
--------------------------------------------------------------------------------------------------------------------
Cosine                   | 0.3167 | 0.0942 | 0.2783 | 0.1000 | 0.3712   | 0.1102   | 1305    | 0.9712  | 41.6 | PASS
AndBox-HC                | 0.3008 | 0.1058 | 0.2792 | 0.1000 | 0.3483   | 0.1107   | 1305    | -0.0000 | 69.6 | FAIL
HadamardCosine           | 0.3167 | 0.0942 | 0.2783 | 0.1000 | 0.3712   | 0.1102   | 1305    | 0.9712  | 52.1 | PASS
PCAWhitenedCosine        | 0.5392 | 0.1042 | 0.5417 | 0.1000 | 0.4836   | 0.1443   | 1305    | 0.7319  | 43.3 | FAIL
Vec (Wgt)                | 0.5783 | 0.1058 | 0.5725 | 0.1000 | 0.5737   | 0.1459   | 1305    | 0.9006  | 43.6 | FAIL
Log Reg                  | 0.3775 | 0.0883 | 0.3925 | 0.1000 | 0.3177   | 0.1273   | 1305    | 0.5076  | 57.3 | PASS
LDA                      | 0.5142 | 0.1175 | 0.5508 | 0.1000 | 0.4748   | 0.1625   | 1305    | 2.5835  | 45.6 | FAIL
Tiny MLP                 | 0.5283 | 0.1067 | 0.5467 | 0.1000 | 0.4835   | 0.1475   | 1305    | 0.8130  | 47.3 | FAIL
MultiProtoCosine         | 0.1067 | 0.1217 | 0.1125 | 0.1000 | 0.0996   | 0.1336   | 1305    | 0.8997  | 52.4 | FAIL
WeightedEnsemble         | 0.6075 | 0.1150 | 0.6133 | 0.1000 | 0.5615   | 0.1572   | 1305    | 0.8217  | 72.6 | FAIL
XGBoost                  | 0.4833 | 0.0992 | 0.4775 | 0.1000 | 0.4247   | 0.1382   | 1305    | 0.6695  | 62.6 | PASS
StabilizedWhitenedCosine | 0.4767 | 0.1050 | 0.5017 | 0.1000 | 0.4076   | 0.1471   | 1305    | 0.7940  | 52.2 | FAIL

[trial=13 seed=55] GLOBAL mode — total_samples=96890
  total: h0=73638 h1=21058
  pooled_train:  n0=1200 n1=1200
  pooled_calib:  n0=1200 n1=1200
  pooled_eval:   n0=1200 n1=1200
  regions (for macro stats only): 2740
[INFO] Cosine baseline routed to direct Hadamard sum (PrecomputedCosine)
[INFO] WeightedEnsemble Cosine judge routed to direct Hadamard sum
  [WeightedEnsemble] Judges routed to 'alt' input: PrecomputedCosine
[WeightedEnsemble] Fitted split-calibrated ensemble (alpha=0.1000, external calib split into META/RISK_CALIB, normalization=h0_cdf):
  tau=0.826150, META: TPR=0.6500, FPR=0.1000, RISK_CALIB: TPR=0.6217, FPR=0.1000
  PrecomputedCosine       : +0.127007
  PCAWhitenedCosine       : +0.081353
  XGBoost                 : +0.139987
  LDA                     : +0.651653

Method                   | TPR    | FPR    | TrTPR  | TrFPR  | MacroTPR | MacroFPR | Regions | TauMean | ms   | OK? 
--------------------------------------------------------------------------------------------------------------------
Cosine                   | 0.3008 | 0.0992 | 0.3067 | 0.1000 | 0.3479   | 0.1052   | 1265    | 0.9704  | 38.3 | PASS
AndBox-HC                | 0.3017 | 0.1033 | 0.2900 | 0.1000 | 0.3443   | 0.1068   | 1265    | 0.0000  | 56.1 | FAIL
HadamardCosine           | 0.3008 | 0.0992 | 0.3067 | 0.1000 | 0.3479   | 0.1052   | 1265    | 0.9704  | 51.7 | PASS
PCAWhitenedCosine        | 0.5800 | 0.1100 | 0.5817 | 0.1000 | 0.5093   | 0.1642   | 1265    | 0.7213  | 41.9 | FAIL
Vec (Wgt)                | 0.5692 | 0.1050 | 0.5758 | 0.1000 | 0.5487   | 0.1425   | 1265    | 0.9071  | 41.6 | FAIL
Log Reg                  | 0.4708 | 0.1083 | 0.4742 | 0.1000 | 0.3890   | 0.1538   | 1265    | 0.5060  | 56.0 | FAIL
LDA                      | 0.5658 | 0.1100 | 0.5817 | 0.1000 | 0.4991   | 0.1598   | 1265    | 2.4549  | 44.2 | FAIL
Tiny MLP                 | 0.6067 | 0.1133 | 0.6025 | 0.1000 | 0.5416   | 0.1642   | 1265    | 0.7968  | 46.4 | FAIL
MultiProtoCosine         | 0.0908 | 0.0967 | 0.1142 | 0.1000 | 0.0916   | 0.1133   | 1265    | 0.9004  | 51.9 | PASS
WeightedEnsemble         | 0.6092 | 0.1150 | 0.6258 | 0.1000 | 0.5543   | 0.1641   | 1265    | 0.8247  | 71.4 | FAIL
XGBoost                  | 0.5542 | 0.1000 | 0.5333 | 0.1000 | 0.4731   | 0.1430   | 1265    | 0.6455  | 62.4 | PASS
StabilizedWhitenedCosine | 0.5258 | 0.1275 | 0.5367 | 0.1000 | 0.4454   | 0.1858   | 1265    | 0.7368  | 50.7 | FAIL

[trial=14 seed=56] GLOBAL mode — total_samples=96890
  total: h0=73638 h1=21058
  pooled_train:  n0=1200 n1=1200
  pooled_calib:  n0=1200 n1=1200
  pooled_eval:   n0=1200 n1=1200
  regions (for macro stats only): 2740
[INFO] Cosine baseline routed to direct Hadamard sum (PrecomputedCosine)
[INFO] WeightedEnsemble Cosine judge routed to direct Hadamard sum
  [WeightedEnsemble] Judges routed to 'alt' input: PrecomputedCosine
[WeightedEnsemble] Fitted split-calibrated ensemble (alpha=0.1000, external calib split into META/RISK_CALIB, normalization=h0_cdf):
  tau=0.885134, META: TPR=0.6400, FPR=0.1000, RISK_CALIB: TPR=0.5833, FPR=0.1000
  PrecomputedCosine       : +0.014232
  PCAWhitenedCosine       : +0.239186
  XGBoost                 : +0.232155
  LDA                     : +0.514427

Method                   | TPR    | FPR    | TrTPR  | TrFPR  | MacroTPR | MacroFPR | Regions | TauMean | ms   | OK? 
--------------------------------------------------------------------------------------------------------------------
Cosine                   | 0.2750 | 0.0933 | 0.2542 | 0.1000 | 0.3284   | 0.0942   | 1287    | 0.9749  | 38.8 | PASS
AndBox-HC                | 0.2742 | 0.0883 | 0.2658 | 0.1000 | 0.3259   | 0.0921   | 1287    | 0.0000  | 49.1 | PASS
HadamardCosine           | 0.2750 | 0.0933 | 0.2542 | 0.1000 | 0.3284   | 0.0942   | 1287    | 0.9749  | 51.7 | PASS
PCAWhitenedCosine        | 0.5767 | 0.1033 | 0.5750 | 0.1000 | 0.5297   | 0.1401   | 1287    | 0.6895  | 42.9 | FAIL
Vec (Wgt)                | 0.5583 | 0.1083 | 0.5517 | 0.1000 | 0.5577   | 0.1431   | 1287    | 0.9058  | 42.4 | FAIL
Log Reg                  | 0.4117 | 0.0833 | 0.4042 | 0.1000 | 0.3540   | 0.1094   | 1287    | 0.5067  | 56.5 | PASS
LDA                      | 0.5742 | 0.1075 | 0.5858 | 0.1000 | 0.5131   | 0.1449   | 1287    | 2.3228  | 45.0 | FAIL
Tiny MLP                 | 0.5933 | 0.0983 | 0.6075 | 0.1000 | 0.5479   | 0.1323   | 1287    | 0.7482  | 47.3 | PASS
MultiProtoCosine         | 0.0808 | 0.0675 | 0.0908 | 0.1000 | 0.0787   | 0.0876   | 1287    | 0.9041  | 52.5 | PASS
WeightedEnsemble         | 0.5967 | 0.0992 | 0.6125 | 0.1000 | 0.5402   | 0.1352   | 1287    | 0.8698  | 72.5 | PASS
XGBoost                  | 0.4767 | 0.1067 | 0.4933 | 0.1000 | 0.4232   | 0.1477   | 1287    | 0.6709  | 62.2 | FAIL
StabilizedWhitenedCosine | 0.4417 | 0.0975 | 0.4550 | 0.1000 | 0.3728   | 0.1339   | 1287    | 0.8896  | 51.9 | PASS

[trial=15 seed=57] GLOBAL mode — total_samples=96890
  total: h0=73638 h1=21058
  pooled_train:  n0=1200 n1=1200
  pooled_calib:  n0=1200 n1=1200
  pooled_eval:   n0=1200 n1=1200
  regions (for macro stats only): 2740
[INFO] Cosine baseline routed to direct Hadamard sum (PrecomputedCosine)
[INFO] WeightedEnsemble Cosine judge routed to direct Hadamard sum
  [WeightedEnsemble] Judges routed to 'alt' input: PrecomputedCosine
[WeightedEnsemble] Fitted split-calibrated ensemble (alpha=0.1000, external calib split into META/RISK_CALIB, normalization=h0_cdf):
  tau=0.783238, META: TPR=0.6083, FPR=0.1000, RISK_CALIB: TPR=0.5767, FPR=0.1000
  PrecomputedCosine       : +0.242195
  PCAWhitenedCosine       : +0.339159
  XGBoost                 : +0.308110
  LDA                     : +0.110536

Method                   | TPR    | FPR    | TrTPR  | TrFPR  | MacroTPR | MacroFPR | Regions | TauMean | ms   | OK? 
--------------------------------------------------------------------------------------------------------------------
Cosine                   | 0.3042 | 0.1200 | 0.2925 | 0.1000 | 0.3594   | 0.1090   | 1271    | 0.9677  | 38.9 | FAIL
AndBox-HC                | 0.2992 | 0.1150 | 0.2900 | 0.1000 | 0.3552   | 0.1034   | 1271    | 0.0000  | 60.0 | FAIL
HadamardCosine           | 0.3042 | 0.1200 | 0.2925 | 0.1000 | 0.3594   | 0.1090   | 1271    | 0.9677  | 51.2 | FAIL
PCAWhitenedCosine        | 0.5567 | 0.0858 | 0.5267 | 0.1000 | 0.4787   | 0.1218   | 1271    | 0.7269  | 41.6 | PASS
Vec (Wgt)                | 0.5658 | 0.1150 | 0.5550 | 0.1000 | 0.5604   | 0.1341   | 1271    | 0.9002  | 42.2 | FAIL
Log Reg                  | 0.4158 | 0.0925 | 0.4050 | 0.1000 | 0.3524   | 0.1333   | 1271    | 0.5069  | 56.2 | PASS
LDA                      | 0.5367 | 0.0908 | 0.5358 | 0.1000 | 0.4834   | 0.1221   | 1271    | 2.5936  | 44.1 | PASS
Tiny MLP                 | 0.5675 | 0.0858 | 0.5342 | 0.1000 | 0.5161   | 0.1211   | 1271    | 0.8051  | 46.3 | PASS
MultiProtoCosine         | 0.1400 | 0.1125 | 0.1317 | 0.1000 | 0.1226   | 0.1339   | 1271    | 0.8976  | 51.8 | FAIL
WeightedEnsemble         | 0.6250 | 0.1017 | 0.6017 | 0.1000 | 0.5774   | 0.1371   | 1271    | 0.7656  | 71.4 | FAIL
XGBoost                  | 0.5075 | 0.0950 | 0.4900 | 0.1000 | 0.4227   | 0.1317   | 1271    | 0.6587  | 62.0 | PASS
StabilizedWhitenedCosine | 0.4983 | 0.0942 | 0.4550 | 0.1000 | 0.4128   | 0.1330   | 1271    | 0.8367  | 51.3 | PASS

[trial=16 seed=58] GLOBAL mode — total_samples=96890
  total: h0=73638 h1=21058
  pooled_train:  n0=1200 n1=1200
  pooled_calib:  n0=1200 n1=1200
  pooled_eval:   n0=1200 n1=1200
  regions (for macro stats only): 2740
[INFO] Cosine baseline routed to direct Hadamard sum (PrecomputedCosine)
[INFO] WeightedEnsemble Cosine judge routed to direct Hadamard sum
  [WeightedEnsemble] Judges routed to 'alt' input: PrecomputedCosine
[WeightedEnsemble] Fitted split-calibrated ensemble (alpha=0.1000, external calib split into META/RISK_CALIB, normalization=h0_cdf):
  tau=0.775307, META: TPR=0.6550, FPR=0.1000, RISK_CALIB: TPR=0.6150, FPR=0.1000
  PrecomputedCosine       : +0.243164
  PCAWhitenedCosine       : +0.301708
  XGBoost                 : +0.202398
  LDA                     : +0.252730

Method                   | TPR    | FPR    | TrTPR  | TrFPR  | MacroTPR | MacroFPR | Regions | TauMean | ms   | OK? 
--------------------------------------------------------------------------------------------------------------------
Cosine                   | 0.2933 | 0.0900 | 0.2783 | 0.1000 | 0.3503   | 0.0999   | 1272    | 0.9726  | 38.7 | PASS
AndBox-HC                | 0.2883 | 0.0775 | 0.2708 | 0.1000 | 0.3455   | 0.0826   | 1272    | 0.0000  | 49.8 | PASS
HadamardCosine           | 0.2933 | 0.0900 | 0.2783 | 0.1000 | 0.3503   | 0.0999   | 1272    | 0.9726  | 52.0 | PASS
PCAWhitenedCosine        | 0.5667 | 0.1033 | 0.5525 | 0.1000 | 0.4872   | 0.1498   | 1272    | 0.7236  | 42.5 | FAIL
Vec (Wgt)                | 0.5917 | 0.0908 | 0.5933 | 0.1000 | 0.5689   | 0.1300   | 1272    | 0.8923  | 42.3 | PASS
Log Reg                  | 0.4333 | 0.1167 | 0.4392 | 0.1000 | 0.3637   | 0.1622   | 1272    | 0.5068  | 56.3 | FAIL
LDA                      | 0.5758 | 0.1217 | 0.5708 | 0.1000 | 0.5056   | 0.1784   | 1272    | 2.1244  | 44.7 | FAIL
Tiny MLP                 | 0.5983 | 0.1192 | 0.5875 | 0.1000 | 0.5327   | 0.1744   | 1272    | 0.7593  | 46.9 | FAIL
MultiProtoCosine         | 0.1233 | 0.0900 | 0.1217 | 0.1000 | 0.1185   | 0.1111   | 1272    | 0.8968  | 52.7 | PASS
WeightedEnsemble         | 0.6200 | 0.1108 | 0.6275 | 0.1000 | 0.5811   | 0.1592   | 1272    | 0.7693  | 71.5 | FAIL
XGBoost                  | 0.5200 | 0.1125 | 0.5242 | 0.1000 | 0.4390   | 0.1566   | 1272    | 0.6565  | 62.0 | FAIL
StabilizedWhitenedCosine | 0.5217 | 0.1158 | 0.5208 | 0.1000 | 0.4380   | 0.1705   | 1272    | 0.7497  | 51.4 | FAIL

[trial=17 seed=59] GLOBAL mode — total_samples=96890
  total: h0=73638 h1=21058
  pooled_train:  n0=1200 n1=1200
  pooled_calib:  n0=1200 n1=1200
  pooled_eval:   n0=1200 n1=1200
  regions (for macro stats only): 2740
[INFO] Cosine baseline routed to direct Hadamard sum (PrecomputedCosine)
[INFO] WeightedEnsemble Cosine judge routed to direct Hadamard sum
  [WeightedEnsemble] Judges routed to 'alt' input: PrecomputedCosine
[WeightedEnsemble] Fitted split-calibrated ensemble (alpha=0.1000, external calib split into META/RISK_CALIB, normalization=h0_cdf):
  tau=0.839307, META: TPR=0.6583, FPR=0.1000, RISK_CALIB: TPR=0.5550, FPR=0.1000
  PrecomputedCosine       : +0.128462
  PCAWhitenedCosine       : +0.217267
  XGBoost                 : +0.550449
  LDA                     : +0.103822

Method                   | TPR    | FPR    | TrTPR  | TrFPR  | MacroTPR | MacroFPR | Regions | TauMean | ms   | OK? 
--------------------------------------------------------------------------------------------------------------------
Cosine                   | 0.2892 | 0.0917 | 0.2850 | 0.1000 | 0.3445   | 0.0939   | 1278    | 0.9695  | 62.3 | PASS
AndBox-HC                | 0.2792 | 0.0917 | 0.2783 | 0.1000 | 0.3253   | 0.0893   | 1278    | 0.0000  | 44.6 | PASS
HadamardCosine           | 0.2892 | 0.0917 | 0.2850 | 0.1000 | 0.3445   | 0.0939   | 1278    | 0.9695  | 51.1 | PASS
PCAWhitenedCosine        | 0.5183 | 0.0858 | 0.5083 | 0.1000 | 0.4517   | 0.1142   | 1278    | 0.7542  | 42.1 | PASS
Vec (Wgt)                | 0.5517 | 0.0958 | 0.5458 | 0.1000 | 0.5434   | 0.1249   | 1278    | 0.8969  | 42.2 | PASS
Log Reg                  | 0.3850 | 0.0892 | 0.3950 | 0.1000 | 0.3265   | 0.1269   | 1278    | 0.5074  | 56.0 | PASS
LDA                      | 0.5583 | 0.1075 | 0.5450 | 0.1000 | 0.4961   | 0.1508   | 1278    | 2.3314  | 44.6 | FAIL
Tiny MLP                 | 0.5758 | 0.1050 | 0.5700 | 0.1000 | 0.5157   | 0.1452   | 1278    | 0.7830  | 46.4 | FAIL
MultiProtoCosine         | 0.0133 | 0.0950 | 0.0092 | 0.1000 | 0.0137   | 0.0773   | 1278    | 0.9323  | 52.3 | PASS
WeightedEnsemble         | 0.6200 | 0.1050 | 0.6142 | 0.1000 | 0.5603   | 0.1409   | 1278    | 0.8201  | 71.8 | FAIL
XGBoost                  | 0.5183 | 0.1117 | 0.5000 | 0.1000 | 0.4528   | 0.1488   | 1278    | 0.6628  | 61.9 | FAIL
StabilizedWhitenedCosine | 0.4558 | 0.0867 | 0.4692 | 0.1000 | 0.3822   | 0.1218   | 1278    | 0.8248  | 51.5 | PASS

[trial=18 seed=60] GLOBAL mode — total_samples=96890
  total: h0=73638 h1=21058
  pooled_train:  n0=1200 n1=1200
  pooled_calib:  n0=1200 n1=1200
  pooled_eval:   n0=1200 n1=1200
  regions (for macro stats only): 2740
[INFO] Cosine baseline routed to direct Hadamard sum (PrecomputedCosine)
[INFO] WeightedEnsemble Cosine judge routed to direct Hadamard sum
  [WeightedEnsemble] Judges routed to 'alt' input: PrecomputedCosine
[WeightedEnsemble] Fitted split-calibrated ensemble (alpha=0.1000, external calib split into META/RISK_CALIB, normalization=h0_cdf):
  tau=0.752259, META: TPR=0.6100, FPR=0.1000, RISK_CALIB: TPR=0.5717, FPR=0.1000
  PrecomputedCosine       : +0.266399
  PCAWhitenedCosine       : +0.017126
  XGBoost                 : +0.612206
  LDA                     : +0.104270

Method                   | TPR    | FPR    | TrTPR  | TrFPR  | MacroTPR | MacroFPR | Regions | TauMean | ms   | OK? 
--------------------------------------------------------------------------------------------------------------------
Cosine                   | 0.2950 | 0.1117 | 0.2808 | 0.1000 | 0.3270   | 0.1154   | 1294    | 0.9714  | 74.6 | FAIL
AndBox-HC                | 0.2767 | 0.0958 | 0.2617 | 0.1000 | 0.3079   | 0.0957   | 1294    | 0.0000  | 51.4 | PASS
HadamardCosine           | 0.2950 | 0.1117 | 0.2808 | 0.1000 | 0.3270   | 0.1154   | 1294    | 0.9714  | 68.5 | FAIL
PCAWhitenedCosine        | 0.5683 | 0.1083 | 0.5858 | 0.1000 | 0.4987   | 0.1458   | 1294    | 0.7356  | 42.5 | FAIL
Vec (Wgt)                | 0.5767 | 0.1000 | 0.5717 | 0.1000 | 0.5556   | 0.1412   | 1294    | 0.9006  | 42.5 | PASS
Log Reg                  | 0.4317 | 0.1008 | 0.4592 | 0.1000 | 0.3573   | 0.1323   | 1294    | 0.5063  | 56.0 | FAIL
LDA                      | 0.5083 | 0.1033 | 0.5142 | 0.1000 | 0.4438   | 0.1442   | 1294    | 3.0571  | 45.1 | FAIL
Tiny MLP                 | 0.5475 | 0.0900 | 0.5508 | 0.1000 | 0.4809   | 0.1243   | 1294    | 0.8158  | 46.9 | PASS
MultiProtoCosine         | 0.1033 | 0.0942 | 0.1000 | 0.1000 | 0.0987   | 0.1062   | 1294    | 0.9001  | 51.8 | PASS
WeightedEnsemble         | 0.6017 | 0.1117 | 0.5917 | 0.1000 | 0.5545   | 0.1577   | 1294    | 0.7528  | 71.8 | FAIL
XGBoost                  | 0.4725 | 0.0983 | 0.4817 | 0.1000 | 0.3962   | 0.1324   | 1294    | 0.6803  | 62.5 | PASS
StabilizedWhitenedCosine | 0.4292 | 0.0942 | 0.4667 | 0.1000 | 0.3514   | 0.1246   | 1294    | 0.9056  | 51.7 | PASS

[trial=19 seed=61] GLOBAL mode — total_samples=96890
  total: h0=73638 h1=21058
  pooled_train:  n0=1200 n1=1200
  pooled_calib:  n0=1200 n1=1200
  pooled_eval:   n0=1200 n1=1200
  regions (for macro stats only): 2740
[INFO] Cosine baseline routed to direct Hadamard sum (PrecomputedCosine)
[INFO] WeightedEnsemble Cosine judge routed to direct Hadamard sum
  [WeightedEnsemble] Judges routed to 'alt' input: PrecomputedCosine
[WeightedEnsemble] Fitted split-calibrated ensemble (alpha=0.1000, external calib split into META/RISK_CALIB, normalization=h0_cdf):
  tau=0.824568, META: TPR=0.6283, FPR=0.1000, RISK_CALIB: TPR=0.5833, FPR=0.1000
  PrecomputedCosine       : +0.139045
  PCAWhitenedCosine       : +0.424833
  XGBoost                 : +0.282049
  LDA                     : +0.154073

Method                   | TPR    | FPR    | TrTPR  | TrFPR  | MacroTPR | MacroFPR | Regions | TauMean | ms   | OK? 
--------------------------------------------------------------------------------------------------------------------
Cosine                   | 0.2850 | 0.1108 | 0.2825 | 0.1000 | 0.3379   | 0.1191   | 1277    | 0.9713  | 65.5 | FAIL
AndBox-HC                | 0.2967 | 0.1125 | 0.2792 | 0.1000 | 0.3527   | 0.1130   | 1277    | 0.0000  | 43.4 | FAIL
HadamardCosine           | 0.2850 | 0.1108 | 0.2825 | 0.1000 | 0.3379   | 0.1191   | 1277    | 0.9713  | 51.1 | FAIL
PCAWhitenedCosine        | 0.5567 | 0.0850 | 0.5392 | 0.1000 | 0.4856   | 0.1269   | 1277    | 0.6804  | 42.2 | PASS
Vec (Wgt)                | 0.5858 | 0.1208 | 0.5742 | 0.1000 | 0.5646   | 0.1671   | 1277    | 0.9014  | 42.4 | FAIL
Log Reg                  | 0.3833 | 0.0867 | 0.3767 | 0.1000 | 0.3064   | 0.1189   | 1277    | 0.5071  | 56.6 | PASS
LDA                      | 0.5467 | 0.0892 | 0.5433 | 0.1000 | 0.4791   | 0.1310   | 1277    | 2.5289  | 44.6 | PASS
Tiny MLP                 | 0.5883 | 0.0942 | 0.5775 | 0.1000 | 0.5172   | 0.1400   | 1277    | 0.7724  | 46.4 | PASS
MultiProtoCosine         | 0.1183 | 0.0825 | 0.1192 | 0.1000 | 0.1140   | 0.1055   | 1277    | 0.9006  | 51.5 | PASS
WeightedEnsemble         | 0.5950 | 0.0908 | 0.5942 | 0.1000 | 0.5360   | 0.1347   | 1277    | 0.8198  | 71.7 | PASS
XGBoost                  | 0.5117 | 0.0892 | 0.4917 | 0.1000 | 0.4185   | 0.1265   | 1277    | 0.6603  | 61.7 | PASS
StabilizedWhitenedCosine | 0.4583 | 0.0833 | 0.4492 | 0.1000 | 0.3709   | 0.1242   | 1277    | 0.8375  | 52.0 | PASS

=== Ranking by mean micro TPR (UNCONSTRAINED) ===
 1. WeightedEnsemble   TPR=0.6060±0.0120 FPR=0.1030±0.0107 [FAIL]
 2. Tiny MLP           TPR=0.5711±0.0249 FPR=0.1014±0.0115 [FAIL]
 3. Vec (Wgt)          TPR=0.5646±0.0170 FPR=0.1013±0.0104 [FAIL]
 4. PCAWhitenedCosine  TPR=0.5605±0.0219 FPR=0.0997±0.0124 [PASS]
 5. LDA                TPR=0.5405±0.0233 FPR=0.1001±0.0124 [FAIL]
 6. XGBoost            TPR=0.5014±0.0247 FPR=0.0985±0.0106 [PASS]
 7. StabilizedWhitenedCosine TPR=0.4785±0.0288 FPR=0.1005±0.0133 [FAIL]
 8. Log Reg            TPR=0.4207±0.0240 FPR=0.0987±0.0120 [PASS]
 9. Cosine             TPR=0.2838±0.0162 FPR=0.1012±0.0122 [FAIL]
10. HadamardCosine     TPR=0.2838±0.0162 FPR=0.1012±0.0122 [FAIL]
11. AndBox-HC          TPR=0.2820±0.0163 FPR=0.1009±0.0130 [FAIL]
12. MultiProtoCosine   TPR=0.1064±0.0266 FPR=0.0974±0.0126 [PASS]

=== Ranking by mean micro TPR (CONSTRAINED: FPR <= alpha) ===
 1. PCAWhitenedCosine  TPR=0.5605±0.0219 FPR=0.0997±0.0124
 2. XGBoost            TPR=0.5014±0.0247 FPR=0.0985±0.0106
 3. Log Reg            TPR=0.4207±0.0240 FPR=0.0987±0.0120
 4. MultiProtoCosine   TPR=0.1064±0.0266 FPR=0.0974±0.0126
[CSV] Saved: /home/malmatal/Projects/Multi_Dim_Threshold/NeighborCache/outputs/region_local_threshold/run_20260511_145739/trial_summary.csv
[JSON] Saved: /home/malmatal/Projects/Multi_Dim_Threshold/NeighborCache/outputs/region_local_threshold/run_20260511_145739/ranking.json
[CSV] Saved: /home/malmatal/Projects/Multi_Dim_Threshold/NeighborCache/outputs/region_local_threshold/run_20260511_145739/weighted_ensemble_meta_weights.csv
[JSON] Saved: /home/malmatal/Projects/Multi_Dim_Threshold/NeighborCache/outputs/region_local_threshold/run_20260511_145739/notes.json

Best (constrained FPR <= alpha): PCAWhitenedCosine
[Done] outputs at: /home/malmatal/Projects/Multi_Dim_Threshold/NeighborCache/outputs/region_local_threshold/run_20260511_145739

Task 8 completed successfully.
