------------------------------------
Mon 11 May 2026 14:56:49 IDT
SLURM_JOBID:		17480210
SLURM_JOB_NODELIST:	ise-4090-08
SLURM_SCRATCH_DIR:	/scratch/malmatal/17480210
Allocated Resouces:	cpu - 4 / mem - 32768 MB / gpu - 1
SLURM_GPU_INDEX:	1
Running as malmatal from gilein account with normal QOS
------------------------------------
SLURM_JOB_ID=17480210
SLURM_ARRAY_TASK_ID=7
HOSTNAME=ise-4090-08.auth.ad.bgu.ac.il
DATE=2026-05-11T14:56:50+03:00
EXP_ROOT=NeighborCache/results/paper_normal_20260511_145113
COMMANDS_FILE=NeighborCache/results/paper_normal_20260511_145113/commands.txt
Running command:
/home/malmatal/.conda/envs/ec/bin/python -m NeighborCache.region_local_threshold.cli --data NeighborCache/data/lmsys_h1h0_by_cluster_h1keep_with_unormalized_embedding_fixed.npz --region_key global_cluster --alpha 0.05 --tau_mode global --n_trials 20 --seed 42 --n_train 1200 --n_calib 1200 --n_eval 1200 --hadamard_preprocess

[INFO] Using features key='emb' dim=1024
[INFO] Applied Hadamard preprocessing (strategy=centroid_nearest, use_delta_vec=False, use_abs_diff=False) to X_main

=== Region Threshold Benchmark ===
dataset_npz=NeighborCache/data/lmsys_h1h0_by_cluster_h1keep_with_unormalized_embedding_fixed.npz
region_key=global_cluster (resolved=global_cluster, unique=2740)
features=emb+hadamard rows=96890 dim=1024
text_pairs=text+region_anchor[centroid_nearest]
alpha=0.05 tie_mode=ge trials=20 base_seed=42
tau_mode=global
hadamard_preprocess=True
abs_diff_only_preprocess=False
use_delta_vec=False
use_abs_diff=False
normalize_data=False
filter_policy=none
train_cosine_policy_active=False
caps: train=1200 calib=1200 eval=1200
mins: min_h0_eval=20 min_h1_eval=20
run_dir=/home/malmatal/Projects/Multi_Dim_Threshold/NeighborCache/outputs/region_local_threshold/run_20260511_145702

[trial=0 seed=42] GLOBAL mode — total_samples=96890
  total: h0=73638 h1=21058
  pooled_train:  n0=1200 n1=1200
  pooled_calib:  n0=1200 n1=1200
  pooled_eval:   n0=1200 n1=1200
  regions (for macro stats only): 2740
[INFO] Cosine baseline routed to direct Hadamard sum (PrecomputedCosine)
[INFO] WeightedEnsemble Cosine judge routed to direct Hadamard sum
  [WeightedEnsemble] Judges routed to 'alt' input: PrecomputedCosine
[WeightedEnsemble] Fitted split-calibrated ensemble (alpha=0.0500, external calib split into META/RISK_CALIB, normalization=h0_cdf):
  tau=0.869625, META: TPR=0.5183, FPR=0.0500, RISK_CALIB: TPR=0.3850, FPR=0.0500
  PrecomputedCosine       : +0.186703
  PCAWhitenedCosine       : +0.174799
  XGBoost                 : +0.477254
  LDA                     : +0.161244

Method                   | TPR    | FPR    | TrTPR  | TrFPR  | MacroTPR | MacroFPR | Regions | TauMean | ms   | OK? 
--------------------------------------------------------------------------------------------------------------------
Cosine                   | 0.1975 | 0.0617 | 0.2258 | 0.0500 | 0.2425   | 0.0781   | 1268    | 0.9830  | 39.4 | FAIL
AndBox-HC                | 0.2067 | 0.0733 | 0.2408 | 0.0500 | 0.2431   | 0.0876   | 1268    | 0.0000  | 49.4 | FAIL
HadamardCosine           | 0.1975 | 0.0617 | 0.2258 | 0.0500 | 0.2425   | 0.0781   | 1268    | 0.9830  | 43.1 | FAIL
PCAWhitenedCosine        | 0.4083 | 0.0575 | 0.4150 | 0.0500 | 0.3507   | 0.0870   | 1268    | 1.0945  | 39.2 | FAIL
Vec (Wgt)                | 0.4200 | 0.0592 | 0.4600 | 0.0500 | 0.4108   | 0.0889   | 1268    | 0.9123  | 38.5 | FAIL
Log Reg                  | 0.2642 | 0.0550 | 0.2858 | 0.0500 | 0.2051   | 0.0785   | 1268    | 0.5083  | 46.9 | FAIL
LDA                      | 0.3775 | 0.0508 | 0.3925 | 0.0500 | 0.3302   | 0.0726   | 1268    | 4.3219  | 41.5 | FAIL
Tiny MLP                 | 0.4400 | 0.0592 | 0.4492 | 0.0500 | 0.3735   | 0.0850   | 1268    | 0.8603  | 43.6 | FAIL
MultiProtoCosine         | 0.0592 | 0.0492 | 0.0658 | 0.0500 | 0.0488   | 0.0488   | 1268    | 0.9122  | 47.1 | PASS
WeightedEnsemble         | 0.4400 | 0.0558 | 0.4517 | 0.0500 | 0.4124   | 0.0818   | 1268    | 0.8553  | 68.6 | FAIL
XGBoost                  | 0.3458 | 0.0525 | 0.3833 | 0.0500 | 0.2932   | 0.0706   | 1268    | 0.7060  | 61.1 | FAIL
StabilizedWhitenedCosine | 0.3158 | 0.0600 | 0.3250 | 0.0500 | 0.2464   | 0.0853   | 1268    | 1.1994  | 43.2 | FAIL

[trial=1 seed=43] GLOBAL mode — total_samples=96890
  total: h0=73638 h1=21058
  pooled_train:  n0=1200 n1=1200
  pooled_calib:  n0=1200 n1=1200
  pooled_eval:   n0=1200 n1=1200
  regions (for macro stats only): 2740
[INFO] Cosine baseline routed to direct Hadamard sum (PrecomputedCosine)
[INFO] WeightedEnsemble Cosine judge routed to direct Hadamard sum
  [WeightedEnsemble] Judges routed to 'alt' input: PrecomputedCosine
[WeightedEnsemble] Fitted split-calibrated ensemble (alpha=0.0500, external calib split into META/RISK_CALIB, normalization=h0_cdf):
  tau=0.856897, META: TPR=0.4683, FPR=0.0500, RISK_CALIB: TPR=0.4450, FPR=0.0500
  PrecomputedCosine       : +0.139045
  PCAWhitenedCosine       : +0.424833
  XGBoost                 : +0.282049
  LDA                     : +0.154073

Method                   | TPR    | FPR    | TrTPR  | TrFPR  | MacroTPR | MacroFPR | Regions | TauMean | ms   | OK? 
--------------------------------------------------------------------------------------------------------------------
Cosine                   | 0.2083 | 0.0483 | 0.2242 | 0.0500 | 0.2495   | 0.0665   | 1296    | 0.9854  | 39.1 | PASS
AndBox-HC                | 0.1833 | 0.0425 | 0.1992 | 0.0500 | 0.2137   | 0.0513   | 1296    | 0.0000  | 49.8 | PASS
HadamardCosine           | 0.2083 | 0.0483 | 0.2242 | 0.0500 | 0.2495   | 0.0665   | 1296    | 0.9854  | 44.0 | PASS
PCAWhitenedCosine        | 0.3917 | 0.0417 | 0.4142 | 0.0500 | 0.3230   | 0.0610   | 1296    | 1.2430  | 40.0 | PASS
Vec (Wgt)                | 0.4050 | 0.0450 | 0.4408 | 0.0500 | 0.3920   | 0.0663   | 1296    | 0.9244  | 39.8 | PASS
Log Reg                  | 0.2742 | 0.0458 | 0.2983 | 0.0500 | 0.2057   | 0.0663   | 1296    | 0.5089  | 48.4 | PASS
LDA                      | 0.3667 | 0.0367 | 0.3800 | 0.0500 | 0.3140   | 0.0541   | 1296    | 4.5775  | 42.2 | PASS
Tiny MLP                 | 0.3958 | 0.0375 | 0.4125 | 0.0500 | 0.3277   | 0.0538   | 1296    | 0.9010  | 44.3 | PASS
MultiProtoCosine         | 0.0558 | 0.0475 | 0.0825 | 0.0500 | 0.0589   | 0.0575   | 1296    | 0.9101  | 47.6 | PASS
WeightedEnsemble         | 0.4367 | 0.0375 | 0.4617 | 0.0500 | 0.3835   | 0.0507   | 1296    | 0.8607  | 69.6 | PASS
XGBoost                  | 0.2867 | 0.0358 | 0.3117 | 0.0500 | 0.2332   | 0.0525   | 1296    | 0.7524  | 61.6 | PASS
StabilizedWhitenedCosine | 0.3042 | 0.0433 | 0.3283 | 0.0500 | 0.2488   | 0.0670   | 1296    | 1.2805  | 43.8 | PASS

[trial=2 seed=44] GLOBAL mode — total_samples=96890
  total: h0=73638 h1=21058
  pooled_train:  n0=1200 n1=1200
  pooled_calib:  n0=1200 n1=1200
  pooled_eval:   n0=1200 n1=1200
  regions (for macro stats only): 2740
[INFO] Cosine baseline routed to direct Hadamard sum (PrecomputedCosine)
[INFO] WeightedEnsemble Cosine judge routed to direct Hadamard sum
  [WeightedEnsemble] Judges routed to 'alt' input: PrecomputedCosine
[WeightedEnsemble] Fitted split-calibrated ensemble (alpha=0.0500, external calib split into META/RISK_CALIB, normalization=h0_cdf):
  tau=0.857103, META: TPR=0.4783, FPR=0.0500, RISK_CALIB: TPR=0.3800, FPR=0.0500
  PrecomputedCosine       : +0.186703
  PCAWhitenedCosine       : +0.174799
  XGBoost                 : +0.477254
  LDA                     : +0.161244

Method                   | TPR    | FPR    | TrTPR  | TrFPR  | MacroTPR | MacroFPR | Regions | TauMean | ms   | OK? 
--------------------------------------------------------------------------------------------------------------------
Cosine                   | 0.2033 | 0.0508 | 0.2325 | 0.0500 | 0.2470   | 0.0659   | 1303    | 0.9858  | 39.9 | FAIL
AndBox-HC                | 0.1892 | 0.0492 | 0.2142 | 0.0500 | 0.2261   | 0.0611   | 1303    | 0.0000  | 50.0 | PASS
HadamardCosine           | 0.2033 | 0.0508 | 0.2325 | 0.0500 | 0.2470   | 0.0659   | 1303    | 0.9858  | 43.9 | FAIL
PCAWhitenedCosine        | 0.3992 | 0.0450 | 0.3933 | 0.0500 | 0.3202   | 0.0672   | 1303    | 1.1240  | 40.0 | PASS
Vec (Wgt)                | 0.3842 | 0.0358 | 0.3975 | 0.0500 | 0.3637   | 0.0537   | 1303    | 0.9325  | 39.6 | PASS
Log Reg                  | 0.2742 | 0.0467 | 0.2492 | 0.0500 | 0.2141   | 0.0687   | 1303    | 0.5092  | 47.9 | PASS
LDA                      | 0.3492 | 0.0400 | 0.3458 | 0.0500 | 0.2840   | 0.0652   | 1303    | 4.6734  | 42.2 | PASS
Tiny MLP                 | 0.3983 | 0.0392 | 0.3942 | 0.0500 | 0.3215   | 0.0630   | 1303    | 0.9167  | 44.2 | PASS
MultiProtoCosine         | 0.0700 | 0.0375 | 0.0750 | 0.0500 | 0.0645   | 0.0521   | 1303    | 0.9086  | 47.5 | PASS
WeightedEnsemble         | 0.4167 | 0.0358 | 0.4283 | 0.0500 | 0.3610   | 0.0535   | 1303    | 0.8480  | 69.2 | PASS
XGBoost                  | 0.3583 | 0.0475 | 0.3517 | 0.0500 | 0.2702   | 0.0687   | 1303    | 0.7297  | 61.2 | PASS
StabilizedWhitenedCosine | 0.2975 | 0.0458 | 0.2825 | 0.0500 | 0.2339   | 0.0659   | 1303    | 1.3173  | 43.6 | PASS

[trial=3 seed=45] GLOBAL mode — total_samples=96890
  total: h0=73638 h1=21058
  pooled_train:  n0=1200 n1=1200
  pooled_calib:  n0=1200 n1=1200
  pooled_eval:   n0=1200 n1=1200
  regions (for macro stats only): 2740
[INFO] Cosine baseline routed to direct Hadamard sum (PrecomputedCosine)
[INFO] WeightedEnsemble Cosine judge routed to direct Hadamard sum
  [WeightedEnsemble] Judges routed to 'alt' input: PrecomputedCosine
[WeightedEnsemble] Fitted split-calibrated ensemble (alpha=0.0500, external calib split into META/RISK_CALIB, normalization=h0_cdf):
  tau=0.891464, META: TPR=0.4883, FPR=0.0500, RISK_CALIB: TPR=0.4433, FPR=0.0500
  PrecomputedCosine       : +0.089879
  PCAWhitenedCosine       : +0.371180
  XGBoost                 : +0.230989
  LDA                     : +0.307953

Method                   | TPR    | FPR    | TrTPR  | TrFPR  | MacroTPR | MacroFPR | Regions | TauMean | ms   | OK? 
--------------------------------------------------------------------------------------------------------------------
Cosine                   | 0.1958 | 0.0325 | 0.2008 | 0.0500 | 0.2358   | 0.0419   | 1299    | 0.9885  | 39.1 | PASS
AndBox-HC                | 0.1967 | 0.0425 | 0.1842 | 0.0500 | 0.2299   | 0.0477   | 1299    | 0.0000  | 49.2 | PASS
HadamardCosine           | 0.1958 | 0.0325 | 0.2008 | 0.0500 | 0.2358   | 0.0419   | 1299    | 0.9885  | 43.9 | PASS
PCAWhitenedCosine        | 0.4517 | 0.0608 | 0.4383 | 0.0500 | 0.3891   | 0.0851   | 1299    | 0.8911  | 39.9 | FAIL
Vec (Wgt)                | 0.4125 | 0.0558 | 0.4233 | 0.0500 | 0.4073   | 0.0771   | 1299    | 0.9238  | 39.4 | FAIL
Log Reg                  | 0.3125 | 0.0650 | 0.3108 | 0.0500 | 0.2498   | 0.0888   | 1299    | 0.5073  | 47.4 | FAIL
LDA                      | 0.3567 | 0.0517 | 0.3342 | 0.0500 | 0.3170   | 0.0759   | 1299    | 3.6116  | 42.2 | FAIL
Tiny MLP                 | 0.4108 | 0.0542 | 0.4125 | 0.0500 | 0.3587   | 0.0793   | 1299    | 0.8544  | 45.6 | FAIL
MultiProtoCosine         | 0.0617 | 0.0442 | 0.0600 | 0.0500 | 0.0620   | 0.0482   | 1299    | 0.9066  | 47.8 | PASS
WeightedEnsemble         | 0.4633 | 0.0525 | 0.4700 | 0.0500 | 0.4133   | 0.0754   | 1299    | 0.8844  | 69.7 | FAIL
XGBoost                  | 0.3458 | 0.0517 | 0.3617 | 0.0500 | 0.2893   | 0.0754   | 1299    | 0.6875  | 62.0 | FAIL
StabilizedWhitenedCosine | 0.3425 | 0.0633 | 0.3575 | 0.0500 | 0.2698   | 0.0857   | 1299    | 0.9805  | 44.2 | FAIL

[trial=4 seed=46] GLOBAL mode — total_samples=96890
  total: h0=73638 h1=21058
  pooled_train:  n0=1200 n1=1200
  pooled_calib:  n0=1200 n1=1200
  pooled_eval:   n0=1200 n1=1200
  regions (for macro stats only): 2740
[INFO] Cosine baseline routed to direct Hadamard sum (PrecomputedCosine)
[INFO] WeightedEnsemble Cosine judge routed to direct Hadamard sum
  [WeightedEnsemble] Judges routed to 'alt' input: PrecomputedCosine
[WeightedEnsemble] Fitted split-calibrated ensemble (alpha=0.0500, external calib split into META/RISK_CALIB, normalization=h0_cdf):
  tau=0.879162, META: TPR=0.4800, FPR=0.0500, RISK_CALIB: TPR=0.3600, FPR=0.0500
  PrecomputedCosine       : +0.228396
  PCAWhitenedCosine       : +0.060742
  XGBoost                 : +0.156492
  LDA                     : +0.554370

Method                   | TPR    | FPR    | TrTPR  | TrFPR  | MacroTPR | MacroFPR | Regions | TauMean | ms   | OK? 
--------------------------------------------------------------------------------------------------------------------
Cosine                   | 0.1883 | 0.0458 | 0.1933 | 0.0500 | 0.2337   | 0.0602   | 1288    | 0.9888  | 60.2 | PASS
AndBox-HC                | 0.1642 | 0.0492 | 0.1967 | 0.0500 | 0.1984   | 0.0575   | 1288    | 0.0000  | 44.5 | PASS
HadamardCosine           | 0.1883 | 0.0458 | 0.1933 | 0.0500 | 0.2337   | 0.0602   | 1288    | 0.9888  | 43.7 | PASS
PCAWhitenedCosine        | 0.4383 | 0.0550 | 0.4225 | 0.0500 | 0.3640   | 0.0721   | 1288    | 1.0566  | 39.4 | FAIL
Vec (Wgt)                | 0.3933 | 0.0392 | 0.4008 | 0.0500 | 0.3841   | 0.0603   | 1288    | 0.9270  | 39.1 | PASS
Log Reg                  | 0.3000 | 0.0600 | 0.2767 | 0.0500 | 0.2250   | 0.0775   | 1288    | 0.5080  | 46.9 | FAIL
LDA                      | 0.3583 | 0.0442 | 0.3633 | 0.0500 | 0.3046   | 0.0621   | 1288    | 4.0918  | 41.6 | PASS
Tiny MLP                 | 0.3658 | 0.0425 | 0.3625 | 0.0500 | 0.3120   | 0.0621   | 1288    | 0.9477  | 43.9 | PASS
MultiProtoCosine         | 0.0467 | 0.0425 | 0.0550 | 0.0500 | 0.0500   | 0.0538   | 1288    | 0.9092  | 47.5 | PASS
WeightedEnsemble         | 0.3850 | 0.0408 | 0.3975 | 0.0500 | 0.3657   | 0.0603   | 1288    | 0.8640  | 69.2 | PASS
XGBoost                  | 0.3675 | 0.0575 | 0.3567 | 0.0500 | 0.2886   | 0.0745   | 1288    | 0.7101  | 61.4 | FAIL
StabilizedWhitenedCosine | 0.3558 | 0.0550 | 0.3233 | 0.0500 | 0.2697   | 0.0723   | 1288    | 1.1674  | 43.6 | FAIL

[trial=5 seed=47] GLOBAL mode — total_samples=96890
  total: h0=73638 h1=21058
  pooled_train:  n0=1200 n1=1200
  pooled_calib:  n0=1200 n1=1200
  pooled_eval:   n0=1200 n1=1200
  regions (for macro stats only): 2740
[INFO] Cosine baseline routed to direct Hadamard sum (PrecomputedCosine)
[INFO] WeightedEnsemble Cosine judge routed to direct Hadamard sum
  [WeightedEnsemble] Judges routed to 'alt' input: PrecomputedCosine
[WeightedEnsemble] Fitted split-calibrated ensemble (alpha=0.0500, external calib split into META/RISK_CALIB, normalization=h0_cdf):
  tau=0.856279, META: TPR=0.4400, FPR=0.0500, RISK_CALIB: TPR=0.4483, FPR=0.0500
  PrecomputedCosine       : +0.129354
  PCAWhitenedCosine       : +0.006061
  XGBoost                 : +0.334997
  LDA                     : +0.529588

Method                   | TPR    | FPR    | TrTPR  | TrFPR  | MacroTPR | MacroFPR | Regions | TauMean | ms   | OK? 
--------------------------------------------------------------------------------------------------------------------
Cosine                   | 0.2067 | 0.0400 | 0.2158 | 0.0500 | 0.2487   | 0.0491   | 1271    | 0.9862  | 37.5 | PASS
AndBox-HC                | 0.2058 | 0.0392 | 0.2025 | 0.0500 | 0.2399   | 0.0453   | 1271    | 0.0000  | 49.5 | PASS
HadamardCosine           | 0.2067 | 0.0400 | 0.2158 | 0.0500 | 0.2487   | 0.0491   | 1271    | 0.9862  | 43.6 | PASS
PCAWhitenedCosine        | 0.3858 | 0.0467 | 0.3542 | 0.0500 | 0.3195   | 0.0645   | 1271    | 1.1132  | 39.3 | PASS
Vec (Wgt)                | 0.3717 | 0.0408 | 0.3942 | 0.0500 | 0.3697   | 0.0599   | 1271    | 0.9240  | 39.0 | PASS
Log Reg                  | 0.2950 | 0.0567 | 0.2775 | 0.0500 | 0.2361   | 0.0809   | 1271    | 0.5081  | 46.8 | FAIL
LDA                      | 0.3500 | 0.0517 | 0.3442 | 0.0500 | 0.3195   | 0.0776   | 1271    | 4.1386  | 41.9 | FAIL
Tiny MLP                 | 0.4008 | 0.0550 | 0.3850 | 0.0500 | 0.3490   | 0.0769   | 1271    | 0.8738  | 43.7 | FAIL
MultiProtoCosine         | 0.0675 | 0.0633 | 0.0542 | 0.0500 | 0.0574   | 0.0808   | 1271    | 0.9104  | 47.2 | FAIL
WeightedEnsemble         | 0.4283 | 0.0475 | 0.4475 | 0.0500 | 0.3855   | 0.0683   | 1271    | 0.8596  | 69.0 | PASS
XGBoost                  | 0.3783 | 0.0600 | 0.3542 | 0.0500 | 0.2946   | 0.0752   | 1271    | 0.7008  | 61.2 | FAIL
StabilizedWhitenedCosine | 0.3025 | 0.0483 | 0.2900 | 0.0500 | 0.2420   | 0.0673   | 1271    | 1.1361  | 43.2 | PASS

[trial=6 seed=48] GLOBAL mode — total_samples=96890
  total: h0=73638 h1=21058
  pooled_train:  n0=1200 n1=1200
  pooled_calib:  n0=1200 n1=1200
  pooled_eval:   n0=1200 n1=1200
  regions (for macro stats only): 2740
[INFO] Cosine baseline routed to direct Hadamard sum (PrecomputedCosine)
[INFO] WeightedEnsemble Cosine judge routed to direct Hadamard sum
  [WeightedEnsemble] Judges routed to 'alt' input: PrecomputedCosine
[WeightedEnsemble] Fitted split-calibrated ensemble (alpha=0.0500, external calib split into META/RISK_CALIB, normalization=h0_cdf):
  tau=0.892092, META: TPR=0.4650, FPR=0.0500, RISK_CALIB: TPR=0.3517, FPR=0.0500
  PrecomputedCosine       : +0.097124
  PCAWhitenedCosine       : +0.177256
  XGBoost                 : +0.660125
  LDA                     : +0.065495

Method                   | TPR    | FPR    | TrTPR  | TrFPR  | MacroTPR | MacroFPR | Regions | TauMean | ms   | OK? 
--------------------------------------------------------------------------------------------------------------------
Cosine                   | 0.2050 | 0.0650 | 0.1892 | 0.0500 | 0.2533   | 0.0845   | 1291    | 0.9864  | 51.9 | FAIL
AndBox-HC                | 0.1942 | 0.0650 | 0.1767 | 0.0500 | 0.2304   | 0.0725   | 1291    | 0.0000  | 53.7 | FAIL
HadamardCosine           | 0.2050 | 0.0650 | 0.1892 | 0.0500 | 0.2533   | 0.0845   | 1291    | 0.9864  | 43.9 | FAIL
PCAWhitenedCosine        | 0.4125 | 0.0475 | 0.3733 | 0.0500 | 0.3504   | 0.0652   | 1291    | 1.1264  | 39.5 | PASS
Vec (Wgt)                | 0.4158 | 0.0517 | 0.3817 | 0.0500 | 0.4113   | 0.0757   | 1291    | 0.9217  | 39.4 | FAIL
Log Reg                  | 0.2925 | 0.0658 | 0.2683 | 0.0500 | 0.2428   | 0.0891   | 1291    | 0.5090  | 47.2 | FAIL
LDA                      | 0.4225 | 0.0608 | 0.3775 | 0.0500 | 0.3683   | 0.0840   | 1291    | 4.0676  | 42.3 | FAIL
Tiny MLP                 | 0.4933 | 0.0683 | 0.4317 | 0.0500 | 0.4257   | 0.0989   | 1291    | 0.8697  | 44.2 | FAIL
MultiProtoCosine         | 0.0633 | 0.0525 | 0.0617 | 0.0500 | 0.0649   | 0.0681   | 1291    | 0.9073  | 47.7 | FAIL
WeightedEnsemble         | 0.4658 | 0.0542 | 0.4225 | 0.0500 | 0.3974   | 0.0752   | 1291    | 0.8834  | 69.1 | FAIL
XGBoost                  | 0.3683 | 0.0533 | 0.3283 | 0.0500 | 0.2889   | 0.0731   | 1291    | 0.7298  | 61.4 | FAIL
StabilizedWhitenedCosine | 0.3275 | 0.0483 | 0.2900 | 0.0500 | 0.2694   | 0.0722   | 1291    | 1.1695  | 43.7 | PASS

[trial=7 seed=49] GLOBAL mode — total_samples=96890
  total: h0=73638 h1=21058
  pooled_train:  n0=1200 n1=1200
  pooled_calib:  n0=1200 n1=1200
  pooled_eval:   n0=1200 n1=1200
  regions (for macro stats only): 2740
[INFO] Cosine baseline routed to direct Hadamard sum (PrecomputedCosine)
[INFO] WeightedEnsemble Cosine judge routed to direct Hadamard sum
  [WeightedEnsemble] Judges routed to 'alt' input: PrecomputedCosine
[WeightedEnsemble] Fitted split-calibrated ensemble (alpha=0.0500, external calib split into META/RISK_CALIB, normalization=h0_cdf):
  tau=0.877101, META: TPR=0.4417, FPR=0.0500, RISK_CALIB: TPR=0.4667, FPR=0.0500
  PrecomputedCosine       : +0.089879
  PCAWhitenedCosine       : +0.371180
  XGBoost                 : +0.230989
  LDA                     : +0.307953

Method                   | TPR    | FPR    | TrTPR  | TrFPR  | MacroTPR | MacroFPR | Regions | TauMean | ms   | OK? 
--------------------------------------------------------------------------------------------------------------------
Cosine                   | 0.2317 | 0.0542 | 0.2200 | 0.0500 | 0.2675   | 0.0664   | 1286    | 0.9866  | 51.9 | FAIL
AndBox-HC                | 0.2192 | 0.0467 | 0.2083 | 0.0500 | 0.2472   | 0.0568   | 1286    | 0.0000  | 46.8 | PASS
HadamardCosine           | 0.2317 | 0.0542 | 0.2200 | 0.0500 | 0.2675   | 0.0664   | 1286    | 0.9866  | 43.9 | FAIL
PCAWhitenedCosine        | 0.3683 | 0.0392 | 0.3783 | 0.0500 | 0.3261   | 0.0573   | 1286    | 1.1654  | 39.6 | PASS
Vec (Wgt)                | 0.4083 | 0.0425 | 0.4317 | 0.0500 | 0.3975   | 0.0640   | 1286    | 0.9212  | 39.3 | PASS
Log Reg                  | 0.2575 | 0.0467 | 0.2608 | 0.0500 | 0.2070   | 0.0663   | 1286    | 0.5085  | 47.4 | PASS
LDA                      | 0.3583 | 0.0425 | 0.3483 | 0.0500 | 0.3181   | 0.0613   | 1286    | 4.1161  | 42.1 | PASS
Tiny MLP                 | 0.4008 | 0.0433 | 0.3992 | 0.0500 | 0.3548   | 0.0645   | 1286    | 0.8793  | 44.2 | PASS
MultiProtoCosine         | 0.0717 | 0.0417 | 0.0542 | 0.0500 | 0.0601   | 0.0478   | 1286    | 0.9073  | 47.5 | PASS
WeightedEnsemble         | 0.4425 | 0.0475 | 0.4575 | 0.0500 | 0.3974   | 0.0689   | 1286    | 0.8793  | 69.3 | PASS
XGBoost                  | 0.3817 | 0.0508 | 0.3792 | 0.0500 | 0.3244   | 0.0748   | 1286    | 0.7069  | 61.4 | FAIL
StabilizedWhitenedCosine | 0.2900 | 0.0475 | 0.3033 | 0.0500 | 0.2447   | 0.0712   | 1286    | 1.1964  | 43.9 | PASS

[trial=8 seed=50] GLOBAL mode — total_samples=96890
  total: h0=73638 h1=21058
  pooled_train:  n0=1200 n1=1200
  pooled_calib:  n0=1200 n1=1200
  pooled_eval:   n0=1200 n1=1200
  regions (for macro stats only): 2740
[INFO] Cosine baseline routed to direct Hadamard sum (PrecomputedCosine)
[INFO] WeightedEnsemble Cosine judge routed to direct Hadamard sum
  [WeightedEnsemble] Judges routed to 'alt' input: PrecomputedCosine
[WeightedEnsemble] Fitted split-calibrated ensemble (alpha=0.0500, external calib split into META/RISK_CALIB, normalization=h0_cdf):
  tau=0.893157, META: TPR=0.4983, FPR=0.0500, RISK_CALIB: TPR=0.4717, FPR=0.0500
  PrecomputedCosine       : +0.083738
  PCAWhitenedCosine       : +0.490660
  XGBoost                 : +0.024228
  LDA                     : +0.401374

Method                   | TPR    | FPR    | TrTPR  | TrFPR  | MacroTPR | MacroFPR | Regions | TauMean | ms   | OK? 
--------------------------------------------------------------------------------------------------------------------
Cosine                   | 0.2142 | 0.0425 | 0.2042 | 0.0500 | 0.2677   | 0.0501   | 1301    | 0.9859  | 38.5 | PASS
AndBox-HC                | 0.2100 | 0.0425 | 0.1992 | 0.0500 | 0.2548   | 0.0516   | 1301    | 0.0000  | 50.2 | PASS
HadamardCosine           | 0.2142 | 0.0425 | 0.2042 | 0.0500 | 0.2677   | 0.0501   | 1301    | 0.9859  | 44.5 | PASS
PCAWhitenedCosine        | 0.4358 | 0.0642 | 0.4517 | 0.0500 | 0.3849   | 0.0921   | 1301    | 0.9662  | 40.1 | FAIL
Vec (Wgt)                | 0.4350 | 0.0417 | 0.4283 | 0.0500 | 0.4308   | 0.0583   | 1301    | 0.9193  | 39.7 | PASS
Log Reg                  | 0.3033 | 0.0617 | 0.3367 | 0.0500 | 0.2505   | 0.0788   | 1301    | 0.5083  | 47.3 | FAIL
LDA                      | 0.3375 | 0.0483 | 0.3642 | 0.0500 | 0.2905   | 0.0662   | 1301    | 4.1698  | 42.3 | PASS
Tiny MLP                 | 0.4075 | 0.0533 | 0.4142 | 0.0500 | 0.3533   | 0.0769   | 1301    | 0.8967  | 44.3 | FAIL
MultiProtoCosine         | 0.0583 | 0.0517 | 0.0817 | 0.0500 | 0.0545   | 0.0590   | 1301    | 0.9091  | 48.0 | FAIL
WeightedEnsemble         | 0.4600 | 0.0650 | 0.4742 | 0.0500 | 0.4179   | 0.0894   | 1301    | 0.8874  | 69.5 | FAIL
XGBoost                  | 0.3542 | 0.0575 | 0.3542 | 0.0500 | 0.2857   | 0.0800   | 1301    | 0.7095  | 61.5 | FAIL
StabilizedWhitenedCosine | 0.3458 | 0.0550 | 0.3475 | 0.0500 | 0.2692   | 0.0760   | 1301    | 1.1227  | 44.1 | FAIL

[trial=9 seed=51] GLOBAL mode — total_samples=96890
  total: h0=73638 h1=21058
  pooled_train:  n0=1200 n1=1200
  pooled_calib:  n0=1200 n1=1200
  pooled_eval:   n0=1200 n1=1200
  regions (for macro stats only): 2740
[INFO] Cosine baseline routed to direct Hadamard sum (PrecomputedCosine)
[INFO] WeightedEnsemble Cosine judge routed to direct Hadamard sum
  [WeightedEnsemble] Judges routed to 'alt' input: PrecomputedCosine
[WeightedEnsemble] Fitted split-calibrated ensemble (alpha=0.0500, external calib split into META/RISK_CALIB, normalization=h0_cdf):
  tau=0.868685, META: TPR=0.5000, FPR=0.0500, RISK_CALIB: TPR=0.4967, FPR=0.0500
  PrecomputedCosine       : +0.107944
  PCAWhitenedCosine       : +0.242425
  XGBoost                 : +0.211521
  LDA                     : +0.438109

Method                   | TPR    | FPR    | TrTPR  | TrFPR  | MacroTPR | MacroFPR | Regions | TauMean | ms   | OK? 
--------------------------------------------------------------------------------------------------------------------
Cosine                   | 0.2158 | 0.0517 | 0.2017 | 0.0500 | 0.2549   | 0.0619   | 1292    | 0.9843  | 37.8 | FAIL
AndBox-HC                | 0.1950 | 0.0425 | 0.1792 | 0.0500 | 0.2315   | 0.0520   | 1292    | 0.0000  | 49.3 | PASS
HadamardCosine           | 0.2158 | 0.0517 | 0.2017 | 0.0500 | 0.2549   | 0.0619   | 1292    | 0.9843  | 43.7 | FAIL
PCAWhitenedCosine        | 0.4100 | 0.0458 | 0.4267 | 0.0500 | 0.3597   | 0.0655   | 1292    | 1.0410  | 39.8 | PASS
Vec (Wgt)                | 0.4433 | 0.0508 | 0.4442 | 0.0500 | 0.4293   | 0.0740   | 1292    | 0.9191  | 39.0 | FAIL
Log Reg                  | 0.2625 | 0.0392 | 0.2767 | 0.0500 | 0.2052   | 0.0540   | 1292    | 0.5088  | 47.5 | PASS
LDA                      | 0.3667 | 0.0433 | 0.3917 | 0.0500 | 0.3186   | 0.0606   | 1292    | 4.0106  | 41.8 | PASS
Tiny MLP                 | 0.3717 | 0.0417 | 0.4042 | 0.0500 | 0.3253   | 0.0582   | 1292    | 0.9119  | 44.2 | PASS
MultiProtoCosine         | 0.0567 | 0.0333 | 0.0500 | 0.0500 | 0.0582   | 0.0377   | 1292    | 0.9104  | 47.3 | PASS
WeightedEnsemble         | 0.4733 | 0.0467 | 0.4925 | 0.0500 | 0.4272   | 0.0685   | 1292    | 0.8676  | 69.3 | PASS
XGBoost                  | 0.3250 | 0.0375 | 0.3475 | 0.0500 | 0.2709   | 0.0534   | 1292    | 0.7215  | 61.5 | PASS
StabilizedWhitenedCosine | 0.3200 | 0.0433 | 0.3233 | 0.0500 | 0.2722   | 0.0678   | 1292    | 1.1292  | 43.4 | PASS

[trial=10 seed=52] GLOBAL mode — total_samples=96890
  total: h0=73638 h1=21058
  pooled_train:  n0=1200 n1=1200
  pooled_calib:  n0=1200 n1=1200
  pooled_eval:   n0=1200 n1=1200
  regions (for macro stats only): 2740
[INFO] Cosine baseline routed to direct Hadamard sum (PrecomputedCosine)
[INFO] WeightedEnsemble Cosine judge routed to direct Hadamard sum
  [WeightedEnsemble] Judges routed to 'alt' input: PrecomputedCosine
[WeightedEnsemble] Fitted split-calibrated ensemble (alpha=0.0500, external calib split into META/RISK_CALIB, normalization=h0_cdf):
  tau=0.832647, META: TPR=0.4617, FPR=0.0500, RISK_CALIB: TPR=0.4917, FPR=0.0500
  PrecomputedCosine       : +0.137658
  PCAWhitenedCosine       : +0.285312
  XGBoost                 : +0.402546
  LDA                     : +0.174484

Method                   | TPR    | FPR    | TrTPR  | TrFPR  | MacroTPR | MacroFPR | Regions | TauMean | ms   | OK? 
--------------------------------------------------------------------------------------------------------------------
Cosine                   | 0.2017 | 0.0400 | 0.1892 | 0.0500 | 0.2534   | 0.0474   | 1272    | 0.9865  | 51.3 | PASS
AndBox-HC                | 0.1500 | 0.0417 | 0.1417 | 0.0500 | 0.1792   | 0.0474   | 1272    | 0.0000  | 46.8 | PASS
HadamardCosine           | 0.2017 | 0.0400 | 0.1892 | 0.0500 | 0.2534   | 0.0474   | 1272    | 0.9865  | 43.9 | PASS
PCAWhitenedCosine        | 0.4142 | 0.0575 | 0.4083 | 0.0500 | 0.3349   | 0.0801   | 1272    | 1.0434  | 39.6 | FAIL
Vec (Wgt)                | 0.3875 | 0.0500 | 0.4283 | 0.0500 | 0.3822   | 0.0685   | 1272    | 0.9247  | 39.1 | PASS
Log Reg                  | 0.2758 | 0.0417 | 0.2875 | 0.0500 | 0.2098   | 0.0526   | 1272    | 0.5082  | 47.1 | PASS
LDA                      | 0.3633 | 0.0550 | 0.3725 | 0.0500 | 0.3175   | 0.0660   | 1272    | 4.1182  | 42.0 | FAIL
Tiny MLP                 | 0.3842 | 0.0433 | 0.3950 | 0.0500 | 0.3241   | 0.0539   | 1272    | 0.8992  | 44.0 | PASS
MultiProtoCosine         | 0.0675 | 0.0467 | 0.0617 | 0.0500 | 0.0677   | 0.0523   | 1272    | 0.9101  | 47.3 | PASS
WeightedEnsemble         | 0.4875 | 0.0550 | 0.4833 | 0.0500 | 0.4280   | 0.0712   | 1272    | 0.8347  | 69.1 | FAIL
XGBoost                  | 0.3025 | 0.0458 | 0.3050 | 0.0500 | 0.2419   | 0.0640   | 1272    | 0.7233  | 61.2 | PASS
StabilizedWhitenedCosine | 0.3233 | 0.0467 | 0.3117 | 0.0500 | 0.2464   | 0.0621   | 1272    | 1.1617  | 43.2 | PASS

[trial=11 seed=53] GLOBAL mode — total_samples=96890
  total: h0=73638 h1=21058
  pooled_train:  n0=1200 n1=1200
  pooled_calib:  n0=1200 n1=1200
  pooled_eval:   n0=1200 n1=1200
  regions (for macro stats only): 2740
[INFO] Cosine baseline routed to direct Hadamard sum (PrecomputedCosine)
[INFO] WeightedEnsemble Cosine judge routed to direct Hadamard sum
  [WeightedEnsemble] Judges routed to 'alt' input: PrecomputedCosine
[WeightedEnsemble] Fitted split-calibrated ensemble (alpha=0.0500, external calib split into META/RISK_CALIB, normalization=h0_cdf):
  tau=0.873471, META: TPR=0.4517, FPR=0.0500, RISK_CALIB: TPR=0.4850, FPR=0.0500
  PrecomputedCosine       : +0.093988
  PCAWhitenedCosine       : +0.090001
  XGBoost                 : +0.251554
  LDA                     : +0.564456

Method                   | TPR    | FPR    | TrTPR  | TrFPR  | MacroTPR | MacroFPR | Regions | TauMean | ms   | OK? 
--------------------------------------------------------------------------------------------------------------------
Cosine                   | 0.2125 | 0.0558 | 0.2383 | 0.0500 | 0.2645   | 0.0667   | 1291    | 0.9817  | 65.3 | FAIL
AndBox-HC                | 0.2025 | 0.0542 | 0.2183 | 0.0500 | 0.2503   | 0.0563   | 1291    | -0.0000 | 43.7 | FAIL
HadamardCosine           | 0.2125 | 0.0558 | 0.2383 | 0.0500 | 0.2645   | 0.0667   | 1291    | 0.9817  | 43.5 | FAIL
PCAWhitenedCosine        | 0.3767 | 0.0350 | 0.3825 | 0.0500 | 0.3220   | 0.0541   | 1291    | 1.1463  | 39.4 | PASS
Vec (Wgt)                | 0.4358 | 0.0500 | 0.4217 | 0.0500 | 0.4414   | 0.0727   | 1291    | 0.9164  | 39.2 | PASS
Log Reg                  | 0.2717 | 0.0425 | 0.2725 | 0.0500 | 0.2076   | 0.0645   | 1291    | 0.5083  | 46.8 | PASS
LDA                      | 0.3917 | 0.0433 | 0.3783 | 0.0500 | 0.3570   | 0.0627   | 1291    | 3.9764  | 42.1 | PASS
Tiny MLP                 | 0.3967 | 0.0417 | 0.3967 | 0.0500 | 0.3668   | 0.0612   | 1291    | 0.9093  | 43.8 | PASS
MultiProtoCosine         | 0.0700 | 0.0600 | 0.0683 | 0.0500 | 0.0642   | 0.0642   | 1291    | 0.9085  | 47.5 | FAIL
WeightedEnsemble         | 0.4692 | 0.0417 | 0.4650 | 0.0500 | 0.4325   | 0.0609   | 1291    | 0.8728  | 68.7 | PASS
XGBoost                  | 0.3583 | 0.0417 | 0.3817 | 0.0500 | 0.2924   | 0.0605   | 1291    | 0.7152  | 61.1 | PASS
StabilizedWhitenedCosine | 0.2933 | 0.0375 | 0.2975 | 0.0500 | 0.2377   | 0.0590   | 1291    | 1.2063  | 43.4 | PASS

[trial=12 seed=54] GLOBAL mode — total_samples=96890
  total: h0=73638 h1=21058
  pooled_train:  n0=1200 n1=1200
  pooled_calib:  n0=1200 n1=1200
  pooled_eval:   n0=1200 n1=1200
  regions (for macro stats only): 2740
[INFO] Cosine baseline routed to direct Hadamard sum (PrecomputedCosine)
[INFO] WeightedEnsemble Cosine judge routed to direct Hadamard sum
  [WeightedEnsemble] Judges routed to 'alt' input: PrecomputedCosine
[WeightedEnsemble] Fitted split-calibrated ensemble (alpha=0.0500, external calib split into META/RISK_CALIB, normalization=h0_cdf):
  tau=0.880752, META: TPR=0.4850, FPR=0.0500, RISK_CALIB: TPR=0.4517, FPR=0.0500
  PrecomputedCosine       : +0.093988
  PCAWhitenedCosine       : +0.090001
  XGBoost                 : +0.251554
  LDA                     : +0.564456

Method                   | TPR    | FPR    | TrTPR  | TrFPR  | MacroTPR | MacroFPR | Regions | TauMean | ms   | OK? 
--------------------------------------------------------------------------------------------------------------------
Cosine                   | 0.2383 | 0.0517 | 0.2008 | 0.0500 | 0.2929   | 0.0685   | 1305    | 0.9851  | 63.7 | FAIL
AndBox-HC                | 0.2325 | 0.0550 | 0.2067 | 0.0500 | 0.2839   | 0.0687   | 1305    | 0.0000  | 44.0 | FAIL
HadamardCosine           | 0.2383 | 0.0517 | 0.2008 | 0.0500 | 0.2929   | 0.0685   | 1305    | 0.9851  | 43.9 | FAIL
PCAWhitenedCosine        | 0.3808 | 0.0500 | 0.3692 | 0.0500 | 0.3377   | 0.0665   | 1305    | 1.1228  | 40.0 | PASS
Vec (Wgt)                | 0.4717 | 0.0617 | 0.4392 | 0.0500 | 0.4728   | 0.0885   | 1305    | 0.9195  | 39.6 | FAIL
Log Reg                  | 0.2333 | 0.0433 | 0.2525 | 0.0500 | 0.1815   | 0.0641   | 1305    | 0.5097  | 47.6 | PASS
LDA                      | 0.3767 | 0.0633 | 0.4317 | 0.0500 | 0.3457   | 0.0877   | 1305    | 3.7353  | 42.2 | FAIL
Tiny MLP                 | 0.3808 | 0.0508 | 0.4175 | 0.0500 | 0.3544   | 0.0711   | 1305    | 0.9068  | 44.3 | FAIL
MultiProtoCosine         | 0.0733 | 0.0683 | 0.0733 | 0.0500 | 0.0681   | 0.0752   | 1305    | 0.9055  | 47.3 | FAIL
WeightedEnsemble         | 0.4525 | 0.0550 | 0.4567 | 0.0500 | 0.4054   | 0.0748   | 1305    | 0.8782  | 69.0 | FAIL
XGBoost                  | 0.3433 | 0.0542 | 0.3417 | 0.0500 | 0.2882   | 0.0778   | 1305    | 0.7223  | 61.8 | FAIL
StabilizedWhitenedCosine | 0.3067 | 0.0600 | 0.3300 | 0.0500 | 0.2515   | 0.0863   | 1305    | 1.1984  | 43.7 | FAIL

[trial=13 seed=55] GLOBAL mode — total_samples=96890
  total: h0=73638 h1=21058
  pooled_train:  n0=1200 n1=1200
  pooled_calib:  n0=1200 n1=1200
  pooled_eval:   n0=1200 n1=1200
  regions (for macro stats only): 2740
[INFO] Cosine baseline routed to direct Hadamard sum (PrecomputedCosine)
[INFO] WeightedEnsemble Cosine judge routed to direct Hadamard sum
  [WeightedEnsemble] Judges routed to 'alt' input: PrecomputedCosine
[WeightedEnsemble] Fitted split-calibrated ensemble (alpha=0.0500, external calib split into META/RISK_CALIB, normalization=h0_cdf):
  tau=0.875756, META: TPR=0.5100, FPR=0.0500, RISK_CALIB: TPR=0.4650, FPR=0.0500
  PrecomputedCosine       : +0.130570
  PCAWhitenedCosine       : +0.407186
  XGBoost                 : +0.174170
  LDA                     : +0.288074

Method                   | TPR    | FPR    | TrTPR  | TrFPR  | MacroTPR | MacroFPR | Regions | TauMean | ms   | OK? 
--------------------------------------------------------------------------------------------------------------------
Cosine                   | 0.2208 | 0.0408 | 0.2033 | 0.0500 | 0.2616   | 0.0523   | 1265    | 0.9875  | 37.2 | PASS
AndBox-HC                | 0.1717 | 0.0400 | 0.1592 | 0.0500 | 0.1888   | 0.0472   | 1265    | 0.0000  | 59.5 | PASS
HadamardCosine           | 0.2208 | 0.0408 | 0.2033 | 0.0500 | 0.2616   | 0.0523   | 1265    | 0.9875  | 44.0 | PASS
PCAWhitenedCosine        | 0.4308 | 0.0592 | 0.4442 | 0.0500 | 0.3696   | 0.0914   | 1265    | 1.0930  | 39.3 | FAIL
Vec (Wgt)                | 0.4383 | 0.0500 | 0.4308 | 0.0500 | 0.4143   | 0.0708   | 1265    | 0.9289  | 38.9 | PASS
Log Reg                  | 0.3317 | 0.0600 | 0.3192 | 0.0500 | 0.2581   | 0.0791   | 1265    | 0.5079  | 46.4 | FAIL
LDA                      | 0.4008 | 0.0592 | 0.4292 | 0.0500 | 0.3411   | 0.0851   | 1265    | 3.9087  | 41.4 | FAIL
Tiny MLP                 | 0.4500 | 0.0642 | 0.4542 | 0.0500 | 0.3836   | 0.0895   | 1265    | 0.8977  | 43.5 | FAIL
MultiProtoCosine         | 0.0392 | 0.0492 | 0.0550 | 0.0500 | 0.0371   | 0.0571   | 1265    | 0.9100  | 46.9 | PASS
WeightedEnsemble         | 0.4583 | 0.0608 | 0.4775 | 0.0500 | 0.4005   | 0.0871   | 1265    | 0.8734  | 68.3 | FAIL
XGBoost                  | 0.3808 | 0.0575 | 0.3692 | 0.0500 | 0.3115   | 0.0837   | 1265    | 0.7022  | 61.0 | FAIL
StabilizedWhitenedCosine | 0.4008 | 0.0758 | 0.4000 | 0.0500 | 0.3322   | 0.1144   | 1265    | 1.0513  | 42.7 | FAIL

[trial=14 seed=56] GLOBAL mode — total_samples=96890
  total: h0=73638 h1=21058
  pooled_train:  n0=1200 n1=1200
  pooled_calib:  n0=1200 n1=1200
  pooled_eval:   n0=1200 n1=1200
  regions (for macro stats only): 2740
[INFO] Cosine baseline routed to direct Hadamard sum (PrecomputedCosine)
[INFO] WeightedEnsemble Cosine judge routed to direct Hadamard sum
  [WeightedEnsemble] Judges routed to 'alt' input: PrecomputedCosine
[WeightedEnsemble] Fitted split-calibrated ensemble (alpha=0.0500, external calib split into META/RISK_CALIB, normalization=h0_cdf):
  tau=0.881239, META: TPR=0.5050, FPR=0.0500, RISK_CALIB: TPR=0.4867, FPR=0.0500
  PrecomputedCosine       : +0.089879
  PCAWhitenedCosine       : +0.371180
  XGBoost                 : +0.230989
  LDA                     : +0.307953

Method                   | TPR    | FPR    | TrTPR  | TrFPR  | MacroTPR | MacroFPR | Regions | TauMean | ms   | OK? 
--------------------------------------------------------------------------------------------------------------------
Cosine                   | 0.2042 | 0.0425 | 0.1917 | 0.0500 | 0.2553   | 0.0427   | 1287    | 0.9880  | 37.9 | PASS
AndBox-HC                | 0.1758 | 0.0517 | 0.1558 | 0.0500 | 0.2074   | 0.0503   | 1287    | 0.0000  | 49.0 | FAIL
HadamardCosine           | 0.2042 | 0.0425 | 0.1917 | 0.0500 | 0.2553   | 0.0427   | 1287    | 0.9880  | 43.7 | PASS
PCAWhitenedCosine        | 0.4117 | 0.0575 | 0.3992 | 0.0500 | 0.3698   | 0.0783   | 1287    | 1.0873  | 39.5 | FAIL
Vec (Wgt)                | 0.4183 | 0.0517 | 0.4000 | 0.0500 | 0.4229   | 0.0743   | 1287    | 0.9290  | 39.2 | FAIL
Log Reg                  | 0.2742 | 0.0467 | 0.2800 | 0.0500 | 0.2144   | 0.0608   | 1287    | 0.5084  | 47.0 | PASS
LDA                      | 0.3683 | 0.0550 | 0.3683 | 0.0500 | 0.3306   | 0.0772   | 1287    | 4.0470  | 41.8 | FAIL
Tiny MLP                 | 0.4142 | 0.0567 | 0.4233 | 0.0500 | 0.3702   | 0.0786   | 1287    | 0.8513  | 44.0 | FAIL
MultiProtoCosine         | 0.0517 | 0.0358 | 0.0667 | 0.0500 | 0.0502   | 0.0512   | 1287    | 0.9104  | 47.7 | PASS
WeightedEnsemble         | 0.4808 | 0.0675 | 0.4925 | 0.0500 | 0.4432   | 0.0930   | 1287    | 0.8779  | 69.1 | FAIL
XGBoost                  | 0.3075 | 0.0525 | 0.3317 | 0.0500 | 0.2443   | 0.0717   | 1287    | 0.7270  | 60.9 | FAIL
StabilizedWhitenedCosine | 0.2842 | 0.0442 | 0.2842 | 0.0500 | 0.2217   | 0.0601   | 1287    | 1.2580  | 43.4 | PASS

[trial=15 seed=57] GLOBAL mode — total_samples=96890
  total: h0=73638 h1=21058
  pooled_train:  n0=1200 n1=1200
  pooled_calib:  n0=1200 n1=1200
  pooled_eval:   n0=1200 n1=1200
  regions (for macro stats only): 2740
[INFO] Cosine baseline routed to direct Hadamard sum (PrecomputedCosine)
[INFO] WeightedEnsemble Cosine judge routed to direct Hadamard sum
  [WeightedEnsemble] Judges routed to 'alt' input: PrecomputedCosine
[WeightedEnsemble] Fitted split-calibrated ensemble (alpha=0.0500, external calib split into META/RISK_CALIB, normalization=h0_cdf):
  tau=0.888263, META: TPR=0.4717, FPR=0.0500, RISK_CALIB: TPR=0.4433, FPR=0.0500
  PrecomputedCosine       : +0.091271
  PCAWhitenedCosine       : +0.471403
  XGBoost                 : +0.061431
  LDA                     : +0.375894

Method                   | TPR    | FPR    | TrTPR  | TrFPR  | MacroTPR | MacroFPR | Regions | TauMean | ms   | OK? 
--------------------------------------------------------------------------------------------------------------------
Cosine                   | 0.2300 | 0.0550 | 0.2225 | 0.0500 | 0.2897   | 0.0650   | 1271    | 0.9833  | 64.8 | FAIL
AndBox-HC                | 0.2175 | 0.0583 | 0.2067 | 0.0500 | 0.2701   | 0.0629   | 1271    | -0.0000 | 43.3 | FAIL
HadamardCosine           | 0.2300 | 0.0550 | 0.2225 | 0.0500 | 0.2897   | 0.0650   | 1271    | 0.9833  | 43.0 | FAIL
PCAWhitenedCosine        | 0.4208 | 0.0508 | 0.3842 | 0.0500 | 0.3536   | 0.0748   | 1271    | 1.0781  | 38.9 | FAIL
Vec (Wgt)                | 0.4375 | 0.0450 | 0.4175 | 0.0500 | 0.4332   | 0.0645   | 1271    | 0.9220  | 38.5 | PASS
Log Reg                  | 0.2575 | 0.0442 | 0.2542 | 0.0500 | 0.1944   | 0.0657   | 1271    | 0.5089  | 46.5 | PASS
LDA                      | 0.3492 | 0.0408 | 0.3467 | 0.0500 | 0.3188   | 0.0564   | 1271    | 4.1837  | 41.4 | PASS
Tiny MLP                 | 0.4017 | 0.0450 | 0.3758 | 0.0500 | 0.3572   | 0.0626   | 1271    | 0.9059  | 43.4 | PASS
MultiProtoCosine         | 0.0842 | 0.0692 | 0.0692 | 0.0500 | 0.0733   | 0.0779   | 1271    | 0.9079  | 46.8 | FAIL
WeightedEnsemble         | 0.4683 | 0.0500 | 0.4433 | 0.0500 | 0.4096   | 0.0693   | 1271    | 0.8850  | 68.5 | PASS
XGBoost                  | 0.3667 | 0.0500 | 0.3617 | 0.0500 | 0.2876   | 0.0719   | 1271    | 0.7081  | 60.8 | PASS
StabilizedWhitenedCosine | 0.3342 | 0.0450 | 0.2975 | 0.0500 | 0.2506   | 0.0657   | 1271    | 1.1908  | 43.1 | PASS

[trial=16 seed=58] GLOBAL mode — total_samples=96890
  total: h0=73638 h1=21058
  pooled_train:  n0=1200 n1=1200
  pooled_calib:  n0=1200 n1=1200
  pooled_eval:   n0=1200 n1=1200
  regions (for macro stats only): 2740
[INFO] Cosine baseline routed to direct Hadamard sum (PrecomputedCosine)
[INFO] WeightedEnsemble Cosine judge routed to direct Hadamard sum
  [WeightedEnsemble] Judges routed to 'alt' input: PrecomputedCosine
[WeightedEnsemble] Fitted split-calibrated ensemble (alpha=0.0500, external calib split into META/RISK_CALIB, normalization=h0_cdf):
  tau=0.892162, META: TPR=0.4950, FPR=0.0500, RISK_CALIB: TPR=0.4633, FPR=0.0500
  PrecomputedCosine       : +0.091334
  PCAWhitenedCosine       : +0.437174
  XGBoost                 : +0.326346
  LDA                     : +0.145146

Method                   | TPR    | FPR    | TrTPR  | TrFPR  | MacroTPR | MacroFPR | Regions | TauMean | ms   | OK? 
--------------------------------------------------------------------------------------------------------------------
Cosine                   | 0.2125 | 0.0333 | 0.2017 | 0.0500 | 0.2690   | 0.0461   | 1272    | 0.9883  | 37.8 | PASS
AndBox-HC                | 0.1892 | 0.0433 | 0.1958 | 0.0500 | 0.2277   | 0.0517   | 1272    | 0.0000  | 58.4 | PASS
HadamardCosine           | 0.2125 | 0.0333 | 0.2017 | 0.0500 | 0.2690   | 0.0461   | 1272    | 0.9883  | 42.7 | PASS
PCAWhitenedCosine        | 0.4125 | 0.0483 | 0.3900 | 0.0500 | 0.3463   | 0.0708   | 1272    | 1.1699  | 39.0 | PASS
Vec (Wgt)                | 0.4500 | 0.0500 | 0.4533 | 0.0500 | 0.4243   | 0.0771   | 1272    | 0.9141  | 38.8 | PASS
Log Reg                  | 0.2692 | 0.0575 | 0.3008 | 0.0500 | 0.2011   | 0.0787   | 1272    | 0.5090  | 46.7 | FAIL
LDA                      | 0.4225 | 0.0675 | 0.4083 | 0.0500 | 0.3593   | 0.1018   | 1272    | 3.7001  | 41.4 | FAIL
Tiny MLP                 | 0.4242 | 0.0583 | 0.4058 | 0.0500 | 0.3642   | 0.0883   | 1272    | 0.9028  | 43.4 | FAIL
MultiProtoCosine         | 0.0758 | 0.0442 | 0.0750 | 0.0500 | 0.0724   | 0.0568   | 1272    | 0.9089  | 46.8 | PASS
WeightedEnsemble         | 0.4700 | 0.0542 | 0.4675 | 0.0500 | 0.4004   | 0.0742   | 1272    | 0.8867  | 68.7 | FAIL
XGBoost                  | 0.3183 | 0.0458 | 0.3317 | 0.0500 | 0.2461   | 0.0600   | 1272    | 0.7276  | 61.0 | PASS
StabilizedWhitenedCosine | 0.2883 | 0.0567 | 0.3175 | 0.0500 | 0.2226   | 0.0836   | 1272    | 1.3200  | 42.8 | FAIL

[trial=17 seed=59] GLOBAL mode — total_samples=96890
  total: h0=73638 h1=21058
  pooled_train:  n0=1200 n1=1200
  pooled_calib:  n0=1200 n1=1200
  pooled_eval:   n0=1200 n1=1200
  regions (for macro stats only): 2740
[INFO] Cosine baseline routed to direct Hadamard sum (PrecomputedCosine)
[INFO] WeightedEnsemble Cosine judge routed to direct Hadamard sum
  [WeightedEnsemble] Judges routed to 'alt' input: PrecomputedCosine
[WeightedEnsemble] Fitted split-calibrated ensemble (alpha=0.0500, external calib split into META/RISK_CALIB, normalization=h0_cdf):
  tau=0.924412, META: TPR=0.4633, FPR=0.0500, RISK_CALIB: TPR=0.3683, FPR=0.0500
  PrecomputedCosine       : +0.056126
  PCAWhitenedCosine       : +0.005311
  XGBoost                 : +0.769363
  LDA                     : +0.169200

Method                   | TPR    | FPR    | TrTPR  | TrFPR  | MacroTPR | MacroFPR | Regions | TauMean | ms   | OK? 
--------------------------------------------------------------------------------------------------------------------
Cosine                   | 0.2000 | 0.0333 | 0.2000 | 0.0500 | 0.2513   | 0.0423   | 1278    | 0.9873  | 37.7 | PASS
AndBox-HC                | 0.1950 | 0.0433 | 0.1950 | 0.0500 | 0.2352   | 0.0413   | 1278    | 0.0000  | 48.2 | PASS
HadamardCosine           | 0.2000 | 0.0333 | 0.2000 | 0.0500 | 0.2513   | 0.0423   | 1278    | 0.9873  | 43.7 | PASS
PCAWhitenedCosine        | 0.3700 | 0.0400 | 0.3558 | 0.0500 | 0.3105   | 0.0500   | 1278    | 1.1384  | 39.4 | PASS
Vec (Wgt)                | 0.3725 | 0.0442 | 0.3900 | 0.0500 | 0.3790   | 0.0620   | 1278    | 0.9241  | 38.9 | PASS
Log Reg                  | 0.2192 | 0.0408 | 0.2500 | 0.0500 | 0.1812   | 0.0622   | 1278    | 0.5096  | 46.7 | PASS
LDA                      | 0.3900 | 0.0525 | 0.3808 | 0.0500 | 0.3401   | 0.0745   | 1278    | 3.9314  | 41.5 | FAIL
Tiny MLP                 | 0.3608 | 0.0417 | 0.3658 | 0.0500 | 0.3096   | 0.0574   | 1278    | 0.9148  | 43.6 | PASS
MultiProtoCosine         | 0.0067 | 0.0575 | 0.0083 | 0.0500 | 0.0078   | 0.0432   | 1278    | 0.9369  | 47.2 | FAIL
WeightedEnsemble         | 0.4000 | 0.0542 | 0.4067 | 0.0500 | 0.3431   | 0.0763   | 1278    | 0.9155  | 68.6 | FAIL
XGBoost                  | 0.3525 | 0.0525 | 0.3533 | 0.0500 | 0.2894   | 0.0716   | 1278    | 0.7133  | 61.0 | FAIL
StabilizedWhitenedCosine | 0.2975 | 0.0375 | 0.3075 | 0.0500 | 0.2428   | 0.0572   | 1278    | 1.1855  | 43.1 | PASS

[trial=18 seed=60] GLOBAL mode — total_samples=96890
  total: h0=73638 h1=21058
  pooled_train:  n0=1200 n1=1200
  pooled_calib:  n0=1200 n1=1200
  pooled_eval:   n0=1200 n1=1200
  regions (for macro stats only): 2740
[INFO] Cosine baseline routed to direct Hadamard sum (PrecomputedCosine)
[INFO] WeightedEnsemble Cosine judge routed to direct Hadamard sum
  [WeightedEnsemble] Judges routed to 'alt' input: PrecomputedCosine
[WeightedEnsemble] Fitted split-calibrated ensemble (alpha=0.0500, external calib split into META/RISK_CALIB, normalization=h0_cdf):
  tau=0.880105, META: TPR=0.4250, FPR=0.0500, RISK_CALIB: TPR=0.4667, FPR=0.0500
  PrecomputedCosine       : +0.087037
  PCAWhitenedCosine       : +0.732769
  XGBoost                 : +0.066861
  LDA                     : +0.113332

Method                   | TPR    | FPR    | TrTPR  | TrFPR  | MacroTPR | MacroFPR | Regions | TauMean | ms   | OK? 
--------------------------------------------------------------------------------------------------------------------
Cosine                   | 0.2100 | 0.0517 | 0.1983 | 0.0500 | 0.2491   | 0.0654   | 1294    | 0.9866  | 65.6 | FAIL
AndBox-HC                | 0.1650 | 0.0625 | 0.1708 | 0.0500 | 0.1879   | 0.0715   | 1294    | 0.0000  | 43.8 | FAIL
HadamardCosine           | 0.2100 | 0.0517 | 0.1983 | 0.0500 | 0.2491   | 0.0654   | 1294    | 0.9866  | 43.4 | FAIL
PCAWhitenedCosine        | 0.3842 | 0.0508 | 0.4033 | 0.0500 | 0.3228   | 0.0667   | 1294    | 1.1707  | 39.6 | FAIL
Vec (Wgt)                | 0.3967 | 0.0467 | 0.4117 | 0.0500 | 0.3809   | 0.0654   | 1294    | 0.9281  | 39.5 | PASS
Log Reg                  | 0.2875 | 0.0583 | 0.3250 | 0.0500 | 0.2246   | 0.0765   | 1294    | 0.5081  | 47.5 | FAIL
LDA                      | 0.3825 | 0.0500 | 0.3767 | 0.0500 | 0.3229   | 0.0661   | 1294    | 4.4319  | 42.2 | PASS
Tiny MLP                 | 0.3983 | 0.0425 | 0.3875 | 0.0500 | 0.3425   | 0.0571   | 1294    | 0.9120  | 44.3 | PASS
MultiProtoCosine         | 0.0608 | 0.0492 | 0.0617 | 0.0500 | 0.0590   | 0.0573   | 1294    | 0.9111  | 47.7 | PASS
WeightedEnsemble         | 0.4458 | 0.0433 | 0.4400 | 0.0500 | 0.3907   | 0.0594   | 1294    | 0.8963  | 69.2 | PASS
XGBoost                  | 0.3567 | 0.0458 | 0.3442 | 0.0500 | 0.2891   | 0.0645   | 1294    | 0.7312  | 61.7 | PASS
StabilizedWhitenedCosine | 0.2900 | 0.0533 | 0.3075 | 0.0500 | 0.2281   | 0.0717   | 1294    | 1.2554  | 43.6 | FAIL

[trial=19 seed=61] GLOBAL mode — total_samples=96890
  total: h0=73638 h1=21058
  pooled_train:  n0=1200 n1=1200
  pooled_calib:  n0=1200 n1=1200
  pooled_eval:   n0=1200 n1=1200
  regions (for macro stats only): 2740
[INFO] Cosine baseline routed to direct Hadamard sum (PrecomputedCosine)
[INFO] WeightedEnsemble Cosine judge routed to direct Hadamard sum
  [WeightedEnsemble] Judges routed to 'alt' input: PrecomputedCosine
[WeightedEnsemble] Fitted split-calibrated ensemble (alpha=0.0500, external calib split into META/RISK_CALIB, normalization=h0_cdf):
  tau=0.875711, META: TPR=0.4783, FPR=0.0500, RISK_CALIB: TPR=0.4283, FPR=0.0500
  PrecomputedCosine       : +0.157436
  PCAWhitenedCosine       : +0.326129
  XGBoost                 : +0.043808
  LDA                     : +0.472627

Method                   | TPR    | FPR    | TrTPR  | TrFPR  | MacroTPR | MacroFPR | Regions | TauMean | ms   | OK? 
--------------------------------------------------------------------------------------------------------------------
Cosine                   | 0.2308 | 0.0675 | 0.2200 | 0.0500 | 0.2836   | 0.0834   | 1277    | 0.9825  | 37.5 | FAIL
AndBox-HC                | 0.2317 | 0.0733 | 0.2258 | 0.0500 | 0.2782   | 0.0843   | 1277    | 0.0000  | 49.4 | FAIL
HadamardCosine           | 0.2308 | 0.0675 | 0.2200 | 0.0500 | 0.2836   | 0.0834   | 1277    | 0.9825  | 43.4 | FAIL
PCAWhitenedCosine        | 0.3733 | 0.0425 | 0.3558 | 0.0500 | 0.3148   | 0.0633   | 1277    | 1.1541  | 39.2 | PASS
Vec (Wgt)                | 0.4092 | 0.0550 | 0.4000 | 0.0500 | 0.3912   | 0.0812   | 1277    | 0.9290  | 38.9 | FAIL
Log Reg                  | 0.2842 | 0.0475 | 0.2725 | 0.0500 | 0.2058   | 0.0617   | 1277    | 0.5087  | 46.7 | PASS
LDA                      | 0.3767 | 0.0375 | 0.3858 | 0.0500 | 0.3309   | 0.0580   | 1277    | 4.1052  | 41.6 | PASS
Tiny MLP                 | 0.4275 | 0.0425 | 0.4183 | 0.0500 | 0.3581   | 0.0652   | 1277    | 0.8808  | 43.8 | PASS
MultiProtoCosine         | 0.0642 | 0.0417 | 0.0625 | 0.0500 | 0.0587   | 0.0482   | 1277    | 0.9108  | 47.1 | PASS
WeightedEnsemble         | 0.4375 | 0.0458 | 0.4467 | 0.0500 | 0.4061   | 0.0686   | 1277    | 0.8706  | 68.7 | PASS
XGBoost                  | 0.3408 | 0.0450 | 0.3425 | 0.0500 | 0.2597   | 0.0681   | 1277    | 0.7207  | 60.8 | PASS
StabilizedWhitenedCosine | 0.2600 | 0.0367 | 0.2583 | 0.0500 | 0.1906   | 0.0566   | 1277    | 1.3251  | 43.1 | PASS

=== Ranking by mean micro TPR (UNCONSTRAINED) ===
 1. WeightedEnsemble   TPR=0.4491±0.0259 FPR=0.0505±0.0083 [FAIL]
 2. Vec (Wgt)          TPR=0.4153±0.0260 FPR=0.0483±0.0065 [PASS]
 3. Tiny MLP           TPR=0.4062±0.0299 FPR=0.0490±0.0088 [PASS]
 4. PCAWhitenedCosine  TPR=0.4038±0.0239 FPR=0.0498±0.0078 [PASS]
 5. LDA                TPR=0.3733±0.0227 FPR=0.0497±0.0085 [PASS]
 6. XGBoost            TPR=0.3470±0.0260 FPR=0.0497±0.0064 [PASS]
 7. StabilizedWhitenedCosine TPR=0.3140±0.0306 FPR=0.0502±0.0096 [FAIL]
 8. Log Reg            TPR=0.2770±0.0252 FPR=0.0513±0.0085 [FAIL]
 9. Cosine             TPR=0.2114±0.0130 FPR=0.0482±0.0099 [PASS]
10. HadamardCosine     TPR=0.2114±0.0130 FPR=0.0482±0.0099 [PASS]
11. AndBox-HC          TPR=0.1947±0.0216 FPR=0.0508±0.0105 [FAIL]
12. MultiProtoCosine   TPR=0.0602±0.0159 FPR=0.0493±0.0099 [PASS]

=== Ranking by mean micro TPR (CONSTRAINED: FPR <= alpha) ===
 1. Vec (Wgt)          TPR=0.4153±0.0260 FPR=0.0483±0.0065
 2. Tiny MLP           TPR=0.4062±0.0299 FPR=0.0490±0.0088
 3. PCAWhitenedCosine  TPR=0.4038±0.0239 FPR=0.0498±0.0078
 4. LDA                TPR=0.3733±0.0227 FPR=0.0497±0.0085
 5. XGBoost            TPR=0.3470±0.0260 FPR=0.0497±0.0064
 6. Cosine             TPR=0.2114±0.0130 FPR=0.0482±0.0099
 7. HadamardCosine     TPR=0.2114±0.0130 FPR=0.0482±0.0099
 8. MultiProtoCosine   TPR=0.0602±0.0159 FPR=0.0493±0.0099
[CSV] Saved: /home/malmatal/Projects/Multi_Dim_Threshold/NeighborCache/outputs/region_local_threshold/run_20260511_145702/trial_summary.csv
[JSON] Saved: /home/malmatal/Projects/Multi_Dim_Threshold/NeighborCache/outputs/region_local_threshold/run_20260511_145702/ranking.json
[CSV] Saved: /home/malmatal/Projects/Multi_Dim_Threshold/NeighborCache/outputs/region_local_threshold/run_20260511_145702/weighted_ensemble_meta_weights.csv
[JSON] Saved: /home/malmatal/Projects/Multi_Dim_Threshold/NeighborCache/outputs/region_local_threshold/run_20260511_145702/notes.json

Best (constrained FPR <= alpha): Vec (Wgt)
[Done] outputs at: /home/malmatal/Projects/Multi_Dim_Threshold/NeighborCache/outputs/region_local_threshold/run_20260511_145702

Task 7 completed successfully.
