------------------------------------
Mon 11 May 2026 14:51:28 IDT
SLURM_JOBID:		17480196
SLURM_JOB_NODELIST:	ise-4090-03
SLURM_SCRATCH_DIR:	/scratch/malmatal/17480196
Allocated Resouces:	cpu - 4 / mem - 32768 MB / gpu - 1
SLURM_GPU_INDEX:	1
Running as malmatal from gilein account with normal QOS
------------------------------------
SLURM_JOB_ID=17480196
SLURM_ARRAY_TASK_ID=1
HOSTNAME=ise-4090-03.auth.ad.bgu.ac.il
DATE=2026-05-11T14:51:28+03:00
EXP_ROOT=NeighborCache/results/paper_normal_20260511_145113
COMMANDS_FILE=NeighborCache/results/paper_normal_20260511_145113/commands.txt
Running command:
/home/malmatal/.conda/envs/ec/bin/python -m NeighborCache.region_local_threshold.cli --data NeighborCache/data/h1h0_final.npz --region_key global_cluster --alpha 0.01 --tau_mode global --n_trials 20 --seed 42 --n_train 1200 --n_calib 1200 --n_eval 1200 --hadamard_preprocess

[INFO] Using features key='emb' dim=1024
[INFO] Applied Hadamard preprocessing (strategy=centroid_nearest, use_delta_vec=False, use_abs_diff=False) to X_main

=== Region Threshold Benchmark ===
dataset_npz=NeighborCache/data/h1h0_final.npz
region_key=global_cluster (resolved=global_cluster, unique=1103)
features=emb+hadamard rows=200000 dim=1024
text_pairs=text+region_anchor[centroid_nearest]
alpha=0.01 tie_mode=ge trials=20 base_seed=42
tau_mode=global
hadamard_preprocess=True
abs_diff_only_preprocess=False
use_delta_vec=False
use_abs_diff=False
normalize_data=False
filter_policy=none
train_cosine_policy_active=False
caps: train=1200 calib=1200 eval=1200
mins: min_h0_eval=20 min_h1_eval=20
run_dir=/home/malmatal/Projects/Multi_Dim_Threshold/NeighborCache/outputs/region_local_threshold/run_20260511_145139

[trial=0 seed=42] GLOBAL mode — total_samples=200000
  total: h0=82063 h1=15019
  pooled_train:  n0=1200 n1=1200
  pooled_calib:  n0=1200 n1=1200
  pooled_eval:   n0=1200 n1=1200
  regions (for macro stats only): 1103
[INFO] Cosine baseline routed to direct Hadamard sum (PrecomputedCosine)
[INFO] WeightedEnsemble Cosine judge routed to direct Hadamard sum
  [WeightedEnsemble] Judges routed to 'alt' input: PrecomputedCosine
[WeightedEnsemble] Fitted split-calibrated ensemble (alpha=0.0100, external calib split into META/RISK_CALIB, normalization=h0_cdf):
  tau=0.976519, META: TPR=0.4083, FPR=0.0100, RISK_CALIB: TPR=0.3333, FPR=0.0100
  PrecomputedCosine       : +0.313918
  PCAWhitenedCosine       : +0.398840
  XGBoost                 : +0.102430
  LDA                     : +0.184813

Method                   | TPR    | FPR    | TrTPR  | TrFPR  | MacroTPR | MacroFPR | Regions | TauMean | ms   | OK? 
--------------------------------------------------------------------------------------------------------------------
Cosine                   | 0.2400 | 0.0175 | 0.2525 | 0.0158 | 0.2078   | 0.0223   | 856     | 1.0000  | 40.3 | FAIL
AndBox-HC                | 0.1842 | 0.0175 | 0.2100 | 0.0100 | 0.1662   | 0.0250   | 856     | 0.0000  | 41.4 | FAIL
HadamardCosine           | 0.1267 | 0.0092 | 0.1375 | 0.0083 | 0.1183   | 0.0107   | 856     | 1.0000  | 58.0 | PASS
PCAWhitenedCosine        | 0.3283 | 0.0142 | 0.3625 | 0.0100 | 0.2551   | 0.0227   | 856     | 1.4179  | 33.5 | FAIL
Vec (Wgt)                | 0.2875 | 0.0175 | 0.3200 | 0.0100 | 0.2220   | 0.0302   | 856     | 0.9993  | 32.9 | FAIL
Log Reg                  | 0.1000 | 0.0133 | 0.1000 | 0.0100 | 0.0754   | 0.0205   | 856     | 0.5181  | 48.4 | FAIL
LDA                      | 0.1292 | 0.0075 | 0.1275 | 0.0100 | 0.0958   | 0.0111   | 856     | 6.5167  | 35.5 | PASS
Tiny MLP                 | 0.3242 | 0.0142 | 0.3500 | 0.0100 | 0.2414   | 0.0230   | 856     | 0.9483  | 37.4 | FAIL
MultiProtoCosine         | 0.0267 | 0.0075 | 0.0217 | 0.0100 | 0.0165   | 0.0109   | 856     | 0.9349  | 43.4 | PASS
WeightedEnsemble         | 0.3533 | 0.0200 | 0.3858 | 0.0100 | 0.2907   | 0.0317   | 856     | 0.9715  | 62.4 | FAIL
XGBoost                  | 0.2517 | 0.0092 | 0.2725 | 0.0100 | 0.1958   | 0.0151   | 856     | 0.7889  | 55.0 | PASS
StabilizedWhitenedCosine | 0.3258 | 0.0150 | 0.3400 | 0.0100 | 0.2491   | 0.0253   | 856     | 1.4203  | 43.9 | FAIL

[trial=1 seed=43] GLOBAL mode — total_samples=200000
  total: h0=82063 h1=15019
  pooled_train:  n0=1200 n1=1200
  pooled_calib:  n0=1200 n1=1200
  pooled_eval:   n0=1200 n1=1200
  regions (for macro stats only): 1103
[INFO] Cosine baseline routed to direct Hadamard sum (PrecomputedCosine)
[INFO] WeightedEnsemble Cosine judge routed to direct Hadamard sum
  [WeightedEnsemble] Judges routed to 'alt' input: PrecomputedCosine
[WeightedEnsemble] Fitted split-calibrated ensemble (alpha=0.0100, external calib split into META/RISK_CALIB, normalization=h0_cdf):
  tau=0.977601, META: TPR=0.3150, FPR=0.0100, RISK_CALIB: TPR=0.2650, FPR=0.0100
  PrecomputedCosine       : +0.522090
  PCAWhitenedCosine       : +0.223445
  XGBoost                 : +0.030008
  LDA                     : +0.224457

Method                   | TPR    | FPR    | TrTPR  | TrFPR  | MacroTPR | MacroFPR | Regions | TauMean | ms   | OK? 
--------------------------------------------------------------------------------------------------------------------
Cosine                   | 0.2400 | 0.0150 | 0.2508 | 0.0175 | 0.2065   | 0.0188   | 840     | 1.0000  | 29.7 | FAIL
AndBox-HC                | 0.1417 | 0.0092 | 0.1375 | 0.0100 | 0.1228   | 0.0104   | 840     | 0.0000  | 54.3 | PASS
HadamardCosine           | 0.1342 | 0.0100 | 0.1350 | 0.0083 | 0.1136   | 0.0116   | 840     | 1.0000  | 44.4 | PASS
PCAWhitenedCosine        | 0.2750 | 0.0058 | 0.2542 | 0.0100 | 0.1950   | 0.0108   | 840     | 1.6465  | 33.3 | PASS
Vec (Wgt)                | 0.1950 | 0.0058 | 0.2083 | 0.0092 | 0.1600   | 0.0113   | 840     | 1.0153  | 33.5 | PASS
Log Reg                  | 0.0675 | 0.0033 | 0.0700 | 0.0100 | 0.0627   | 0.0070   | 840     | 0.5205  | 47.3 | PASS
LDA                      | 0.2267 | 0.0100 | 0.2117 | 0.0100 | 0.1663   | 0.0127   | 840     | 5.9971  | 36.3 | PASS
Tiny MLP                 | 0.2550 | 0.0042 | 0.2292 | 0.0100 | 0.1723   | 0.0064   | 840     | 0.9686  | 38.1 | PASS
MultiProtoCosine         | 0.0158 | 0.0058 | 0.0142 | 0.0100 | 0.0124   | 0.0086   | 840     | 0.9383  | 42.9 | PASS
WeightedEnsemble         | 0.2742 | 0.0058 | 0.2783 | 0.0092 | 0.2214   | 0.0101   | 840     | 0.9762  | 62.5 | PASS
XGBoost                  | 0.2367 | 0.0075 | 0.2375 | 0.0100 | 0.1900   | 0.0136   | 840     | 0.7945  | 55.2 | PASS
StabilizedWhitenedCosine | 0.2383 | 0.0050 | 0.2342 | 0.0100 | 0.1592   | 0.0082   | 840     | 1.6736  | 43.7 | PASS

[trial=2 seed=44] GLOBAL mode — total_samples=200000
  total: h0=82063 h1=15019
  pooled_train:  n0=1200 n1=1200
  pooled_calib:  n0=1200 n1=1200
  pooled_eval:   n0=1200 n1=1200
  regions (for macro stats only): 1103
[INFO] Cosine baseline routed to direct Hadamard sum (PrecomputedCosine)
[INFO] WeightedEnsemble Cosine judge routed to direct Hadamard sum
  [WeightedEnsemble] Judges routed to 'alt' input: PrecomputedCosine
[WeightedEnsemble] Fitted split-calibrated ensemble (alpha=0.0100, external calib split into META/RISK_CALIB, normalization=h0_cdf):
  tau=0.987783, META: TPR=0.3283, FPR=0.0100, RISK_CALIB: TPR=0.1867, FPR=0.0100
  PrecomputedCosine       : +0.214810
  PCAWhitenedCosine       : +0.045397
  XGBoost                 : +0.219549
  LDA                     : +0.520245

Method                   | TPR    | FPR    | TrTPR  | TrFPR  | MacroTPR | MacroFPR | Regions | TauMean | ms   | OK? 
--------------------------------------------------------------------------------------------------------------------
Cosine                   | 0.2383 | 0.0142 | 0.2483 | 0.0175 | 0.2131   | 0.0189   | 851     | 1.0000  | 30.3 | FAIL
AndBox-HC                | 0.1042 | 0.0017 | 0.1083 | 0.0100 | 0.0956   | 0.0035   | 851     | 0.0000  | 40.5 | PASS
HadamardCosine           | 0.1192 | 0.0075 | 0.1275 | 0.0075 | 0.1066   | 0.0099   | 851     | 1.0000  | 42.4 | PASS
PCAWhitenedCosine        | 0.2000 | 0.0117 | 0.2167 | 0.0100 | 0.1414   | 0.0174   | 851     | 1.7405  | 33.0 | FAIL
Vec (Wgt)                | 0.2458 | 0.0125 | 0.2533 | 0.0100 | 0.1887   | 0.0203   | 851     | 1.0119  | 33.1 | FAIL
Log Reg                  | 0.0775 | 0.0050 | 0.0600 | 0.0100 | 0.0507   | 0.0087   | 851     | 0.5214  | 47.4 | PASS
LDA                      | 0.1967 | 0.0167 | 0.2042 | 0.0100 | 0.1502   | 0.0265   | 851     | 5.8976  | 35.6 | FAIL
Tiny MLP                 | 0.2658 | 0.0133 | 0.2717 | 0.0100 | 0.1898   | 0.0221   | 851     | 0.9557  | 38.0 | FAIL
MultiProtoCosine         | 0.0333 | 0.0100 | 0.0258 | 0.0100 | 0.0182   | 0.0135   | 851     | 0.9341  | 43.3 | PASS
WeightedEnsemble         | 0.2475 | 0.0125 | 0.2533 | 0.0100 | 0.1805   | 0.0172   | 851     | 0.9823  | 61.9 | FAIL
XGBoost                  | 0.2500 | 0.0125 | 0.2325 | 0.0100 | 0.1906   | 0.0169   | 851     | 0.7970  | 54.8 | FAIL
StabilizedWhitenedCosine | 0.1967 | 0.0067 | 0.2167 | 0.0100 | 0.1453   | 0.0096   | 851     | 1.7326  | 44.0 | PASS

[trial=3 seed=45] GLOBAL mode — total_samples=200000
  total: h0=82063 h1=15019
  pooled_train:  n0=1200 n1=1200
  pooled_calib:  n0=1200 n1=1200
  pooled_eval:   n0=1200 n1=1200
  regions (for macro stats only): 1103
[INFO] Cosine baseline routed to direct Hadamard sum (PrecomputedCosine)
[INFO] WeightedEnsemble Cosine judge routed to direct Hadamard sum
  [WeightedEnsemble] Judges routed to 'alt' input: PrecomputedCosine
[WeightedEnsemble] Fitted split-calibrated ensemble (alpha=0.0100, external calib split into META/RISK_CALIB, normalization=h0_cdf):
  tau=0.977164, META: TPR=0.2900, FPR=0.0100, RISK_CALIB: TPR=0.2867, FPR=0.0100
  PrecomputedCosine       : +0.009040
  PCAWhitenedCosine       : +0.538217
  XGBoost                 : +0.159297
  LDA                     : +0.293446

Method                   | TPR    | FPR    | TrTPR  | TrFPR  | MacroTPR | MacroFPR | Regions | TauMean | ms   | OK? 
--------------------------------------------------------------------------------------------------------------------
Cosine                   | 0.2608 | 0.0200 | 0.2658 | 0.0200 | 0.2270   | 0.0287   | 845     | 1.0000  | 41.7 | FAIL
AndBox-HC                | 0.1575 | 0.0058 | 0.1350 | 0.0100 | 0.1268   | 0.0111   | 845     | 0.0000  | 34.3 | PASS
HadamardCosine           | 0.1358 | 0.0125 | 0.1408 | 0.0100 | 0.1122   | 0.0170   | 845     | 1.0000  | 33.1 | FAIL
PCAWhitenedCosine        | 0.3208 | 0.0100 | 0.3067 | 0.0100 | 0.2292   | 0.0158   | 845     | 1.5405  | 26.1 | PASS
Vec (Wgt)                | 0.2825 | 0.0100 | 0.2792 | 0.0100 | 0.2196   | 0.0168   | 845     | 1.0077  | 27.9 | PASS
Log Reg                  | 0.0742 | 0.0058 | 0.0625 | 0.0100 | 0.0568   | 0.0097   | 845     | 0.5236  | 49.0 | PASS
LDA                      | 0.1733 | 0.0100 | 0.1575 | 0.0100 | 0.1481   | 0.0135   | 845     | 6.2707  | 35.9 | PASS
Tiny MLP                 | 0.3033 | 0.0108 | 0.2917 | 0.0100 | 0.2360   | 0.0121   | 845     | 0.9656  | 37.9 | FAIL
MultiProtoCosine         | 0.0283 | 0.0058 | 0.0233 | 0.0100 | 0.0234   | 0.0068   | 845     | 0.9331  | 43.8 | PASS
WeightedEnsemble         | 0.3200 | 0.0058 | 0.2908 | 0.0100 | 0.2399   | 0.0081   | 845     | 0.9774  | 62.9 | PASS
XGBoost                  | 0.2625 | 0.0108 | 0.2617 | 0.0100 | 0.2119   | 0.0141   | 845     | 0.7918  | 55.6 | FAIL
StabilizedWhitenedCosine | 0.2692 | 0.0050 | 0.2408 | 0.0100 | 0.1983   | 0.0070   | 845     | 1.6326  | 43.5 | PASS

[trial=4 seed=46] GLOBAL mode — total_samples=200000
  total: h0=82063 h1=15019
  pooled_train:  n0=1200 n1=1200
  pooled_calib:  n0=1200 n1=1200
  pooled_eval:   n0=1200 n1=1200
  regions (for macro stats only): 1103
[INFO] Cosine baseline routed to direct Hadamard sum (PrecomputedCosine)
[INFO] WeightedEnsemble Cosine judge routed to direct Hadamard sum
  [WeightedEnsemble] Judges routed to 'alt' input: PrecomputedCosine
[WeightedEnsemble] Fitted split-calibrated ensemble (alpha=0.0100, external calib split into META/RISK_CALIB, normalization=h0_cdf):
  tau=0.978892, META: TPR=0.3300, FPR=0.0100, RISK_CALIB: TPR=0.3233, FPR=0.0100
  PrecomputedCosine       : +0.214810
  PCAWhitenedCosine       : +0.045397
  XGBoost                 : +0.219549
  LDA                     : +0.520245

Method                   | TPR    | FPR    | TrTPR  | TrFPR  | MacroTPR | MacroFPR | Regions | TauMean | ms   | OK? 
--------------------------------------------------------------------------------------------------------------------
Cosine                   | 0.2792 | 0.0183 | 0.2683 | 0.0092 | 0.2470   | 0.0302   | 852     | 0.9986  | 29.9 | FAIL
AndBox-HC                | 0.1208 | 0.0058 | 0.0992 | 0.0100 | 0.1009   | 0.0090   | 852     | 0.0000  | 39.9 | PASS
HadamardCosine           | 0.2792 | 0.0183 | 0.2683 | 0.0092 | 0.2470   | 0.0302   | 852     | 0.9986  | 43.6 | FAIL
PCAWhitenedCosine        | 0.3075 | 0.0125 | 0.2933 | 0.0100 | 0.2435   | 0.0186   | 852     | 1.5798  | 32.9 | FAIL
Vec (Wgt)                | 0.2158 | 0.0092 | 0.2192 | 0.0100 | 0.1686   | 0.0133   | 852     | 1.0089  | 32.7 | PASS
Log Reg                  | 0.0775 | 0.0050 | 0.0708 | 0.0100 | 0.0630   | 0.0076   | 852     | 0.5189  | 47.0 | PASS
LDA                      | 0.2200 | 0.0175 | 0.2183 | 0.0092 | 0.1777   | 0.0252   | 852     | 5.8921  | 35.4 | FAIL
Tiny MLP                 | 0.2150 | 0.0133 | 0.2017 | 0.0100 | 0.1555   | 0.0219   | 852     | 0.9903  | 37.6 | FAIL
MultiProtoCosine         | 0.0317 | 0.0083 | 0.0317 | 0.0100 | 0.0204   | 0.0079   | 852     | 0.9362  | 42.7 | PASS
WeightedEnsemble         | 0.3067 | 0.0125 | 0.3067 | 0.0100 | 0.2478   | 0.0182   | 852     | 0.9788  | 62.5 | FAIL
XGBoost                  | 0.2708 | 0.0108 | 0.2633 | 0.0100 | 0.2170   | 0.0156   | 852     | 0.8045  | 54.7 | FAIL
StabilizedWhitenedCosine | 0.2458 | 0.0083 | 0.2333 | 0.0100 | 0.1861   | 0.0125   | 852     | 1.6598  | 43.8 | PASS

[trial=5 seed=47] GLOBAL mode — total_samples=200000
  total: h0=82063 h1=15019
  pooled_train:  n0=1200 n1=1200
  pooled_calib:  n0=1200 n1=1200
  pooled_eval:   n0=1200 n1=1200
  regions (for macro stats only): 1103
[INFO] Cosine baseline routed to direct Hadamard sum (PrecomputedCosine)
[INFO] WeightedEnsemble Cosine judge routed to direct Hadamard sum
  [WeightedEnsemble] Judges routed to 'alt' input: PrecomputedCosine
[WeightedEnsemble] Fitted split-calibrated ensemble (alpha=0.0100, external calib split into META/RISK_CALIB, normalization=h0_cdf):
  tau=0.985531, META: TPR=0.3517, FPR=0.0100, RISK_CALIB: TPR=0.2250, FPR=0.0100
  PrecomputedCosine       : +0.072601
  PCAWhitenedCosine       : +0.215210
  XGBoost                 : +0.613482
  LDA                     : +0.098707

Method                   | TPR    | FPR    | TrTPR  | TrFPR  | MacroTPR | MacroFPR | Regions | TauMean | ms   | OK? 
--------------------------------------------------------------------------------------------------------------------
Cosine                   | 0.2450 | 0.0133 | 0.2517 | 0.0167 | 0.2016   | 0.0183   | 838     | 1.0000  | 30.0 | FAIL
AndBox-HC                | 0.1308 | 0.0075 | 0.1208 | 0.0100 | 0.1062   | 0.0108   | 838     | 0.0000  | 40.8 | PASS
HadamardCosine           | 0.1358 | 0.0092 | 0.1292 | 0.0067 | 0.1030   | 0.0119   | 838     | 1.0000  | 42.1 | PASS
PCAWhitenedCosine        | 0.1225 | 0.0017 | 0.1142 | 0.0100 | 0.0794   | 0.0022   | 838     | 2.0844  | 32.6 | PASS
Vec (Wgt)                | 0.2450 | 0.0033 | 0.2492 | 0.0100 | 0.1786   | 0.0062   | 838     | 1.0166  | 32.5 | PASS
Log Reg                  | 0.0608 | 0.0033 | 0.0608 | 0.0100 | 0.0458   | 0.0047   | 838     | 0.5233  | 46.5 | PASS
LDA                      | 0.1333 | 0.0092 | 0.1517 | 0.0100 | 0.1037   | 0.0105   | 838     | 6.6679  | 35.3 | PASS
Tiny MLP                 | 0.2492 | 0.0033 | 0.2575 | 0.0100 | 0.1813   | 0.0049   | 838     | 0.9754  | 37.9 | PASS
MultiProtoCosine         | 0.0200 | 0.0050 | 0.0200 | 0.0100 | 0.0152   | 0.0033   | 838     | 0.9366  | 43.3 | PASS
WeightedEnsemble         | 0.3075 | 0.0083 | 0.3058 | 0.0100 | 0.2351   | 0.0116   | 838     | 0.9755  | 62.4 | PASS
XGBoost                  | 0.2700 | 0.0058 | 0.2600 | 0.0100 | 0.2087   | 0.0086   | 838     | 0.7996  | 54.6 | PASS
StabilizedWhitenedCosine | 0.1958 | 0.0033 | 0.2017 | 0.0100 | 0.1286   | 0.0049   | 838     | 1.8064  | 43.1 | PASS

[trial=6 seed=48] GLOBAL mode — total_samples=200000
  total: h0=82063 h1=15019
  pooled_train:  n0=1200 n1=1200
  pooled_calib:  n0=1200 n1=1200
  pooled_eval:   n0=1200 n1=1200
  regions (for macro stats only): 1103
[INFO] Cosine baseline routed to direct Hadamard sum (PrecomputedCosine)
[INFO] WeightedEnsemble Cosine judge routed to direct Hadamard sum
  [WeightedEnsemble] Judges routed to 'alt' input: PrecomputedCosine
[WeightedEnsemble] Fitted split-calibrated ensemble (alpha=0.0100, external calib split into META/RISK_CALIB, normalization=h0_cdf):
  tau=0.976851, META: TPR=0.3333, FPR=0.0083, RISK_CALIB: TPR=0.3083, FPR=0.0100
  PrecomputedCosine       : +0.372240
  PCAWhitenedCosine       : +0.192230
  XGBoost                 : +0.411011
  LDA                     : +0.024519

Method                   | TPR    | FPR    | TrTPR  | TrFPR  | MacroTPR | MacroFPR | Regions | TauMean | ms   | OK? 
--------------------------------------------------------------------------------------------------------------------
Cosine                   | 0.2550 | 0.0125 | 0.2417 | 0.0100 | 0.2229   | 0.0201   | 834     | 1.0000  | 29.6 | FAIL
AndBox-HC                | 0.2000 | 0.0133 | 0.1908 | 0.0100 | 0.1763   | 0.0195   | 834     | -0.0000 | 55.4 | FAIL
HadamardCosine           | 0.2542 | 0.0117 | 0.2383 | 0.0100 | 0.2209   | 0.0183   | 834     | 1.0000  | 43.4 | FAIL
PCAWhitenedCosine        | 0.2492 | 0.0083 | 0.2417 | 0.0100 | 0.1954   | 0.0122   | 834     | 1.6974  | 32.5 | PASS
Vec (Wgt)                | 0.2967 | 0.0092 | 0.2917 | 0.0100 | 0.2346   | 0.0163   | 834     | 1.0071  | 32.9 | PASS
Log Reg                  | 0.1000 | 0.0142 | 0.0967 | 0.0100 | 0.0788   | 0.0240   | 834     | 0.5173  | 47.2 | FAIL
LDA                      | 0.2550 | 0.0092 | 0.2192 | 0.0100 | 0.1836   | 0.0139   | 834     | 5.6357  | 35.4 | PASS
Tiny MLP                 | 0.2625 | 0.0117 | 0.2467 | 0.0100 | 0.1905   | 0.0154   | 834     | 0.9669  | 37.2 | FAIL
MultiProtoCosine         | 0.0367 | 0.0108 | 0.0275 | 0.0100 | 0.0268   | 0.0107   | 834     | 0.9353  | 43.2 | FAIL
WeightedEnsemble         | 0.3333 | 0.0125 | 0.3183 | 0.0100 | 0.2820   | 0.0201   | 834     | 0.9779  | 61.8 | FAIL
XGBoost                  | 0.3033 | 0.0133 | 0.3033 | 0.0100 | 0.2547   | 0.0213   | 834     | 0.7859  | 54.8 | FAIL
StabilizedWhitenedCosine | 0.2358 | 0.0075 | 0.2117 | 0.0100 | 0.1886   | 0.0113   | 834     | 1.6528  | 43.4 | PASS

[trial=7 seed=49] GLOBAL mode — total_samples=200000
  total: h0=82063 h1=15019
  pooled_train:  n0=1200 n1=1200
  pooled_calib:  n0=1200 n1=1200
  pooled_eval:   n0=1200 n1=1200
  regions (for macro stats only): 1103
[INFO] Cosine baseline routed to direct Hadamard sum (PrecomputedCosine)
[INFO] WeightedEnsemble Cosine judge routed to direct Hadamard sum
  [WeightedEnsemble] Judges routed to 'alt' input: PrecomputedCosine
[WeightedEnsemble] Fitted split-calibrated ensemble (alpha=0.0100, external calib split into META/RISK_CALIB, normalization=h0_cdf):
  tau=0.997504, META: TPR=0.3017, FPR=0.0100, RISK_CALIB: TPR=0.2183, FPR=0.0100
  PrecomputedCosine       : +0.000000
  PCAWhitenedCosine       : +0.000000
  XGBoost                 : +1.000000
  LDA                     : +0.000000

Method                   | TPR    | FPR    | TrTPR  | TrFPR  | MacroTPR | MacroFPR | Regions | TauMean | ms   | OK? 
--------------------------------------------------------------------------------------------------------------------
Cosine                   | 0.2350 | 0.0167 | 0.2408 | 0.0175 | 0.1975   | 0.0214   | 848     | 1.0000  | 29.4 | FAIL
AndBox-HC                | 0.1933 | 0.0125 | 0.1842 | 0.0100 | 0.1704   | 0.0172   | 848     | 0.0000  | 40.2 | FAIL
HadamardCosine           | 0.1192 | 0.0108 | 0.1375 | 0.0125 | 0.0997   | 0.0123   | 848     | 1.0000  | 42.1 | FAIL
PCAWhitenedCosine        | 0.2367 | 0.0083 | 0.2308 | 0.0100 | 0.1581   | 0.0156   | 848     | 1.7590  | 32.8 | PASS
Vec (Wgt)                | 0.3383 | 0.0142 | 0.3342 | 0.0100 | 0.2558   | 0.0248   | 848     | 0.9971  | 32.9 | FAIL
Log Reg                  | 0.1133 | 0.0100 | 0.0958 | 0.0100 | 0.0845   | 0.0175   | 848     | 0.5161  | 46.9 | PASS
LDA                      | 0.1875 | 0.0117 | 0.1708 | 0.0100 | 0.1333   | 0.0162   | 848     | 6.4326  | 35.5 | FAIL
Tiny MLP                 | 0.2617 | 0.0092 | 0.2550 | 0.0092 | 0.1754   | 0.0138   | 848     | 0.9653  | 37.7 | PASS
MultiProtoCosine         | 0.0342 | 0.0125 | 0.0292 | 0.0100 | 0.0276   | 0.0129   | 848     | 0.9333  | 43.0 | FAIL
WeightedEnsemble         | 0.3158 | 0.0075 | 0.2992 | 0.0100 | 0.2419   | 0.0151   | 848     | 0.9925  | 61.8 | PASS
XGBoost                  | 0.3158 | 0.0075 | 0.2992 | 0.0100 | 0.2419   | 0.0151   | 848     | 0.7754  | 54.8 | PASS
StabilizedWhitenedCosine | 0.3458 | 0.0108 | 0.3450 | 0.0100 | 0.2562   | 0.0188   | 848     | 1.3859  | 43.6 | FAIL

[trial=8 seed=50] GLOBAL mode — total_samples=200000
  total: h0=82063 h1=15019
  pooled_train:  n0=1200 n1=1200
  pooled_calib:  n0=1200 n1=1200
  pooled_eval:   n0=1200 n1=1200
  regions (for macro stats only): 1103
[INFO] Cosine baseline routed to direct Hadamard sum (PrecomputedCosine)
[INFO] WeightedEnsemble Cosine judge routed to direct Hadamard sum
  [WeightedEnsemble] Judges routed to 'alt' input: PrecomputedCosine
[WeightedEnsemble] Fitted split-calibrated ensemble (alpha=0.0100, external calib split into META/RISK_CALIB, normalization=h0_cdf):
  tau=0.994919, META: TPR=0.2583, FPR=0.0100, RISK_CALIB: TPR=0.1967, FPR=0.0100
  PrecomputedCosine       : +0.778833
  PCAWhitenedCosine       : +0.120089
  XGBoost                 : +0.064727
  LDA                     : +0.036352

Method                   | TPR    | FPR    | TrTPR  | TrFPR  | MacroTPR | MacroFPR | Regions | TauMean | ms   | OK? 
--------------------------------------------------------------------------------------------------------------------
Cosine                   | 0.2583 | 0.0125 | 0.2383 | 0.0133 | 0.2168   | 0.0211   | 844     | 1.0000  | 56.8 | FAIL
AndBox-HC                | 0.1492 | 0.0075 | 0.1408 | 0.0100 | 0.1377   | 0.0097   | 844     | 0.0000  | 38.5 | PASS
HadamardCosine           | 0.1317 | 0.0058 | 0.1275 | 0.0075 | 0.1134   | 0.0103   | 844     | 1.0000  | 42.7 | PASS
PCAWhitenedCosine        | 0.2025 | 0.0092 | 0.2242 | 0.0100 | 0.1465   | 0.0170   | 844     | 1.8635  | 32.8 | PASS
Vec (Wgt)                | 0.2842 | 0.0125 | 0.2767 | 0.0100 | 0.2091   | 0.0237   | 844     | 1.0084  | 32.5 | FAIL
Log Reg                  | 0.1033 | 0.0092 | 0.1017 | 0.0100 | 0.0839   | 0.0125   | 844     | 0.5141  | 46.9 | PASS
LDA                      | 0.0858 | 0.0058 | 0.0758 | 0.0100 | 0.0767   | 0.0099   | 844     | 7.9528  | 35.0 | PASS
Tiny MLP                 | 0.1550 | 0.0067 | 0.1725 | 0.0100 | 0.1105   | 0.0122   | 844     | 0.9931  | 37.0 | PASS
MultiProtoCosine         | 0.0233 | 0.0092 | 0.0208 | 0.0100 | 0.0198   | 0.0099   | 844     | 0.9346  | 42.7 | PASS
WeightedEnsemble         | 0.2067 | 0.0067 | 0.1992 | 0.0100 | 0.1540   | 0.0134   | 844     | 0.9929  | 62.0 | PASS
XGBoost                  | 0.1475 | 0.0042 | 0.1200 | 0.0067 | 0.1038   | 0.0090   | 844     | 0.8271  | 54.8 | PASS
StabilizedWhitenedCosine | 0.2683 | 0.0092 | 0.2733 | 0.0100 | 0.2002   | 0.0158   | 844     | 1.6307  | 41.6 | PASS

[trial=9 seed=51] GLOBAL mode — total_samples=200000
  total: h0=82063 h1=15019
  pooled_train:  n0=1200 n1=1200
  pooled_calib:  n0=1200 n1=1200
  pooled_eval:   n0=1200 n1=1200
  regions (for macro stats only): 1103
[INFO] Cosine baseline routed to direct Hadamard sum (PrecomputedCosine)
[INFO] WeightedEnsemble Cosine judge routed to direct Hadamard sum
  [WeightedEnsemble] Judges routed to 'alt' input: PrecomputedCosine
[WeightedEnsemble] Fitted split-calibrated ensemble (alpha=0.0100, external calib split into META/RISK_CALIB, normalization=h0_cdf):
  tau=0.961647, META: TPR=0.2600, FPR=0.0100, RISK_CALIB: TPR=0.3667, FPR=0.0100
  PrecomputedCosine       : +0.087037
  PCAWhitenedCosine       : +0.732769
  XGBoost                 : +0.066861
  LDA                     : +0.113332

Method                   | TPR    | FPR    | TrTPR  | TrFPR  | MacroTPR | MacroFPR | Regions | TauMean | ms   | OK? 
--------------------------------------------------------------------------------------------------------------------
Cosine                   | 0.2558 | 0.0192 | 0.2550 | 0.0167 | 0.2210   | 0.0270   | 845     | 1.0000  | 28.9 | FAIL
AndBox-HC                | 0.0708 | 0.0050 | 0.0750 | 0.0083 | 0.0734   | 0.0081   | 845     | 0.0000  | 40.6 | PASS
HadamardCosine           | 0.1233 | 0.0142 | 0.1400 | 0.0083 | 0.1005   | 0.0208   | 845     | 1.0000  | 42.0 | FAIL
PCAWhitenedCosine        | 0.2875 | 0.0075 | 0.2708 | 0.0100 | 0.2012   | 0.0106   | 845     | 1.6737  | 32.6 | PASS
Vec (Wgt)                | 0.2558 | 0.0092 | 0.2667 | 0.0100 | 0.1833   | 0.0152   | 845     | 1.0124  | 32.7 | PASS
Log Reg                  | 0.1000 | 0.0075 | 0.1100 | 0.0100 | 0.0748   | 0.0134   | 845     | 0.5155  | 46.7 | PASS
LDA                      | 0.1883 | 0.0067 | 0.1842 | 0.0100 | 0.1295   | 0.0091   | 845     | 6.7500  | 35.1 | PASS
Tiny MLP                 | 0.2175 | 0.0092 | 0.2133 | 0.0100 | 0.1455   | 0.0125   | 845     | 0.9842  | 37.4 | PASS
MultiProtoCosine         | 0.0192 | 0.0083 | 0.0283 | 0.0100 | 0.0150   | 0.0097   | 845     | 0.9345  | 42.1 | PASS
WeightedEnsemble         | 0.2925 | 0.0075 | 0.2767 | 0.0100 | 0.2006   | 0.0109   | 845     | 0.9775  | 62.0 | PASS
XGBoost                  | 0.2217 | 0.0092 | 0.2183 | 0.0067 | 0.1720   | 0.0130   | 845     | 0.8068  | 54.7 | PASS
StabilizedWhitenedCosine | 0.2358 | 0.0092 | 0.2275 | 0.0100 | 0.1633   | 0.0140   | 845     | 1.6853  | 43.6 | PASS

[trial=10 seed=52] GLOBAL mode — total_samples=200000
  total: h0=82063 h1=15019
  pooled_train:  n0=1200 n1=1200
  pooled_calib:  n0=1200 n1=1200
  pooled_eval:   n0=1200 n1=1200
  regions (for macro stats only): 1103
[INFO] Cosine baseline routed to direct Hadamard sum (PrecomputedCosine)
[INFO] WeightedEnsemble Cosine judge routed to direct Hadamard sum
  [WeightedEnsemble] Judges routed to 'alt' input: PrecomputedCosine
[WeightedEnsemble] Fitted split-calibrated ensemble (alpha=0.0100, external calib split into META/RISK_CALIB, normalization=h0_cdf):
  tau=0.991250, META: TPR=0.3483, FPR=0.0100, RISK_CALIB: TPR=0.2533, FPR=0.0100
  PrecomputedCosine       : +0.122255
  PCAWhitenedCosine       : +0.028414
  XGBoost                 : +0.773610
  LDA                     : +0.075722

Method                   | TPR    | FPR    | TrTPR  | TrFPR  | MacroTPR | MacroFPR | Regions | TauMean | ms   | OK? 
--------------------------------------------------------------------------------------------------------------------
Cosine                   | 0.2217 | 0.0233 | 0.2283 | 0.0142 | 0.1955   | 0.0301   | 839     | 1.0000  | 29.7 | FAIL
AndBox-HC                | 0.1167 | 0.0058 | 0.1217 | 0.0100 | 0.0912   | 0.0085   | 839     | 0.0000  | 40.7 | PASS
HadamardCosine           | 0.1092 | 0.0133 | 0.1142 | 0.0067 | 0.0913   | 0.0142   | 839     | 1.0000  | 41.9 | FAIL
PCAWhitenedCosine        | 0.2692 | 0.0142 | 0.2808 | 0.0100 | 0.2018   | 0.0225   | 839     | 1.6260  | 32.7 | FAIL
Vec (Wgt)                | 0.2025 | 0.0058 | 0.2208 | 0.0100 | 0.1557   | 0.0093   | 839     | 1.0184  | 32.9 | PASS
Log Reg                  | 0.1000 | 0.0117 | 0.0833 | 0.0100 | 0.0708   | 0.0166   | 839     | 0.5194  | 46.6 | FAIL
LDA                      | 0.1625 | 0.0058 | 0.1625 | 0.0100 | 0.1309   | 0.0093   | 839     | 6.5072  | 35.1 | PASS
Tiny MLP                 | 0.2025 | 0.0075 | 0.2108 | 0.0100 | 0.1476   | 0.0120   | 839     | 0.9779  | 37.1 | PASS
MultiProtoCosine         | 0.0425 | 0.0133 | 0.0358 | 0.0100 | 0.0297   | 0.0165   | 839     | 0.9334  | 42.8 | FAIL
WeightedEnsemble         | 0.2633 | 0.0067 | 0.2742 | 0.0100 | 0.2072   | 0.0102   | 839     | 0.9904  | 61.8 | PASS
XGBoost                  | 0.2075 | 0.0092 | 0.2025 | 0.0100 | 0.1532   | 0.0099   | 839     | 0.8047  | 54.5 | PASS
StabilizedWhitenedCosine | 0.2233 | 0.0108 | 0.2450 | 0.0100 | 0.1644   | 0.0143   | 839     | 1.6516  | 43.6 | FAIL

[trial=11 seed=53] GLOBAL mode — total_samples=200000
  total: h0=82063 h1=15019
  pooled_train:  n0=1200 n1=1200
  pooled_calib:  n0=1200 n1=1200
  pooled_eval:   n0=1200 n1=1200
  regions (for macro stats only): 1103
[INFO] Cosine baseline routed to direct Hadamard sum (PrecomputedCosine)
[INFO] WeightedEnsemble Cosine judge routed to direct Hadamard sum
  [WeightedEnsemble] Judges routed to 'alt' input: PrecomputedCosine
[WeightedEnsemble] Fitted split-calibrated ensemble (alpha=0.0100, external calib split into META/RISK_CALIB, normalization=h0_cdf):
  tau=0.988295, META: TPR=0.3550, FPR=0.0100, RISK_CALIB: TPR=0.1967, FPR=0.0100
  PrecomputedCosine       : +0.093988
  PCAWhitenedCosine       : +0.090001
  XGBoost                 : +0.251554
  LDA                     : +0.564456

Method                   | TPR    | FPR    | TrTPR  | TrFPR  | MacroTPR | MacroFPR | Regions | TauMean | ms   | OK? 
--------------------------------------------------------------------------------------------------------------------
Cosine                   | 0.2367 | 0.0150 | 0.2742 | 0.0208 | 0.2047   | 0.0225   | 844     | 1.0000  | 30.2 | FAIL
AndBox-HC                | 0.0600 | 0.0033 | 0.0783 | 0.0100 | 0.0528   | 0.0050   | 844     | 0.0000  | 40.8 | PASS
HadamardCosine           | 0.1208 | 0.0075 | 0.1483 | 0.0083 | 0.1008   | 0.0086   | 844     | 1.0000  | 43.7 | PASS
PCAWhitenedCosine        | 0.2458 | 0.0142 | 0.2817 | 0.0100 | 0.1711   | 0.0238   | 844     | 1.6955  | 32.6 | FAIL
Vec (Wgt)                | 0.1700 | 0.0117 | 0.1917 | 0.0100 | 0.1369   | 0.0218   | 844     | 1.0323  | 32.6 | FAIL
Log Reg                  | 0.0958 | 0.0167 | 0.0842 | 0.0100 | 0.0769   | 0.0253   | 844     | 0.5188  | 46.9 | FAIL
LDA                      | 0.1408 | 0.0133 | 0.1517 | 0.0100 | 0.1137   | 0.0200   | 844     | 6.3197  | 35.2 | FAIL
Tiny MLP                 | 0.2142 | 0.0133 | 0.2408 | 0.0100 | 0.1603   | 0.0179   | 844     | 0.9808  | 37.6 | FAIL
MultiProtoCosine         | 0.0258 | 0.0108 | 0.0233 | 0.0100 | 0.0255   | 0.0116   | 844     | 0.9357  | 42.5 | FAIL
WeightedEnsemble         | 0.2317 | 0.0108 | 0.2700 | 0.0100 | 0.1788   | 0.0162   | 844     | 0.9842  | 62.6 | FAIL
XGBoost                  | 0.1767 | 0.0100 | 0.2050 | 0.0100 | 0.1544   | 0.0148   | 844     | 0.8120  | 54.5 | PASS
StabilizedWhitenedCosine | 0.1917 | 0.0100 | 0.2192 | 0.0100 | 0.1352   | 0.0185   | 844     | 1.7384  | 43.5 | PASS

[trial=12 seed=54] GLOBAL mode — total_samples=200000
  total: h0=82063 h1=15019
  pooled_train:  n0=1200 n1=1200
  pooled_calib:  n0=1200 n1=1200
  pooled_eval:   n0=1200 n1=1200
  regions (for macro stats only): 1103
[INFO] Cosine baseline routed to direct Hadamard sum (PrecomputedCosine)
[INFO] WeightedEnsemble Cosine judge routed to direct Hadamard sum
  [WeightedEnsemble] Judges routed to 'alt' input: PrecomputedCosine
[WeightedEnsemble] Fitted split-calibrated ensemble (alpha=0.0100, external calib split into META/RISK_CALIB, normalization=h0_cdf):
  tau=0.989608, META: TPR=0.4017, FPR=0.0100, RISK_CALIB: TPR=0.2683, FPR=0.0100
  PrecomputedCosine       : +0.014232
  PCAWhitenedCosine       : +0.239186
  XGBoost                 : +0.232155
  LDA                     : +0.514427

Method                   | TPR    | FPR    | TrTPR  | TrFPR  | MacroTPR | MacroFPR | Regions | TauMean | ms   | OK? 
--------------------------------------------------------------------------------------------------------------------
Cosine                   | 0.2600 | 0.0167 | 0.2550 | 0.0142 | 0.2238   | 0.0275   | 832     | 1.0000  | 42.7 | FAIL
AndBox-HC                | 0.1325 | 0.0100 | 0.1275 | 0.0100 | 0.1117   | 0.0130   | 832     | 0.0000  | 39.4 | PASS
HadamardCosine           | 0.1325 | 0.0075 | 0.1267 | 0.0092 | 0.1038   | 0.0124   | 832     | 1.0000  | 41.8 | PASS
PCAWhitenedCosine        | 0.2925 | 0.0092 | 0.2733 | 0.0100 | 0.2149   | 0.0145   | 832     | 1.6941  | 32.1 | PASS
Vec (Wgt)                | 0.2183 | 0.0083 | 0.2142 | 0.0100 | 0.1595   | 0.0127   | 832     | 1.0206  | 32.4 | PASS
Log Reg                  | 0.0925 | 0.0075 | 0.0758 | 0.0100 | 0.0758   | 0.0075   | 832     | 0.5189  | 46.4 | PASS
LDA                      | 0.1608 | 0.0100 | 0.1683 | 0.0100 | 0.1166   | 0.0124   | 832     | 6.6987  | 34.5 | PASS
Tiny MLP                 | 0.2775 | 0.0100 | 0.2842 | 0.0100 | 0.1949   | 0.0172   | 832     | 0.9803  | 37.0 | PASS
MultiProtoCosine         | 0.0400 | 0.0125 | 0.0292 | 0.0100 | 0.0346   | 0.0167   | 832     | 0.9326  | 41.6 | FAIL
WeightedEnsemble         | 0.3117 | 0.0092 | 0.3092 | 0.0100 | 0.2242   | 0.0127   | 832     | 0.9853  | 61.2 | PASS
XGBoost                  | 0.2242 | 0.0092 | 0.2200 | 0.0067 | 0.1776   | 0.0139   | 832     | 0.8103  | 54.0 | PASS
StabilizedWhitenedCosine | 0.2850 | 0.0117 | 0.2692 | 0.0100 | 0.2036   | 0.0175   | 832     | 1.6672  | 43.5 | FAIL

[trial=13 seed=55] GLOBAL mode — total_samples=200000
  total: h0=82063 h1=15019
  pooled_train:  n0=1200 n1=1200
  pooled_calib:  n0=1200 n1=1200
  pooled_eval:   n0=1200 n1=1200
  regions (for macro stats only): 1103
[INFO] Cosine baseline routed to direct Hadamard sum (PrecomputedCosine)
[INFO] WeightedEnsemble Cosine judge routed to direct Hadamard sum
  [WeightedEnsemble] Judges routed to 'alt' input: PrecomputedCosine
[WeightedEnsemble] Fitted split-calibrated ensemble (alpha=0.0100, external calib split into META/RISK_CALIB, normalization=h0_cdf):
  tau=0.989276, META: TPR=0.3083, FPR=0.0100, RISK_CALIB: TPR=0.1217, FPR=0.0100
  PrecomputedCosine       : +0.062066
  PCAWhitenedCosine       : +0.061508
  XGBoost                 : +0.207437
  LDA                     : +0.668988

Method                   | TPR    | FPR    | TrTPR  | TrFPR  | MacroTPR | MacroFPR | Regions | TauMean | ms   | OK? 
--------------------------------------------------------------------------------------------------------------------
Cosine                   | 0.2692 | 0.0142 | 0.2483 | 0.0192 | 0.2185   | 0.0199   | 840     | 1.0000  | 53.8 | FAIL
AndBox-HC                | 0.1442 | 0.0083 | 0.1400 | 0.0100 | 0.1351   | 0.0116   | 840     | 0.0000  | 39.1 | PASS
HadamardCosine           | 0.1350 | 0.0083 | 0.1333 | 0.0108 | 0.1125   | 0.0120   | 840     | 1.0000  | 39.6 | PASS
PCAWhitenedCosine        | 0.2083 | 0.0108 | 0.2167 | 0.0100 | 0.1500   | 0.0146   | 840     | 1.8604  | 31.2 | FAIL
Vec (Wgt)                | 0.2550 | 0.0150 | 0.2467 | 0.0100 | 0.1751   | 0.0224   | 840     | 1.0210  | 31.0 | FAIL
Log Reg                  | 0.0933 | 0.0100 | 0.0892 | 0.0100 | 0.0747   | 0.0129   | 840     | 0.5181  | 45.5 | PASS
LDA                      | 0.1158 | 0.0058 | 0.1250 | 0.0100 | 0.1049   | 0.0114   | 840     | 6.7885  | 34.5 | PASS
Tiny MLP                 | 0.1875 | 0.0067 | 0.1950 | 0.0100 | 0.1389   | 0.0111   | 840     | 0.9898  | 37.0 | PASS
MultiProtoCosine         | 0.0175 | 0.0092 | 0.0233 | 0.0100 | 0.0138   | 0.0124   | 840     | 0.9359  | 42.1 | PASS
WeightedEnsemble         | 0.2325 | 0.0033 | 0.2442 | 0.0100 | 0.1693   | 0.0072   | 840     | 0.9807  | 61.5 | PASS
XGBoost                  | 0.2783 | 0.0108 | 0.2500 | 0.0100 | 0.1990   | 0.0136   | 840     | 0.7915  | 54.9 | FAIL
StabilizedWhitenedCosine | 0.2117 | 0.0083 | 0.2067 | 0.0100 | 0.1543   | 0.0123   | 840     | 1.7707  | 41.5 | PASS

[trial=14 seed=56] GLOBAL mode — total_samples=200000
  total: h0=82063 h1=15019
  pooled_train:  n0=1200 n1=1200
  pooled_calib:  n0=1200 n1=1200
  pooled_eval:   n0=1200 n1=1200
  regions (for macro stats only): 1103
[INFO] Cosine baseline routed to direct Hadamard sum (PrecomputedCosine)
[INFO] WeightedEnsemble Cosine judge routed to direct Hadamard sum
  [WeightedEnsemble] Judges routed to 'alt' input: PrecomputedCosine
[WeightedEnsemble] Fitted split-calibrated ensemble (alpha=0.0100, external calib split into META/RISK_CALIB, normalization=h0_cdf):
  tau=0.989174, META: TPR=0.3850, FPR=0.0100, RISK_CALIB: TPR=0.2233, FPR=0.0100
  PrecomputedCosine       : +0.129354
  PCAWhitenedCosine       : +0.006061
  XGBoost                 : +0.334997
  LDA                     : +0.529588

Method                   | TPR    | FPR    | TrTPR  | TrFPR  | MacroTPR | MacroFPR | Regions | TauMean | ms   | OK? 
--------------------------------------------------------------------------------------------------------------------
Cosine                   | 0.2342 | 0.0117 | 0.2442 | 0.0150 | 0.2042   | 0.0166   | 847     | 1.0000  | 56.5 | FAIL
AndBox-HC                | 0.1567 | 0.0100 | 0.1517 | 0.0100 | 0.1279   | 0.0157   | 847     | 0.0000  | 38.3 | PASS
HadamardCosine           | 0.1175 | 0.0092 | 0.1292 | 0.0075 | 0.0946   | 0.0122   | 847     | 1.0000  | 41.7 | PASS
PCAWhitenedCosine        | 0.2450 | 0.0100 | 0.2117 | 0.0100 | 0.1742   | 0.0164   | 847     | 1.7662  | 32.8 | PASS
Vec (Wgt)                | 0.2433 | 0.0133 | 0.2533 | 0.0100 | 0.1929   | 0.0267   | 847     | 1.0123  | 33.0 | FAIL
Log Reg                  | 0.0842 | 0.0183 | 0.0975 | 0.0100 | 0.0758   | 0.0285   | 847     | 0.5162  | 46.9 | FAIL
LDA                      | 0.1908 | 0.0108 | 0.1717 | 0.0100 | 0.1490   | 0.0141   | 847     | 6.3338  | 35.1 | FAIL
Tiny MLP                 | 0.3092 | 0.0150 | 0.2842 | 0.0100 | 0.2234   | 0.0209   | 847     | 0.9453  | 37.5 | FAIL
MultiProtoCosine         | 0.0292 | 0.0100 | 0.0250 | 0.0100 | 0.0224   | 0.0107   | 847     | 0.9329  | 42.3 | PASS
WeightedEnsemble         | 0.2933 | 0.0108 | 0.2892 | 0.0083 | 0.2376   | 0.0187   | 847     | 0.9836  | 62.3 | FAIL
XGBoost                  | 0.2575 | 0.0108 | 0.2600 | 0.0083 | 0.2146   | 0.0193   | 847     | 0.7968  | 54.9 | FAIL
StabilizedWhitenedCosine | 0.2833 | 0.0117 | 0.2608 | 0.0100 | 0.2089   | 0.0166   | 847     | 1.5854  | 43.6 | FAIL

[trial=15 seed=57] GLOBAL mode — total_samples=200000
  total: h0=82063 h1=15019
  pooled_train:  n0=1200 n1=1200
  pooled_calib:  n0=1200 n1=1200
  pooled_eval:   n0=1200 n1=1200
  regions (for macro stats only): 1103
[INFO] Cosine baseline routed to direct Hadamard sum (PrecomputedCosine)
[INFO] WeightedEnsemble Cosine judge routed to direct Hadamard sum
  [WeightedEnsemble] Judges routed to 'alt' input: PrecomputedCosine
[WeightedEnsemble] Fitted split-calibrated ensemble (alpha=0.0100, external calib split into META/RISK_CALIB, normalization=h0_cdf):
  tau=0.976913, META: TPR=0.3283, FPR=0.0100, RISK_CALIB: TPR=0.3033, FPR=0.0100
  PrecomputedCosine       : +0.034697
  PCAWhitenedCosine       : +0.457950
  XGBoost                 : +0.030821
  LDA                     : +0.476531

Method                   | TPR    | FPR    | TrTPR  | TrFPR  | MacroTPR | MacroFPR | Regions | TauMean | ms   | OK? 
--------------------------------------------------------------------------------------------------------------------
Cosine                   | 0.2542 | 0.0150 | 0.2467 | 0.0158 | 0.2114   | 0.0189   | 838     | 1.0000  | 43.4 | FAIL
AndBox-HC                | 0.1667 | 0.0117 | 0.1533 | 0.0092 | 0.1288   | 0.0178   | 838     | 0.0000  | 48.7 | FAIL
HadamardCosine           | 0.1367 | 0.0075 | 0.1233 | 0.0108 | 0.1103   | 0.0079   | 838     | 1.0000  | 41.3 | PASS
PCAWhitenedCosine        | 0.2458 | 0.0117 | 0.2408 | 0.0100 | 0.1743   | 0.0198   | 838     | 1.6840  | 32.3 | FAIL
Vec (Wgt)                | 0.2408 | 0.0142 | 0.2250 | 0.0100 | 0.1839   | 0.0250   | 838     | 1.0174  | 32.4 | FAIL
Log Reg                  | 0.0858 | 0.0083 | 0.0858 | 0.0100 | 0.0691   | 0.0105   | 838     | 0.5186  | 46.3 | PASS
LDA                      | 0.1892 | 0.0100 | 0.1883 | 0.0100 | 0.1321   | 0.0172   | 838     | 6.2772  | 34.9 | PASS
Tiny MLP                 | 0.2550 | 0.0142 | 0.2575 | 0.0100 | 0.1770   | 0.0210   | 838     | 0.9834  | 36.7 | FAIL
MultiProtoCosine         | 0.0275 | 0.0100 | 0.0308 | 0.0100 | 0.0176   | 0.0094   | 838     | 0.9355  | 42.3 | PASS
WeightedEnsemble         | 0.3283 | 0.0158 | 0.3175 | 0.0100 | 0.2279   | 0.0264   | 838     | 0.9769  | 61.6 | FAIL
XGBoost                  | 0.2267 | 0.0108 | 0.2183 | 0.0100 | 0.1682   | 0.0185   | 838     | 0.8047  | 54.3 | FAIL
StabilizedWhitenedCosine | 0.2508 | 0.0133 | 0.2467 | 0.0100 | 0.1709   | 0.0198   | 838     | 1.6875  | 42.4 | FAIL

[trial=16 seed=58] GLOBAL mode — total_samples=200000
  total: h0=82063 h1=15019
  pooled_train:  n0=1200 n1=1200
  pooled_calib:  n0=1200 n1=1200
  pooled_eval:   n0=1200 n1=1200
  regions (for macro stats only): 1103
[INFO] Cosine baseline routed to direct Hadamard sum (PrecomputedCosine)
[INFO] WeightedEnsemble Cosine judge routed to direct Hadamard sum
  [WeightedEnsemble] Judges routed to 'alt' input: PrecomputedCosine
[WeightedEnsemble] Fitted split-calibrated ensemble (alpha=0.0100, external calib split into META/RISK_CALIB, normalization=h0_cdf):
  tau=0.980885, META: TPR=0.3033, FPR=0.0100, RISK_CALIB: TPR=0.2767, FPR=0.0100
  PrecomputedCosine       : +0.010504
  PCAWhitenedCosine       : +0.459040
  XGBoost                 : +0.396654
  LDA                     : +0.133802

Method                   | TPR    | FPR    | TrTPR  | TrFPR  | MacroTPR | MacroFPR | Regions | TauMean | ms   | OK? 
--------------------------------------------------------------------------------------------------------------------
Cosine                   | 0.2642 | 0.0150 | 0.2375 | 0.0142 | 0.2139   | 0.0229   | 841     | 1.0000  | 45.0 | FAIL
AndBox-HC                | 0.1458 | 0.0100 | 0.1258 | 0.0100 | 0.1174   | 0.0180   | 841     | 0.0000  | 40.9 | PASS
HadamardCosine           | 0.1283 | 0.0058 | 0.1317 | 0.0067 | 0.1007   | 0.0082   | 841     | 1.0000  | 39.5 | PASS
PCAWhitenedCosine        | 0.2158 | 0.0050 | 0.1942 | 0.0100 | 0.1431   | 0.0080   | 841     | 1.7784  | 40.6 | PASS
Vec (Wgt)                | 0.2658 | 0.0150 | 0.2508 | 0.0100 | 0.1867   | 0.0281   | 841     | 1.0151  | 44.8 | FAIL
Log Reg                  | 0.1083 | 0.0117 | 0.0925 | 0.0100 | 0.0796   | 0.0192   | 841     | 0.5165  | 46.7 | FAIL
LDA                      | 0.1575 | 0.0058 | 0.1417 | 0.0100 | 0.1253   | 0.0079   | 841     | 6.3454  | 35.5 | PASS
Tiny MLP                 | 0.2700 | 0.0067 | 0.2483 | 0.0100 | 0.1855   | 0.0097   | 841     | 0.9738  | 37.4 | PASS
MultiProtoCosine         | 0.0333 | 0.0142 | 0.0350 | 0.0100 | 0.0219   | 0.0151   | 841     | 0.9341  | 43.3 | FAIL
WeightedEnsemble         | 0.2933 | 0.0050 | 0.2658 | 0.0100 | 0.2078   | 0.0085   | 841     | 0.9793  | 62.6 | PASS
XGBoost                  | 0.2517 | 0.0100 | 0.2258 | 0.0100 | 0.1792   | 0.0179   | 841     | 0.7950  | 54.8 | PASS
StabilizedWhitenedCosine | 0.2608 | 0.0108 | 0.2358 | 0.0100 | 0.1833   | 0.0187   | 841     | 1.6400  | 43.8 | FAIL

[trial=17 seed=59] GLOBAL mode — total_samples=200000
  total: h0=82063 h1=15019
  pooled_train:  n0=1200 n1=1200
  pooled_calib:  n0=1200 n1=1200
  pooled_eval:   n0=1200 n1=1200
  regions (for macro stats only): 1103
[INFO] Cosine baseline routed to direct Hadamard sum (PrecomputedCosine)
[INFO] WeightedEnsemble Cosine judge routed to direct Hadamard sum
  [WeightedEnsemble] Judges routed to 'alt' input: PrecomputedCosine
[WeightedEnsemble] Fitted split-calibrated ensemble (alpha=0.0100, external calib split into META/RISK_CALIB, normalization=h0_cdf):
  tau=0.978791, META: TPR=0.2817, FPR=0.0100, RISK_CALIB: TPR=0.2100, FPR=0.0100
  PrecomputedCosine       : +0.494159
  PCAWhitenedCosine       : +0.110428
  XGBoost                 : +0.351522
  LDA                     : +0.043890

Method                   | TPR    | FPR    | TrTPR  | TrFPR  | MacroTPR | MacroFPR | Regions | TauMean | ms   | OK? 
--------------------------------------------------------------------------------------------------------------------
Cosine                   | 0.2433 | 0.0158 | 0.2408 | 0.0183 | 0.2006   | 0.0233   | 843     | 1.0000  | 31.5 | FAIL
AndBox-HC                | 0.1175 | 0.0058 | 0.1100 | 0.0100 | 0.0996   | 0.0092   | 843     | 0.0000  | 42.0 | PASS
HadamardCosine           | 0.1183 | 0.0100 | 0.1208 | 0.0075 | 0.0989   | 0.0133   | 843     | 1.0000  | 41.8 | PASS
PCAWhitenedCosine        | 0.1950 | 0.0092 | 0.1733 | 0.0092 | 0.1390   | 0.0155   | 843     | 1.8776  | 32.3 | PASS
Vec (Wgt)                | 0.1358 | 0.0083 | 0.1700 | 0.0100 | 0.1102   | 0.0164   | 843     | 1.0337  | 32.3 | PASS
Log Reg                  | 0.0625 | 0.0067 | 0.0800 | 0.0100 | 0.0520   | 0.0091   | 843     | 0.5182  | 46.0 | PASS
LDA                      | 0.0725 | 0.0050 | 0.0583 | 0.0100 | 0.0625   | 0.0071   | 843     | 7.2911  | 34.9 | PASS
Tiny MLP                 | 0.1425 | 0.0050 | 0.1342 | 0.0100 | 0.0854   | 0.0085   | 843     | 0.9896  | 37.0 | PASS
MultiProtoCosine         | 0.0183 | 0.0058 | 0.0225 | 0.0100 | 0.0152   | 0.0026   | 843     | 0.9353  | 41.3 | PASS
WeightedEnsemble         | 0.2675 | 0.0108 | 0.2492 | 0.0100 | 0.2130   | 0.0170   | 843     | 0.9777  | 61.6 | FAIL
XGBoost                  | 0.2067 | 0.0092 | 0.1883 | 0.0100 | 0.1415   | 0.0182   | 843     | 0.8138  | 54.2 | PASS
StabilizedWhitenedCosine | 0.1900 | 0.0042 | 0.1925 | 0.0100 | 0.1326   | 0.0061   | 843     | 1.7028  | 43.9 | PASS

[trial=18 seed=60] GLOBAL mode — total_samples=200000
  total: h0=82063 h1=15019
  pooled_train:  n0=1200 n1=1200
  pooled_calib:  n0=1200 n1=1200
  pooled_eval:   n0=1200 n1=1200
  regions (for macro stats only): 1103
[INFO] Cosine baseline routed to direct Hadamard sum (PrecomputedCosine)
[INFO] WeightedEnsemble Cosine judge routed to direct Hadamard sum
  [WeightedEnsemble] Judges routed to 'alt' input: PrecomputedCosine
[WeightedEnsemble] Fitted split-calibrated ensemble (alpha=0.0100, external calib split into META/RISK_CALIB, normalization=h0_cdf):
  tau=0.977743, META: TPR=0.3033, FPR=0.0100, RISK_CALIB: TPR=0.2883, FPR=0.0100
  PrecomputedCosine       : +0.107944
  PCAWhitenedCosine       : +0.242425
  XGBoost                 : +0.211521
  LDA                     : +0.438109

Method                   | TPR    | FPR    | TrTPR  | TrFPR  | MacroTPR | MacroFPR | Regions | TauMean | ms   | OK? 
--------------------------------------------------------------------------------------------------------------------
Cosine                   | 0.2383 | 0.0183 | 0.2333 | 0.0225 | 0.2169   | 0.0259   | 833     | 1.0000  | 31.5 | FAIL
AndBox-HC                | 0.1392 | 0.0050 | 0.1475 | 0.0100 | 0.1199   | 0.0071   | 833     | 0.0000  | 57.6 | PASS
HadamardCosine           | 0.1192 | 0.0117 | 0.1183 | 0.0142 | 0.1024   | 0.0176   | 833     | 1.0000  | 48.3 | FAIL
PCAWhitenedCosine        | 0.1400 | 0.0075 | 0.1450 | 0.0100 | 0.1102   | 0.0102   | 833     | 1.9400  | 32.3 | PASS
Vec (Wgt)                | 0.2400 | 0.0108 | 0.2492 | 0.0100 | 0.1979   | 0.0194   | 833     | 1.0129  | 32.4 | FAIL
Log Reg                  | 0.0758 | 0.0075 | 0.0792 | 0.0100 | 0.0673   | 0.0074   | 833     | 0.5193  | 46.7 | PASS
LDA                      | 0.2350 | 0.0067 | 0.2092 | 0.0100 | 0.1852   | 0.0099   | 833     | 5.7661  | 35.0 | PASS
Tiny MLP                 | 0.2342 | 0.0067 | 0.2258 | 0.0100 | 0.1772   | 0.0120   | 833     | 0.9719  | 36.9 | PASS
MultiProtoCosine         | 0.0175 | 0.0092 | 0.0183 | 0.0100 | 0.0152   | 0.0103   | 833     | 0.9369  | 42.5 | PASS
WeightedEnsemble         | 0.2975 | 0.0092 | 0.2942 | 0.0100 | 0.2453   | 0.0145   | 833     | 0.9755  | 63.1 | PASS
XGBoost                  | 0.2025 | 0.0058 | 0.2075 | 0.0100 | 0.1699   | 0.0093   | 833     | 0.7979  | 56.4 | PASS
StabilizedWhitenedCosine | 0.1858 | 0.0117 | 0.1875 | 0.0100 | 0.1545   | 0.0148   | 833     | 1.7367  | 41.1 | FAIL

[trial=19 seed=61] GLOBAL mode — total_samples=200000
  total: h0=82063 h1=15019
  pooled_train:  n0=1200 n1=1200
  pooled_calib:  n0=1200 n1=1200
  pooled_eval:   n0=1200 n1=1200
  regions (for macro stats only): 1103
[INFO] Cosine baseline routed to direct Hadamard sum (PrecomputedCosine)
[INFO] WeightedEnsemble Cosine judge routed to direct Hadamard sum
  [WeightedEnsemble] Judges routed to 'alt' input: PrecomputedCosine
[WeightedEnsemble] Fitted split-calibrated ensemble (alpha=0.0100, external calib split into META/RISK_CALIB, normalization=h0_cdf):
  tau=0.985857, META: TPR=0.2667, FPR=0.0100, RISK_CALIB: TPR=0.3033, FPR=0.0100
  PrecomputedCosine       : +0.000000
  PCAWhitenedCosine       : +1.000000
  XGBoost                 : +0.000000
  LDA                     : +0.000000

Method                   | TPR    | FPR    | TrTPR  | TrFPR  | MacroTPR | MacroFPR | Regions | TauMean | ms   | OK? 
--------------------------------------------------------------------------------------------------------------------
Cosine                   | 0.2508 | 0.0133 | 0.2442 | 0.0183 | 0.2050   | 0.0197   | 844     | 1.0000  | 29.2 | FAIL
AndBox-HC                | 0.1500 | 0.0108 | 0.1608 | 0.0100 | 0.1271   | 0.0177   | 844     | 0.0000  | 39.9 | FAIL
HadamardCosine           | 0.1217 | 0.0092 | 0.1233 | 0.0108 | 0.0931   | 0.0132   | 844     | 1.0000  | 42.1 | PASS
PCAWhitenedCosine        | 0.3042 | 0.0125 | 0.2800 | 0.0100 | 0.2316   | 0.0223   | 844     | 1.5888  | 32.4 | FAIL
Vec (Wgt)                | 0.3142 | 0.0150 | 0.3133 | 0.0100 | 0.2435   | 0.0260   | 844     | 1.0003  | 32.7 | FAIL
Log Reg                  | 0.1267 | 0.0150 | 0.1208 | 0.0100 | 0.1043   | 0.0208   | 844     | 0.5147  | 46.5 | FAIL
LDA                      | 0.2842 | 0.0100 | 0.2650 | 0.0100 | 0.2243   | 0.0171   | 844     | 5.8101  | 34.7 | PASS
Tiny MLP                 | 0.2608 | 0.0092 | 0.2642 | 0.0100 | 0.2039   | 0.0171   | 844     | 0.9644  | 37.0 | PASS
MultiProtoCosine         | 0.0358 | 0.0100 | 0.0367 | 0.0100 | 0.0266   | 0.0123   | 844     | 0.9329  | 42.3 | PASS
WeightedEnsemble         | 0.3042 | 0.0125 | 0.2800 | 0.0100 | 0.2316   | 0.0223   | 844     | 0.9892  | 61.3 | FAIL
XGBoost                  | 0.1017 | 0.0000 | 0.0875 | 0.0033 | 0.0707   | 0.0000   | 844     | 0.8162  | 54.2 | PASS
StabilizedWhitenedCosine | 0.2617 | 0.0150 | 0.2758 | 0.0100 | 0.1950   | 0.0271   | 844     | 1.5865  | 43.4 | FAIL

=== Ranking by mean micro TPR (UNCONSTRAINED) ===
 1. WeightedEnsemble   TPR=0.2890±0.0369 FPR=0.0097±0.0039 [PASS]
 2. Cosine             TPR=0.2490±0.0137 FPR=0.0159±0.0028 [FAIL]
 3. Vec (Wgt)          TPR=0.2466±0.0474 FPR=0.0110±0.0036 [FAIL]
 4. StabilizedWhitenedCosine TPR=0.2451±0.0432 FPR=0.0094±0.0033 [PASS]
 5. PCAWhitenedCosine  TPR=0.2446±0.0549 FPR=0.0097±0.0032 [PASS]
 6. Tiny MLP           TPR=0.2431±0.0465 FPR=0.0095±0.0035 [PASS]
 7. XGBoost            TPR=0.2332±0.0497 FPR=0.0088±0.0030 [PASS]
 8. LDA                TPR=0.1752±0.0527 FPR=0.0094±0.0034 [PASS]
 9. HadamardCosine     TPR=0.1399±0.0431 FPR=0.0100±0.0030 [PASS]
10. AndBox-HC          TPR=0.1391±0.0346 FPR=0.0083±0.0037 [PASS]
11. Log Reg            TPR=0.0900±0.0170 FPR=0.0095±0.0042 [PASS]
12. MultiProtoCosine   TPR=0.0278±0.0079 FPR=0.0094±0.0025 [PASS]

=== Ranking by mean micro TPR (CONSTRAINED: FPR <= alpha) ===
 1. WeightedEnsemble   TPR=0.2890±0.0369 FPR=0.0097±0.0039
 2. StabilizedWhitenedCosine TPR=0.2451±0.0432 FPR=0.0094±0.0033
 3. PCAWhitenedCosine  TPR=0.2446±0.0549 FPR=0.0097±0.0032
 4. Tiny MLP           TPR=0.2431±0.0465 FPR=0.0095±0.0035
 5. XGBoost            TPR=0.2332±0.0497 FPR=0.0088±0.0030
 6. LDA                TPR=0.1752±0.0527 FPR=0.0094±0.0034
 7. HadamardCosine     TPR=0.1399±0.0431 FPR=0.0100±0.0030
 8. AndBox-HC          TPR=0.1391±0.0346 FPR=0.0083±0.0037
 9. Log Reg            TPR=0.0900±0.0170 FPR=0.0095±0.0042
10. MultiProtoCosine   TPR=0.0278±0.0079 FPR=0.0094±0.0025
[CSV] Saved: /home/malmatal/Projects/Multi_Dim_Threshold/NeighborCache/outputs/region_local_threshold/run_20260511_145139/trial_summary.csv
[JSON] Saved: /home/malmatal/Projects/Multi_Dim_Threshold/NeighborCache/outputs/region_local_threshold/run_20260511_145139/ranking.json
[CSV] Saved: /home/malmatal/Projects/Multi_Dim_Threshold/NeighborCache/outputs/region_local_threshold/run_20260511_145139/weighted_ensemble_meta_weights.csv
[JSON] Saved: /home/malmatal/Projects/Multi_Dim_Threshold/NeighborCache/outputs/region_local_threshold/run_20260511_145139/notes.json

Best (constrained FPR <= alpha): WeightedEnsemble
[Done] outputs at: /home/malmatal/Projects/Multi_Dim_Threshold/NeighborCache/outputs/region_local_threshold/run_20260511_145139

Task 1 completed successfully.
