------------------------------------
Mon 11 May 2026 14:56:39 IDT
SLURM_JOBID:		17480207
SLURM_JOB_NODELIST:	ise-4090-07
SLURM_SCRATCH_DIR:	/scratch/malmatal/17480207
Allocated Resouces:	cpu - 4 / mem - 32768 MB / gpu - 2
SLURM_GPU_INDEX:	2
Running as malmatal from gilein account with normal QOS
------------------------------------
SLURM_JOB_ID=17480207
SLURM_ARRAY_TASK_ID=5
HOSTNAME=ise-4090-07.auth.ad.bgu.ac.il
DATE=2026-05-11T14:56:39+03:00
EXP_ROOT=NeighborCache/results/paper_normal_20260511_145113
COMMANDS_FILE=NeighborCache/results/paper_normal_20260511_145113/commands.txt
Running command:
/home/malmatal/.conda/envs/ec/bin/python -m NeighborCache.region_local_threshold.cli --data NeighborCache/data/lmsys_h1h0_by_cluster_h1keep_with_unormalized_embedding_fixed.npz --region_key global_cluster --alpha 0.01 --tau_mode global --n_trials 20 --seed 42 --n_train 1200 --n_calib 1200 --n_eval 1200 --hadamard_preprocess

[INFO] Using features key='emb' dim=1024
[INFO] Applied Hadamard preprocessing (strategy=centroid_nearest, use_delta_vec=False, use_abs_diff=False) to X_main

=== Region Threshold Benchmark ===
dataset_npz=NeighborCache/data/lmsys_h1h0_by_cluster_h1keep_with_unormalized_embedding_fixed.npz
region_key=global_cluster (resolved=global_cluster, unique=2740)
features=emb+hadamard rows=96890 dim=1024
text_pairs=text+region_anchor[centroid_nearest]
alpha=0.01 tie_mode=ge trials=20 base_seed=42
tau_mode=global
hadamard_preprocess=True
abs_diff_only_preprocess=False
use_delta_vec=False
use_abs_diff=False
normalize_data=False
filter_policy=none
train_cosine_policy_active=False
caps: train=1200 calib=1200 eval=1200
mins: min_h0_eval=20 min_h1_eval=20
run_dir=/home/malmatal/Projects/Multi_Dim_Threshold/NeighborCache/outputs/region_local_threshold/run_20260511_145651

[trial=0 seed=42] GLOBAL mode — total_samples=96890
  total: h0=73638 h1=21058
  pooled_train:  n0=1200 n1=1200
  pooled_calib:  n0=1200 n1=1200
  pooled_eval:   n0=1200 n1=1200
  regions (for macro stats only): 2740
[INFO] Cosine baseline routed to direct Hadamard sum (PrecomputedCosine)
[INFO] WeightedEnsemble Cosine judge routed to direct Hadamard sum
  [WeightedEnsemble] Judges routed to 'alt' input: PrecomputedCosine
[WeightedEnsemble] Fitted split-calibrated ensemble (alpha=0.0100, external calib split into META/RISK_CALIB, normalization=h0_cdf):
  tau=0.951187, META: TPR=0.3217, FPR=0.0100, RISK_CALIB: TPR=0.2233, FPR=0.0100
  PrecomputedCosine       : +0.073712
  PCAWhitenedCosine       : +0.122606
  XGBoost                 : +0.710865
  LDA                     : +0.092818

Method                   | TPR    | FPR    | TrTPR  | TrFPR  | MacroTPR | MacroFPR | Regions | TauMean | ms   | OK? 
--------------------------------------------------------------------------------------------------------------------
Cosine                   | 0.1175 | 0.0125 | 0.1292 | 0.0100 | 0.1472   | 0.0192   | 1268    | 0.9994  | 51.4 | FAIL
AndBox-HC                | 0.0633 | 0.0083 | 0.0658 | 0.0100 | 0.0763   | 0.0116   | 1268    | 0.0000  | 46.6 | PASS
HadamardCosine           | 0.1175 | 0.0125 | 0.1292 | 0.0100 | 0.1472   | 0.0192   | 1268    | 0.9994  | 43.9 | FAIL
PCAWhitenedCosine        | 0.1842 | 0.0183 | 0.1833 | 0.0100 | 0.1500   | 0.0270   | 1268    | 1.7290  | 39.4 | FAIL
Vec (Wgt)                | 0.2325 | 0.0258 | 0.2658 | 0.0100 | 0.2273   | 0.0425   | 1268    | 0.9458  | 39.2 | FAIL
Log Reg                  | 0.0983 | 0.0083 | 0.0958 | 0.0100 | 0.0702   | 0.0138   | 1268    | 0.5110  | 47.1 | PASS
LDA                      | 0.1275 | 0.0192 | 0.1483 | 0.0100 | 0.1295   | 0.0282   | 1268    | 7.0140  | 42.0 | FAIL
Tiny MLP                 | 0.1483 | 0.0150 | 0.1700 | 0.0100 | 0.1344   | 0.0231   | 1268    | 0.9625  | 44.0 | FAIL
MultiProtoCosine         | 0.0242 | 0.0117 | 0.0275 | 0.0100 | 0.0186   | 0.0087   | 1268    | 0.9235  | 47.5 | FAIL
WeightedEnsemble         | 0.2225 | 0.0192 | 0.2550 | 0.0100 | 0.1962   | 0.0284   | 1268    | 0.9487  | 68.7 | FAIL
XGBoost                  | 0.1400 | 0.0100 | 0.1608 | 0.0100 | 0.1057   | 0.0109   | 1268    | 0.7834  | 61.0 | PASS
StabilizedWhitenedCosine | 0.0825 | 0.0083 | 0.0767 | 0.0100 | 0.0666   | 0.0107   | 1268    | 1.9390  | 43.2 | PASS

[trial=1 seed=43] GLOBAL mode — total_samples=96890
  total: h0=73638 h1=21058
  pooled_train:  n0=1200 n1=1200
  pooled_calib:  n0=1200 n1=1200
  pooled_eval:   n0=1200 n1=1200
  regions (for macro stats only): 2740
[INFO] Cosine baseline routed to direct Hadamard sum (PrecomputedCosine)
[INFO] WeightedEnsemble Cosine judge routed to direct Hadamard sum
  [WeightedEnsemble] Judges routed to 'alt' input: PrecomputedCosine
[WeightedEnsemble] Fitted split-calibrated ensemble (alpha=0.0100, external calib split into META/RISK_CALIB, normalization=h0_cdf):
  tau=0.932472, META: TPR=0.2600, FPR=0.0100, RISK_CALIB: TPR=0.2400, FPR=0.0100
  PrecomputedCosine       : +0.093988
  PCAWhitenedCosine       : +0.090001
  XGBoost                 : +0.251554
  LDA                     : +0.564456

Method                   | TPR    | FPR    | TrTPR  | TrFPR  | MacroTPR | MacroFPR | Regions | TauMean | ms   | OK? 
--------------------------------------------------------------------------------------------------------------------
Cosine                   | 0.1183 | 0.0142 | 0.1342 | 0.0100 | 0.1504   | 0.0199   | 1296    | 0.9994  | 38.3 | FAIL
AndBox-HC                | 0.0550 | 0.0083 | 0.0600 | 0.0100 | 0.0615   | 0.0106   | 1296    | 0.0000  | 50.5 | PASS
HadamardCosine           | 0.1183 | 0.0142 | 0.1342 | 0.0100 | 0.1504   | 0.0199   | 1296    | 0.9994  | 44.5 | FAIL
PCAWhitenedCosine        | 0.1658 | 0.0058 | 0.1825 | 0.0100 | 0.1331   | 0.0098   | 1296    | 1.8846  | 40.4 | PASS
Vec (Wgt)                | 0.2133 | 0.0092 | 0.2492 | 0.0100 | 0.2041   | 0.0140   | 1296    | 0.9580  | 40.1 | PASS
Log Reg                  | 0.0633 | 0.0067 | 0.0717 | 0.0100 | 0.0460   | 0.0091   | 1296    | 0.5122  | 47.6 | PASS
LDA                      | 0.1192 | 0.0058 | 0.1317 | 0.0100 | 0.1054   | 0.0091   | 1296    | 6.9838  | 42.7 | PASS
Tiny MLP                 | 0.1167 | 0.0042 | 0.1308 | 0.0100 | 0.0933   | 0.0070   | 1296    | 0.9794  | 44.6 | PASS
MultiProtoCosine         | 0.0183 | 0.0075 | 0.0333 | 0.0100 | 0.0153   | 0.0091   | 1296    | 0.9467  | 48.2 | PASS
WeightedEnsemble         | 0.2125 | 0.0083 | 0.2500 | 0.0100 | 0.1905   | 0.0133   | 1296    | 0.9323  | 69.9 | PASS
XGBoost                  | 0.1000 | 0.0067 | 0.1242 | 0.0100 | 0.0775   | 0.0112   | 1296    | 0.8155  | 61.6 | PASS
StabilizedWhitenedCosine | 0.0867 | 0.0117 | 0.0833 | 0.0100 | 0.0553   | 0.0196   | 1296    | 1.9712  | 44.1 | FAIL

[trial=2 seed=44] GLOBAL mode — total_samples=96890
  total: h0=73638 h1=21058
  pooled_train:  n0=1200 n1=1200
  pooled_calib:  n0=1200 n1=1200
  pooled_eval:   n0=1200 n1=1200
  regions (for macro stats only): 2740
[INFO] Cosine baseline routed to direct Hadamard sum (PrecomputedCosine)
[INFO] WeightedEnsemble Cosine judge routed to direct Hadamard sum
  [WeightedEnsemble] Judges routed to 'alt' input: PrecomputedCosine
[WeightedEnsemble] Fitted split-calibrated ensemble (alpha=0.0100, external calib split into META/RISK_CALIB, normalization=h0_cdf):
  tau=0.946090, META: TPR=0.1733, FPR=0.0100, RISK_CALIB: TPR=0.1550, FPR=0.0100
  PrecomputedCosine       : +0.628406
  PCAWhitenedCosine       : +0.114103
  XGBoost                 : +0.004692
  LDA                     : +0.252799

Method                   | TPR    | FPR    | TrTPR  | TrFPR  | MacroTPR | MacroFPR | Regions | TauMean | ms   | OK? 
--------------------------------------------------------------------------------------------------------------------
Cosine                   | 0.1117 | 0.0092 | 0.1442 | 0.0142 | 0.1405   | 0.0107   | 1303    | 1.0000  | 38.7 | PASS
AndBox-HC                | 0.0425 | 0.0117 | 0.0583 | 0.0100 | 0.0538   | 0.0126   | 1303    | 0.0000  | 60.3 | FAIL
HadamardCosine           | 0.0675 | 0.0025 | 0.0850 | 0.0092 | 0.0900   | 0.0042   | 1303    | 1.0000  | 44.2 | PASS
PCAWhitenedCosine        | 0.1325 | 0.0058 | 0.1283 | 0.0100 | 0.1083   | 0.0078   | 1303    | 1.9335  | 40.2 | PASS
Vec (Wgt)                | 0.1700 | 0.0042 | 0.1842 | 0.0100 | 0.1591   | 0.0057   | 1303    | 0.9702  | 40.0 | PASS
Log Reg                  | 0.0792 | 0.0117 | 0.0725 | 0.0100 | 0.0473   | 0.0142   | 1303    | 0.5126  | 47.7 | FAIL
LDA                      | 0.0742 | 0.0075 | 0.0750 | 0.0100 | 0.0648   | 0.0113   | 1303    | 7.9168  | 42.6 | PASS
Tiny MLP                 | 0.1167 | 0.0075 | 0.1300 | 0.0100 | 0.0985   | 0.0113   | 1303    | 0.9767  | 44.8 | PASS
MultiProtoCosine         | 0.0292 | 0.0133 | 0.0317 | 0.0100 | 0.0285   | 0.0175   | 1303    | 0.9194  | 48.2 | FAIL
WeightedEnsemble         | 0.1292 | 0.0075 | 0.1567 | 0.0100 | 0.1360   | 0.0106   | 1303    | 0.9451  | 70.0 | PASS
XGBoost                  | 0.1167 | 0.0092 | 0.1050 | 0.0100 | 0.0734   | 0.0142   | 1303    | 0.8196  | 61.6 | PASS
StabilizedWhitenedCosine | 0.0950 | 0.0092 | 0.0833 | 0.0100 | 0.0710   | 0.0120   | 1303    | 1.9542  | 44.3 | PASS

[trial=3 seed=45] GLOBAL mode — total_samples=96890
  total: h0=73638 h1=21058
  pooled_train:  n0=1200 n1=1200
  pooled_calib:  n0=1200 n1=1200
  pooled_eval:   n0=1200 n1=1200
  regions (for macro stats only): 2740
[INFO] Cosine baseline routed to direct Hadamard sum (PrecomputedCosine)
[INFO] WeightedEnsemble Cosine judge routed to direct Hadamard sum
  [WeightedEnsemble] Judges routed to 'alt' input: PrecomputedCosine
[WeightedEnsemble] Fitted split-calibrated ensemble (alpha=0.0100, external calib split into META/RISK_CALIB, normalization=h0_cdf):
  tau=0.944942, META: TPR=0.2817, FPR=0.0100, RISK_CALIB: TPR=0.2000, FPR=0.0100
  PrecomputedCosine       : +0.101296
  PCAWhitenedCosine       : +0.185897
  XGBoost                 : +0.677520
  LDA                     : +0.035287

Method                   | TPR    | FPR    | TrTPR  | TrFPR  | MacroTPR | MacroFPR | Regions | TauMean | ms   | OK? 
--------------------------------------------------------------------------------------------------------------------
Cosine                   | 0.1192 | 0.0083 | 0.1333 | 0.0117 | 0.1482   | 0.0133   | 1299    | 1.0000  | 60.8 | PASS
AndBox-HC                | 0.0717 | 0.0083 | 0.0783 | 0.0100 | 0.0832   | 0.0094   | 1299    | 0.0000  | 45.0 | PASS
HadamardCosine           | 0.0617 | 0.0042 | 0.0817 | 0.0050 | 0.0758   | 0.0063   | 1299    | 1.0000  | 44.2 | PASS
PCAWhitenedCosine        | 0.1842 | 0.0100 | 0.1825 | 0.0100 | 0.1470   | 0.0132   | 1299    | 1.5880  | 40.3 | PASS
Vec (Wgt)                | 0.1925 | 0.0133 | 0.2167 | 0.0100 | 0.1777   | 0.0170   | 1299    | 0.9588  | 40.0 | FAIL
Log Reg                  | 0.0867 | 0.0067 | 0.0983 | 0.0100 | 0.0592   | 0.0091   | 1299    | 0.5104  | 47.6 | PASS
LDA                      | 0.1133 | 0.0100 | 0.1025 | 0.0100 | 0.1038   | 0.0168   | 1299    | 5.8572  | 43.0 | PASS
Tiny MLP                 | 0.1342 | 0.0083 | 0.1275 | 0.0100 | 0.1073   | 0.0121   | 1299    | 0.9655  | 44.9 | PASS
MultiProtoCosine         | 0.0258 | 0.0083 | 0.0217 | 0.0100 | 0.0249   | 0.0105   | 1299    | 0.9194  | 48.3 | PASS
WeightedEnsemble         | 0.1992 | 0.0117 | 0.2050 | 0.0100 | 0.1704   | 0.0182   | 1299    | 0.9439  | 69.6 | FAIL
XGBoost                  | 0.0808 | 0.0050 | 0.0833 | 0.0100 | 0.0609   | 0.0070   | 1299    | 0.7958  | 62.3 | PASS
StabilizedWhitenedCosine | 0.1150 | 0.0142 | 0.1175 | 0.0100 | 0.0724   | 0.0194   | 1299    | 1.6183  | 44.7 | FAIL

[trial=4 seed=46] GLOBAL mode — total_samples=96890
  total: h0=73638 h1=21058
  pooled_train:  n0=1200 n1=1200
  pooled_calib:  n0=1200 n1=1200
  pooled_eval:   n0=1200 n1=1200
  regions (for macro stats only): 2740
[INFO] Cosine baseline routed to direct Hadamard sum (PrecomputedCosine)
[INFO] WeightedEnsemble Cosine judge routed to direct Hadamard sum
  [WeightedEnsemble] Judges routed to 'alt' input: PrecomputedCosine
[WeightedEnsemble] Fitted split-calibrated ensemble (alpha=0.0100, external calib split into META/RISK_CALIB, normalization=h0_cdf):
  tau=0.946690, META: TPR=0.2667, FPR=0.0100, RISK_CALIB: TPR=0.1783, FPR=0.0100
  PrecomputedCosine       : +0.103341
  PCAWhitenedCosine       : +0.334074
  XGBoost                 : +0.422031
  LDA                     : +0.140554

Method                   | TPR    | FPR    | TrTPR  | TrFPR  | MacroTPR | MacroFPR | Regions | TauMean | ms   | OK? 
--------------------------------------------------------------------------------------------------------------------
Cosine                   | 0.1217 | 0.0075 | 0.1042 | 0.0108 | 0.1492   | 0.0105   | 1288    | 1.0000  | 38.4 | PASS
AndBox-HC                | 0.0533 | 0.0067 | 0.0550 | 0.0100 | 0.0624   | 0.0087   | 1288    | 0.0000  | 48.8 | PASS
HadamardCosine           | 0.0692 | 0.0033 | 0.0617 | 0.0058 | 0.0852   | 0.0042   | 1288    | 1.0000  | 43.7 | PASS
PCAWhitenedCosine        | 0.1908 | 0.0100 | 0.1908 | 0.0100 | 0.1550   | 0.0119   | 1288    | 1.7663  | 39.7 | PASS
Vec (Wgt)                | 0.2275 | 0.0158 | 0.2208 | 0.0100 | 0.2149   | 0.0244   | 1288    | 0.9551  | 39.5 | FAIL
Log Reg                  | 0.1025 | 0.0100 | 0.0808 | 0.0100 | 0.0654   | 0.0132   | 1288    | 0.5112  | 47.2 | PASS
LDA                      | 0.1200 | 0.0100 | 0.1192 | 0.0100 | 0.1015   | 0.0153   | 1288    | 6.5495  | 42.3 | PASS
Tiny MLP                 | 0.1400 | 0.0108 | 0.1433 | 0.0100 | 0.1131   | 0.0146   | 1288    | 0.9901  | 44.3 | FAIL
MultiProtoCosine         | 0.0133 | 0.0042 | 0.0158 | 0.0100 | 0.0123   | 0.0035   | 1288    | 0.9228  | 47.8 | PASS
WeightedEnsemble         | 0.2133 | 0.0092 | 0.2192 | 0.0100 | 0.1802   | 0.0122   | 1288    | 0.9396  | 69.5 | PASS
XGBoost                  | 0.1500 | 0.0142 | 0.1308 | 0.0100 | 0.1064   | 0.0156   | 1288    | 0.7897  | 61.5 | FAIL
StabilizedWhitenedCosine | 0.0733 | 0.0100 | 0.0642 | 0.0100 | 0.0574   | 0.0105   | 1288    | 1.8487  | 43.7 | PASS

[trial=5 seed=47] GLOBAL mode — total_samples=96890
  total: h0=73638 h1=21058
  pooled_train:  n0=1200 n1=1200
  pooled_calib:  n0=1200 n1=1200
  pooled_eval:   n0=1200 n1=1200
  regions (for macro stats only): 2740
[INFO] Cosine baseline routed to direct Hadamard sum (PrecomputedCosine)
[INFO] WeightedEnsemble Cosine judge routed to direct Hadamard sum
  [WeightedEnsemble] Judges routed to 'alt' input: PrecomputedCosine
[WeightedEnsemble] Fitted split-calibrated ensemble (alpha=0.0100, external calib split into META/RISK_CALIB, normalization=h0_cdf):
  tau=0.930538, META: TPR=0.2200, FPR=0.0100, RISK_CALIB: TPR=0.1917, FPR=0.0100
  PrecomputedCosine       : +0.128462
  PCAWhitenedCosine       : +0.217267
  XGBoost                 : +0.550449
  LDA                     : +0.103822

Method                   | TPR    | FPR    | TrTPR  | TrFPR  | MacroTPR | MacroFPR | Regions | TauMean | ms   | OK? 
--------------------------------------------------------------------------------------------------------------------
Cosine                   | 0.1267 | 0.0067 | 0.1417 | 0.0108 | 0.1518   | 0.0096   | 1271    | 1.0000  | 37.4 | PASS
AndBox-HC                | 0.0800 | 0.0083 | 0.0808 | 0.0100 | 0.0919   | 0.0121   | 1271    | 0.0000  | 49.4 | PASS
HadamardCosine           | 0.0733 | 0.0033 | 0.0917 | 0.0042 | 0.0892   | 0.0039   | 1271    | 1.0000  | 43.8 | PASS
PCAWhitenedCosine        | 0.1358 | 0.0042 | 0.1175 | 0.0100 | 0.1064   | 0.0052   | 1271    | 1.8953  | 39.4 | PASS
Vec (Wgt)                | 0.1842 | 0.0083 | 0.1875 | 0.0100 | 0.1760   | 0.0143   | 1271    | 0.9619  | 39.0 | PASS
Log Reg                  | 0.1350 | 0.0133 | 0.1175 | 0.0100 | 0.0974   | 0.0185   | 1271    | 0.5102  | 47.2 | FAIL
LDA                      | 0.1167 | 0.0175 | 0.1200 | 0.0100 | 0.1113   | 0.0254   | 1271    | 6.5658  | 42.1 | FAIL
Tiny MLP                 | 0.1608 | 0.0092 | 0.1517 | 0.0100 | 0.1371   | 0.0138   | 1271    | 0.9653  | 44.1 | PASS
MultiProtoCosine         | 0.0183 | 0.0108 | 0.0125 | 0.0100 | 0.0133   | 0.0150   | 1271    | 0.9329  | 47.5 | FAIL
WeightedEnsemble         | 0.2183 | 0.0100 | 0.2058 | 0.0100 | 0.1936   | 0.0145   | 1271    | 0.9283  | 69.2 | PASS
XGBoost                  | 0.1008 | 0.0058 | 0.1033 | 0.0100 | 0.0664   | 0.0081   | 1271    | 0.8020  | 61.3 | PASS
StabilizedWhitenedCosine | 0.1133 | 0.0083 | 0.0992 | 0.0100 | 0.0803   | 0.0128   | 1271    | 1.6755  | 43.5 | PASS

[trial=6 seed=48] GLOBAL mode — total_samples=96890
  total: h0=73638 h1=21058
  pooled_train:  n0=1200 n1=1200
  pooled_calib:  n0=1200 n1=1200
  pooled_eval:   n0=1200 n1=1200
  regions (for macro stats only): 2740
[INFO] Cosine baseline routed to direct Hadamard sum (PrecomputedCosine)
[INFO] WeightedEnsemble Cosine judge routed to direct Hadamard sum
  [WeightedEnsemble] Judges routed to 'alt' input: PrecomputedCosine
[WeightedEnsemble] Fitted split-calibrated ensemble (alpha=0.0100, external calib split into META/RISK_CALIB, normalization=h0_cdf):
  tau=0.972491, META: TPR=0.2200, FPR=0.0100, RISK_CALIB: TPR=0.1383, FPR=0.0100
  PrecomputedCosine       : +0.014232
  PCAWhitenedCosine       : +0.239186
  XGBoost                 : +0.232155
  LDA                     : +0.514427

Method                   | TPR    | FPR    | TrTPR  | TrFPR  | MacroTPR | MacroFPR | Regions | TauMean | ms   | OK? 
--------------------------------------------------------------------------------------------------------------------
Cosine                   | 0.1292 | 0.0117 | 0.1183 | 0.0142 | 0.1613   | 0.0172   | 1291    | 1.0000  | 61.4 | FAIL
AndBox-HC                | 0.0450 | 0.0050 | 0.0408 | 0.0100 | 0.0510   | 0.0050   | 1291    | 0.0000  | 44.7 | PASS
HadamardCosine           | 0.0725 | 0.0042 | 0.0717 | 0.0075 | 0.0924   | 0.0053   | 1291    | 1.0000  | 44.2 | PASS
PCAWhitenedCosine        | 0.1750 | 0.0150 | 0.1633 | 0.0100 | 0.1282   | 0.0207   | 1291    | 1.7838  | 40.1 | FAIL
Vec (Wgt)                | 0.2067 | 0.0158 | 0.2092 | 0.0100 | 0.2017   | 0.0221   | 1291    | 0.9566  | 39.7 | FAIL
Log Reg                  | 0.0842 | 0.0083 | 0.0775 | 0.0100 | 0.0641   | 0.0139   | 1291    | 0.5127  | 47.4 | PASS
LDA                      | 0.1708 | 0.0117 | 0.1550 | 0.0100 | 0.1462   | 0.0174   | 1291    | 6.4728  | 42.4 | FAIL
Tiny MLP                 | 0.1442 | 0.0067 | 0.1417 | 0.0100 | 0.1094   | 0.0095   | 1291    | 0.9810  | 44.5 | PASS
MultiProtoCosine         | 0.0225 | 0.0083 | 0.0175 | 0.0100 | 0.0165   | 0.0116   | 1291    | 0.9201  | 47.9 | PASS
WeightedEnsemble         | 0.1817 | 0.0083 | 0.1633 | 0.0100 | 0.1423   | 0.0116   | 1291    | 0.9720  | 69.4 | PASS
XGBoost                  | 0.1108 | 0.0083 | 0.0975 | 0.0100 | 0.0722   | 0.0104   | 1291    | 0.8160  | 61.5 | PASS
StabilizedWhitenedCosine | 0.1083 | 0.0083 | 0.1075 | 0.0100 | 0.0779   | 0.0125   | 1291    | 1.7837  | 43.9 | PASS

[trial=7 seed=49] GLOBAL mode — total_samples=96890
  total: h0=73638 h1=21058
  pooled_train:  n0=1200 n1=1200
  pooled_calib:  n0=1200 n1=1200
  pooled_eval:   n0=1200 n1=1200
  regions (for macro stats only): 2740
[INFO] Cosine baseline routed to direct Hadamard sum (PrecomputedCosine)
[INFO] WeightedEnsemble Cosine judge routed to direct Hadamard sum
  [WeightedEnsemble] Judges routed to 'alt' input: PrecomputedCosine
[WeightedEnsemble] Fitted split-calibrated ensemble (alpha=0.0100, external calib split into META/RISK_CALIB, normalization=h0_cdf):
  tau=0.916229, META: TPR=0.1933, FPR=0.0100, RISK_CALIB: TPR=0.2550, FPR=0.0100
  PrecomputedCosine       : +0.233393
  PCAWhitenedCosine       : +0.561664
  XGBoost                 : +0.126933
  LDA                     : +0.078010

Method                   | TPR    | FPR    | TrTPR  | TrFPR  | MacroTPR | MacroFPR | Regions | TauMean | ms   | OK? 
--------------------------------------------------------------------------------------------------------------------
Cosine                   | 0.1308 | 0.0150 | 0.1392 | 0.0100 | 0.1534   | 0.0198   | 1286    | 0.9997  | 38.5 | FAIL
AndBox-HC                | 0.0800 | 0.0100 | 0.0683 | 0.0100 | 0.0913   | 0.0129   | 1286    | 0.0000  | 49.5 | PASS
HadamardCosine           | 0.1308 | 0.0150 | 0.1392 | 0.0100 | 0.1534   | 0.0198   | 1286    | 0.9997  | 44.4 | FAIL
PCAWhitenedCosine        | 0.1375 | 0.0067 | 0.1375 | 0.0100 | 0.1155   | 0.0098   | 1286    | 1.8551  | 39.7 | PASS
Vec (Wgt)                | 0.1925 | 0.0125 | 0.1883 | 0.0100 | 0.1836   | 0.0177   | 1286    | 0.9608  | 39.6 | FAIL
Log Reg                  | 0.0650 | 0.0117 | 0.0825 | 0.0100 | 0.0425   | 0.0173   | 1286    | 0.5116  | 47.6 | FAIL
LDA                      | 0.1258 | 0.0100 | 0.1267 | 0.0100 | 0.1181   | 0.0137   | 1286    | 6.6815  | 42.3 | PASS
Tiny MLP                 | 0.1125 | 0.0100 | 0.1225 | 0.0100 | 0.0942   | 0.0144   | 1286    | 0.9772  | 44.6 | PASS
MultiProtoCosine         | 0.0283 | 0.0092 | 0.0267 | 0.0100 | 0.0210   | 0.0129   | 1286    | 0.9183  | 48.0 | PASS
WeightedEnsemble         | 0.1758 | 0.0092 | 0.1833 | 0.0100 | 0.1654   | 0.0127   | 1286    | 0.9396  | 69.5 | PASS
XGBoost                  | 0.1100 | 0.0108 | 0.1000 | 0.0100 | 0.0777   | 0.0180   | 1286    | 0.8017  | 61.5 | FAIL
StabilizedWhitenedCosine | 0.0667 | 0.0067 | 0.0575 | 0.0100 | 0.0515   | 0.0106   | 1286    | 2.0286  | 43.9 | PASS

[trial=8 seed=50] GLOBAL mode — total_samples=96890
  total: h0=73638 h1=21058
  pooled_train:  n0=1200 n1=1200
  pooled_calib:  n0=1200 n1=1200
  pooled_eval:   n0=1200 n1=1200
  regions (for macro stats only): 2740
[INFO] Cosine baseline routed to direct Hadamard sum (PrecomputedCosine)
[INFO] WeightedEnsemble Cosine judge routed to direct Hadamard sum
  [WeightedEnsemble] Judges routed to 'alt' input: PrecomputedCosine
[WeightedEnsemble] Fitted split-calibrated ensemble (alpha=0.0100, external calib split into META/RISK_CALIB, normalization=h0_cdf):
  tau=0.952281, META: TPR=0.1967, FPR=0.0100, RISK_CALIB: TPR=0.2233, FPR=0.0100
  PrecomputedCosine       : +0.047700
  PCAWhitenedCosine       : +0.295949
  XGBoost                 : +0.653181
  LDA                     : +0.003170

Method                   | TPR    | FPR    | TrTPR  | TrFPR  | MacroTPR | MacroFPR | Regions | TauMean | ms   | OK? 
--------------------------------------------------------------------------------------------------------------------
Cosine                   | 0.1392 | 0.0108 | 0.1442 | 0.0100 | 0.1717   | 0.0129   | 1301    | 0.9978  | 38.7 | FAIL
AndBox-HC                | 0.0408 | 0.0033 | 0.0417 | 0.0100 | 0.0540   | 0.0040   | 1301    | 0.0000  | 49.6 | PASS
HadamardCosine           | 0.1392 | 0.0108 | 0.1442 | 0.0100 | 0.1717   | 0.0129   | 1301    | 0.9978  | 44.2 | FAIL
PCAWhitenedCosine        | 0.1733 | 0.0158 | 0.1733 | 0.0100 | 0.1392   | 0.0207   | 1301    | 1.6969  | 40.1 | FAIL
Vec (Wgt)                | 0.2000 | 0.0075 | 0.1967 | 0.0100 | 0.1895   | 0.0112   | 1301    | 0.9603  | 39.7 | PASS
Log Reg                  | 0.0858 | 0.0117 | 0.1008 | 0.0100 | 0.0583   | 0.0128   | 1301    | 0.5121  | 47.6 | FAIL
LDA                      | 0.0892 | 0.0100 | 0.0842 | 0.0100 | 0.0793   | 0.0142   | 1301    | 7.0680  | 42.6 | PASS
Tiny MLP                 | 0.1150 | 0.0108 | 0.1100 | 0.0100 | 0.1020   | 0.0142   | 1301    | 0.9840  | 44.8 | FAIL
MultiProtoCosine         | 0.0225 | 0.0083 | 0.0283 | 0.0100 | 0.0145   | 0.0087   | 1301    | 0.9238  | 48.2 | PASS
WeightedEnsemble         | 0.1892 | 0.0133 | 0.2025 | 0.0100 | 0.1629   | 0.0200   | 1301    | 0.9551  | 69.7 | FAIL
XGBoost                  | 0.1083 | 0.0133 | 0.1342 | 0.0100 | 0.0726   | 0.0174   | 1301    | 0.7932  | 61.7 | FAIL
StabilizedWhitenedCosine | 0.0708 | 0.0067 | 0.0700 | 0.0100 | 0.0451   | 0.0084   | 1301    | 1.9303  | 44.1 | PASS

[trial=9 seed=51] GLOBAL mode — total_samples=96890
  total: h0=73638 h1=21058
  pooled_train:  n0=1200 n1=1200
  pooled_calib:  n0=1200 n1=1200
  pooled_eval:   n0=1200 n1=1200
  regions (for macro stats only): 2740
[INFO] Cosine baseline routed to direct Hadamard sum (PrecomputedCosine)
[INFO] WeightedEnsemble Cosine judge routed to direct Hadamard sum
  [WeightedEnsemble] Judges routed to 'alt' input: PrecomputedCosine
[WeightedEnsemble] Fitted split-calibrated ensemble (alpha=0.0100, external calib split into META/RISK_CALIB, normalization=h0_cdf):
  tau=0.916709, META: TPR=0.3000, FPR=0.0100, RISK_CALIB: TPR=0.1983, FPR=0.0100
  PrecomputedCosine       : +0.220563
  PCAWhitenedCosine       : +0.030218
  XGBoost                 : +0.467439
  LDA                     : +0.281780

Method                   | TPR    | FPR    | TrTPR  | TrFPR  | MacroTPR | MacroFPR | Regions | TauMean | ms   | OK? 
--------------------------------------------------------------------------------------------------------------------
Cosine                   | 0.1308 | 0.0125 | 0.1175 | 0.0100 | 0.1586   | 0.0171   | 1292    | 1.0000  | 39.2 | FAIL
AndBox-HC                | 0.0683 | 0.0092 | 0.0575 | 0.0100 | 0.0809   | 0.0125   | 1292    | 0.0000  | 51.3 | PASS
HadamardCosine           | 0.1267 | 0.0117 | 0.1125 | 0.0100 | 0.1529   | 0.0157   | 1292    | 1.0000  | 44.9 | FAIL
PCAWhitenedCosine        | 0.1817 | 0.0100 | 0.1742 | 0.0100 | 0.1535   | 0.0147   | 1292    | 1.7304  | 40.2 | PASS
Vec (Wgt)                | 0.2075 | 0.0058 | 0.1917 | 0.0100 | 0.1903   | 0.0091   | 1292    | 0.9644  | 40.2 | PASS
Log Reg                  | 0.1142 | 0.0125 | 0.1192 | 0.0100 | 0.0808   | 0.0182   | 1292    | 0.5107  | 48.2 | FAIL
LDA                      | 0.0817 | 0.0025 | 0.0792 | 0.0100 | 0.0821   | 0.0042   | 1292    | 7.3027  | 42.8 | PASS
Tiny MLP                 | 0.1542 | 0.0058 | 0.1600 | 0.0100 | 0.1291   | 0.0098   | 1292    | 0.9818  | 44.9 | PASS
MultiProtoCosine         | 0.0183 | 0.0108 | 0.0183 | 0.0100 | 0.0201   | 0.0154   | 1292    | 0.9204  | 48.7 | FAIL
WeightedEnsemble         | 0.2717 | 0.0117 | 0.2575 | 0.0100 | 0.2560   | 0.0168   | 1292    | 0.8962  | 70.0 | FAIL
XGBoost                  | 0.1308 | 0.0058 | 0.1350 | 0.0100 | 0.0890   | 0.0077   | 1292    | 0.8020  | 62.0 | PASS
StabilizedWhitenedCosine | 0.0933 | 0.0067 | 0.0950 | 0.0100 | 0.0665   | 0.0112   | 1292    | 1.8601  | 44.6 | PASS

[trial=10 seed=52] GLOBAL mode — total_samples=96890
  total: h0=73638 h1=21058
  pooled_train:  n0=1200 n1=1200
  pooled_calib:  n0=1200 n1=1200
  pooled_eval:   n0=1200 n1=1200
  regions (for macro stats only): 2740
[INFO] Cosine baseline routed to direct Hadamard sum (PrecomputedCosine)
[INFO] WeightedEnsemble Cosine judge routed to direct Hadamard sum
  [WeightedEnsemble] Judges routed to 'alt' input: PrecomputedCosine
[WeightedEnsemble] Fitted split-calibrated ensemble (alpha=0.0100, external calib split into META/RISK_CALIB, normalization=h0_cdf):
  tau=0.970435, META: TPR=0.2567, FPR=0.0100, RISK_CALIB: TPR=0.1533, FPR=0.0100
  PrecomputedCosine       : +0.050060
  PCAWhitenedCosine       : +0.687111
  XGBoost                 : +0.035424
  LDA                     : +0.227405

Method                   | TPR    | FPR    | TrTPR  | TrFPR  | MacroTPR | MacroFPR | Regions | TauMean | ms   | OK? 
--------------------------------------------------------------------------------------------------------------------
Cosine                   | 0.1200 | 0.0058 | 0.1217 | 0.0142 | 0.1519   | 0.0081   | 1272    | 1.0000  | 38.3 | PASS
AndBox-HC                | 0.0550 | 0.0100 | 0.0575 | 0.0100 | 0.0649   | 0.0115   | 1272    | 0.0000  | 49.2 | PASS
HadamardCosine           | 0.0767 | 0.0017 | 0.0733 | 0.0100 | 0.0986   | 0.0017   | 1272    | 1.0000  | 43.8 | PASS
PCAWhitenedCosine        | 0.1658 | 0.0092 | 0.1575 | 0.0100 | 0.1342   | 0.0124   | 1272    | 1.7644  | 39.7 | PASS
Vec (Wgt)                | 0.1525 | 0.0033 | 0.1600 | 0.0100 | 0.1487   | 0.0050   | 1272    | 0.9709  | 39.2 | PASS
Log Reg                  | 0.0633 | 0.0058 | 0.0608 | 0.0100 | 0.0450   | 0.0075   | 1272    | 0.5113  | 47.0 | PASS
LDA                      | 0.1117 | 0.0092 | 0.1217 | 0.0100 | 0.1087   | 0.0124   | 1272    | 6.9460  | 42.0 | PASS
Tiny MLP                 | 0.1658 | 0.0083 | 0.1725 | 0.0100 | 0.1395   | 0.0110   | 1272    | 0.9740  | 44.2 | PASS
MultiProtoCosine         | 0.0300 | 0.0217 | 0.0300 | 0.0100 | 0.0279   | 0.0209   | 1272    | 0.9208  | 47.4 | FAIL
WeightedEnsemble         | 0.1950 | 0.0083 | 0.1933 | 0.0100 | 0.1651   | 0.0096   | 1272    | 0.9640  | 69.4 | PASS
XGBoost                  | 0.1108 | 0.0092 | 0.1200 | 0.0100 | 0.0853   | 0.0137   | 1272    | 0.7931  | 61.3 | PASS
StabilizedWhitenedCosine | 0.0900 | 0.0033 | 0.0875 | 0.0100 | 0.0577   | 0.0042   | 1272    | 1.8663  | 47.4 | PASS

[trial=11 seed=53] GLOBAL mode — total_samples=96890
  total: h0=73638 h1=21058
  pooled_train:  n0=1200 n1=1200
  pooled_calib:  n0=1200 n1=1200
  pooled_eval:   n0=1200 n1=1200
  regions (for macro stats only): 2740
[INFO] Cosine baseline routed to direct Hadamard sum (PrecomputedCosine)
[INFO] WeightedEnsemble Cosine judge routed to direct Hadamard sum
  [WeightedEnsemble] Judges routed to 'alt' input: PrecomputedCosine
[WeightedEnsemble] Fitted split-calibrated ensemble (alpha=0.0100, external calib split into META/RISK_CALIB, normalization=h0_cdf):
  tau=0.937251, META: TPR=0.2400, FPR=0.0100, RISK_CALIB: TPR=0.2133, FPR=0.0100
  PrecomputedCosine       : +0.157436
  PCAWhitenedCosine       : +0.326129
  XGBoost                 : +0.043808
  LDA                     : +0.472627

Method                   | TPR    | FPR    | TrTPR  | TrFPR  | MacroTPR | MacroFPR | Regions | TauMean | ms   | OK? 
--------------------------------------------------------------------------------------------------------------------
Cosine                   | 0.1250 | 0.0117 | 0.1333 | 0.0100 | 0.1582   | 0.0140   | 1291    | 0.9990  | 38.5 | FAIL
AndBox-HC                | 0.0475 | 0.0075 | 0.0508 | 0.0100 | 0.0576   | 0.0089   | 1291    | 0.0000  | 49.2 | PASS
HadamardCosine           | 0.1250 | 0.0117 | 0.1333 | 0.0100 | 0.1582   | 0.0140   | 1291    | 0.9990  | 43.8 | FAIL
PCAWhitenedCosine        | 0.1800 | 0.0067 | 0.1683 | 0.0100 | 0.1554   | 0.0103   | 1291    | 1.6932  | 39.8 | PASS
Vec (Wgt)                | 0.2158 | 0.0117 | 0.2350 | 0.0100 | 0.2188   | 0.0181   | 1291    | 0.9536  | 39.3 | FAIL
Log Reg                  | 0.0842 | 0.0083 | 0.0783 | 0.0100 | 0.0592   | 0.0128   | 1291    | 0.5113  | 47.3 | PASS
LDA                      | 0.1058 | 0.0067 | 0.1083 | 0.0100 | 0.0974   | 0.0107   | 1291    | 7.2140  | 42.3 | PASS
Tiny MLP                 | 0.0933 | 0.0058 | 0.0908 | 0.0100 | 0.0733   | 0.0089   | 1291    | 0.9922  | 44.6 | PASS
MultiProtoCosine         | 0.0192 | 0.0067 | 0.0108 | 0.0100 | 0.0116   | 0.0066   | 1291    | 0.9330  | 47.7 | PASS
WeightedEnsemble         | 0.2233 | 0.0092 | 0.2267 | 0.0100 | 0.2126   | 0.0139   | 1291    | 0.9324  | 69.2 | PASS
XGBoost                  | 0.1333 | 0.0050 | 0.1433 | 0.0100 | 0.0941   | 0.0078   | 1291    | 0.7991  | 61.4 | PASS
StabilizedWhitenedCosine | 0.1008 | 0.0100 | 0.0958 | 0.0100 | 0.0836   | 0.0171   | 1291    | 1.7470  | 43.6 | PASS

[trial=12 seed=54] GLOBAL mode — total_samples=96890
  total: h0=73638 h1=21058
  pooled_train:  n0=1200 n1=1200
  pooled_calib:  n0=1200 n1=1200
  pooled_eval:   n0=1200 n1=1200
  regions (for macro stats only): 2740
[INFO] Cosine baseline routed to direct Hadamard sum (PrecomputedCosine)
[INFO] WeightedEnsemble Cosine judge routed to direct Hadamard sum
  [WeightedEnsemble] Judges routed to 'alt' input: PrecomputedCosine
[WeightedEnsemble] Fitted split-calibrated ensemble (alpha=0.0100, external calib split into META/RISK_CALIB, normalization=h0_cdf):
  tau=0.938196, META: TPR=0.2133, FPR=0.0100, RISK_CALIB: TPR=0.2517, FPR=0.0100
  PrecomputedCosine       : +0.091271
  PCAWhitenedCosine       : +0.471403
  XGBoost                 : +0.061431
  LDA                     : +0.375894

Method                   | TPR    | FPR    | TrTPR  | TrFPR  | MacroTPR | MacroFPR | Regions | TauMean | ms   | OK? 
--------------------------------------------------------------------------------------------------------------------
Cosine                   | 0.1358 | 0.0133 | 0.1092 | 0.0125 | 0.1709   | 0.0169   | 1305    | 1.0000  | 38.9 | FAIL
AndBox-HC                | 0.0867 | 0.0117 | 0.0817 | 0.0100 | 0.1015   | 0.0165   | 1305    | 0.0000  | 53.3 | FAIL
HadamardCosine           | 0.0792 | 0.0050 | 0.0542 | 0.0083 | 0.1002   | 0.0067   | 1305    | 1.0000  | 44.1 | PASS
PCAWhitenedCosine        | 0.1483 | 0.0133 | 0.1392 | 0.0100 | 0.1300   | 0.0189   | 1305    | 1.8089  | 40.0 | FAIL
Vec (Wgt)                | 0.2025 | 0.0125 | 0.1925 | 0.0100 | 0.1959   | 0.0189   | 1305    | 0.9628  | 39.9 | FAIL
Log Reg                  | 0.0408 | 0.0025 | 0.0417 | 0.0100 | 0.0199   | 0.0042   | 1305    | 0.5142  | 47.6 | PASS
LDA                      | 0.1617 | 0.0150 | 0.1758 | 0.0100 | 0.1589   | 0.0217   | 1305    | 6.0926  | 42.8 | FAIL
Tiny MLP                 | 0.1692 | 0.0133 | 0.1950 | 0.0100 | 0.1557   | 0.0189   | 1305    | 0.9760  | 44.8 | FAIL
MultiProtoCosine         | 0.0233 | 0.0117 | 0.0150 | 0.0100 | 0.0164   | 0.0098   | 1305    | 0.9183  | 48.3 | FAIL
WeightedEnsemble         | 0.2392 | 0.0167 | 0.2342 | 0.0100 | 0.2249   | 0.0219   | 1305    | 0.9359  | 69.8 | FAIL
XGBoost                  | 0.0975 | 0.0050 | 0.1083 | 0.0100 | 0.0678   | 0.0056   | 1305    | 0.8122  | 61.7 | PASS
StabilizedWhitenedCosine | 0.0717 | 0.0100 | 0.0717 | 0.0100 | 0.0499   | 0.0140   | 1305    | 1.8966  | 44.1 | PASS

[trial=13 seed=55] GLOBAL mode — total_samples=96890
  total: h0=73638 h1=21058
  pooled_train:  n0=1200 n1=1200
  pooled_calib:  n0=1200 n1=1200
  pooled_eval:   n0=1200 n1=1200
  regions (for macro stats only): 2740
[INFO] Cosine baseline routed to direct Hadamard sum (PrecomputedCosine)
[INFO] WeightedEnsemble Cosine judge routed to direct Hadamard sum
  [WeightedEnsemble] Judges routed to 'alt' input: PrecomputedCosine
[WeightedEnsemble] Fitted split-calibrated ensemble (alpha=0.0100, external calib split into META/RISK_CALIB, normalization=h0_cdf):
  tau=0.980210, META: TPR=0.3267, FPR=0.0100, RISK_CALIB: TPR=0.1917, FPR=0.0100
  PrecomputedCosine       : +0.015636
  PCAWhitenedCosine       : +0.829686
  XGBoost                 : +0.078751
  LDA                     : +0.075927

Method                   | TPR    | FPR    | TrTPR  | TrFPR  | MacroTPR | MacroFPR | Regions | TauMean | ms   | OK? 
--------------------------------------------------------------------------------------------------------------------
Cosine                   | 0.1292 | 0.0083 | 0.1350 | 0.0100 | 0.1555   | 0.0123   | 1265    | 1.0000  | 39.4 | PASS
AndBox-HC                | 0.0683 | 0.0100 | 0.0708 | 0.0100 | 0.0774   | 0.0132   | 1265    | 0.0000  | 49.2 | PASS
HadamardCosine           | 0.1242 | 0.0083 | 0.1342 | 0.0100 | 0.1485   | 0.0123   | 1265    | 1.0000  | 44.0 | PASS
PCAWhitenedCosine        | 0.1750 | 0.0100 | 0.1875 | 0.0100 | 0.1421   | 0.0145   | 1265    | 1.7845  | 39.1 | PASS
Vec (Wgt)                | 0.2308 | 0.0158 | 0.2442 | 0.0100 | 0.2105   | 0.0232   | 1265    | 0.9609  | 38.8 | FAIL
Log Reg                  | 0.1183 | 0.0133 | 0.1092 | 0.0100 | 0.0813   | 0.0145   | 1265    | 0.5108  | 46.8 | FAIL
LDA                      | 0.1842 | 0.0183 | 0.1975 | 0.0100 | 0.1643   | 0.0290   | 1265    | 5.9951  | 41.7 | FAIL
Tiny MLP                 | 0.1567 | 0.0083 | 0.1808 | 0.0100 | 0.1239   | 0.0131   | 1265    | 0.9841  | 43.8 | PASS
MultiProtoCosine         | 0.0067 | 0.0092 | 0.0100 | 0.0100 | 0.0071   | 0.0125   | 1265    | 0.9201  | 46.9 | PASS
WeightedEnsemble         | 0.2342 | 0.0083 | 0.2333 | 0.0100 | 0.1889   | 0.0109   | 1265    | 0.9781  | 68.6 | PASS
XGBoost                  | 0.0858 | 0.0117 | 0.1050 | 0.0100 | 0.0652   | 0.0181   | 1265    | 0.8041  | 61.6 | FAIL
StabilizedWhitenedCosine | 0.1392 | 0.0142 | 0.1158 | 0.0100 | 0.1014   | 0.0210   | 1265    | 1.7110  | 43.2 | FAIL

[trial=14 seed=56] GLOBAL mode — total_samples=96890
  total: h0=73638 h1=21058
  pooled_train:  n0=1200 n1=1200
  pooled_calib:  n0=1200 n1=1200
  pooled_eval:   n0=1200 n1=1200
  regions (for macro stats only): 2740
[INFO] Cosine baseline routed to direct Hadamard sum (PrecomputedCosine)
[INFO] WeightedEnsemble Cosine judge routed to direct Hadamard sum
  [WeightedEnsemble] Judges routed to 'alt' input: PrecomputedCosine
[WeightedEnsemble] Fitted split-calibrated ensemble (alpha=0.0100, external calib split into META/RISK_CALIB, normalization=h0_cdf):
  tau=0.978164, META: TPR=0.2517, FPR=0.0100, RISK_CALIB: TPR=0.1267, FPR=0.0100
  PrecomputedCosine       : +0.034697
  PCAWhitenedCosine       : +0.457950
  XGBoost                 : +0.030821
  LDA                     : +0.476531

Method                   | TPR    | FPR    | TrTPR  | TrFPR  | MacroTPR | MacroFPR | Regions | TauMean | ms   | OK? 
--------------------------------------------------------------------------------------------------------------------
Cosine                   | 0.1317 | 0.0100 | 0.1233 | 0.0100 | 0.1701   | 0.0122   | 1287    | 1.0000  | 51.6 | PASS
AndBox-HC                | 0.0767 | 0.0125 | 0.0725 | 0.0100 | 0.1016   | 0.0164   | 1287    | 0.0000  | 46.6 | FAIL
HadamardCosine           | 0.1292 | 0.0092 | 0.1200 | 0.0100 | 0.1681   | 0.0108   | 1287    | 1.0000  | 43.8 | PASS
PCAWhitenedCosine        | 0.1108 | 0.0067 | 0.0933 | 0.0100 | 0.0904   | 0.0091   | 1287    | 1.9796  | 39.9 | PASS
Vec (Wgt)                | 0.2133 | 0.0125 | 0.2208 | 0.0100 | 0.2128   | 0.0185   | 1287    | 0.9602  | 39.6 | FAIL
Log Reg                  | 0.0917 | 0.0125 | 0.0958 | 0.0100 | 0.0680   | 0.0182   | 1287    | 0.5111  | 47.5 | FAIL
LDA                      | 0.1133 | 0.0108 | 0.1175 | 0.0100 | 0.1066   | 0.0161   | 1287    | 6.7040  | 42.4 | FAIL
Tiny MLP                 | 0.1483 | 0.0100 | 0.1475 | 0.0100 | 0.1300   | 0.0138   | 1287    | 0.9494  | 44.5 | PASS
MultiProtoCosine         | 0.0133 | 0.0117 | 0.0192 | 0.0100 | 0.0124   | 0.0161   | 1287    | 0.9246  | 47.7 | FAIL
WeightedEnsemble         | 0.1575 | 0.0075 | 0.1608 | 0.0100 | 0.1366   | 0.0110   | 1287    | 0.9708  | 69.1 | PASS
XGBoost                  | 0.1000 | 0.0092 | 0.1092 | 0.0100 | 0.0810   | 0.0126   | 1287    | 0.7982  | 61.4 | PASS
StabilizedWhitenedCosine | 0.0617 | 0.0067 | 0.0533 | 0.0100 | 0.0482   | 0.0098   | 1287    | 1.8695  | 43.9 | PASS

[trial=15 seed=57] GLOBAL mode — total_samples=96890
  total: h0=73638 h1=21058
  pooled_train:  n0=1200 n1=1200
  pooled_calib:  n0=1200 n1=1200
  pooled_eval:   n0=1200 n1=1200
  regions (for macro stats only): 2740
[INFO] Cosine baseline routed to direct Hadamard sum (PrecomputedCosine)
[INFO] WeightedEnsemble Cosine judge routed to direct Hadamard sum
  [WeightedEnsemble] Judges routed to 'alt' input: PrecomputedCosine
[WeightedEnsemble] Fitted split-calibrated ensemble (alpha=0.0100, external calib split into META/RISK_CALIB, normalization=h0_cdf):
  tau=0.955244, META: TPR=0.2200, FPR=0.0100, RISK_CALIB: TPR=0.1900, FPR=0.0100
  PrecomputedCosine       : +0.053213
  PCAWhitenedCosine       : +0.183144
  XGBoost                 : +0.523667
  LDA                     : +0.239976

Method                   | TPR    | FPR    | TrTPR  | TrFPR  | MacroTPR | MacroFPR | Regions | TauMean | ms   | OK? 
--------------------------------------------------------------------------------------------------------------------
Cosine                   | 0.1308 | 0.0075 | 0.1233 | 0.0117 | 0.1704   | 0.0098   | 1271    | 1.0000  | 37.5 | PASS
AndBox-HC                | 0.0783 | 0.0108 | 0.0717 | 0.0100 | 0.0983   | 0.0116   | 1271    | 0.0000  | 49.5 | FAIL
HadamardCosine           | 0.0725 | 0.0025 | 0.0675 | 0.0067 | 0.0939   | 0.0024   | 1271    | 1.0000  | 43.6 | PASS
PCAWhitenedCosine        | 0.1875 | 0.0092 | 0.1500 | 0.0100 | 0.1585   | 0.0136   | 1271    | 1.7118  | 39.4 | PASS
Vec (Wgt)                | 0.2500 | 0.0108 | 0.2192 | 0.0100 | 0.2507   | 0.0158   | 1271    | 0.9568  | 38.9 | FAIL
Log Reg                  | 0.0750 | 0.0067 | 0.0817 | 0.0100 | 0.0554   | 0.0100   | 1271    | 0.5120  | 46.8 | PASS
LDA                      | 0.1025 | 0.0133 | 0.1083 | 0.0100 | 0.1006   | 0.0183   | 1271    | 6.6549  | 41.8 | FAIL
Tiny MLP                 | 0.1633 | 0.0092 | 0.1608 | 0.0100 | 0.1414   | 0.0117   | 1271    | 0.9759  | 43.9 | PASS
MultiProtoCosine         | 0.0217 | 0.0100 | 0.0158 | 0.0100 | 0.0193   | 0.0096   | 1271    | 0.9229  | 47.2 | PASS
WeightedEnsemble         | 0.2225 | 0.0050 | 0.1900 | 0.0100 | 0.1872   | 0.0086   | 1271    | 0.9527  | 69.0 | PASS
XGBoost                  | 0.1083 | 0.0050 | 0.0975 | 0.0100 | 0.0760   | 0.0069   | 1271    | 0.8048  | 61.2 | PASS
StabilizedWhitenedCosine | 0.1225 | 0.0083 | 0.1150 | 0.0100 | 0.0939   | 0.0126   | 1271    | 1.7663  | 43.4 | PASS

[trial=16 seed=58] GLOBAL mode — total_samples=96890
  total: h0=73638 h1=21058
  pooled_train:  n0=1200 n1=1200
  pooled_calib:  n0=1200 n1=1200
  pooled_eval:   n0=1200 n1=1200
  regions (for macro stats only): 2740
[INFO] Cosine baseline routed to direct Hadamard sum (PrecomputedCosine)
[INFO] WeightedEnsemble Cosine judge routed to direct Hadamard sum
  [WeightedEnsemble] Judges routed to 'alt' input: PrecomputedCosine
[WeightedEnsemble] Fitted split-calibrated ensemble (alpha=0.0100, external calib split into META/RISK_CALIB, normalization=h0_cdf):
  tau=0.980595, META: TPR=0.3050, FPR=0.0100, RISK_CALIB: TPR=0.1367, FPR=0.0100
  PrecomputedCosine       : +0.014201
  PCAWhitenedCosine       : +0.305585
  XGBoost                 : +0.198500
  LDA                     : +0.481715

Method                   | TPR    | FPR    | TrTPR  | TrFPR  | MacroTPR | MacroFPR | Regions | TauMean | ms   | OK? 
--------------------------------------------------------------------------------------------------------------------
Cosine                   | 0.1350 | 0.0125 | 0.1208 | 0.0100 | 0.1706   | 0.0187   | 1272    | 1.0000  | 39.6 | FAIL
AndBox-HC                | 0.0700 | 0.0075 | 0.0658 | 0.0100 | 0.0886   | 0.0051   | 1272    | 0.0000  | 49.6 | PASS
HadamardCosine           | 0.1350 | 0.0125 | 0.1225 | 0.0100 | 0.1706   | 0.0187   | 1272    | 1.0000  | 43.4 | FAIL
PCAWhitenedCosine        | 0.1542 | 0.0108 | 0.1533 | 0.0100 | 0.1246   | 0.0159   | 1272    | 1.8593  | 39.6 | FAIL
Vec (Wgt)                | 0.2100 | 0.0083 | 0.2050 | 0.0100 | 0.1946   | 0.0138   | 1272    | 0.9578  | 39.2 | PASS
Log Reg                  | 0.1025 | 0.0150 | 0.1025 | 0.0100 | 0.0702   | 0.0188   | 1272    | 0.5119  | 47.1 | FAIL
LDA                      | 0.1500 | 0.0108 | 0.1392 | 0.0100 | 0.1281   | 0.0159   | 1272    | 6.5847  | 41.8 | FAIL
Tiny MLP                 | 0.2217 | 0.0167 | 0.2167 | 0.0100 | 0.1763   | 0.0246   | 1272    | 0.9744  | 44.1 | FAIL
MultiProtoCosine         | 0.0283 | 0.0092 | 0.0300 | 0.0100 | 0.0218   | 0.0109   | 1272    | 0.9438  | 47.5 | PASS
WeightedEnsemble         | 0.2067 | 0.0142 | 0.2058 | 0.0100 | 0.1565   | 0.0203   | 1272    | 0.9721  | 69.0 | FAIL
XGBoost                  | 0.1175 | 0.0117 | 0.1283 | 0.0100 | 0.0855   | 0.0164   | 1272    | 0.8010  | 61.0 | FAIL
StabilizedWhitenedCosine | 0.0958 | 0.0058 | 0.0867 | 0.0100 | 0.0651   | 0.0087   | 1272    | 1.9735  | 43.4 | PASS

[trial=17 seed=59] GLOBAL mode — total_samples=96890
  total: h0=73638 h1=21058
  pooled_train:  n0=1200 n1=1200
  pooled_calib:  n0=1200 n1=1200
  pooled_eval:   n0=1200 n1=1200
  regions (for macro stats only): 2740
[INFO] Cosine baseline routed to direct Hadamard sum (PrecomputedCosine)
[INFO] WeightedEnsemble Cosine judge routed to direct Hadamard sum
  [WeightedEnsemble] Judges routed to 'alt' input: PrecomputedCosine
[WeightedEnsemble] Fitted split-calibrated ensemble (alpha=0.0100, external calib split into META/RISK_CALIB, normalization=h0_cdf):
  tau=0.975944, META: TPR=0.1900, FPR=0.0100, RISK_CALIB: TPR=0.1500, FPR=0.0100
  PrecomputedCosine       : +0.022140
  PCAWhitenedCosine       : +0.127093
  XGBoost                 : +0.804450
  LDA                     : +0.046317

Method                   | TPR    | FPR    | TrTPR  | TrFPR  | MacroTPR | MacroFPR | Regions | TauMean | ms   | OK? 
--------------------------------------------------------------------------------------------------------------------
Cosine                   | 0.1308 | 0.0117 | 0.1242 | 0.0100 | 0.1644   | 0.0147   | 1278    | 1.0000  | 40.0 | FAIL
AndBox-HC                | 0.0992 | 0.0167 | 0.0958 | 0.0100 | 0.1192   | 0.0211   | 1278    | 0.0000  | 49.7 | FAIL
HadamardCosine           | 0.1333 | 0.0117 | 0.1258 | 0.0100 | 0.1683   | 0.0147   | 1278    | 1.0000  | 43.8 | FAIL
PCAWhitenedCosine        | 0.1008 | 0.0058 | 0.1092 | 0.0100 | 0.0862   | 0.0070   | 1278    | 1.9386  | 39.6 | PASS
Vec (Wgt)                | 0.2042 | 0.0108 | 0.2067 | 0.0100 | 0.1980   | 0.0142   | 1278    | 0.9578  | 39.3 | FAIL
Log Reg                  | 0.0650 | 0.0083 | 0.0875 | 0.0100 | 0.0533   | 0.0121   | 1278    | 0.5127  | 47.3 | PASS
LDA                      | 0.0833 | 0.0100 | 0.0875 | 0.0100 | 0.0843   | 0.0150   | 1278    | 7.3414  | 42.0 | PASS
Tiny MLP                 | 0.1033 | 0.0083 | 0.1058 | 0.0100 | 0.0945   | 0.0101   | 1278    | 0.9848  | 44.1 | PASS
MultiProtoCosine         | 0.0008 | 0.0058 | 0.0017 | 0.0100 | 0.0013   | 0.0033   | 1278    | 0.9454  | 47.7 | PASS
WeightedEnsemble         | 0.1842 | 0.0100 | 0.1825 | 0.0100 | 0.1487   | 0.0128   | 1278    | 0.9721  | 68.9 | PASS
XGBoost                  | 0.1000 | 0.0075 | 0.1175 | 0.0100 | 0.0811   | 0.0106   | 1278    | 0.7986  | 61.1 | PASS
StabilizedWhitenedCosine | 0.0667 | 0.0050 | 0.0758 | 0.0100 | 0.0476   | 0.0080   | 1278    | 1.9063  | 43.6 | PASS

[trial=18 seed=60] GLOBAL mode — total_samples=96890
  total: h0=73638 h1=21058
  pooled_train:  n0=1200 n1=1200
  pooled_calib:  n0=1200 n1=1200
  pooled_eval:   n0=1200 n1=1200
  regions (for macro stats only): 2740
[INFO] Cosine baseline routed to direct Hadamard sum (PrecomputedCosine)
[INFO] WeightedEnsemble Cosine judge routed to direct Hadamard sum
  [WeightedEnsemble] Judges routed to 'alt' input: PrecomputedCosine
[WeightedEnsemble] Fitted split-calibrated ensemble (alpha=0.0100, external calib split into META/RISK_CALIB, normalization=h0_cdf):
  tau=0.974401, META: TPR=0.2383, FPR=0.0100, RISK_CALIB: TPR=0.1683, FPR=0.0100
  PrecomputedCosine       : +0.009040
  PCAWhitenedCosine       : +0.538217
  XGBoost                 : +0.159297
  LDA                     : +0.293446

Method                   | TPR    | FPR    | TrTPR  | TrFPR  | MacroTPR | MacroFPR | Regions | TauMean | ms   | OK? 
--------------------------------------------------------------------------------------------------------------------
Cosine                   | 0.1158 | 0.0125 | 0.1217 | 0.0125 | 0.1423   | 0.0167   | 1294    | 1.0000  | 40.7 | FAIL
AndBox-HC                | 0.0583 | 0.0100 | 0.0625 | 0.0100 | 0.0675   | 0.0138   | 1294    | 0.0000  | 49.8 | PASS
HadamardCosine           | 0.0700 | 0.0067 | 0.0667 | 0.0050 | 0.0867   | 0.0088   | 1294    | 1.0000  | 44.2 | PASS
PCAWhitenedCosine        | 0.2000 | 0.0133 | 0.1967 | 0.0100 | 0.1577   | 0.0177   | 1294    | 1.7327  | 40.0 | FAIL
Vec (Wgt)                | 0.1658 | 0.0075 | 0.1950 | 0.0100 | 0.1514   | 0.0104   | 1294    | 0.9661  | 39.7 | PASS
Log Reg                  | 0.0700 | 0.0083 | 0.0708 | 0.0100 | 0.0580   | 0.0118   | 1294    | 0.5115  | 47.4 | PASS
LDA                      | 0.1267 | 0.0108 | 0.1125 | 0.0100 | 0.1140   | 0.0129   | 1294    | 7.3171  | 42.3 | FAIL
Tiny MLP                 | 0.1867 | 0.0117 | 0.1883 | 0.0100 | 0.1499   | 0.0134   | 1294    | 0.9720  | 44.6 | FAIL
MultiProtoCosine         | 0.0225 | 0.0092 | 0.0217 | 0.0100 | 0.0143   | 0.0104   | 1294    | 0.9422  | 48.1 | PASS
WeightedEnsemble         | 0.2358 | 0.0125 | 0.2308 | 0.0100 | 0.1868   | 0.0173   | 1294    | 0.9632  | 69.5 | FAIL
XGBoost                  | 0.1458 | 0.0092 | 0.1525 | 0.0100 | 0.1083   | 0.0132   | 1294    | 0.7986  | 62.0 | PASS
StabilizedWhitenedCosine | 0.1500 | 0.0158 | 0.1517 | 0.0100 | 0.1059   | 0.0223   | 1294    | 1.7158  | 44.2 | FAIL

[trial=19 seed=61] GLOBAL mode — total_samples=96890
  total: h0=73638 h1=21058
  pooled_train:  n0=1200 n1=1200
  pooled_calib:  n0=1200 n1=1200
  pooled_eval:   n0=1200 n1=1200
  regions (for macro stats only): 2740
[INFO] Cosine baseline routed to direct Hadamard sum (PrecomputedCosine)
[INFO] WeightedEnsemble Cosine judge routed to direct Hadamard sum
  [WeightedEnsemble] Judges routed to 'alt' input: PrecomputedCosine
[WeightedEnsemble] Fitted split-calibrated ensemble (alpha=0.0100, external calib split into META/RISK_CALIB, normalization=h0_cdf):
  tau=0.925206, META: TPR=0.2567, FPR=0.0100, RISK_CALIB: TPR=0.1833, FPR=0.0100
  PrecomputedCosine       : +0.345763
  PCAWhitenedCosine       : +0.116116
  XGBoost                 : +0.225024
  LDA                     : +0.313097

Method                   | TPR    | FPR    | TrTPR  | TrFPR  | MacroTPR | MacroFPR | Regions | TauMean | ms   | OK? 
--------------------------------------------------------------------------------------------------------------------
Cosine                   | 0.1158 | 0.0117 | 0.1183 | 0.0100 | 0.1453   | 0.0141   | 1277    | 1.0000  | 39.6 | FAIL
AndBox-HC                | 0.0750 | 0.0142 | 0.0667 | 0.0100 | 0.0914   | 0.0159   | 1277    | 0.0000  | 49.7 | FAIL
HadamardCosine           | 0.1117 | 0.0117 | 0.1175 | 0.0100 | 0.1394   | 0.0141   | 1277    | 1.0000  | 43.5 | FAIL
PCAWhitenedCosine        | 0.1442 | 0.0083 | 0.1308 | 0.0100 | 0.1158   | 0.0122   | 1277    | 1.8612  | 39.5 | PASS
Vec (Wgt)                | 0.2383 | 0.0158 | 0.2367 | 0.0100 | 0.2213   | 0.0220   | 1277    | 0.9562  | 39.2 | FAIL
Log Reg                  | 0.0692 | 0.0042 | 0.0533 | 0.0100 | 0.0357   | 0.0057   | 1277    | 0.5124  | 47.0 | PASS
LDA                      | 0.1342 | 0.0058 | 0.1392 | 0.0100 | 0.1166   | 0.0100   | 1277    | 6.7230  | 41.9 | PASS
Tiny MLP                 | 0.1450 | 0.0042 | 0.1300 | 0.0100 | 0.1156   | 0.0072   | 1277    | 0.9791  | 44.0 | PASS
MultiProtoCosine         | 0.0258 | 0.0117 | 0.0258 | 0.0100 | 0.0164   | 0.0138   | 1277    | 0.9252  | 47.4 | FAIL
WeightedEnsemble         | 0.1917 | 0.0125 | 0.1883 | 0.0100 | 0.1856   | 0.0185   | 1277    | 0.9169  | 69.0 | FAIL
XGBoost                  | 0.1142 | 0.0117 | 0.1008 | 0.0100 | 0.0729   | 0.0201   | 1277    | 0.8031  | 61.2 | FAIL
StabilizedWhitenedCosine | 0.0767 | 0.0125 | 0.0850 | 0.0100 | 0.0522   | 0.0172   | 1277    | 1.7842  | 43.3 | FAIL

=== Ranking by mean micro TPR (UNCONSTRAINED) ===
 1. Vec (Wgt)          TPR=0.2055±0.0241 FPR=0.0114±0.0050 [FAIL]
 2. WeightedEnsemble   TPR=0.2052±0.0309 FPR=0.0106±0.0033 [FAIL]
 3. PCAWhitenedCosine  TPR=0.1614±0.0266 FPR=0.0097±0.0037 [PASS]
 4. Tiny MLP           TPR=0.1448±0.0296 FPR=0.0092±0.0032 [PASS]
 5. Cosine             TPR=0.1257±0.0076 FPR=0.0107±0.0025 [FAIL]
 6. LDA                TPR=0.1206±0.0285 FPR=0.0107±0.0042 [FAIL]
 7. XGBoost            TPR=0.1131±0.0183 FPR=0.0087±0.0028 [PASS]
 8. HadamardCosine     TPR=0.1017±0.0282 FPR=0.0081±0.0043 [PASS]
 9. StabilizedWhitenedCosine TPR=0.0940±0.0240 FPR=0.0091±0.0032 [PASS]
10. Log Reg            TPR=0.0847±0.0219 FPR=0.0093±0.0033 [PASS]
11. AndBox-HC          TPR=0.0658±0.0154 FPR=0.0095±0.0030 [PASS]
12. MultiProtoCosine   TPR=0.0206±0.0073 FPR=0.0100±0.0035 [PASS]

=== Ranking by mean micro TPR (CONSTRAINED: FPR <= alpha) ===
 1. PCAWhitenedCosine  TPR=0.1614±0.0266 FPR=0.0097±0.0037
 2. Tiny MLP           TPR=0.1448±0.0296 FPR=0.0092±0.0032
 3. XGBoost            TPR=0.1131±0.0183 FPR=0.0087±0.0028
 4. HadamardCosine     TPR=0.1017±0.0282 FPR=0.0081±0.0043
 5. StabilizedWhitenedCosine TPR=0.0940±0.0240 FPR=0.0091±0.0032
 6. Log Reg            TPR=0.0847±0.0219 FPR=0.0093±0.0033
 7. AndBox-HC          TPR=0.0658±0.0154 FPR=0.0095±0.0030
 8. MultiProtoCosine   TPR=0.0206±0.0073 FPR=0.0100±0.0035
[CSV] Saved: /home/malmatal/Projects/Multi_Dim_Threshold/NeighborCache/outputs/region_local_threshold/run_20260511_145651/trial_summary.csv
[JSON] Saved: /home/malmatal/Projects/Multi_Dim_Threshold/NeighborCache/outputs/region_local_threshold/run_20260511_145651/ranking.json
[CSV] Saved: /home/malmatal/Projects/Multi_Dim_Threshold/NeighborCache/outputs/region_local_threshold/run_20260511_145651/weighted_ensemble_meta_weights.csv
[JSON] Saved: /home/malmatal/Projects/Multi_Dim_Threshold/NeighborCache/outputs/region_local_threshold/run_20260511_145651/notes.json

Best (constrained FPR <= alpha): PCAWhitenedCosine
[Done] outputs at: /home/malmatal/Projects/Multi_Dim_Threshold/NeighborCache/outputs/region_local_threshold/run_20260511_145651

Task 5 completed successfully.
