------------------------------------
Mon 11 May 2026 15:07:01 IDT
SLURM_JOBID:		17480241
SLURM_JOB_NODELIST:	ise-4090-08
SLURM_SCRATCH_DIR:	/scratch/malmatal/17480241
Allocated Resouces:	cpu - 4 / mem - 32768 MB / gpu - 0
SLURM_GPU_INDEX:	0
Running as malmatal from gilein account with normal QOS
------------------------------------
SLURM_JOB_ID=17480241
SLURM_ARRAY_TASK_ID=17
HOSTNAME=ise-4090-08.auth.ad.bgu.ac.il
DATE=2026-05-11T15:07:01+03:00
EXP_ROOT=NeighborCache/results/paper_normal_20260511_145113
COMMANDS_FILE=NeighborCache/results/paper_normal_20260511_145113/commands.txt
Running command:
/home/malmatal/.conda/envs/ec/bin/python -m NeighborCache.region_local_threshold.cli --data NeighborCache/data/h1h0_final.npz --region_key global_cluster --alpha 0.05 --tau_mode global --n_trials 20 --seed 42 --n_train 1200 --n_calib 100 --n_eval 1200 --hadamard_preprocess

[INFO] Using features key='emb' dim=1024
[INFO] Applied Hadamard preprocessing (strategy=centroid_nearest, use_delta_vec=False, use_abs_diff=False) to X_main

=== Region Threshold Benchmark ===
dataset_npz=NeighborCache/data/h1h0_final.npz
region_key=global_cluster (resolved=global_cluster, unique=1103)
features=emb+hadamard rows=200000 dim=1024
text_pairs=text+region_anchor[centroid_nearest]
alpha=0.05 tie_mode=ge trials=20 base_seed=42
tau_mode=global
hadamard_preprocess=True
abs_diff_only_preprocess=False
use_delta_vec=False
use_abs_diff=False
normalize_data=False
filter_policy=none
train_cosine_policy_active=False
caps: train=1200 calib=100 eval=1200
mins: min_h0_eval=20 min_h1_eval=20
run_dir=/home/malmatal/Projects/Multi_Dim_Threshold/NeighborCache/outputs/region_local_threshold/run_20260511_150710

[trial=0 seed=42] GLOBAL mode — total_samples=200000
  total: h0=82063 h1=15019
  pooled_train:  n0=1200 n1=1200
  pooled_calib:  n0=100 n1=100
  pooled_eval:   n0=1200 n1=1200
  regions (for macro stats only): 1103
[INFO] Cosine baseline routed to direct Hadamard sum (PrecomputedCosine)
[INFO] WeightedEnsemble Cosine judge routed to direct Hadamard sum
  [WeightedEnsemble] Judges routed to 'alt' input: PrecomputedCosine
[WeightedEnsemble] Fitted split-calibrated ensemble (alpha=0.0500, external calib split into META/RISK_CALIB, normalization=h0_cdf):
  tau=0.952172, META: TPR=0.3600, FPR=0.0400, RISK_CALIB: TPR=0.4000, FPR=0.0400
  PrecomputedCosine       : +0.405523
  PCAWhitenedCosine       : +0.185736
  XGBoost                 : +0.021360
  LDA                     : +0.387381

Method                   | TPR    | FPR    | TrTPR  | TrFPR  | MacroTPR | MacroFPR | Regions | TauMean | ms   | OK? 
--------------------------------------------------------------------------------------------------------------------
Cosine                   | 0.4533 | 0.0417 | 0.4000 | 0.0500 | 0.3995   | 0.0589   | 848     | 0.9642  | 25.7 | PASS
AndBox-HC                | 0.4258 | 0.0375 | 0.3500 | 0.0500 | 0.3645   | 0.0484   | 848     | 0.0000  | 43.5 | PASS
HadamardCosine           | 0.4533 | 0.0417 | 0.4000 | 0.0500 | 0.3995   | 0.0589   | 848     | 0.9642  | 28.4 | PASS
PCAWhitenedCosine        | 0.4217 | 0.0200 | 0.4000 | 0.0500 | 0.3324   | 0.0271   | 848     | 1.2237  | 26.5 | PASS
Vec (Wgt)                | 0.4933 | 0.0400 | 0.4700 | 0.0500 | 0.4302   | 0.0546   | 848     | 0.9454  | 25.9 | PASS
Log Reg                  | 0.1850 | 0.0250 | 0.2600 | 0.0500 | 0.1743   | 0.0365   | 848     | 0.5131  | 30.2 | PASS
LDA                      | 0.3725 | 0.0242 | 0.3400 | 0.0500 | 0.2888   | 0.0290   | 848     | 4.8836  | 27.8 | PASS
Tiny MLP                 | 0.5958 | 0.0625 | 0.5900 | 0.0500 | 0.5059   | 0.0811   | 848     | 0.8107  | 28.7 | FAIL
MultiProtoCosine         | 0.0758 | 0.0392 | 0.0700 | 0.0500 | 0.0575   | 0.0421   | 848     | 0.9258  | 30.1 | PASS
WeightedEnsemble         | 0.6133 | 0.0700 | 0.6200 | 0.0500 | 0.5320   | 0.0895   | 848     | 0.9134  | 41.4 | FAIL
XGBoost                  | 0.4125 | 0.0233 | 0.3500 | 0.0500 | 0.3319   | 0.0303   | 848     | 0.7422  | 38.0 | PASS
StabilizedWhitenedCosine | 0.4792 | 0.0292 | 0.4900 | 0.0500 | 0.3938   | 0.0425   | 848     | 1.0468  | 28.4 | PASS

[trial=1 seed=43] GLOBAL mode — total_samples=200000
  total: h0=82063 h1=15019
  pooled_train:  n0=1200 n1=1200
  pooled_calib:  n0=100 n1=100
  pooled_eval:   n0=1200 n1=1200
  regions (for macro stats only): 1103
[INFO] Cosine baseline routed to direct Hadamard sum (PrecomputedCosine)
[INFO] WeightedEnsemble Cosine judge routed to direct Hadamard sum
  [WeightedEnsemble] Judges routed to 'alt' input: PrecomputedCosine
[WeightedEnsemble] Fitted split-calibrated ensemble (alpha=0.0500, external calib split into META/RISK_CALIB, normalization=h0_cdf):
  tau=0.945312, META: TPR=0.6800, FPR=0.0400, RISK_CALIB: TPR=0.5000, FPR=0.0400
  PrecomputedCosine       : +0.014232
  PCAWhitenedCosine       : +0.239186
  XGBoost                 : +0.232155
  LDA                     : +0.514427

Method                   | TPR    | FPR    | TrTPR  | TrFPR  | MacroTPR | MacroFPR | Regions | TauMean | ms   | OK? 
--------------------------------------------------------------------------------------------------------------------
Cosine                   | 0.4892 | 0.0567 | 0.5200 | 0.0500 | 0.4362   | 0.0879   | 834     | 0.9495  | 26.2 | FAIL
AndBox-HC                | 0.3775 | 0.0442 | 0.4000 | 0.0500 | 0.3518   | 0.0671   | 834     | 0.0000  | 30.4 | PASS
HadamardCosine           | 0.4892 | 0.0567 | 0.5200 | 0.0500 | 0.4362   | 0.0879   | 834     | 0.9495  | 30.4 | FAIL
PCAWhitenedCosine        | 0.6317 | 0.0758 | 0.6200 | 0.0500 | 0.5337   | 0.1085   | 834     | 0.6174  | 26.4 | FAIL
Vec (Wgt)                | 0.5617 | 0.0725 | 0.5700 | 0.0500 | 0.5156   | 0.1089   | 834     | 0.9086  | 25.9 | FAIL
Log Reg                  | 0.1450 | 0.0292 | 0.1100 | 0.0500 | 0.1276   | 0.0439   | 834     | 0.5157  | 30.2 | PASS
LDA                      | 0.5075 | 0.0492 | 0.5100 | 0.0500 | 0.4243   | 0.0710   | 834     | 3.7006  | 27.6 | PASS
Tiny MLP                 | 0.5675 | 0.0608 | 0.5700 | 0.0500 | 0.4816   | 0.0849   | 834     | 0.8164  | 28.4 | FAIL
MultiProtoCosine         | 0.0592 | 0.0367 | 0.0700 | 0.0500 | 0.0451   | 0.0376   | 834     | 0.9269  | 30.0 | PASS
WeightedEnsemble         | 0.6133 | 0.0658 | 0.6200 | 0.0500 | 0.5216   | 0.0901   | 834     | 0.9216  | 41.0 | FAIL
XGBoost                  | 0.5583 | 0.0575 | 0.5900 | 0.0500 | 0.4961   | 0.0873   | 834     | 0.6610  | 37.6 | FAIL
StabilizedWhitenedCosine | 0.5800 | 0.0667 | 0.6000 | 0.0500 | 0.4940   | 0.1007   | 834     | 0.7093  | 28.0 | FAIL

[trial=2 seed=44] GLOBAL mode — total_samples=200000
  total: h0=82063 h1=15019
  pooled_train:  n0=1200 n1=1200
  pooled_calib:  n0=100 n1=100
  pooled_eval:   n0=1200 n1=1200
  regions (for macro stats only): 1103
[INFO] Cosine baseline routed to direct Hadamard sum (PrecomputedCosine)
[INFO] WeightedEnsemble Cosine judge routed to direct Hadamard sum
  [WeightedEnsemble] Judges routed to 'alt' input: PrecomputedCosine
[WeightedEnsemble] Fitted split-calibrated ensemble (alpha=0.0500, external calib split into META/RISK_CALIB, normalization=h0_cdf):
  tau=0.988475, META: TPR=0.5600, FPR=0.0400, RISK_CALIB: TPR=0.2800, FPR=0.0400
  PrecomputedCosine       : +0.494159
  PCAWhitenedCosine       : +0.110428
  XGBoost                 : +0.351522
  LDA                     : +0.043890

Method                   | TPR    | FPR    | TrTPR  | TrFPR  | MacroTPR | MacroFPR | Regions | TauMean | ms   | OK? 
--------------------------------------------------------------------------------------------------------------------
Cosine                   | 0.5350 | 0.0858 | 0.4700 | 0.0500 | 0.4962   | 0.1304   | 843     | 0.9251  | 46.2 | FAIL
AndBox-HC                | 0.4875 | 0.0625 | 0.4100 | 0.0500 | 0.4425   | 0.0965   | 843     | -0.0000 | 30.9 | FAIL
HadamardCosine           | 0.5350 | 0.0858 | 0.4700 | 0.0500 | 0.4962   | 0.1304   | 843     | 0.9251  | 28.3 | FAIL
PCAWhitenedCosine        | 0.6292 | 0.0692 | 0.5000 | 0.0500 | 0.5172   | 0.1035   | 843     | 0.6509  | 26.2 | FAIL
Vec (Wgt)                | 0.5550 | 0.0800 | 0.4700 | 0.0500 | 0.5085   | 0.1213   | 843     | 0.9156  | 25.7 | FAIL
Log Reg                  | 0.2525 | 0.0525 | 0.2100 | 0.0500 | 0.2348   | 0.0755   | 843     | 0.5100  | 30.0 | FAIL
LDA                      | 0.5567 | 0.0592 | 0.4900 | 0.0500 | 0.4588   | 0.0837   | 843     | 3.2587  | 27.5 | FAIL
Tiny MLP                 | 0.4833 | 0.0392 | 0.4100 | 0.0500 | 0.3840   | 0.0554   | 843     | 0.8740  | 28.5 | PASS
MultiProtoCosine         | 0.0917 | 0.0608 | 0.0800 | 0.0500 | 0.0848   | 0.0638   | 843     | 0.9221  | 29.7 | FAIL
WeightedEnsemble         | 0.6375 | 0.0958 | 0.5400 | 0.0500 | 0.5794   | 0.1389   | 843     | 0.9107  | 41.0 | FAIL
XGBoost                  | 0.6192 | 0.0892 | 0.5400 | 0.0500 | 0.5507   | 0.1284   | 843     | 0.6157  | 37.5 | FAIL
StabilizedWhitenedCosine | 0.4883 | 0.0400 | 0.4000 | 0.0500 | 0.3877   | 0.0650   | 843     | 0.9671  | 28.2 | PASS

[trial=3 seed=45] GLOBAL mode — total_samples=200000
  total: h0=82063 h1=15019
  pooled_train:  n0=1200 n1=1200
  pooled_calib:  n0=100 n1=100
  pooled_eval:   n0=1200 n1=1200
  regions (for macro stats only): 1103
[INFO] Cosine baseline routed to direct Hadamard sum (PrecomputedCosine)
[INFO] WeightedEnsemble Cosine judge routed to direct Hadamard sum
  [WeightedEnsemble] Judges routed to 'alt' input: PrecomputedCosine
[WeightedEnsemble] Fitted split-calibrated ensemble (alpha=0.0500, external calib split into META/RISK_CALIB, normalization=h0_cdf):
  tau=0.822902, META: TPR=0.4400, FPR=0.0400, RISK_CALIB: TPR=0.5800, FPR=0.0400
  PrecomputedCosine       : +0.014201
  PCAWhitenedCosine       : +0.305585
  XGBoost                 : +0.198500
  LDA                     : +0.481715

Method                   | TPR    | FPR    | TrTPR  | TrFPR  | MacroTPR | MacroFPR | Regions | TauMean | ms   | OK? 
--------------------------------------------------------------------------------------------------------------------
Cosine                   | 0.2867 | 0.0192 | 0.2300 | 0.0500 | 0.2419   | 0.0285   | 843     | 0.9994  | 39.5 | PASS
AndBox-HC                | 0.2108 | 0.0192 | 0.1400 | 0.0500 | 0.1694   | 0.0256   | 843     | 0.0001  | 30.7 | PASS
HadamardCosine           | 0.2867 | 0.0192 | 0.2300 | 0.0500 | 0.2419   | 0.0285   | 843     | 0.9994  | 28.5 | PASS
PCAWhitenedCosine        | 0.4433 | 0.0275 | 0.3400 | 0.0500 | 0.3628   | 0.0437   | 843     | 1.1343  | 26.4 | PASS
Vec (Wgt)                | 0.4792 | 0.0383 | 0.4700 | 0.0500 | 0.4228   | 0.0562   | 843     | 0.9541  | 25.9 | PASS
Log Reg                  | 0.1283 | 0.0200 | 0.1700 | 0.0500 | 0.1114   | 0.0312   | 843     | 0.5181  | 30.1 | PASS
LDA                      | 0.5350 | 0.0542 | 0.5000 | 0.0500 | 0.4551   | 0.0667   | 843     | 3.5336  | 27.7 | FAIL
Tiny MLP                 | 0.5133 | 0.0442 | 0.4500 | 0.0500 | 0.4369   | 0.0607   | 843     | 0.8828  | 28.6 | PASS
MultiProtoCosine         | 0.0725 | 0.0433 | 0.0400 | 0.0500 | 0.0642   | 0.0564   | 843     | 0.9239  | 29.9 | PASS
WeightedEnsemble         | 0.5067 | 0.0325 | 0.4600 | 0.0500 | 0.4085   | 0.0493   | 843     | 0.9136  | 41.3 | PASS
XGBoost                  | 0.4242 | 0.0300 | 0.3900 | 0.0500 | 0.3479   | 0.0417   | 843     | 0.7435  | 38.3 | PASS
StabilizedWhitenedCosine | 0.5692 | 0.0617 | 0.4900 | 0.0500 | 0.4773   | 0.0893   | 843     | 0.8298  | 28.4 | FAIL

[trial=4 seed=46] GLOBAL mode — total_samples=200000
  total: h0=82063 h1=15019
  pooled_train:  n0=1200 n1=1200
  pooled_calib:  n0=100 n1=100
  pooled_eval:   n0=1200 n1=1200
  regions (for macro stats only): 1103
[INFO] Cosine baseline routed to direct Hadamard sum (PrecomputedCosine)
[INFO] WeightedEnsemble Cosine judge routed to direct Hadamard sum
  [WeightedEnsemble] Judges routed to 'alt' input: PrecomputedCosine
[WeightedEnsemble] Fitted split-calibrated ensemble (alpha=0.0500, external calib split into META/RISK_CALIB, normalization=h0_cdf):
  tau=0.956058, META: TPR=0.6000, FPR=0.0400, RISK_CALIB: TPR=0.5400, FPR=0.0400
  PrecomputedCosine       : +0.141725
  PCAWhitenedCosine       : +0.151893
  XGBoost                 : +0.313631
  LDA                     : +0.392751

Method                   | TPR    | FPR    | TrTPR  | TrFPR  | MacroTPR | MacroFPR | Regions | TauMean | ms   | OK? 
--------------------------------------------------------------------------------------------------------------------
Cosine                   | 0.4533 | 0.0467 | 0.4700 | 0.0500 | 0.4205   | 0.0690   | 849     | 0.9616  | 39.3 | PASS
AndBox-HC                | 0.4175 | 0.0517 | 0.4300 | 0.0500 | 0.3841   | 0.0725   | 849     | 0.0000  | 30.8 | FAIL
HadamardCosine           | 0.4533 | 0.0467 | 0.4700 | 0.0500 | 0.4205   | 0.0690   | 849     | 0.9616  | 28.5 | PASS
PCAWhitenedCosine        | 0.3725 | 0.0183 | 0.4200 | 0.0500 | 0.3014   | 0.0278   | 849     | 1.3463  | 26.7 | PASS
Vec (Wgt)                | 0.5008 | 0.0483 | 0.5500 | 0.0500 | 0.4625   | 0.0763   | 849     | 0.9327  | 26.1 | PASS
Log Reg                  | 0.1842 | 0.0333 | 0.2400 | 0.0500 | 0.1803   | 0.0468   | 849     | 0.5127  | 30.1 | PASS
LDA                      | 0.5008 | 0.0383 | 0.5700 | 0.0500 | 0.4029   | 0.0570   | 849     | 3.7223  | 27.8 | PASS
Tiny MLP                 | 0.4933 | 0.0417 | 0.5800 | 0.0500 | 0.4077   | 0.0636   | 849     | 0.9261  | 28.6 | PASS
MultiProtoCosine         | 0.0500 | 0.0183 | 0.0800 | 0.0500 | 0.0342   | 0.0198   | 849     | 0.9303  | 30.2 | PASS
WeightedEnsemble         | 0.4733 | 0.0400 | 0.5400 | 0.0500 | 0.4022   | 0.0635   | 849     | 0.9366  | 41.4 | PASS
XGBoost                  | 0.4425 | 0.0408 | 0.4400 | 0.0500 | 0.3948   | 0.0665   | 849     | 0.7420  | 38.0 | PASS
StabilizedWhitenedCosine | 0.4408 | 0.0275 | 0.4600 | 0.0500 | 0.3710   | 0.0426   | 849     | 1.1714  | 28.4 | PASS

[trial=5 seed=47] GLOBAL mode — total_samples=200000
  total: h0=82063 h1=15019
  pooled_train:  n0=1200 n1=1200
  pooled_calib:  n0=100 n1=100
  pooled_eval:   n0=1200 n1=1200
  regions (for macro stats only): 1103
[INFO] Cosine baseline routed to direct Hadamard sum (PrecomputedCosine)
[INFO] WeightedEnsemble Cosine judge routed to direct Hadamard sum
  [WeightedEnsemble] Judges routed to 'alt' input: PrecomputedCosine
[WeightedEnsemble] Fitted split-calibrated ensemble (alpha=0.0500, external calib split into META/RISK_CALIB, normalization=h0_cdf):
  tau=0.931373, META: TPR=0.3800, FPR=0.0400, RISK_CALIB: TPR=0.4800, FPR=0.0400
  PrecomputedCosine       : +1.000000
  PCAWhitenedCosine       : +0.000000
  XGBoost                 : +0.000000
  LDA                     : +0.000000

Method                   | TPR    | FPR    | TrTPR  | TrFPR  | MacroTPR | MacroFPR | Regions | TauMean | ms   | OK? 
--------------------------------------------------------------------------------------------------------------------
Cosine                   | 0.4808 | 0.0567 | 0.4200 | 0.0500 | 0.4345   | 0.0802   | 806     | 0.9566  | 24.8 | FAIL
AndBox-HC                | 0.3917 | 0.0475 | 0.3100 | 0.0500 | 0.3585   | 0.0679   | 806     | 0.0001  | 28.9 | PASS
HadamardCosine           | 0.4808 | 0.0567 | 0.4200 | 0.0500 | 0.4345   | 0.0802   | 806     | 0.9566  | 31.0 | FAIL
PCAWhitenedCosine        | 0.4467 | 0.0292 | 0.3300 | 0.0500 | 0.3468   | 0.0488   | 806     | 1.2564  | 25.7 | PASS
Vec (Wgt)                | 0.5433 | 0.0642 | 0.4300 | 0.0500 | 0.4968   | 0.0911   | 806     | 0.9326  | 25.3 | FAIL
Log Reg                  | 0.1633 | 0.0258 | 0.1000 | 0.0500 | 0.1342   | 0.0402   | 806     | 0.5156  | 29.5 | PASS
LDA                      | 0.4867 | 0.0400 | 0.3700 | 0.0500 | 0.3944   | 0.0639   | 806     | 4.4699  | 26.9 | PASS
Tiny MLP                 | 0.5808 | 0.0583 | 0.4400 | 0.0500 | 0.4731   | 0.0965   | 806     | 0.8601  | 27.9 | FAIL
MultiProtoCosine         | 0.0783 | 0.0433 | 0.0400 | 0.0500 | 0.0587   | 0.0445   | 806     | 0.9259  | 29.2 | PASS
WeightedEnsemble         | 0.4775 | 0.0533 | 0.4200 | 0.0400 | 0.4316   | 0.0770   | 806     | 0.9510  | 40.6 | FAIL
XGBoost                  | 0.4467 | 0.0383 | 0.4000 | 0.0500 | 0.3831   | 0.0577   | 806     | 0.7437  | 36.9 | PASS
StabilizedWhitenedCosine | 0.5450 | 0.0558 | 0.5300 | 0.0500 | 0.4296   | 0.0865   | 806     | 0.9760  | 27.5 | FAIL

[trial=6 seed=48] GLOBAL mode — total_samples=200000
  total: h0=82063 h1=15019
  pooled_train:  n0=1200 n1=1200
  pooled_calib:  n0=100 n1=100
  pooled_eval:   n0=1200 n1=1200
  regions (for macro stats only): 1103
[INFO] Cosine baseline routed to direct Hadamard sum (PrecomputedCosine)
[INFO] WeightedEnsemble Cosine judge routed to direct Hadamard sum
  [WeightedEnsemble] Judges routed to 'alt' input: PrecomputedCosine
[WeightedEnsemble] Fitted split-calibrated ensemble (alpha=0.0500, external calib split into META/RISK_CALIB, normalization=h0_cdf):
  tau=0.959115, META: TPR=0.5800, FPR=0.0400, RISK_CALIB: TPR=0.4200, FPR=0.0400
  PrecomputedCosine       : +0.071344
  PCAWhitenedCosine       : +0.272186
  XGBoost                 : +0.154371
  LDA                     : +0.502100

Method                   | TPR    | FPR    | TrTPR  | TrFPR  | MacroTPR | MacroFPR | Regions | TauMean | ms   | OK? 
--------------------------------------------------------------------------------------------------------------------
Cosine                   | 0.4992 | 0.0600 | 0.5100 | 0.0500 | 0.4645   | 0.0767   | 837     | 0.9453  | 25.3 | FAIL
AndBox-HC                | 0.3533 | 0.0500 | 0.4300 | 0.0500 | 0.3281   | 0.0640   | 837     | 0.0000  | 29.8 | PASS
HadamardCosine           | 0.4992 | 0.0600 | 0.5100 | 0.0500 | 0.4645   | 0.0767   | 837     | 0.9453  | 33.2 | FAIL
PCAWhitenedCosine        | 0.6383 | 0.0792 | 0.5800 | 0.0500 | 0.5629   | 0.1115   | 837     | 0.6013  | 26.4 | FAIL
Vec (Wgt)                | 0.4917 | 0.0383 | 0.5000 | 0.0500 | 0.4423   | 0.0544   | 837     | 0.9471  | 26.1 | PASS
Log Reg                  | 0.2692 | 0.0483 | 0.2800 | 0.0500 | 0.2388   | 0.0680   | 837     | 0.5100  | 30.4 | PASS
LDA                      | 0.5350 | 0.0483 | 0.4700 | 0.0500 | 0.4550   | 0.0728   | 837     | 3.3779  | 27.7 | PASS
Tiny MLP                 | 0.6058 | 0.0725 | 0.5800 | 0.0500 | 0.5245   | 0.1058   | 837     | 0.7757  | 28.7 | FAIL
MultiProtoCosine         | 0.0658 | 0.0317 | 0.0600 | 0.0500 | 0.0590   | 0.0339   | 837     | 0.9277  | 30.0 | PASS
WeightedEnsemble         | 0.5642 | 0.0525 | 0.5400 | 0.0500 | 0.4871   | 0.0798   | 837     | 0.9293  | 41.4 | FAIL
XGBoost                  | 0.4725 | 0.0442 | 0.4400 | 0.0500 | 0.4183   | 0.0598   | 837     | 0.7147  | 37.9 | PASS
StabilizedWhitenedCosine | 0.5533 | 0.0525 | 0.5100 | 0.0500 | 0.4736   | 0.0759   | 837     | 0.8783  | 28.6 | FAIL

[trial=7 seed=49] GLOBAL mode — total_samples=200000
  total: h0=82063 h1=15019
  pooled_train:  n0=1200 n1=1200
  pooled_calib:  n0=100 n1=100
  pooled_eval:   n0=1200 n1=1200
  regions (for macro stats only): 1103
[INFO] Cosine baseline routed to direct Hadamard sum (PrecomputedCosine)
[INFO] WeightedEnsemble Cosine judge routed to direct Hadamard sum
  [WeightedEnsemble] Judges routed to 'alt' input: PrecomputedCosine
[WeightedEnsemble] Fitted split-calibrated ensemble (alpha=0.0500, external calib split into META/RISK_CALIB, normalization=h0_cdf):
  tau=0.990196, META: TPR=0.6200, FPR=0.0400, RISK_CALIB: TPR=0.3600, FPR=0.0400
  PrecomputedCosine       : +0.000000
  PCAWhitenedCosine       : +1.000000
  XGBoost                 : +0.000000
  LDA                     : +0.000000

Method                   | TPR    | FPR    | TrTPR  | TrFPR  | MacroTPR | MacroFPR | Regions | TauMean | ms   | OK? 
--------------------------------------------------------------------------------------------------------------------
Cosine                   | 0.4458 | 0.0375 | 0.4800 | 0.0500 | 0.4158   | 0.0568   | 832     | 0.9642  | 25.3 | PASS
AndBox-HC                | 0.4233 | 0.0358 | 0.4400 | 0.0500 | 0.3992   | 0.0567   | 832     | 0.0000  | 29.1 | PASS
HadamardCosine           | 0.4458 | 0.0375 | 0.4800 | 0.0500 | 0.4158   | 0.0568   | 832     | 0.9642  | 34.3 | PASS
PCAWhitenedCosine        | 0.5917 | 0.0517 | 0.5800 | 0.0500 | 0.5052   | 0.0712   | 832     | 0.7033  | 26.1 | FAIL
Vec (Wgt)                | 0.4717 | 0.0333 | 0.5200 | 0.0500 | 0.4276   | 0.0503   | 832     | 0.9589  | 25.7 | PASS
Log Reg                  | 0.1467 | 0.0183 | 0.1500 | 0.0500 | 0.1452   | 0.0280   | 832     | 0.5128  | 30.0 | PASS
LDA                      | 0.5250 | 0.0417 | 0.6000 | 0.0500 | 0.4393   | 0.0585   | 832     | 3.4414  | 27.5 | PASS
Tiny MLP                 | 0.5275 | 0.0367 | 0.5700 | 0.0500 | 0.4336   | 0.0549   | 832     | 0.8467  | 28.4 | PASS
MultiProtoCosine         | 0.0575 | 0.0225 | 0.0400 | 0.0500 | 0.0436   | 0.0248   | 832     | 0.9294  | 29.9 | PASS
WeightedEnsemble         | 0.5183 | 0.0375 | 0.5200 | 0.0400 | 0.4383   | 0.0521   | 832     | 0.9706  | 41.0 | PASS
XGBoost                  | 0.5025 | 0.0408 | 0.5100 | 0.0500 | 0.4518   | 0.0560   | 832     | 0.6890  | 37.7 | PASS
StabilizedWhitenedCosine | 0.5033 | 0.0375 | 0.5300 | 0.0500 | 0.4338   | 0.0532   | 832     | 0.9187  | 28.1 | PASS

[trial=8 seed=50] GLOBAL mode — total_samples=200000
  total: h0=82063 h1=15019
  pooled_train:  n0=1200 n1=1200
  pooled_calib:  n0=100 n1=100
  pooled_eval:   n0=1200 n1=1200
  regions (for macro stats only): 1103
[INFO] Cosine baseline routed to direct Hadamard sum (PrecomputedCosine)
[INFO] WeightedEnsemble Cosine judge routed to direct Hadamard sum
  [WeightedEnsemble] Judges routed to 'alt' input: PrecomputedCosine
[WeightedEnsemble] Fitted split-calibrated ensemble (alpha=0.0500, external calib split into META/RISK_CALIB, normalization=h0_cdf):
  tau=0.941959, META: TPR=0.3600, FPR=0.0400, RISK_CALIB: TPR=0.2000, FPR=0.0400
  PrecomputedCosine       : +0.102565
  PCAWhitenedCosine       : +0.263560
  XGBoost                 : +0.600359
  LDA                     : +0.033515

Method                   | TPR    | FPR    | TrTPR  | TrFPR  | MacroTPR | MacroFPR | Regions | TauMean | ms   | OK? 
--------------------------------------------------------------------------------------------------------------------
Cosine                   | 0.3650 | 0.0300 | 0.2900 | 0.0500 | 0.3111   | 0.0473   | 838     | 0.9869  | 25.0 | PASS
AndBox-HC                | 0.3933 | 0.0458 | 0.3100 | 0.0500 | 0.3475   | 0.0658   | 838     | 0.0000  | 29.5 | PASS
HadamardCosine           | 0.3650 | 0.0300 | 0.2900 | 0.0500 | 0.3111   | 0.0473   | 838     | 0.9869  | 30.8 | PASS
PCAWhitenedCosine        | 0.3283 | 0.0258 | 0.3100 | 0.0500 | 0.2510   | 0.0400   | 838     | 1.5709  | 26.0 | PASS
Vec (Wgt)                | 0.4925 | 0.0492 | 0.4400 | 0.0500 | 0.4339   | 0.0712   | 838     | 0.9443  | 25.4 | PASS
Log Reg                  | 0.2650 | 0.0367 | 0.1300 | 0.0500 | 0.2087   | 0.0521   | 838     | 0.5094  | 29.6 | PASS
LDA                      | 0.4117 | 0.0275 | 0.3300 | 0.0500 | 0.3214   | 0.0355   | 838     | 5.4549  | 27.3 | PASS
Tiny MLP                 | 0.2967 | 0.0242 | 0.2500 | 0.0500 | 0.2249   | 0.0345   | 838     | 0.9804  | 28.2 | PASS
MultiProtoCosine         | 0.0533 | 0.0300 | 0.0500 | 0.0500 | 0.0474   | 0.0338   | 838     | 0.9279  | 29.3 | PASS
WeightedEnsemble         | 0.4258 | 0.0358 | 0.3600 | 0.0500 | 0.3553   | 0.0513   | 838     | 0.9092  | 40.7 | PASS
XGBoost                  | 0.3242 | 0.0250 | 0.2700 | 0.0500 | 0.2667   | 0.0388   | 838     | 0.7985  | 37.5 | PASS
StabilizedWhitenedCosine | 0.3783 | 0.0325 | 0.3600 | 0.0500 | 0.3003   | 0.0454   | 838     | 1.3468  | 27.9 | PASS

[trial=9 seed=51] GLOBAL mode — total_samples=200000
  total: h0=82063 h1=15019
  pooled_train:  n0=1200 n1=1200
  pooled_calib:  n0=100 n1=100
  pooled_eval:   n0=1200 n1=1200
  regions (for macro stats only): 1103
[INFO] Cosine baseline routed to direct Hadamard sum (PrecomputedCosine)
[INFO] WeightedEnsemble Cosine judge routed to direct Hadamard sum
  [WeightedEnsemble] Judges routed to 'alt' input: PrecomputedCosine
[WeightedEnsemble] Fitted split-calibrated ensemble (alpha=0.0500, external calib split into META/RISK_CALIB, normalization=h0_cdf):
  tau=0.968130, META: TPR=0.3800, FPR=0.0400, RISK_CALIB: TPR=0.3400, FPR=0.0400
  PrecomputedCosine       : +0.091271
  PCAWhitenedCosine       : +0.471403
  XGBoost                 : +0.061431
  LDA                     : +0.375894

Method                   | TPR    | FPR    | TrTPR  | TrFPR  | MacroTPR | MacroFPR | Regions | TauMean | ms   | OK? 
--------------------------------------------------------------------------------------------------------------------
Cosine                   | 0.4675 | 0.0517 | 0.3900 | 0.0500 | 0.4315   | 0.0813   | 820     | 0.9583  | 25.1 | FAIL
AndBox-HC                | 0.3942 | 0.0575 | 0.2700 | 0.0500 | 0.3617   | 0.0794   | 820     | 0.0001  | 29.1 | FAIL
HadamardCosine           | 0.4675 | 0.0517 | 0.3900 | 0.0500 | 0.4315   | 0.0813   | 820     | 0.9583  | 31.3 | FAIL
PCAWhitenedCosine        | 0.5817 | 0.0625 | 0.5000 | 0.0500 | 0.4773   | 0.0906   | 820     | 0.8944  | 25.9 | FAIL
Vec (Wgt)                | 0.5483 | 0.0717 | 0.4400 | 0.0500 | 0.5008   | 0.1073   | 820     | 0.9242  | 25.5 | FAIL
Log Reg                  | 0.2433 | 0.0342 | 0.2100 | 0.0500 | 0.2102   | 0.0537   | 820     | 0.5102  | 29.7 | PASS
LDA                      | 0.5658 | 0.0600 | 0.4900 | 0.0500 | 0.4524   | 0.0806   | 820     | 3.7138  | 27.3 | FAIL
Tiny MLP                 | 0.5300 | 0.0475 | 0.4800 | 0.0500 | 0.4399   | 0.0714   | 820     | 0.8914  | 28.2 | PASS
MultiProtoCosine         | 0.0817 | 0.0400 | 0.0800 | 0.0500 | 0.0707   | 0.0452   | 820     | 0.9241  | 29.7 | PASS
WeightedEnsemble         | 0.5217 | 0.0400 | 0.4600 | 0.0500 | 0.4225   | 0.0565   | 820     | 0.9377  | 40.9 | PASS
XGBoost                  | 0.4750 | 0.0450 | 0.4200 | 0.0500 | 0.4265   | 0.0665   | 820     | 0.7249  | 37.1 | PASS
StabilizedWhitenedCosine | 0.5925 | 0.0675 | 0.5400 | 0.0500 | 0.4982   | 0.0950   | 820     | 0.8093  | 27.8 | FAIL

[trial=10 seed=52] GLOBAL mode — total_samples=200000
  total: h0=82063 h1=15019
  pooled_train:  n0=1200 n1=1200
  pooled_calib:  n0=100 n1=100
  pooled_eval:   n0=1200 n1=1200
  regions (for macro stats only): 1103
[INFO] Cosine baseline routed to direct Hadamard sum (PrecomputedCosine)
[INFO] WeightedEnsemble Cosine judge routed to direct Hadamard sum
  [WeightedEnsemble] Judges routed to 'alt' input: PrecomputedCosine
[WeightedEnsemble] Fitted split-calibrated ensemble (alpha=0.0500, external calib split into META/RISK_CALIB, normalization=h0_cdf):
  tau=0.851917, META: TPR=0.4400, FPR=0.0400, RISK_CALIB: TPR=0.6800, FPR=0.0400
  PrecomputedCosine       : +0.015636
  PCAWhitenedCosine       : +0.829686
  XGBoost                 : +0.078751
  LDA                     : +0.075927

Method                   | TPR    | FPR    | TrTPR  | TrFPR  | MacroTPR | MacroFPR | Regions | TauMean | ms   | OK? 
--------------------------------------------------------------------------------------------------------------------
Cosine                   | 0.4400 | 0.0558 | 0.4500 | 0.0500 | 0.4332   | 0.0827   | 849     | 0.9607  | 46.6 | FAIL
AndBox-HC                | 0.3283 | 0.0467 | 0.3600 | 0.0500 | 0.3318   | 0.0659   | 849     | 0.0000  | 30.8 | PASS
HadamardCosine           | 0.4400 | 0.0558 | 0.4500 | 0.0500 | 0.4332   | 0.0827   | 849     | 0.9607  | 28.5 | FAIL
PCAWhitenedCosine        | 0.5067 | 0.0517 | 0.5600 | 0.0500 | 0.4367   | 0.0788   | 849     | 0.9328  | 26.5 | FAIL
Vec (Wgt)                | 0.4517 | 0.0475 | 0.4900 | 0.0500 | 0.4329   | 0.0728   | 849     | 0.9481  | 26.0 | PASS
Log Reg                  | 0.1150 | 0.0175 | 0.1200 | 0.0500 | 0.1073   | 0.0298   | 849     | 0.5169  | 30.3 | PASS
LDA                      | 0.5675 | 0.0658 | 0.6100 | 0.0500 | 0.4826   | 0.0941   | 849     | 2.9188  | 27.9 | FAIL
Tiny MLP                 | 0.5333 | 0.0583 | 0.5600 | 0.0500 | 0.4616   | 0.0846   | 849     | 0.8285  | 28.8 | FAIL
MultiProtoCosine         | 0.0700 | 0.0400 | 0.0700 | 0.0500 | 0.0566   | 0.0442   | 849     | 0.9263  | 30.1 | PASS
WeightedEnsemble         | 0.4892 | 0.0417 | 0.5200 | 0.0500 | 0.4222   | 0.0639   | 849     | 0.9065  | 41.6 | PASS
XGBoost                  | 0.4350 | 0.0467 | 0.5000 | 0.0500 | 0.4082   | 0.0654   | 849     | 0.7126  | 38.0 | PASS
StabilizedWhitenedCosine | 0.5067 | 0.0542 | 0.5400 | 0.0500 | 0.4454   | 0.0801   | 849     | 0.8529  | 28.5 | FAIL

[trial=11 seed=53] GLOBAL mode — total_samples=200000
  total: h0=82063 h1=15019
  pooled_train:  n0=1200 n1=1200
  pooled_calib:  n0=100 n1=100
  pooled_eval:   n0=1200 n1=1200
  regions (for macro stats only): 1103
[INFO] Cosine baseline routed to direct Hadamard sum (PrecomputedCosine)
[INFO] WeightedEnsemble Cosine judge routed to direct Hadamard sum
  [WeightedEnsemble] Judges routed to 'alt' input: PrecomputedCosine
[WeightedEnsemble] Fitted split-calibrated ensemble (alpha=0.0500, external calib split into META/RISK_CALIB, normalization=h0_cdf):
  tau=0.971137, META: TPR=0.4600, FPR=0.0400, RISK_CALIB: TPR=0.5400, FPR=0.0400
  PrecomputedCosine       : +0.116777
  PCAWhitenedCosine       : +0.148310
  XGBoost                 : +0.162534
  LDA                     : +0.572379

Method                   | TPR    | FPR    | TrTPR  | TrFPR  | MacroTPR | MacroFPR | Regions | TauMean | ms   | OK? 
--------------------------------------------------------------------------------------------------------------------
Cosine                   | 0.4833 | 0.0617 | 0.5000 | 0.0500 | 0.4202   | 0.0870   | 852     | 0.9587  | 26.6 | FAIL
AndBox-HC                | 0.4492 | 0.0733 | 0.4100 | 0.0500 | 0.4077   | 0.0985   | 852     | 0.0000  | 30.6 | FAIL
HadamardCosine           | 0.4833 | 0.0617 | 0.5000 | 0.0500 | 0.4202   | 0.0870   | 852     | 0.9587  | 32.1 | FAIL
PCAWhitenedCosine        | 0.5600 | 0.0567 | 0.5900 | 0.0500 | 0.4663   | 0.0800   | 852     | 0.8516  | 26.2 | FAIL
Vec (Wgt)                | 0.5525 | 0.0692 | 0.5700 | 0.0500 | 0.4931   | 0.0987   | 852     | 0.9304  | 25.8 | FAIL
Log Reg                  | 0.4250 | 0.1283 | 0.4400 | 0.0500 | 0.3760   | 0.1523   | 852     | 0.5056  | 30.0 | FAIL
LDA                      | 0.4900 | 0.0442 | 0.5100 | 0.0500 | 0.3915   | 0.0680   | 852     | 3.9553  | 27.6 | PASS
Tiny MLP                 | 0.6092 | 0.0808 | 0.6200 | 0.0500 | 0.5165   | 0.1125   | 852     | 0.8339  | 28.6 | FAIL
MultiProtoCosine         | 0.0800 | 0.0667 | 0.1500 | 0.0500 | 0.0710   | 0.0678   | 852     | 0.9223  | 29.8 | FAIL
WeightedEnsemble         | 0.5875 | 0.0533 | 0.5500 | 0.0500 | 0.4853   | 0.0797   | 852     | 0.9293  | 41.3 | FAIL
XGBoost                  | 0.5467 | 0.0708 | 0.5800 | 0.0500 | 0.4689   | 0.1009   | 852     | 0.6857  | 37.8 | FAIL
StabilizedWhitenedCosine | 0.6133 | 0.0675 | 0.6100 | 0.0500 | 0.5211   | 0.0925   | 852     | 0.7192  | 28.3 | FAIL

[trial=12 seed=54] GLOBAL mode — total_samples=200000
  total: h0=82063 h1=15019
  pooled_train:  n0=1200 n1=1200
  pooled_calib:  n0=100 n1=100
  pooled_eval:   n0=1200 n1=1200
  regions (for macro stats only): 1103
[INFO] Cosine baseline routed to direct Hadamard sum (PrecomputedCosine)
[INFO] WeightedEnsemble Cosine judge routed to direct Hadamard sum
  [WeightedEnsemble] Judges routed to 'alt' input: PrecomputedCosine
[WeightedEnsemble] Fitted split-calibrated ensemble (alpha=0.0500, external calib split into META/RISK_CALIB, normalization=h0_cdf):
  tau=0.970588, META: TPR=0.4600, FPR=0.0400, RISK_CALIB: TPR=0.5600, FPR=0.0400
  PrecomputedCosine       : +0.000000
  PCAWhitenedCosine       : +1.000000
  XGBoost                 : +0.000000
  LDA                     : +0.000000

Method                   | TPR    | FPR    | TrTPR  | TrFPR  | MacroTPR | MacroFPR | Regions | TauMean | ms   | OK? 
--------------------------------------------------------------------------------------------------------------------
Cosine                   | 0.4100 | 0.0333 | 0.4000 | 0.0500 | 0.3699   | 0.0495   | 847     | 0.9739  | 39.0 | PASS
AndBox-HC                | 0.4458 | 0.0500 | 0.4400 | 0.0500 | 0.4145   | 0.0739   | 847     | 0.0000  | 30.8 | PASS
HadamardCosine           | 0.4100 | 0.0333 | 0.4000 | 0.0500 | 0.3699   | 0.0495   | 847     | 0.9739  | 28.4 | PASS
PCAWhitenedCosine        | 0.5925 | 0.0633 | 0.5300 | 0.0500 | 0.5055   | 0.0904   | 847     | 0.7745  | 26.3 | FAIL
Vec (Wgt)                | 0.4658 | 0.0392 | 0.4400 | 0.0500 | 0.4207   | 0.0574   | 847     | 0.9604  | 26.0 | PASS
Log Reg                  | 0.2475 | 0.0567 | 0.2900 | 0.0500 | 0.2204   | 0.0810   | 847     | 0.5103  | 30.3 | FAIL
LDA                      | 0.5117 | 0.0450 | 0.4600 | 0.0500 | 0.4215   | 0.0663   | 847     | 4.1136  | 27.8 | PASS
Tiny MLP                 | 0.5167 | 0.0400 | 0.4200 | 0.0500 | 0.4198   | 0.0590   | 847     | 0.9057  | 28.8 | PASS
MultiProtoCosine         | 0.0650 | 0.0292 | 0.1200 | 0.0500 | 0.0572   | 0.0357   | 847     | 0.9264  | 30.1 | PASS
WeightedEnsemble         | 0.5742 | 0.0592 | 0.5100 | 0.0400 | 0.4903   | 0.0852   | 847     | 0.9706  | 41.2 | FAIL
XGBoost                  | 0.4800 | 0.0475 | 0.4500 | 0.0500 | 0.4342   | 0.0732   | 847     | 0.7202  | 37.9 | PASS
StabilizedWhitenedCosine | 0.5908 | 0.0692 | 0.5100 | 0.0500 | 0.5037   | 0.0977   | 847     | 0.8102  | 28.5 | FAIL

[trial=13 seed=55] GLOBAL mode — total_samples=200000
  total: h0=82063 h1=15019
  pooled_train:  n0=1200 n1=1200
  pooled_calib:  n0=100 n1=100
  pooled_eval:   n0=1200 n1=1200
  regions (for macro stats only): 1103
[INFO] Cosine baseline routed to direct Hadamard sum (PrecomputedCosine)
[INFO] WeightedEnsemble Cosine judge routed to direct Hadamard sum
  [WeightedEnsemble] Judges routed to 'alt' input: PrecomputedCosine
[WeightedEnsemble] Fitted split-calibrated ensemble (alpha=0.0500, external calib split into META/RISK_CALIB, normalization=h0_cdf):
  tau=0.979219, META: TPR=0.3600, FPR=0.0400, RISK_CALIB: TPR=0.3200, FPR=0.0400
  PrecomputedCosine       : +0.093739
  PCAWhitenedCosine       : +0.445425
  XGBoost                 : +0.436091
  LDA                     : +0.024746

Method                   | TPR    | FPR    | TrTPR  | TrFPR  | MacroTPR | MacroFPR | Regions | TauMean | ms   | OK? 
--------------------------------------------------------------------------------------------------------------------
Cosine                   | 0.2517 | 0.0150 | 0.2000 | 0.0500 | 0.2127   | 0.0232   | 834     | 1.0000  | 26.6 | PASS
AndBox-HC                | 0.2008 | 0.0258 | 0.1400 | 0.0500 | 0.1687   | 0.0373   | 834     | 0.0000  | 30.4 | PASS
HadamardCosine           | 0.2492 | 0.0142 | 0.2000 | 0.0500 | 0.2082   | 0.0214   | 834     | 1.0000  | 31.5 | PASS
PCAWhitenedCosine        | 0.4233 | 0.0250 | 0.3900 | 0.0500 | 0.3062   | 0.0332   | 834     | 1.3067  | 26.1 | PASS
Vec (Wgt)                | 0.4083 | 0.0300 | 0.3100 | 0.0500 | 0.3374   | 0.0466   | 834     | 0.9871  | 25.6 | PASS
Log Reg                  | 0.1567 | 0.0250 | 0.1300 | 0.0500 | 0.1295   | 0.0356   | 834     | 0.5141  | 29.9 | PASS
LDA                      | 0.3200 | 0.0200 | 0.3000 | 0.0500 | 0.2402   | 0.0312   | 834     | 5.5427  | 27.4 | PASS
Tiny MLP                 | 0.3575 | 0.0217 | 0.3600 | 0.0500 | 0.2670   | 0.0347   | 834     | 0.9689  | 28.2 | PASS
MultiProtoCosine         | 0.0700 | 0.0383 | 0.0600 | 0.0500 | 0.0451   | 0.0472   | 834     | 0.9263  | 29.8 | PASS
WeightedEnsemble         | 0.4625 | 0.0300 | 0.4300 | 0.0500 | 0.3645   | 0.0448   | 834     | 0.9309  | 41.1 | PASS
XGBoost                  | 0.4617 | 0.0350 | 0.4000 | 0.0500 | 0.3866   | 0.0471   | 834     | 0.7307  | 38.1 | PASS
StabilizedWhitenedCosine | 0.4267 | 0.0292 | 0.3600 | 0.0500 | 0.3144   | 0.0389   | 834     | 1.2591  | 28.3 | PASS

[trial=14 seed=56] GLOBAL mode — total_samples=200000
  total: h0=82063 h1=15019
  pooled_train:  n0=1200 n1=1200
  pooled_calib:  n0=100 n1=100
  pooled_eval:   n0=1200 n1=1200
  regions (for macro stats only): 1103
[INFO] Cosine baseline routed to direct Hadamard sum (PrecomputedCosine)
[INFO] WeightedEnsemble Cosine judge routed to direct Hadamard sum
  [WeightedEnsemble] Judges routed to 'alt' input: PrecomputedCosine
[WeightedEnsemble] Fitted split-calibrated ensemble (alpha=0.0500, external calib split into META/RISK_CALIB, normalization=h0_cdf):
  tau=inf, META: TPR=0.5200, FPR=0.0400, RISK_CALIB: TPR=nan, FPR=nan
  PrecomputedCosine       : +0.000000
  PCAWhitenedCosine       : +0.000000
  XGBoost                 : +0.000000
  LDA                     : +1.000000

Method                   | TPR    | FPR    | TrTPR  | TrFPR  | MacroTPR | MacroFPR | Regions | TauMean | ms   | OK? 
--------------------------------------------------------------------------------------------------------------------
Cosine                   | 0.4842 | 0.0608 | 0.4300 | 0.0500 | 0.4458   | 0.0854   | 870     | 0.9451  | 27.2 | FAIL
AndBox-HC                | 0.4125 | 0.0717 | 0.3800 | 0.0500 | 0.3895   | 0.0930   | 870     | -0.0000 | 31.1 | FAIL
HadamardCosine           | 0.4842 | 0.0608 | 0.4300 | 0.0500 | 0.4458   | 0.0854   | 870     | 0.9451  | 31.8 | FAIL
PCAWhitenedCosine        | 0.4058 | 0.0250 | 0.3700 | 0.0500 | 0.3242   | 0.0355   | 870     | 1.2621  | 27.2 | PASS
Vec (Wgt)                | 0.5075 | 0.0542 | 0.4600 | 0.0500 | 0.4610   | 0.0799   | 870     | 0.9402  | 26.7 | FAIL
Log Reg                  | 0.3158 | 0.0692 | 0.2700 | 0.0500 | 0.2937   | 0.0966   | 870     | 0.5081  | 30.8 | FAIL
LDA                      | 0.5475 | 0.0575 | 0.4700 | 0.0500 | 0.4410   | 0.0734   | 870     | 3.5665  | 28.5 | FAIL
Tiny MLP                 | 0.5892 | 0.0542 | 0.5400 | 0.0500 | 0.4911   | 0.0736   | 870     | 0.8087  | 29.4 | FAIL
MultiProtoCosine         | 0.1183 | 0.0833 | 0.0700 | 0.0500 | 0.1184   | 0.0981   | 870     | 0.9169  | 30.9 | FAIL
WeightedEnsemble         | 0.5475 | 0.0575 | 0.4700 | 0.0500 | 0.4410   | 0.0734   | 870     | 0.9902  | 42.1 | FAIL
XGBoost                  | 0.5975 | 0.0917 | 0.5100 | 0.0500 | 0.5376   | 0.1164   | 870     | 0.6217  | 38.5 | FAIL
StabilizedWhitenedCosine | 0.5875 | 0.0542 | 0.5300 | 0.0500 | 0.5038   | 0.0784   | 870     | 0.7397  | 29.1 | FAIL

[trial=15 seed=57] GLOBAL mode — total_samples=200000
  total: h0=82063 h1=15019
  pooled_train:  n0=1200 n1=1200
  pooled_calib:  n0=100 n1=100
  pooled_eval:   n0=1200 n1=1200
  regions (for macro stats only): 1103
[INFO] Cosine baseline routed to direct Hadamard sum (PrecomputedCosine)
[INFO] WeightedEnsemble Cosine judge routed to direct Hadamard sum
  [WeightedEnsemble] Judges routed to 'alt' input: PrecomputedCosine
[WeightedEnsemble] Fitted split-calibrated ensemble (alpha=0.0500, external calib split into META/RISK_CALIB, normalization=h0_cdf):
  tau=0.970588, META: TPR=0.5600, FPR=0.0400, RISK_CALIB: TPR=0.6000, FPR=0.0400
  PrecomputedCosine       : +0.000000
  PCAWhitenedCosine       : +0.000000
  XGBoost                 : +0.000000
  LDA                     : +1.000000

Method                   | TPR    | FPR    | TrTPR  | TrFPR  | MacroTPR | MacroFPR | Regions | TauMean | ms   | OK? 
--------------------------------------------------------------------------------------------------------------------
Cosine                   | 0.4308 | 0.0392 | 0.3800 | 0.0500 | 0.3879   | 0.0596   | 826     | 0.9727  | 26.1 | PASS
AndBox-HC                | 0.4733 | 0.0608 | 0.4400 | 0.0500 | 0.4312   | 0.0836   | 826     | 0.0000  | 29.3 | FAIL
HadamardCosine           | 0.4308 | 0.0392 | 0.3800 | 0.0500 | 0.3879   | 0.0596   | 826     | 0.9727  | 31.1 | PASS
PCAWhitenedCosine        | 0.4758 | 0.0367 | 0.4400 | 0.0500 | 0.3810   | 0.0537   | 826     | 1.1151  | 26.0 | PASS
Vec (Wgt)                | 0.4858 | 0.0467 | 0.4400 | 0.0500 | 0.4251   | 0.0741   | 826     | 0.9597  | 25.6 | PASS
Log Reg                  | 0.1550 | 0.0342 | 0.1900 | 0.0500 | 0.1375   | 0.0485   | 826     | 0.5137  | 29.9 | PASS
LDA                      | 0.6033 | 0.0692 | 0.5900 | 0.0500 | 0.5036   | 0.0957   | 826     | 2.9271  | 27.4 | FAIL
Tiny MLP                 | 0.5450 | 0.0575 | 0.5200 | 0.0500 | 0.4443   | 0.0827   | 826     | 0.8827  | 28.2 | FAIL
MultiProtoCosine         | 0.0708 | 0.0358 | 0.1100 | 0.0500 | 0.0497   | 0.0428   | 826     | 0.9267  | 29.6 | PASS
WeightedEnsemble         | 0.6033 | 0.0692 | 0.5900 | 0.0500 | 0.5036   | 0.0957   | 826     | 0.9510  | 40.9 | FAIL
XGBoost                  | 0.4450 | 0.0417 | 0.4400 | 0.0500 | 0.3941   | 0.0641   | 826     | 0.7328  | 37.5 | PASS
StabilizedWhitenedCosine | 0.5083 | 0.0433 | 0.4600 | 0.0500 | 0.4082   | 0.0640   | 826     | 1.0238  | 27.9 | PASS

[trial=16 seed=58] GLOBAL mode — total_samples=200000
  total: h0=82063 h1=15019
  pooled_train:  n0=1200 n1=1200
  pooled_calib:  n0=100 n1=100
  pooled_eval:   n0=1200 n1=1200
  regions (for macro stats only): 1103
[INFO] Cosine baseline routed to direct Hadamard sum (PrecomputedCosine)
[INFO] WeightedEnsemble Cosine judge routed to direct Hadamard sum
  [WeightedEnsemble] Judges routed to 'alt' input: PrecomputedCosine
[WeightedEnsemble] Fitted split-calibrated ensemble (alpha=0.0500, external calib split into META/RISK_CALIB, normalization=h0_cdf):
  tau=inf, META: TPR=0.4800, FPR=0.0400, RISK_CALIB: TPR=nan, FPR=nan
  PrecomputedCosine       : +0.000000
  PCAWhitenedCosine       : +0.000000
  XGBoost                 : +0.000000
  LDA                     : +1.000000

Method                   | TPR    | FPR    | TrTPR  | TrFPR  | MacroTPR | MacroFPR | Regions | TauMean | ms   | OK? 
--------------------------------------------------------------------------------------------------------------------
Cosine                   | 0.4017 | 0.0367 | 0.4100 | 0.0500 | 0.3725   | 0.0538   | 835     | 0.9753  | 25.3 | PASS
AndBox-HC                | 0.2425 | 0.0258 | 0.2200 | 0.0500 | 0.2222   | 0.0425   | 835     | 0.0001  | 29.2 | PASS
HadamardCosine           | 0.4017 | 0.0367 | 0.4100 | 0.0500 | 0.3725   | 0.0538   | 835     | 0.9753  | 34.8 | PASS
PCAWhitenedCosine        | 0.5583 | 0.0567 | 0.5200 | 0.0500 | 0.4606   | 0.0822   | 835     | 0.8814  | 26.4 | FAIL
Vec (Wgt)                | 0.4542 | 0.0450 | 0.4300 | 0.0500 | 0.4149   | 0.0640   | 835     | 0.9574  | 25.9 | PASS
Log Reg                  | 0.1758 | 0.0333 | 0.1700 | 0.0500 | 0.1580   | 0.0566   | 835     | 0.5115  | 29.9 | PASS
LDA                      | 0.4692 | 0.0517 | 0.4500 | 0.0500 | 0.3955   | 0.0748   | 835     | 3.9176  | 27.5 | FAIL
Tiny MLP                 | 0.4667 | 0.0458 | 0.4500 | 0.0500 | 0.3860   | 0.0671   | 835     | 0.8930  | 28.5 | PASS
MultiProtoCosine         | 0.0875 | 0.0542 | 0.0800 | 0.0500 | 0.0716   | 0.0636   | 835     | 0.9240  | 29.8 | FAIL
WeightedEnsemble         | 0.1817 | 0.0133 | 0.1700 | 0.0100 | 0.1357   | 0.0194   | 835     | 0.9902  | 41.1 | PASS
XGBoost                  | 0.4475 | 0.0400 | 0.5000 | 0.0500 | 0.3975   | 0.0554   | 835     | 0.7364  | 37.3 | PASS
StabilizedWhitenedCosine | 0.5408 | 0.0475 | 0.5000 | 0.0500 | 0.4539   | 0.0720   | 835     | 0.8998  | 28.1 | PASS

[trial=17 seed=59] GLOBAL mode — total_samples=200000
  total: h0=82063 h1=15019
  pooled_train:  n0=1200 n1=1200
  pooled_calib:  n0=100 n1=100
  pooled_eval:   n0=1200 n1=1200
  regions (for macro stats only): 1103
[INFO] Cosine baseline routed to direct Hadamard sum (PrecomputedCosine)
[INFO] WeightedEnsemble Cosine judge routed to direct Hadamard sum
  [WeightedEnsemble] Judges routed to 'alt' input: PrecomputedCosine
[WeightedEnsemble] Fitted split-calibrated ensemble (alpha=0.0500, external calib split into META/RISK_CALIB, normalization=h0_cdf):
  tau=0.981807, META: TPR=0.6400, FPR=0.0400, RISK_CALIB: TPR=0.4200, FPR=0.0400
  PrecomputedCosine       : +0.228850
  PCAWhitenedCosine       : +0.045499
  XGBoost                 : +0.664528
  LDA                     : +0.061124

Method                   | TPR    | FPR    | TrTPR  | TrFPR  | MacroTPR | MacroFPR | Regions | TauMean | ms   | OK? 
--------------------------------------------------------------------------------------------------------------------
Cosine                   | 0.3408 | 0.0317 | 0.4000 | 0.0500 | 0.3000   | 0.0465   | 839     | 0.9899  | 25.4 | PASS
AndBox-HC                | 0.3975 | 0.0500 | 0.4400 | 0.0500 | 0.3567   | 0.0694   | 839     | 0.0000  | 30.5 | PASS
HadamardCosine           | 0.3408 | 0.0317 | 0.4000 | 0.0500 | 0.3000   | 0.0465   | 839     | 0.9899  | 28.2 | PASS
PCAWhitenedCosine        | 0.4167 | 0.0292 | 0.4100 | 0.0500 | 0.3310   | 0.0426   | 839     | 1.1796  | 26.3 | PASS
Vec (Wgt)                | 0.4208 | 0.0350 | 0.4500 | 0.0500 | 0.3470   | 0.0544   | 839     | 0.9699  | 25.8 | PASS
Log Reg                  | 0.2942 | 0.0600 | 0.3300 | 0.0500 | 0.2346   | 0.0786   | 839     | 0.5083  | 30.1 | FAIL
LDA                      | 0.4300 | 0.0417 | 0.4000 | 0.0500 | 0.3302   | 0.0624   | 839     | 4.1796  | 27.6 | PASS
Tiny MLP                 | 0.4317 | 0.0350 | 0.4600 | 0.0500 | 0.3402   | 0.0523   | 839     | 0.9168  | 28.4 | PASS
MultiProtoCosine         | 0.0683 | 0.0358 | 0.0600 | 0.0500 | 0.0456   | 0.0449   | 839     | 0.9243  | 30.0 | PASS
WeightedEnsemble         | 0.4075 | 0.0317 | 0.4100 | 0.0500 | 0.3381   | 0.0465   | 839     | 0.9785  | 41.1 | PASS
XGBoost                  | 0.4683 | 0.0483 | 0.5000 | 0.0500 | 0.3928   | 0.0704   | 839     | 0.7116  | 37.8 | PASS
StabilizedWhitenedCosine | 0.4792 | 0.0367 | 0.4800 | 0.0500 | 0.3878   | 0.0526   | 839     | 0.9878  | 28.1 | PASS

[trial=18 seed=60] GLOBAL mode — total_samples=200000
  total: h0=82063 h1=15019
  pooled_train:  n0=1200 n1=1200
  pooled_calib:  n0=100 n1=100
  pooled_eval:   n0=1200 n1=1200
  regions (for macro stats only): 1103
[INFO] Cosine baseline routed to direct Hadamard sum (PrecomputedCosine)
[INFO] WeightedEnsemble Cosine judge routed to direct Hadamard sum
  [WeightedEnsemble] Judges routed to 'alt' input: PrecomputedCosine
[WeightedEnsemble] Fitted split-calibrated ensemble (alpha=0.0500, external calib split into META/RISK_CALIB, normalization=h0_cdf):
  tau=0.947547, META: TPR=0.3800, FPR=0.0400, RISK_CALIB: TPR=0.3600, FPR=0.0400
  PrecomputedCosine       : +0.293934
  PCAWhitenedCosine       : +0.085520
  XGBoost                 : +0.482194
  LDA                     : +0.138352

Method                   | TPR    | FPR    | TrTPR  | TrFPR  | MacroTPR | MacroFPR | Regions | TauMean | ms   | OK? 
--------------------------------------------------------------------------------------------------------------------
Cosine                   | 0.4433 | 0.0500 | 0.3800 | 0.0500 | 0.4110   | 0.0670   | 827     | 0.9701  | 48.5 | PASS
AndBox-HC                | 0.4058 | 0.0550 | 0.3600 | 0.0500 | 0.3820   | 0.0755   | 827     | 0.0000  | 30.5 | FAIL
HadamardCosine           | 0.4433 | 0.0500 | 0.3800 | 0.0500 | 0.4110   | 0.0670   | 827     | 0.9701  | 28.1 | PASS
PCAWhitenedCosine        | 0.4342 | 0.0383 | 0.3700 | 0.0500 | 0.3404   | 0.0564   | 827     | 1.0980  | 26.1 | PASS
Vec (Wgt)                | 0.3900 | 0.0267 | 0.3100 | 0.0500 | 0.3320   | 0.0339   | 827     | 0.9823  | 25.7 | PASS
Log Reg                  | 0.1683 | 0.0317 | 0.1200 | 0.0500 | 0.1597   | 0.0491   | 827     | 0.5131  | 29.9 | PASS
LDA                      | 0.5167 | 0.0500 | 0.4800 | 0.0500 | 0.4151   | 0.0712   | 827     | 3.2951  | 27.6 | PASS
Tiny MLP                 | 0.5308 | 0.0492 | 0.5100 | 0.0500 | 0.4183   | 0.0725   | 827     | 0.8568  | 28.5 | PASS
MultiProtoCosine         | 0.0342 | 0.0158 | 0.0100 | 0.0500 | 0.0311   | 0.0189   | 827     | 0.9322  | 30.0 | PASS
WeightedEnsemble         | 0.4308 | 0.0342 | 0.3800 | 0.0500 | 0.3624   | 0.0496   | 827     | 0.9411  | 41.2 | PASS
XGBoost                  | 0.4458 | 0.0350 | 0.3300 | 0.0500 | 0.3765   | 0.0527   | 827     | 0.7293  | 38.2 | PASS
StabilizedWhitenedCosine | 0.2942 | 0.0250 | 0.2300 | 0.0500 | 0.2287   | 0.0374   | 827     | 1.3674  | 28.4 | PASS

[trial=19 seed=61] GLOBAL mode — total_samples=200000
  total: h0=82063 h1=15019
  pooled_train:  n0=1200 n1=1200
  pooled_calib:  n0=100 n1=100
  pooled_eval:   n0=1200 n1=1200
  regions (for macro stats only): 1103
[INFO] Cosine baseline routed to direct Hadamard sum (PrecomputedCosine)
[INFO] WeightedEnsemble Cosine judge routed to direct Hadamard sum
  [WeightedEnsemble] Judges routed to 'alt' input: PrecomputedCosine
[WeightedEnsemble] Fitted split-calibrated ensemble (alpha=0.0500, external calib split into META/RISK_CALIB, normalization=h0_cdf):
  tau=0.970588, META: TPR=0.5600, FPR=0.0400, RISK_CALIB: TPR=0.6600, FPR=0.0400
  PrecomputedCosine       : +0.000000
  PCAWhitenedCosine       : +1.000000
  XGBoost                 : +0.000000
  LDA                     : +0.000000

Method                   | TPR    | FPR    | TrTPR  | TrFPR  | MacroTPR | MacroFPR | Regions | TauMean | ms   | OK? 
--------------------------------------------------------------------------------------------------------------------
Cosine                   | 0.3375 | 0.0267 | 0.3400 | 0.0500 | 0.2946   | 0.0321   | 845     | 0.9918  | 25.5 | PASS
AndBox-HC                | 0.3717 | 0.0483 | 0.3500 | 0.0500 | 0.3253   | 0.0658   | 845     | 0.0000  | 29.8 | PASS
HadamardCosine           | 0.3375 | 0.0267 | 0.3400 | 0.0500 | 0.2946   | 0.0321   | 845     | 0.9918  | 31.9 | PASS
PCAWhitenedCosine        | 0.6150 | 0.0642 | 0.6300 | 0.0500 | 0.5145   | 0.0909   | 845     | 0.6701  | 26.7 | FAIL
Vec (Wgt)                | 0.4775 | 0.0450 | 0.5100 | 0.0500 | 0.4204   | 0.0618   | 845     | 0.9437  | 26.0 | PASS
Log Reg                  | 0.3225 | 0.0725 | 0.3800 | 0.0500 | 0.2908   | 0.0940   | 845     | 0.5077  | 30.1 | FAIL
LDA                      | 0.4517 | 0.0325 | 0.4200 | 0.0500 | 0.3754   | 0.0546   | 845     | 4.3989  | 27.7 | PASS
Tiny MLP                 | 0.5125 | 0.0458 | 0.4700 | 0.0500 | 0.4189   | 0.0744   | 845     | 0.8649  | 29.0 | PASS
MultiProtoCosine         | 0.0675 | 0.0350 | 0.1200 | 0.0500 | 0.0508   | 0.0425   | 845     | 0.9249  | 29.9 | PASS
WeightedEnsemble         | 0.6150 | 0.0642 | 0.6300 | 0.0500 | 0.5145   | 0.0909   | 845     | 0.9510  | 41.1 | FAIL
XGBoost                  | 0.4267 | 0.0333 | 0.4600 | 0.0500 | 0.3717   | 0.0452   | 845     | 0.7424  | 38.2 | PASS
StabilizedWhitenedCosine | 0.6267 | 0.0817 | 0.6500 | 0.0500 | 0.5364   | 0.1145   | 845     | 0.5835  | 28.3 | FAIL

=== Ranking by mean micro TPR (UNCONSTRAINED) ===
 1. StabilizedWhitenedCosine TPR=0.5152±0.0817 FPR=0.0490±0.0162 [PASS]
 2. Tiny MLP           TPR=0.5143±0.0779 FPR=0.0488±0.0144 [PASS]
 3. WeightedEnsemble   TPR=0.5125±0.1021 FPR=0.0489±0.0183 [PASS]
 4. PCAWhitenedCosine  TPR=0.5037±0.0952 FPR=0.0453±0.0194 [PASS]
 5. LDA                TPR=0.4952±0.0682 FPR=0.0460±0.0130 [PASS]
 6. Vec (Wgt)          TPR=0.4876±0.0476 FPR=0.0487±0.0149 [PASS]
 7. XGBoost            TPR=0.4716±0.0656 FPR=0.0462±0.0180 [PASS]
 8. Cosine             TPR=0.4250±0.0723 FPR=0.0448±0.0166 [PASS]
 9. HadamardCosine     TPR=0.4248±0.0726 FPR=0.0448±0.0167 [PASS]
10. AndBox-HC          TPR=0.3801±0.0776 FPR=0.0480±0.0138 [PASS]
11. Log Reg            TPR=0.2179±0.0784 FPR=0.0426±0.0254 [PASS]
12. MultiProtoCosine   TPR=0.0709±0.0169 FPR=0.0400±0.0158 [PASS]

=== Ranking by mean micro TPR (CONSTRAINED: FPR <= alpha) ===
 1. StabilizedWhitenedCosine TPR=0.5152±0.0817 FPR=0.0490±0.0162
 2. Tiny MLP           TPR=0.5143±0.0779 FPR=0.0488±0.0144
 3. WeightedEnsemble   TPR=0.5125±0.1021 FPR=0.0489±0.0183
 4. PCAWhitenedCosine  TPR=0.5037±0.0952 FPR=0.0453±0.0194
 5. LDA                TPR=0.4952±0.0682 FPR=0.0460±0.0130
 6. Vec (Wgt)          TPR=0.4876±0.0476 FPR=0.0487±0.0149
 7. XGBoost            TPR=0.4716±0.0656 FPR=0.0462±0.0180
 8. Cosine             TPR=0.4250±0.0723 FPR=0.0448±0.0166
 9. HadamardCosine     TPR=0.4248±0.0726 FPR=0.0448±0.0167
10. AndBox-HC          TPR=0.3801±0.0776 FPR=0.0480±0.0138
11. Log Reg            TPR=0.2179±0.0784 FPR=0.0426±0.0254
12. MultiProtoCosine   TPR=0.0709±0.0169 FPR=0.0400±0.0158
[CSV] Saved: /home/malmatal/Projects/Multi_Dim_Threshold/NeighborCache/outputs/region_local_threshold/run_20260511_150710/trial_summary.csv
[JSON] Saved: /home/malmatal/Projects/Multi_Dim_Threshold/NeighborCache/outputs/region_local_threshold/run_20260511_150710/ranking.json
[CSV] Saved: /home/malmatal/Projects/Multi_Dim_Threshold/NeighborCache/outputs/region_local_threshold/run_20260511_150710/weighted_ensemble_meta_weights.csv
[JSON] Saved: /home/malmatal/Projects/Multi_Dim_Threshold/NeighborCache/outputs/region_local_threshold/run_20260511_150710/notes.json

Best (constrained FPR <= alpha): StabilizedWhitenedCosine
[Done] outputs at: /home/malmatal/Projects/Multi_Dim_Threshold/NeighborCache/outputs/region_local_threshold/run_20260511_150710

Task 17 completed successfully.
